17:19:30 **** Incremental Build of configuration Debug for project CountingSemaphores ****
make -j1 all 
Invoking: Cross ARM GNU Print Size
arm-none-eabi-size --format=berkeley "CountingSemaphores.elf"
   text	   data	    bss	    dec	    hex	filename
  25472	    124	  13196	  38792	   9788	CountingSemaphores.elf
Finished building: CountingSemaphores.siz
 
17:19:34 **** Incremental Build of configuration Debug for project CountingSemaphores ****
make -j1 all 
Invoking: Cross ARM GNU Print Size
arm-none-eabi-size --format=berkeley "CountingSemaphores.elf"
   text	   data	    bss	    dec	    hex	filename
  25472	    124	  13196	  38792	   9788	CountingSemaphores.elf
Finished building: CountingSemaphores.siz
 
17:31:26 **** Incremental Build of configuration Debug for project CountingSemaphores ****
make -j1 all 
Building file: ../source/main.c
Invoking: Cross ARM C Compiler
arm-none-eabi-gcc -mcpu=cortex-m4 -mthumb -mfloat-abi=hard -mfpu=fpv4-sp-d16 -O0 -fmessage-length=0 -fsigned-char -ffunction-sections -fdata-sections -flto  -g3 -D"CPU_MK64FN1M0VDC12" -I../freertos/Source/include -I../startup -I../board -I../utilities -I../freertos/Source/portable/GCC/ARM_CM4F -I../CMSIS -I../source -I../drivers -std=c99 -MMD -MP -MF"source/main.d" -MT"source/main.o" -c -o "source/main.o" "../source/main.c"
../source/main.c:35:8: warning: type defaults to 'int' in declaration of 'counter' [enabled by default]
 static counter=0;
        ^
Finished building: ../source/main.c
 
Building file: ../source/user.c
Invoking: Cross ARM C Compiler
arm-none-eabi-gcc -mcpu=cortex-m4 -mthumb -mfloat-abi=hard -mfpu=fpv4-sp-d16 -O0 -fmessage-length=0 -fsigned-char -ffunction-sections -fdata-sections -flto  -g3 -D"CPU_MK64FN1M0VDC12" -I../freertos/Source/include -I../startup -I../board -I../utilities -I../freertos/Source/portable/GCC/ARM_CM4F -I../CMSIS -I../source -I../drivers -std=c99 -MMD -MP -MF"source/user.d" -MT"source/user.o" -c -o "source/user.o" "../source/user.c"
Finished building: ../source/user.c
 
Building target: CountingSemaphores.elf
Invoking: Cross ARM C++ Linker
arm-none-eabi-g++ -mcpu=cortex-m4 -mthumb -mfloat-abi=hard -mfpu=fpv4-sp-d16 -O0 -fmessage-length=0 -fsigned-char -ffunction-sections -fdata-sections -flto  -g3 -T "../MK64FN1M0xxx12_flash.ld" -Xlinker --gc-sections -Wl,-Map,"CountingSemaphores.map" --specs=nano.specs -specs=nosys.specs -Xlinker -z -Xlinker muldefs -o "CountingSemaphores.elf"  ./utilities/fsl_debug_console.o ./utilities/fsl_notifier.o ./utilities/fsl_sbrk.o ./utilities/fsl_shell.o  ./startup/startup_MK64F12.o ./startup/system_MK64F12.o  ./source/main.o ./source/user.o  ./freertos/Source/portable/MemMang/heap_4.o  ./freertos/Source/portable/GCC/ARM_CM4F/fsl_tickless_lptmr.o ./freertos/Source/portable/GCC/ARM_CM4F/fsl_tickless_systick.o ./freertos/Source/portable/GCC/ARM_CM4F/port.o  ./freertos/Source/croutine.o ./freertos/Source/event_groups.o ./freertos/Source/list.o ./freertos/Source/queue.o ./freertos/Source/tasks.o ./freertos/Source/timers.o  ./drivers/fsl_adc16.o ./drivers/fsl_clock.o ./drivers/fsl_cmp.o ./drivers/fsl_cmt.o ./drivers/fsl_common.o ./drivers/fsl_crc.o ./drivers/fsl_dac.o ./drivers/fsl_dmamux.o ./drivers/fsl_dspi.o ./drivers/fsl_dspi_edma.o ./drivers/fsl_dspi_freertos.o ./drivers/fsl_edma.o ./drivers/fsl_enet.o ./drivers/fsl_ewm.o ./drivers/fsl_flash.o ./drivers/fsl_flexbus.o ./drivers/fsl_flexcan.o ./drivers/fsl_ftm.o ./drivers/fsl_gpio.o ./drivers/fsl_i2c.o ./drivers/fsl_i2c_edma.o ./drivers/fsl_i2c_freertos.o ./drivers/fsl_llwu.o ./drivers/fsl_lptmr.o ./drivers/fsl_mpu.o ./drivers/fsl_pdb.o ./drivers/fsl_pit.o ./drivers/fsl_pmc.o ./drivers/fsl_rcm.o ./drivers/fsl_rnga.o ./drivers/fsl_rtc.o ./drivers/fsl_sai.o ./drivers/fsl_sai_edma.o ./drivers/fsl_sdhc.o ./drivers/fsl_sim.o ./drivers/fsl_smc.o ./drivers/fsl_uart.o ./drivers/fsl_uart_edma.o ./drivers/fsl_uart_freertos.o ./drivers/fsl_vref.o ./drivers/fsl_wdog.o  ./board/board.o ./board/clock_config.o ./board/pin_mux.o   
Finished building target: CountingSemaphores.elf
 
Invoking: Cross ARM GNU Create Flash Image
arm-none-eabi-objcopy -O ihex "CountingSemaphores.elf"  "CountingSemaphores.hex"
Finished building: CountingSemaphores.hex
 
Invoking: Cross ARM GNU Print Size
arm-none-eabi-size --format=berkeley "CountingSemaphores.elf"
   text	   data	    bss	    dec	    hex	filename
  25504	    124	  13196	  38824	   97a8	CountingSemaphores.elf
Finished building: CountingSemaphores.siz
 
17:33:54 **** Incremental Build of configuration Debug for project CountingSemaphores ****
make -j1 all 
Building file: ../source/main.c
Invoking: Cross ARM C Compiler
arm-none-eabi-gcc -mcpu=cortex-m4 -mthumb -mfloat-abi=hard -mfpu=fpv4-sp-d16 -O0 -fmessage-length=0 -fsigned-char -ffunction-sections -fdata-sections -flto  -g3 -D"CPU_MK64FN1M0VDC12" -I../freertos/Source/include -I../startup -I../board -I../utilities -I../freertos/Source/portable/GCC/ARM_CM4F -I../CMSIS -I../source -I../drivers -std=c99 -MMD -MP -MF"source/main.d" -MT"source/main.o" -c -o "source/main.o" "../source/main.c"
../source/main.c:35:8: warning: type defaults to 'int' in declaration of 'counter' [enabled by default]
 static counter=0;
        ^
Finished building: ../source/main.c
 
Building target: CountingSemaphores.elf
Invoking: Cross ARM C++ Linker
arm-none-eabi-g++ -mcpu=cortex-m4 -mthumb -mfloat-abi=hard -mfpu=fpv4-sp-d16 -O0 -fmessage-length=0 -fsigned-char -ffunction-sections -fdata-sections -flto  -g3 -T "../MK64FN1M0xxx12_flash.ld" -Xlinker --gc-sections -Wl,-Map,"CountingSemaphores.map" --specs=nano.specs -specs=nosys.specs -Xlinker -z -Xlinker muldefs -o "CountingSemaphores.elf"  ./utilities/fsl_debug_console.o ./utilities/fsl_notifier.o ./utilities/fsl_sbrk.o ./utilities/fsl_shell.o  ./startup/startup_MK64F12.o ./startup/system_MK64F12.o  ./source/main.o ./source/user.o  ./freertos/Source/portable/MemMang/heap_4.o  ./freertos/Source/portable/GCC/ARM_CM4F/fsl_tickless_lptmr.o ./freertos/Source/portable/GCC/ARM_CM4F/fsl_tickless_systick.o ./freertos/Source/portable/GCC/ARM_CM4F/port.o  ./freertos/Source/croutine.o ./freertos/Source/event_groups.o ./freertos/Source/list.o ./freertos/Source/queue.o ./freertos/Source/tasks.o ./freertos/Source/timers.o  ./drivers/fsl_adc16.o ./drivers/fsl_clock.o ./drivers/fsl_cmp.o ./drivers/fsl_cmt.o ./drivers/fsl_common.o ./drivers/fsl_crc.o ./drivers/fsl_dac.o ./drivers/fsl_dmamux.o ./drivers/fsl_dspi.o ./drivers/fsl_dspi_edma.o ./drivers/fsl_dspi_freertos.o ./drivers/fsl_edma.o ./drivers/fsl_enet.o ./drivers/fsl_ewm.o ./drivers/fsl_flash.o ./drivers/fsl_flexbus.o ./drivers/fsl_flexcan.o ./drivers/fsl_ftm.o ./drivers/fsl_gpio.o ./drivers/fsl_i2c.o ./drivers/fsl_i2c_edma.o ./drivers/fsl_i2c_freertos.o ./drivers/fsl_llwu.o ./drivers/fsl_lptmr.o ./drivers/fsl_mpu.o ./drivers/fsl_pdb.o ./drivers/fsl_pit.o ./drivers/fsl_pmc.o ./drivers/fsl_rcm.o ./drivers/fsl_rnga.o ./drivers/fsl_rtc.o ./drivers/fsl_sai.o ./drivers/fsl_sai_edma.o ./drivers/fsl_sdhc.o ./drivers/fsl_sim.o ./drivers/fsl_smc.o ./drivers/fsl_uart.o ./drivers/fsl_uart_edma.o ./drivers/fsl_uart_freertos.o ./drivers/fsl_vref.o ./drivers/fsl_wdog.o  ./board/board.o ./board/clock_config.o ./board/pin_mux.o   
Finished building target: CountingSemaphores.elf
 
Invoking: Cross ARM GNU Create Flash Image
arm-none-eabi-objcopy -O ihex "CountingSemaphores.elf"  "CountingSemaphores.hex"
Finished building: CountingSemaphores.hex
 
Invoking: Cross ARM GNU Print Size
arm-none-eabi-size --format=berkeley "CountingSemaphores.elf"
   text	   data	    bss	    dec	    hex	filename
  25504	    124	  13196	  38824	   97a8	CountingSemaphores.elf
Finished building: CountingSemaphores.siz
 
17:41:36 **** Incremental Build of configuration Debug for project CountingSemaphores ****
make -j1 all 
Building file: ../source/main.c
Invoking: Cross ARM C Compiler
arm-none-eabi-gcc -mcpu=cortex-m4 -mthumb -mfloat-abi=hard -mfpu=fpv4-sp-d16 -O0 -fmessage-length=0 -fsigned-char -ffunction-sections -fdata-sections -flto  -g3 -D"CPU_MK64FN1M0VDC12" -I../freertos/Source/include -I../startup -I../board -I../utilities -I../freertos/Source/portable/GCC/ARM_CM4F -I../CMSIS -I../source -I../drivers -std=c99 -MMD -MP -MF"source/main.d" -MT"source/main.o" -c -o "source/main.o" "../source/main.c"
../source/main.c:36:8: warning: type defaults to 'int' in declaration of 'counter' [enabled by default]
 static counter=0;
        ^
../source/main.c: In function 'PORTA_IRQHandler':
../source/main.c:51:2: warning: passing argument 2 of 'xQueueGiveFromISR' makes pointer from integer without a cast [enabled by default]
  xSemaphoreGiveFromISR( xCountingSemaphore,  portMAX_DELAY  );
  ^
In file included from ../source/main.c:12:0:
../freertos/Source/include/queue.h:1441:12: note: expected 'BaseType_t * const' but argument is of type 'long unsigned int'
 BaseType_t xQueueGiveFromISR( QueueHandle_t xQueue, BaseType_t * const pxHigherPriorityTaskWoken ) PRIVILEGED_FUNCTION;
            ^
Finished building: ../source/main.c
 
Building file: ../source/user.c
Invoking: Cross ARM C Compiler
arm-none-eabi-gcc -mcpu=cortex-m4 -mthumb -mfloat-abi=hard -mfpu=fpv4-sp-d16 -O0 -fmessage-length=0 -fsigned-char -ffunction-sections -fdata-sections -flto  -g3 -D"CPU_MK64FN1M0VDC12" -I../freertos/Source/include -I../startup -I../board -I../utilities -I../freertos/Source/portable/GCC/ARM_CM4F -I../CMSIS -I../source -I../drivers -std=c99 -MMD -MP -MF"source/user.d" -MT"source/user.o" -c -o "source/user.o" "../source/user.c"
Finished building: ../source/user.c
 
Building target: CountingSemaphores.elf
Invoking: Cross ARM C++ Linker
arm-none-eabi-g++ -mcpu=cortex-m4 -mthumb -mfloat-abi=hard -mfpu=fpv4-sp-d16 -O0 -fmessage-length=0 -fsigned-char -ffunction-sections -fdata-sections -flto  -g3 -T "../MK64FN1M0xxx12_flash.ld" -Xlinker --gc-sections -Wl,-Map,"CountingSemaphores.map" --specs=nano.specs -specs=nosys.specs -Xlinker -z -Xlinker muldefs -o "CountingSemaphores.elf"  ./utilities/fsl_debug_console.o ./utilities/fsl_notifier.o ./utilities/fsl_sbrk.o ./utilities/fsl_shell.o  ./startup/startup_MK64F12.o ./startup/system_MK64F12.o  ./source/main.o ./source/user.o  ./freertos/Source/portable/MemMang/heap_4.o  ./freertos/Source/portable/GCC/ARM_CM4F/fsl_tickless_lptmr.o ./freertos/Source/portable/GCC/ARM_CM4F/fsl_tickless_systick.o ./freertos/Source/portable/GCC/ARM_CM4F/port.o  ./freertos/Source/croutine.o ./freertos/Source/event_groups.o ./freertos/Source/list.o ./freertos/Source/queue.o ./freertos/Source/tasks.o ./freertos/Source/timers.o  ./drivers/fsl_adc16.o ./drivers/fsl_clock.o ./drivers/fsl_cmp.o ./drivers/fsl_cmt.o ./drivers/fsl_common.o ./drivers/fsl_crc.o ./drivers/fsl_dac.o ./drivers/fsl_dmamux.o ./drivers/fsl_dspi.o ./drivers/fsl_dspi_edma.o ./drivers/fsl_dspi_freertos.o ./drivers/fsl_edma.o ./drivers/fsl_enet.o ./drivers/fsl_ewm.o ./drivers/fsl_flash.o ./drivers/fsl_flexbus.o ./drivers/fsl_flexcan.o ./drivers/fsl_ftm.o ./drivers/fsl_gpio.o ./drivers/fsl_i2c.o ./drivers/fsl_i2c_edma.o ./drivers/fsl_i2c_freertos.o ./drivers/fsl_llwu.o ./drivers/fsl_lptmr.o ./drivers/fsl_mpu.o ./drivers/fsl_pdb.o ./drivers/fsl_pit.o ./drivers/fsl_pmc.o ./drivers/fsl_rcm.o ./drivers/fsl_rnga.o ./drivers/fsl_rtc.o ./drivers/fsl_sai.o ./drivers/fsl_sai_edma.o ./drivers/fsl_sdhc.o ./drivers/fsl_sim.o ./drivers/fsl_smc.o ./drivers/fsl_uart.o ./drivers/fsl_uart_edma.o ./drivers/fsl_uart_freertos.o ./drivers/fsl_vref.o ./drivers/fsl_wdog.o  ./board/board.o ./board/clock_config.o ./board/pin_mux.o   
Finished building target: CountingSemaphores.elf
 
Invoking: Cross ARM GNU Create Flash Image
arm-none-eabi-objcopy -O ihex "CountingSemaphores.elf"  "CountingSemaphores.hex"
Finished building: CountingSemaphores.hex
 
Invoking: Cross ARM GNU Print Size
arm-none-eabi-size --format=berkeley "CountingSemaphores.elf"
   text	   data	    bss	    dec	    hex	filename
  25472	    124	  13196	  38792	   9788	CountingSemaphores.elf
Finished building: CountingSemaphores.siz
 
17:42:18 **** Incremental Build of configuration Debug for project CountingSemaphores ****
make -j1 all 
Building file: ../source/main.c
Invoking: Cross ARM C Compiler
arm-none-eabi-gcc -mcpu=cortex-m4 -mthumb -mfloat-abi=hard -mfpu=fpv4-sp-d16 -O0 -fmessage-length=0 -fsigned-char -ffunction-sections -fdata-sections -flto  -g3 -D"CPU_MK64FN1M0VDC12" -I../freertos/Source/include -I../startup -I../board -I../utilities -I../freertos/Source/portable/GCC/ARM_CM4F -I../CMSIS -I../source -I../drivers -std=c99 -MMD -MP -MF"source/main.d" -MT"source/main.o" -c -o "source/main.o" "../source/main.c"
../source/main.c:36:8: warning: type defaults to 'int' in declaration of 'counter' [enabled by default]
 static counter=0;
        ^
../source/main.c: In function 'PORTA_IRQHandler':
../source/main.c:51:45: error: macro "xSemaphoreGiveFromISR" requires 2 arguments, but only 1 given
  xSemaphoreGiveFromISR( xCountingSemaphore  );
                                             ^
../source/main.c:51:2: error: 'xSemaphoreGiveFromISR' undeclared (first use in this function)
  xSemaphoreGiveFromISR( xCountingSemaphore  );
  ^
../source/main.c:51:2: note: each undeclared identifier is reported only once for each function it appears in
source/subdir.mk:21: recipe for target 'source/main.o' failed
make: *** [source/main.o] Error 1
17:43:00 **** Incremental Build of configuration Debug for project CountingSemaphores ****
make -j1 all 
Building file: ../source/main.c
Invoking: Cross ARM C Compiler
arm-none-eabi-gcc -mcpu=cortex-m4 -mthumb -mfloat-abi=hard -mfpu=fpv4-sp-d16 -O0 -fmessage-length=0 -fsigned-char -ffunction-sections -fdata-sections -flto  -g3 -D"CPU_MK64FN1M0VDC12" -I../freertos/Source/include -I../startup -I../board -I../utilities -I../freertos/Source/portable/GCC/ARM_CM4F -I../CMSIS -I../source -I../drivers -std=c99 -MMD -MP -MF"source/main.d" -MT"source/main.o" -c -o "source/main.o" "../source/main.c"
../source/main.c:36:8: warning: type defaults to 'int' in declaration of 'counter' [enabled by default]
 static counter=0;
        ^
Finished building: ../source/main.c
 
Building target: CountingSemaphores.elf
Invoking: Cross ARM C++ Linker
arm-none-eabi-g++ -mcpu=cortex-m4 -mthumb -mfloat-abi=hard -mfpu=fpv4-sp-d16 -O0 -fmessage-length=0 -fsigned-char -ffunction-sections -fdata-sections -flto  -g3 -T "../MK64FN1M0xxx12_flash.ld" -Xlinker --gc-sections -Wl,-Map,"CountingSemaphores.map" --specs=nano.specs -specs=nosys.specs -Xlinker -z -Xlinker muldefs -o "CountingSemaphores.elf"  ./utilities/fsl_debug_console.o ./utilities/fsl_notifier.o ./utilities/fsl_sbrk.o ./utilities/fsl_shell.o  ./startup/startup_MK64F12.o ./startup/system_MK64F12.o  ./source/main.o ./source/user.o  ./freertos/Source/portable/MemMang/heap_4.o  ./freertos/Source/portable/GCC/ARM_CM4F/fsl_tickless_lptmr.o ./freertos/Source/portable/GCC/ARM_CM4F/fsl_tickless_systick.o ./freertos/Source/portable/GCC/ARM_CM4F/port.o  ./freertos/Source/croutine.o ./freertos/Source/event_groups.o ./freertos/Source/list.o ./freertos/Source/queue.o ./freertos/Source/tasks.o ./freertos/Source/timers.o  ./drivers/fsl_adc16.o ./drivers/fsl_clock.o ./drivers/fsl_cmp.o ./drivers/fsl_cmt.o ./drivers/fsl_common.o ./drivers/fsl_crc.o ./drivers/fsl_dac.o ./drivers/fsl_dmamux.o ./drivers/fsl_dspi.o ./drivers/fsl_dspi_edma.o ./drivers/fsl_dspi_freertos.o ./drivers/fsl_edma.o ./drivers/fsl_enet.o ./drivers/fsl_ewm.o ./drivers/fsl_flash.o ./drivers/fsl_flexbus.o ./drivers/fsl_flexcan.o ./drivers/fsl_ftm.o ./drivers/fsl_gpio.o ./drivers/fsl_i2c.o ./drivers/fsl_i2c_edma.o ./drivers/fsl_i2c_freertos.o ./drivers/fsl_llwu.o ./drivers/fsl_lptmr.o ./drivers/fsl_mpu.o ./drivers/fsl_pdb.o ./drivers/fsl_pit.o ./drivers/fsl_pmc.o ./drivers/fsl_rcm.o ./drivers/fsl_rnga.o ./drivers/fsl_rtc.o ./drivers/fsl_sai.o ./drivers/fsl_sai_edma.o ./drivers/fsl_sdhc.o ./drivers/fsl_sim.o ./drivers/fsl_smc.o ./drivers/fsl_uart.o ./drivers/fsl_uart_edma.o ./drivers/fsl_uart_freertos.o ./drivers/fsl_vref.o ./drivers/fsl_wdog.o  ./board/board.o ./board/clock_config.o ./board/pin_mux.o   
Finished building target: CountingSemaphores.elf
 
Invoking: Cross ARM GNU Create Flash Image
arm-none-eabi-objcopy -O ihex "CountingSemaphores.elf"  "CountingSemaphores.hex"
Finished building: CountingSemaphores.hex
 
Invoking: Cross ARM GNU Print Size
arm-none-eabi-size --format=berkeley "CountingSemaphores.elf"
   text	   data	    bss	    dec	    hex	filename
  25472	    124	  13196	  38792	   9788	CountingSemaphores.elf
Finished building: CountingSemaphores.siz
 
17:48:00 **** Incremental Build of configuration Debug for project CountingSemaphores ****
make -j1 all 
Building file: ../source/main.c
Invoking: Cross ARM C Compiler
arm-none-eabi-gcc -mcpu=cortex-m4 -mthumb -mfloat-abi=hard -mfpu=fpv4-sp-d16 -O0 -fmessage-length=0 -fsigned-char -ffunction-sections -fdata-sections -flto  -g3 -D"CPU_MK64FN1M0VDC12" -I../freertos/Source/include -I../startup -I../board -I../utilities -I../freertos/Source/portable/GCC/ARM_CM4F -I../CMSIS -I../source -I../drivers -std=c99 -MMD -MP -MF"source/main.d" -MT"source/main.o" -c -o "source/main.o" "../source/main.c"
../source/main.c:36:8: warning: type defaults to 'int' in declaration of 'counter' [enabled by default]
 static counter=0;
        ^
Finished building: ../source/main.c
 
Building file: ../source/user.c
Invoking: Cross ARM C Compiler
arm-none-eabi-gcc -mcpu=cortex-m4 -mthumb -mfloat-abi=hard -mfpu=fpv4-sp-d16 -O0 -fmessage-length=0 -fsigned-char -ffunction-sections -fdata-sections -flto  -g3 -D"CPU_MK64FN1M0VDC12" -I../freertos/Source/include -I../startup -I../board -I../utilities -I../freertos/Source/portable/GCC/ARM_CM4F -I../CMSIS -I../source -I../drivers -std=c99 -MMD -MP -MF"source/user.d" -MT"source/user.o" -c -o "source/user.o" "../source/user.c"
../source/user.c: In function 'blue_task':
../source/user.c:39:61: error: macro "xSemaphoreGive" passed 2 arguments, but takes just 1
   xSemaphoreGive( xCountingSemaphore_green,  portMAX_DELAY  );
                                                             ^
../source/user.c:39:3: error: 'xSemaphoreGive' undeclared (first use in this function)
   xSemaphoreGive( xCountingSemaphore_green,  portMAX_DELAY  );
   ^
../source/user.c:39:3: note: each undeclared identifier is reported only once for each function it appears in
../source/user.c: In function 'green_task':
../source/user.c:59:59: error: macro "xSemaphoreGive" passed 2 arguments, but takes just 1
   xSemaphoreGive( xCountingSemaphore_red,  portMAX_DELAY  );
                                                           ^
../source/user.c:59:3: error: 'xSemaphoreGive' undeclared (first use in this function)
   xSemaphoreGive( xCountingSemaphore_red,  portMAX_DELAY  );
   ^
../source/user.c: In function 'red_task':
../source/user.c:84:61: error: macro "xSemaphoreGive" passed 2 arguments, but takes just 1
    xSemaphoreGive( xCountingSemaphore_blue,  portMAX_DELAY  );
                                                             ^
../source/user.c:84:4: error: 'xSemaphoreGive' undeclared (first use in this function)
    xSemaphoreGive( xCountingSemaphore_blue,  portMAX_DELAY  );
    ^
source/subdir.mk:21: recipe for target 'source/user.o' failed
make: *** [source/user.o] Error 1
17:48:15 **** Incremental Build of configuration Debug for project CountingSemaphores ****
make -j1 all 
Building file: ../source/user.c
Invoking: Cross ARM C Compiler
arm-none-eabi-gcc -mcpu=cortex-m4 -mthumb -mfloat-abi=hard -mfpu=fpv4-sp-d16 -O0 -fmessage-length=0 -fsigned-char -ffunction-sections -fdata-sections -flto  -g3 -D"CPU_MK64FN1M0VDC12" -I../freertos/Source/include -I../startup -I../board -I../utilities -I../freertos/Source/portable/GCC/ARM_CM4F -I../CMSIS -I../source -I../drivers -std=c99 -MMD -MP -MF"source/user.d" -MT"source/user.o" -c -o "source/user.o" "../source/user.c"
Finished building: ../source/user.c
 
Building target: CountingSemaphores.elf
Invoking: Cross ARM C++ Linker
arm-none-eabi-g++ -mcpu=cortex-m4 -mthumb -mfloat-abi=hard -mfpu=fpv4-sp-d16 -O0 -fmessage-length=0 -fsigned-char -ffunction-sections -fdata-sections -flto  -g3 -T "../MK64FN1M0xxx12_flash.ld" -Xlinker --gc-sections -Wl,-Map,"CountingSemaphores.map" --specs=nano.specs -specs=nosys.specs -Xlinker -z -Xlinker muldefs -o "CountingSemaphores.elf"  ./utilities/fsl_debug_console.o ./utilities/fsl_notifier.o ./utilities/fsl_sbrk.o ./utilities/fsl_shell.o  ./startup/startup_MK64F12.o ./startup/system_MK64F12.o  ./source/main.o ./source/user.o  ./freertos/Source/portable/MemMang/heap_4.o  ./freertos/Source/portable/GCC/ARM_CM4F/fsl_tickless_lptmr.o ./freertos/Source/portable/GCC/ARM_CM4F/fsl_tickless_systick.o ./freertos/Source/portable/GCC/ARM_CM4F/port.o  ./freertos/Source/croutine.o ./freertos/Source/event_groups.o ./freertos/Source/list.o ./freertos/Source/queue.o ./freertos/Source/tasks.o ./freertos/Source/timers.o  ./drivers/fsl_adc16.o ./drivers/fsl_clock.o ./drivers/fsl_cmp.o ./drivers/fsl_cmt.o ./drivers/fsl_common.o ./drivers/fsl_crc.o ./drivers/fsl_dac.o ./drivers/fsl_dmamux.o ./drivers/fsl_dspi.o ./drivers/fsl_dspi_edma.o ./drivers/fsl_dspi_freertos.o ./drivers/fsl_edma.o ./drivers/fsl_enet.o ./drivers/fsl_ewm.o ./drivers/fsl_flash.o ./drivers/fsl_flexbus.o ./drivers/fsl_flexcan.o ./drivers/fsl_ftm.o ./drivers/fsl_gpio.o ./drivers/fsl_i2c.o ./drivers/fsl_i2c_edma.o ./drivers/fsl_i2c_freertos.o ./drivers/fsl_llwu.o ./drivers/fsl_lptmr.o ./drivers/fsl_mpu.o ./drivers/fsl_pdb.o ./drivers/fsl_pit.o ./drivers/fsl_pmc.o ./drivers/fsl_rcm.o ./drivers/fsl_rnga.o ./drivers/fsl_rtc.o ./drivers/fsl_sai.o ./drivers/fsl_sai_edma.o ./drivers/fsl_sdhc.o ./drivers/fsl_sim.o ./drivers/fsl_smc.o ./drivers/fsl_uart.o ./drivers/fsl_uart_edma.o ./drivers/fsl_uart_freertos.o ./drivers/fsl_vref.o ./drivers/fsl_wdog.o  ./board/board.o ./board/clock_config.o ./board/pin_mux.o   
Finished building target: CountingSemaphores.elf
 
Invoking: Cross ARM GNU Create Flash Image
arm-none-eabi-objcopy -O ihex "CountingSemaphores.elf"  "CountingSemaphores.hex"
Finished building: CountingSemaphores.hex
 
Invoking: Cross ARM GNU Print Size
arm-none-eabi-size --format=berkeley "CountingSemaphores.elf"
   text	   data	    bss	    dec	    hex	filename
  25536	    124	  13196	  38856	   97c8	CountingSemaphores.elf
Finished building: CountingSemaphores.siz
 
17:55:24 **** Incremental Build of configuration Debug for project CountingSemaphores ****
make -j1 all 
Invoking: Cross ARM GNU Print Size
arm-none-eabi-size --format=berkeley "CountingSemaphores.elf"
   text	   data	    bss	    dec	    hex	filename
  25536	    124	  13196	  38856	   97c8	CountingSemaphores.elf
Finished building: CountingSemaphores.siz
 
17:55:28 **** Incremental Build of configuration Debug for project CountingSemaphores ****
make -j1 all 
Invoking: Cross ARM GNU Print Size
arm-none-eabi-size --format=berkeley "CountingSemaphores.elf"
   text	   data	    bss	    dec	    hex	filename
  25536	    124	  13196	  38856	   97c8	CountingSemaphores.elf
Finished building: CountingSemaphores.siz
 
17:56:15 **** Incremental Build of configuration Debug for project CountingSemaphores ****
make -j1 all 
Building file: ../source/main.c
Invoking: Cross ARM C Compiler
arm-none-eabi-gcc -mcpu=cortex-m4 -mthumb -mfloat-abi=hard -mfpu=fpv4-sp-d16 -O0 -fmessage-length=0 -fsigned-char -ffunction-sections -fdata-sections -flto  -g3 -D"CPU_MK64FN1M0VDC12" -I../freertos/Source/include -I../startup -I../board -I../utilities -I../freertos/Source/portable/GCC/ARM_CM4F -I../CMSIS -I../source -I../drivers -std=c99 -MMD -MP -MF"source/main.d" -MT"source/main.o" -c -o "source/main.o" "../source/main.c"
../source/main.c:36:8: warning: type defaults to 'int' in declaration of 'counter' [enabled by default]
 static counter=0;
        ^
Finished building: ../source/main.c
 
Building target: CountingSemaphores.elf
Invoking: Cross ARM C++ Linker
arm-none-eabi-g++ -mcpu=cortex-m4 -mthumb -mfloat-abi=hard -mfpu=fpv4-sp-d16 -O0 -fmessage-length=0 -fsigned-char -ffunction-sections -fdata-sections -flto  -g3 -T "../MK64FN1M0xxx12_flash.ld" -Xlinker --gc-sections -Wl,-Map,"CountingSemaphores.map" --specs=nano.specs -specs=nosys.specs -Xlinker -z -Xlinker muldefs -o "CountingSemaphores.elf"  ./utilities/fsl_debug_console.o ./utilities/fsl_notifier.o ./utilities/fsl_sbrk.o ./utilities/fsl_shell.o  ./startup/startup_MK64F12.o ./startup/system_MK64F12.o  ./source/main.o ./source/user.o  ./freertos/Source/portable/MemMang/heap_4.o  ./freertos/Source/portable/GCC/ARM_CM4F/fsl_tickless_lptmr.o ./freertos/Source/portable/GCC/ARM_CM4F/fsl_tickless_systick.o ./freertos/Source/portable/GCC/ARM_CM4F/port.o  ./freertos/Source/croutine.o ./freertos/Source/event_groups.o ./freertos/Source/list.o ./freertos/Source/queue.o ./freertos/Source/tasks.o ./freertos/Source/timers.o  ./drivers/fsl_adc16.o ./drivers/fsl_clock.o ./drivers/fsl_cmp.o ./drivers/fsl_cmt.o ./drivers/fsl_common.o ./drivers/fsl_crc.o ./drivers/fsl_dac.o ./drivers/fsl_dmamux.o ./drivers/fsl_dspi.o ./drivers/fsl_dspi_edma.o ./drivers/fsl_dspi_freertos.o ./drivers/fsl_edma.o ./drivers/fsl_enet.o ./drivers/fsl_ewm.o ./drivers/fsl_flash.o ./drivers/fsl_flexbus.o ./drivers/fsl_flexcan.o ./drivers/fsl_ftm.o ./drivers/fsl_gpio.o ./drivers/fsl_i2c.o ./drivers/fsl_i2c_edma.o ./drivers/fsl_i2c_freertos.o ./drivers/fsl_llwu.o ./drivers/fsl_lptmr.o ./drivers/fsl_mpu.o ./drivers/fsl_pdb.o ./drivers/fsl_pit.o ./drivers/fsl_pmc.o ./drivers/fsl_rcm.o ./drivers/fsl_rnga.o ./drivers/fsl_rtc.o ./drivers/fsl_sai.o ./drivers/fsl_sai_edma.o ./drivers/fsl_sdhc.o ./drivers/fsl_sim.o ./drivers/fsl_smc.o ./drivers/fsl_uart.o ./drivers/fsl_uart_edma.o ./drivers/fsl_uart_freertos.o ./drivers/fsl_vref.o ./drivers/fsl_wdog.o  ./board/board.o ./board/clock_config.o ./board/pin_mux.o   
Finished building target: CountingSemaphores.elf
 
Invoking: Cross ARM GNU Create Flash Image
arm-none-eabi-objcopy -O ihex "CountingSemaphores.elf"  "CountingSemaphores.hex"
Finished building: CountingSemaphores.hex
 
Invoking: Cross ARM GNU Print Size
arm-none-eabi-size --format=berkeley "CountingSemaphores.elf"
   text	   data	    bss	    dec	    hex	filename
  25552	    124	  13196	  38872	   97d8	CountingSemaphores.elf
Finished building: CountingSemaphores.siz
 
17:56:23 **** Incremental Build of configuration Debug for project CountingSemaphores ****
make -j1 all 
Invoking: Cross ARM GNU Print Size
arm-none-eabi-size --format=berkeley "CountingSemaphores.elf"
   text	   data	    bss	    dec	    hex	filename
  25552	    124	  13196	  38872	   97d8	CountingSemaphores.elf
Finished building: CountingSemaphores.siz
 
19:57:47 **** Clean-only build of configuration Debug for project CountingSemaphores ****
make -j1 clean 
rm -rf  CountingSemaphores.siz  ./utilities/fsl_debug_console.o ./utilities/fsl_notifier.o ./utilities/fsl_sbrk.o ./utilities/fsl_shell.o  ./startup/startup_MK64F12.o ./startup/system_MK64F12.o  ./source/main.o ./source/user.o  ./freertos/Source/portable/MemMang/heap_4.o  ./freertos/Source/portable/GCC/ARM_CM4F/fsl_tickless_lptmr.o ./freertos/Source/portable/GCC/ARM_CM4F/fsl_tickless_systick.o ./freertos/Source/portable/GCC/ARM_CM4F/port.o  ./freertos/Source/croutine.o ./freertos/Source/event_groups.o ./freertos/Source/list.o ./freertos/Source/queue.o ./freertos/Source/tasks.o ./freertos/Source/timers.o  ./drivers/fsl_adc16.o ./drivers/fsl_clock.o ./drivers/fsl_cmp.o ./drivers/fsl_cmt.o ./drivers/fsl_common.o ./drivers/fsl_crc.o ./drivers/fsl_dac.o ./drivers/fsl_dmamux.o ./drivers/fsl_dspi.o ./drivers/fsl_dspi_edma.o ./drivers/fsl_dspi_freertos.o ./drivers/fsl_edma.o ./drivers/fsl_enet.o ./drivers/fsl_ewm.o ./drivers/fsl_flash.o ./drivers/fsl_flexbus.o ./drivers/fsl_flexcan.o ./drivers/fsl_ftm.o ./drivers/fsl_gpio.o ./drivers/fsl_i2c.o ./drivers/fsl_i2c_edma.o ./drivers/fsl_i2c_freertos.o ./drivers/fsl_llwu.o ./drivers/fsl_lptmr.o ./drivers/fsl_mpu.o ./drivers/fsl_pdb.o ./drivers/fsl_pit.o ./drivers/fsl_pmc.o ./drivers/fsl_rcm.o ./drivers/fsl_rnga.o ./drivers/fsl_rtc.o ./drivers/fsl_sai.o ./drivers/fsl_sai_edma.o ./drivers/fsl_sdhc.o ./drivers/fsl_sim.o ./drivers/fsl_smc.o ./drivers/fsl_uart.o ./drivers/fsl_uart_edma.o ./drivers/fsl_uart_freertos.o ./drivers/fsl_vref.o ./drivers/fsl_wdog.o  ./board/board.o ./board/clock_config.o ./board/pin_mux.o  ./utilities/fsl_debug_console.d ./utilities/fsl_notifier.d ./utilities/fsl_sbrk.d ./utilities/fsl_shell.d  ./startup/system_MK64F12.d  ./source/main.d ./source/user.d  ./freertos/Source/portable/MemMang/heap_4.d  ./freertos/Source/portable/GCC/ARM_CM4F/fsl_tickless_lptmr.d ./freertos/Source/portable/GCC/ARM_CM4F/fsl_tickless_systick.d ./freertos/Source/portable/GCC/ARM_CM4F/port.d  ./freertos/Source/croutine.d ./freertos/Source/event_groups.d ./freertos/Source/list.d ./freertos/Source/queue.d ./freertos/Source/tasks.d ./freertos/Source/timers.d  ./drivers/fsl_adc16.d ./drivers/fsl_clock.d ./drivers/fsl_cmp.d ./drivers/fsl_cmt.d ./drivers/fsl_common.d ./drivers/fsl_crc.d ./drivers/fsl_dac.d ./drivers/fsl_dmamux.d ./drivers/fsl_dspi.d ./drivers/fsl_dspi_edma.d ./drivers/fsl_dspi_freertos.d ./drivers/fsl_edma.d ./drivers/fsl_enet.d ./drivers/fsl_ewm.d ./drivers/fsl_flash.d ./drivers/fsl_flexbus.d ./drivers/fsl_flexcan.d ./drivers/fsl_ftm.d ./drivers/fsl_gpio.d ./drivers/fsl_i2c.d ./drivers/fsl_i2c_edma.d ./drivers/fsl_i2c_freertos.d ./drivers/fsl_llwu.d ./drivers/fsl_lptmr.d ./drivers/fsl_mpu.d ./drivers/fsl_pdb.d ./drivers/fsl_pit.d ./drivers/fsl_pmc.d ./drivers/fsl_rcm.d ./drivers/fsl_rnga.d ./drivers/fsl_rtc.d ./drivers/fsl_sai.d ./drivers/fsl_sai_edma.d ./drivers/fsl_sdhc.d ./drivers/fsl_sim.d ./drivers/fsl_smc.d ./drivers/fsl_uart.d ./drivers/fsl_uart_edma.d ./drivers/fsl_uart_freertos.d ./drivers/fsl_vref.d ./drivers/fsl_wdog.d  ./board/board.d ./board/clock_config.d ./board/pin_mux.d  CountingSemaphores.hex  ./startup/startup_MK64F12.d  CountingSemaphores.elf
 
19:57:47 **** Incremental Build of configuration Debug for project CountingSemaphores ****
make -j1 all 
Building file: ../utilities/fsl_debug_console.c
Invoking: Cross ARM C Compiler
arm-none-eabi-gcc -mcpu=cortex-m4 -mthumb -mfloat-abi=hard -mfpu=fpv4-sp-d16 -O0 -fmessage-length=0 -fsigned-char -ffunction-sections -fdata-sections -flto  -g3 -D"CPU_MK64FN1M0VDC12" -I../freertos/Source/include -I../startup -I../board -I../utilities -I../freertos/Source/portable/GCC/ARM_CM4F -I../CMSIS -I../source -I../drivers -std=c99 -MMD -MP -MF"utilities/fsl_debug_console.d" -MT"utilities/fsl_debug_console.o" -c -o "utilities/fsl_debug_console.o" "../utilities/fsl_debug_console.c"
Finished building: ../utilities/fsl_debug_console.c
 
Building file: ../utilities/fsl_notifier.c
Invoking: Cross ARM C Compiler
arm-none-eabi-gcc -mcpu=cortex-m4 -mthumb -mfloat-abi=hard -mfpu=fpv4-sp-d16 -O0 -fmessage-length=0 -fsigned-char -ffunction-sections -fdata-sections -flto  -g3 -D"CPU_MK64FN1M0VDC12" -I../freertos/Source/include -I../startup -I../board -I../utilities -I../freertos/Source/portable/GCC/ARM_CM4F -I../CMSIS -I../source -I../drivers -std=c99 -MMD -MP -MF"utilities/fsl_notifier.d" -MT"utilities/fsl_notifier.o" -c -o "utilities/fsl_notifier.o" "../utilities/fsl_notifier.c"
Finished building: ../utilities/fsl_notifier.c
 
Building file: ../utilities/fsl_sbrk.c
Invoking: Cross ARM C Compiler
arm-none-eabi-gcc -mcpu=cortex-m4 -mthumb -mfloat-abi=hard -mfpu=fpv4-sp-d16 -O0 -fmessage-length=0 -fsigned-char -ffunction-sections -fdata-sections -flto  -g3 -D"CPU_MK64FN1M0VDC12" -I../freertos/Source/include -I../startup -I../board -I../utilities -I../freertos/Source/portable/GCC/ARM_CM4F -I../CMSIS -I../source -I../drivers -std=c99 -MMD -MP -MF"utilities/fsl_sbrk.d" -MT"utilities/fsl_sbrk.o" -c -o "utilities/fsl_sbrk.o" "../utilities/fsl_sbrk.c"
Finished building: ../utilities/fsl_sbrk.c
 
Building file: ../utilities/fsl_shell.c
Invoking: Cross ARM C Compiler
arm-none-eabi-gcc -mcpu=cortex-m4 -mthumb -mfloat-abi=hard -mfpu=fpv4-sp-d16 -O0 -fmessage-length=0 -fsigned-char -ffunction-sections -fdata-sections -flto  -g3 -D"CPU_MK64FN1M0VDC12" -I../freertos/Source/include -I../startup -I../board -I../utilities -I../freertos/Source/portable/GCC/ARM_CM4F -I../CMSIS -I../source -I../drivers -std=c99 -MMD -MP -MF"utilities/fsl_shell.d" -MT"utilities/fsl_shell.o" -c -o "utilities/fsl_shell.o" "../utilities/fsl_shell.c"
Finished building: ../utilities/fsl_shell.c
 
Building file: ../startup/startup_MK64F12.S
Invoking: Cross ARM GNU Assembler
arm-none-eabi-gcc -mcpu=cortex-m4 -mthumb -mfloat-abi=hard -mfpu=fpv4-sp-d16 -O0 -fmessage-length=0 -fsigned-char -ffunction-sections -fdata-sections -flto  -g3 -x assembler-with-cpp -MMD -MP -MF"startup/startup_MK64F12.d" -MT"startup/startup_MK64F12.o" -c -o "startup/startup_MK64F12.o" "../startup/startup_MK64F12.S"
Finished building: ../startup/startup_MK64F12.S
 
Building file: ../startup/system_MK64F12.c
Invoking: Cross ARM C Compiler
arm-none-eabi-gcc -mcpu=cortex-m4 -mthumb -mfloat-abi=hard -mfpu=fpv4-sp-d16 -O0 -fmessage-length=0 -fsigned-char -ffunction-sections -fdata-sections -flto  -g3 -D"CPU_MK64FN1M0VDC12" -I../freertos/Source/include -I../startup -I../board -I../utilities -I../freertos/Source/portable/GCC/ARM_CM4F -I../CMSIS -I../source -I../drivers -std=c99 -MMD -MP -MF"startup/system_MK64F12.d" -MT"startup/system_MK64F12.o" -c -o "startup/system_MK64F12.o" "../startup/system_MK64F12.c"
Finished building: ../startup/system_MK64F12.c
 
Building file: ../source/main.c
Invoking: Cross ARM C Compiler
arm-none-eabi-gcc -mcpu=cortex-m4 -mthumb -mfloat-abi=hard -mfpu=fpv4-sp-d16 -O0 -fmessage-length=0 -fsigned-char -ffunction-sections -fdata-sections -flto  -g3 -D"CPU_MK64FN1M0VDC12" -I../freertos/Source/include -I../startup -I../board -I../utilities -I../freertos/Source/portable/GCC/ARM_CM4F -I../CMSIS -I../source -I../drivers -std=c99 -MMD -MP -MF"source/main.d" -MT"source/main.o" -c -o "source/main.o" "../source/main.c"
../source/main.c:36:8: warning: type defaults to 'int' in declaration of 'counter' [enabled by default]
 static counter=0;
        ^
Finished building: ../source/main.c
 
Building file: ../source/user.c
Invoking: Cross ARM C Compiler
arm-none-eabi-gcc -mcpu=cortex-m4 -mthumb -mfloat-abi=hard -mfpu=fpv4-sp-d16 -O0 -fmessage-length=0 -fsigned-char -ffunction-sections -fdata-sections -flto  -g3 -D"CPU_MK64FN1M0VDC12" -I../freertos/Source/include -I../startup -I../board -I../utilities -I../freertos/Source/portable/GCC/ARM_CM4F -I../CMSIS -I../source -I../drivers -std=c99 -MMD -MP -MF"source/user.d" -MT"source/user.o" -c -o "source/user.o" "../source/user.c"
Finished building: ../source/user.c
 
Building file: ../freertos/Source/portable/MemMang/heap_4.c
Invoking: Cross ARM C Compiler
arm-none-eabi-gcc -mcpu=cortex-m4 -mthumb -mfloat-abi=hard -mfpu=fpv4-sp-d16 -O0 -fmessage-length=0 -fsigned-char -ffunction-sections -fdata-sections -flto  -g3 -D"CPU_MK64FN1M0VDC12" -I../freertos/Source/include -I../startup -I../board -I../utilities -I../freertos/Source/portable/GCC/ARM_CM4F -I../CMSIS -I../source -I../drivers -std=c99 -MMD -MP -MF"freertos/Source/portable/MemMang/heap_4.d" -MT"freertos/Source/portable/MemMang/heap_4.o" -c -o "freertos/Source/portable/MemMang/heap_4.o" "../freertos/Source/portable/MemMang/heap_4.c"
Finished building: ../freertos/Source/portable/MemMang/heap_4.c
 
Building file: ../freertos/Source/portable/GCC/ARM_CM4F/fsl_tickless_lptmr.c
Invoking: Cross ARM C Compiler
arm-none-eabi-gcc -mcpu=cortex-m4 -mthumb -mfloat-abi=hard -mfpu=fpv4-sp-d16 -O0 -fmessage-length=0 -fsigned-char -ffunction-sections -fdata-sections -flto  -g3 -D"CPU_MK64FN1M0VDC12" -I../freertos/Source/include -I../startup -I../board -I../utilities -I../freertos/Source/portable/GCC/ARM_CM4F -I../CMSIS -I../source -I../drivers -std=c99 -MMD -MP -MF"freertos/Source/portable/GCC/ARM_CM4F/fsl_tickless_lptmr.d" -MT"freertos/Source/portable/GCC/ARM_CM4F/fsl_tickless_lptmr.o" -c -o "freertos/Source/portable/GCC/ARM_CM4F/fsl_tickless_lptmr.o" "../freertos/Source/portable/GCC/ARM_CM4F/fsl_tickless_lptmr.c"
Finished building: ../freertos/Source/portable/GCC/ARM_CM4F/fsl_tickless_lptmr.c
 
Building file: ../freertos/Source/portable/GCC/ARM_CM4F/fsl_tickless_systick.c
Invoking: Cross ARM C Compiler
arm-none-eabi-gcc -mcpu=cortex-m4 -mthumb -mfloat-abi=hard -mfpu=fpv4-sp-d16 -O0 -fmessage-length=0 -fsigned-char -ffunction-sections -fdata-sections -flto  -g3 -D"CPU_MK64FN1M0VDC12" -I../freertos/Source/include -I../startup -I../board -I../utilities -I../freertos/Source/portable/GCC/ARM_CM4F -I../CMSIS -I../source -I../drivers -std=c99 -MMD -MP -MF"freertos/Source/portable/GCC/ARM_CM4F/fsl_tickless_systick.d" -MT"freertos/Source/portable/GCC/ARM_CM4F/fsl_tickless_systick.o" -c -o "freertos/Source/portable/GCC/ARM_CM4F/fsl_tickless_systick.o" "../freertos/Source/portable/GCC/ARM_CM4F/fsl_tickless_systick.c"
Finished building: ../freertos/Source/portable/GCC/ARM_CM4F/fsl_tickless_systick.c
 
Building file: ../freertos/Source/portable/GCC/ARM_CM4F/port.c
Invoking: Cross ARM C Compiler
arm-none-eabi-gcc -mcpu=cortex-m4 -mthumb -mfloat-abi=hard -mfpu=fpv4-sp-d16 -O0 -fmessage-length=0 -fsigned-char -ffunction-sections -fdata-sections -flto  -g3 -D"CPU_MK64FN1M0VDC12" -I../freertos/Source/include -I../startup -I../board -I../utilities -I../freertos/Source/portable/GCC/ARM_CM4F -I../CMSIS -I../source -I../drivers -std=c99 -MMD -MP -MF"freertos/Source/portable/GCC/ARM_CM4F/port.d" -MT"freertos/Source/portable/GCC/ARM_CM4F/port.o" -c -o "freertos/Source/portable/GCC/ARM_CM4F/port.o" "../freertos/Source/portable/GCC/ARM_CM4F/port.c"
Finished building: ../freertos/Source/portable/GCC/ARM_CM4F/port.c
 
Building file: ../freertos/Source/croutine.c
Invoking: Cross ARM C Compiler
arm-none-eabi-gcc -mcpu=cortex-m4 -mthumb -mfloat-abi=hard -mfpu=fpv4-sp-d16 -O0 -fmessage-length=0 -fsigned-char -ffunction-sections -fdata-sections -flto  -g3 -D"CPU_MK64FN1M0VDC12" -I../freertos/Source/include -I../startup -I../board -I../utilities -I../freertos/Source/portable/GCC/ARM_CM4F -I../CMSIS -I../source -I../drivers -std=c99 -MMD -MP -MF"freertos/Source/croutine.d" -MT"freertos/Source/croutine.o" -c -o "freertos/Source/croutine.o" "../freertos/Source/croutine.c"
Finished building: ../freertos/Source/croutine.c
 
Building file: ../freertos/Source/event_groups.c
Invoking: Cross ARM C Compiler
arm-none-eabi-gcc -mcpu=cortex-m4 -mthumb -mfloat-abi=hard -mfpu=fpv4-sp-d16 -O0 -fmessage-length=0 -fsigned-char -ffunction-sections -fdata-sections -flto  -g3 -D"CPU_MK64FN1M0VDC12" -I../freertos/Source/include -I../startup -I../board -I../utilities -I../freertos/Source/portable/GCC/ARM_CM4F -I../CMSIS -I../source -I../drivers -std=c99 -MMD -MP -MF"freertos/Source/event_groups.d" -MT"freertos/Source/event_groups.o" -c -o "freertos/Source/event_groups.o" "../freertos/Source/event_groups.c"
Finished building: ../freertos/Source/event_groups.c
 
Building file: ../freertos/Source/list.c
Invoking: Cross ARM C Compiler
arm-none-eabi-gcc -mcpu=cortex-m4 -mthumb -mfloat-abi=hard -mfpu=fpv4-sp-d16 -O0 -fmessage-length=0 -fsigned-char -ffunction-sections -fdata-sections -flto  -g3 -D"CPU_MK64FN1M0VDC12" -I../freertos/Source/include -I../startup -I../board -I../utilities -I../freertos/Source/portable/GCC/ARM_CM4F -I../CMSIS -I../source -I../drivers -std=c99 -MMD -MP -MF"freertos/Source/list.d" -MT"freertos/Source/list.o" -c -o "freertos/Source/list.o" "../freertos/Source/list.c"
Finished building: ../freertos/Source/list.c
 
Building file: ../freertos/Source/queue.c
Invoking: Cross ARM C Compiler
arm-none-eabi-gcc -mcpu=cortex-m4 -mthumb -mfloat-abi=hard -mfpu=fpv4-sp-d16 -O0 -fmessage-length=0 -fsigned-char -ffunction-sections -fdata-sections -flto  -g3 -D"CPU_MK64FN1M0VDC12" -I../freertos/Source/include -I../startup -I../board -I../utilities -I../freertos/Source/portable/GCC/ARM_CM4F -I../CMSIS -I../source -I../drivers -std=c99 -MMD -MP -MF"freertos/Source/queue.d" -MT"freertos/Source/queue.o" -c -o "freertos/Source/queue.o" "../freertos/Source/queue.c"
Finished building: ../freertos/Source/queue.c
 
Building file: ../freertos/Source/tasks.c
Invoking: Cross ARM C Compiler
arm-none-eabi-gcc -mcpu=cortex-m4 -mthumb -mfloat-abi=hard -mfpu=fpv4-sp-d16 -O0 -fmessage-length=0 -fsigned-char -ffunction-sections -fdata-sections -flto  -g3 -D"CPU_MK64FN1M0VDC12" -I../freertos/Source/include -I../startup -I../board -I../utilities -I../freertos/Source/portable/GCC/ARM_CM4F -I../CMSIS -I../source -I../drivers -std=c99 -MMD -MP -MF"freertos/Source/tasks.d" -MT"freertos/Source/tasks.o" -c -o "freertos/Source/tasks.o" "../freertos/Source/tasks.c"
Finished building: ../freertos/Source/tasks.c
 
Building file: ../freertos/Source/timers.c
Invoking: Cross ARM C Compiler
arm-none-eabi-gcc -mcpu=cortex-m4 -mthumb -mfloat-abi=hard -mfpu=fpv4-sp-d16 -O0 -fmessage-length=0 -fsigned-char -ffunction-sections -fdata-sections -flto  -g3 -D"CPU_MK64FN1M0VDC12" -I../freertos/Source/include -I../startup -I../board -I../utilities -I../freertos/Source/portable/GCC/ARM_CM4F -I../CMSIS -I../source -I../drivers -std=c99 -MMD -MP -MF"freertos/Source/timers.d" -MT"freertos/Source/timers.o" -c -o "freertos/Source/timers.o" "../freertos/Source/timers.c"
Finished building: ../freertos/Source/timers.c
 
Building file: ../drivers/fsl_adc16.c
Invoking: Cross ARM C Compiler
arm-none-eabi-gcc -mcpu=cortex-m4 -mthumb -mfloat-abi=hard -mfpu=fpv4-sp-d16 -O0 -fmessage-length=0 -fsigned-char -ffunction-sections -fdata-sections -flto  -g3 -D"CPU_MK64FN1M0VDC12" -I../freertos/Source/include -I../startup -I../board -I../utilities -I../freertos/Source/portable/GCC/ARM_CM4F -I../CMSIS -I../source -I../drivers -std=c99 -MMD -MP -MF"drivers/fsl_adc16.d" -MT"drivers/fsl_adc16.o" -c -o "drivers/fsl_adc16.o" "../drivers/fsl_adc16.c"
Finished building: ../drivers/fsl_adc16.c
 
Building file: ../drivers/fsl_clock.c
Invoking: Cross ARM C Compiler
arm-none-eabi-gcc -mcpu=cortex-m4 -mthumb -mfloat-abi=hard -mfpu=fpv4-sp-d16 -O0 -fmessage-length=0 -fsigned-char -ffunction-sections -fdata-sections -flto  -g3 -D"CPU_MK64FN1M0VDC12" -I../freertos/Source/include -I../startup -I../board -I../utilities -I../freertos/Source/portable/GCC/ARM_CM4F -I../CMSIS -I../source -I../drivers -std=c99 -MMD -MP -MF"drivers/fsl_clock.d" -MT"drivers/fsl_clock.o" -c -o "drivers/fsl_clock.o" "../drivers/fsl_clock.c"
Finished building: ../drivers/fsl_clock.c
 
Building file: ../drivers/fsl_cmp.c
Invoking: Cross ARM C Compiler
arm-none-eabi-gcc -mcpu=cortex-m4 -mthumb -mfloat-abi=hard -mfpu=fpv4-sp-d16 -O0 -fmessage-length=0 -fsigned-char -ffunction-sections -fdata-sections -flto  -g3 -D"CPU_MK64FN1M0VDC12" -I../freertos/Source/include -I../startup -I../board -I../utilities -I../freertos/Source/portable/GCC/ARM_CM4F -I../CMSIS -I../source -I../drivers -std=c99 -MMD -MP -MF"drivers/fsl_cmp.d" -MT"drivers/fsl_cmp.o" -c -o "drivers/fsl_cmp.o" "../drivers/fsl_cmp.c"
Finished building: ../drivers/fsl_cmp.c
 
Building file: ../drivers/fsl_cmt.c
Invoking: Cross ARM C Compiler
arm-none-eabi-gcc -mcpu=cortex-m4 -mthumb -mfloat-abi=hard -mfpu=fpv4-sp-d16 -O0 -fmessage-length=0 -fsigned-char -ffunction-sections -fdata-sections -flto  -g3 -D"CPU_MK64FN1M0VDC12" -I../freertos/Source/include -I../startup -I../board -I../utilities -I../freertos/Source/portable/GCC/ARM_CM4F -I../CMSIS -I../source -I../drivers -std=c99 -MMD -MP -MF"drivers/fsl_cmt.d" -MT"drivers/fsl_cmt.o" -c -o "drivers/fsl_cmt.o" "../drivers/fsl_cmt.c"
Finished building: ../drivers/fsl_cmt.c
 
Building file: ../drivers/fsl_common.c
Invoking: Cross ARM C Compiler
arm-none-eabi-gcc -mcpu=cortex-m4 -mthumb -mfloat-abi=hard -mfpu=fpv4-sp-d16 -O0 -fmessage-length=0 -fsigned-char -ffunction-sections -fdata-sections -flto  -g3 -D"CPU_MK64FN1M0VDC12" -I../freertos/Source/include -I../startup -I../board -I../utilities -I../freertos/Source/portable/GCC/ARM_CM4F -I../CMSIS -I../source -I../drivers -std=c99 -MMD -MP -MF"drivers/fsl_common.d" -MT"drivers/fsl_common.o" -c -o "drivers/fsl_common.o" "../drivers/fsl_common.c"
Finished building: ../drivers/fsl_common.c
 
Building file: ../drivers/fsl_crc.c
Invoking: Cross ARM C Compiler
arm-none-eabi-gcc -mcpu=cortex-m4 -mthumb -mfloat-abi=hard -mfpu=fpv4-sp-d16 -O0 -fmessage-length=0 -fsigned-char -ffunction-sections -fdata-sections -flto  -g3 -D"CPU_MK64FN1M0VDC12" -I../freertos/Source/include -I../startup -I../board -I../utilities -I../freertos/Source/portable/GCC/ARM_CM4F -I../CMSIS -I../source -I../drivers -std=c99 -MMD -MP -MF"drivers/fsl_crc.d" -MT"drivers/fsl_crc.o" -c -o "drivers/fsl_crc.o" "../drivers/fsl_crc.c"
Finished building: ../drivers/fsl_crc.c
 
Building file: ../drivers/fsl_dac.c
Invoking: Cross ARM C Compiler
arm-none-eabi-gcc -mcpu=cortex-m4 -mthumb -mfloat-abi=hard -mfpu=fpv4-sp-d16 -O0 -fmessage-length=0 -fsigned-char -ffunction-sections -fdata-sections -flto  -g3 -D"CPU_MK64FN1M0VDC12" -I../freertos/Source/include -I../startup -I../board -I../utilities -I../freertos/Source/portable/GCC/ARM_CM4F -I../CMSIS -I../source -I../drivers -std=c99 -MMD -MP -MF"drivers/fsl_dac.d" -MT"drivers/fsl_dac.o" -c -o "drivers/fsl_dac.o" "../drivers/fsl_dac.c"
Finished building: ../drivers/fsl_dac.c
 
Building file: ../drivers/fsl_dmamux.c
Invoking: Cross ARM C Compiler
arm-none-eabi-gcc -mcpu=cortex-m4 -mthumb -mfloat-abi=hard -mfpu=fpv4-sp-d16 -O0 -fmessage-length=0 -fsigned-char -ffunction-sections -fdata-sections -flto  -g3 -D"CPU_MK64FN1M0VDC12" -I../freertos/Source/include -I../startup -I../board -I../utilities -I../freertos/Source/portable/GCC/ARM_CM4F -I../CMSIS -I../source -I../drivers -std=c99 -MMD -MP -MF"drivers/fsl_dmamux.d" -MT"drivers/fsl_dmamux.o" -c -o "drivers/fsl_dmamux.o" "../drivers/fsl_dmamux.c"
Finished building: ../drivers/fsl_dmamux.c
 
Building file: ../drivers/fsl_dspi.c
Invoking: Cross ARM C Compiler
arm-none-eabi-gcc -mcpu=cortex-m4 -mthumb -mfloat-abi=hard -mfpu=fpv4-sp-d16 -O0 -fmessage-length=0 -fsigned-char -ffunction-sections -fdata-sections -flto  -g3 -D"CPU_MK64FN1M0VDC12" -I../freertos/Source/include -I../startup -I../board -I../utilities -I../freertos/Source/portable/GCC/ARM_CM4F -I../CMSIS -I../source -I../drivers -std=c99 -MMD -MP -MF"drivers/fsl_dspi.d" -MT"drivers/fsl_dspi.o" -c -o "drivers/fsl_dspi.o" "../drivers/fsl_dspi.c"
Finished building: ../drivers/fsl_dspi.c
 
Building file: ../drivers/fsl_dspi_edma.c
Invoking: Cross ARM C Compiler
arm-none-eabi-gcc -mcpu=cortex-m4 -mthumb -mfloat-abi=hard -mfpu=fpv4-sp-d16 -O0 -fmessage-length=0 -fsigned-char -ffunction-sections -fdata-sections -flto  -g3 -D"CPU_MK64FN1M0VDC12" -I../freertos/Source/include -I../startup -I../board -I../utilities -I../freertos/Source/portable/GCC/ARM_CM4F -I../CMSIS -I../source -I../drivers -std=c99 -MMD -MP -MF"drivers/fsl_dspi_edma.d" -MT"drivers/fsl_dspi_edma.o" -c -o "drivers/fsl_dspi_edma.o" "../drivers/fsl_dspi_edma.c"
Finished building: ../drivers/fsl_dspi_edma.c
 
Building file: ../drivers/fsl_dspi_freertos.c
Invoking: Cross ARM C Compiler
arm-none-eabi-gcc -mcpu=cortex-m4 -mthumb -mfloat-abi=hard -mfpu=fpv4-sp-d16 -O0 -fmessage-length=0 -fsigned-char -ffunction-sections -fdata-sections -flto  -g3 -D"CPU_MK64FN1M0VDC12" -I../freertos/Source/include -I../startup -I../board -I../utilities -I../freertos/Source/portable/GCC/ARM_CM4F -I../CMSIS -I../source -I../drivers -std=c99 -MMD -MP -MF"drivers/fsl_dspi_freertos.d" -MT"drivers/fsl_dspi_freertos.o" -c -o "drivers/fsl_dspi_freertos.o" "../drivers/fsl_dspi_freertos.c"
Finished building: ../drivers/fsl_dspi_freertos.c
 
Building file: ../drivers/fsl_edma.c
Invoking: Cross ARM C Compiler
arm-none-eabi-gcc -mcpu=cortex-m4 -mthumb -mfloat-abi=hard -mfpu=fpv4-sp-d16 -O0 -fmessage-length=0 -fsigned-char -ffunction-sections -fdata-sections -flto  -g3 -D"CPU_MK64FN1M0VDC12" -I../freertos/Source/include -I../startup -I../board -I../utilities -I../freertos/Source/portable/GCC/ARM_CM4F -I../CMSIS -I../source -I../drivers -std=c99 -MMD -MP -MF"drivers/fsl_edma.d" -MT"drivers/fsl_edma.o" -c -o "drivers/fsl_edma.o" "../drivers/fsl_edma.c"
Finished building: ../drivers/fsl_edma.c
 
Building file: ../drivers/fsl_enet.c
Invoking: Cross ARM C Compiler
arm-none-eabi-gcc -mcpu=cortex-m4 -mthumb -mfloat-abi=hard -mfpu=fpv4-sp-d16 -O0 -fmessage-length=0 -fsigned-char -ffunction-sections -fdata-sections -flto  -g3 -D"CPU_MK64FN1M0VDC12" -I../freertos/Source/include -I../startup -I../board -I../utilities -I../freertos/Source/portable/GCC/ARM_CM4F -I../CMSIS -I../source -I../drivers -std=c99 -MMD -MP -MF"drivers/fsl_enet.d" -MT"drivers/fsl_enet.o" -c -o "drivers/fsl_enet.o" "../drivers/fsl_enet.c"
Finished building: ../drivers/fsl_enet.c
 
Building file: ../drivers/fsl_ewm.c
Invoking: Cross ARM C Compiler
arm-none-eabi-gcc -mcpu=cortex-m4 -mthumb -mfloat-abi=hard -mfpu=fpv4-sp-d16 -O0 -fmessage-length=0 -fsigned-char -ffunction-sections -fdata-sections -flto  -g3 -D"CPU_MK64FN1M0VDC12" -I../freertos/Source/include -I../startup -I../board -I../utilities -I../freertos/Source/portable/GCC/ARM_CM4F -I../CMSIS -I../source -I../drivers -std=c99 -MMD -MP -MF"drivers/fsl_ewm.d" -MT"drivers/fsl_ewm.o" -c -o "drivers/fsl_ewm.o" "../drivers/fsl_ewm.c"
Finished building: ../drivers/fsl_ewm.c
 
Building file: ../drivers/fsl_flash.c
Invoking: Cross ARM C Compiler
arm-none-eabi-gcc -mcpu=cortex-m4 -mthumb -mfloat-abi=hard -mfpu=fpv4-sp-d16 -O0 -fmessage-length=0 -fsigned-char -ffunction-sections -fdata-sections -flto  -g3 -D"CPU_MK64FN1M0VDC12" -I../freertos/Source/include -I../startup -I../board -I../utilities -I../freertos/Source/portable/GCC/ARM_CM4F -I../CMSIS -I../source -I../drivers -std=c99 -MMD -MP -MF"drivers/fsl_flash.d" -MT"drivers/fsl_flash.o" -c -o "drivers/fsl_flash.o" "../drivers/fsl_flash.c"
Finished building: ../drivers/fsl_flash.c
 
Building file: ../drivers/fsl_flexbus.c
Invoking: Cross ARM C Compiler
arm-none-eabi-gcc -mcpu=cortex-m4 -mthumb -mfloat-abi=hard -mfpu=fpv4-sp-d16 -O0 -fmessage-length=0 -fsigned-char -ffunction-sections -fdata-sections -flto  -g3 -D"CPU_MK64FN1M0VDC12" -I../freertos/Source/include -I../startup -I../board -I../utilities -I../freertos/Source/portable/GCC/ARM_CM4F -I../CMSIS -I../source -I../drivers -std=c99 -MMD -MP -MF"drivers/fsl_flexbus.d" -MT"drivers/fsl_flexbus.o" -c -o "drivers/fsl_flexbus.o" "../drivers/fsl_flexbus.c"
Finished building: ../drivers/fsl_flexbus.c
 
Building file: ../drivers/fsl_flexcan.c
Invoking: Cross ARM C Compiler
arm-none-eabi-gcc -mcpu=cortex-m4 -mthumb -mfloat-abi=hard -mfpu=fpv4-sp-d16 -O0 -fmessage-length=0 -fsigned-char -ffunction-sections -fdata-sections -flto  -g3 -D"CPU_MK64FN1M0VDC12" -I../freertos/Source/include -I../startup -I../board -I../utilities -I../freertos/Source/portable/GCC/ARM_CM4F -I../CMSIS -I../source -I../drivers -std=c99 -MMD -MP -MF"drivers/fsl_flexcan.d" -MT"drivers/fsl_flexcan.o" -c -o "drivers/fsl_flexcan.o" "../drivers/fsl_flexcan.c"
Finished building: ../drivers/fsl_flexcan.c
 
Building file: ../drivers/fsl_ftm.c
Invoking: Cross ARM C Compiler
arm-none-eabi-gcc -mcpu=cortex-m4 -mthumb -mfloat-abi=hard -mfpu=fpv4-sp-d16 -O0 -fmessage-length=0 -fsigned-char -ffunction-sections -fdata-sections -flto  -g3 -D"CPU_MK64FN1M0VDC12" -I../freertos/Source/include -I../startup -I../board -I../utilities -I../freertos/Source/portable/GCC/ARM_CM4F -I../CMSIS -I../source -I../drivers -std=c99 -MMD -MP -MF"drivers/fsl_ftm.d" -MT"drivers/fsl_ftm.o" -c -o "drivers/fsl_ftm.o" "../drivers/fsl_ftm.c"
Finished building: ../drivers/fsl_ftm.c
 
Building file: ../drivers/fsl_gpio.c
Invoking: Cross ARM C Compiler
arm-none-eabi-gcc -mcpu=cortex-m4 -mthumb -mfloat-abi=hard -mfpu=fpv4-sp-d16 -O0 -fmessage-length=0 -fsigned-char -ffunction-sections -fdata-sections -flto  -g3 -D"CPU_MK64FN1M0VDC12" -I../freertos/Source/include -I../startup -I../board -I../utilities -I../freertos/Source/portable/GCC/ARM_CM4F -I../CMSIS -I../source -I../drivers -std=c99 -MMD -MP -MF"drivers/fsl_gpio.d" -MT"drivers/fsl_gpio.o" -c -o "drivers/fsl_gpio.o" "../drivers/fsl_gpio.c"
Finished building: ../drivers/fsl_gpio.c
 
Building file: ../drivers/fsl_i2c.c
Invoking: Cross ARM C Compiler
arm-none-eabi-gcc -mcpu=cortex-m4 -mthumb -mfloat-abi=hard -mfpu=fpv4-sp-d16 -O0 -fmessage-length=0 -fsigned-char -ffunction-sections -fdata-sections -flto  -g3 -D"CPU_MK64FN1M0VDC12" -I../freertos/Source/include -I../startup -I../board -I../utilities -I../freertos/Source/portable/GCC/ARM_CM4F -I../CMSIS -I../source -I../drivers -std=c99 -MMD -MP -MF"drivers/fsl_i2c.d" -MT"drivers/fsl_i2c.o" -c -o "drivers/fsl_i2c.o" "../drivers/fsl_i2c.c"
Finished building: ../drivers/fsl_i2c.c
 
Building file: ../drivers/fsl_i2c_edma.c
Invoking: Cross ARM C Compiler
arm-none-eabi-gcc -mcpu=cortex-m4 -mthumb -mfloat-abi=hard -mfpu=fpv4-sp-d16 -O0 -fmessage-length=0 -fsigned-char -ffunction-sections -fdata-sections -flto  -g3 -D"CPU_MK64FN1M0VDC12" -I../freertos/Source/include -I../startup -I../board -I../utilities -I../freertos/Source/portable/GCC/ARM_CM4F -I../CMSIS -I../source -I../drivers -std=c99 -MMD -MP -MF"drivers/fsl_i2c_edma.d" -MT"drivers/fsl_i2c_edma.o" -c -o "drivers/fsl_i2c_edma.o" "../drivers/fsl_i2c_edma.c"
Finished building: ../drivers/fsl_i2c_edma.c
 
Building file: ../drivers/fsl_i2c_freertos.c
Invoking: Cross ARM C Compiler
arm-none-eabi-gcc -mcpu=cortex-m4 -mthumb -mfloat-abi=hard -mfpu=fpv4-sp-d16 -O0 -fmessage-length=0 -fsigned-char -ffunction-sections -fdata-sections -flto  -g3 -D"CPU_MK64FN1M0VDC12" -I../freertos/Source/include -I../startup -I../board -I../utilities -I../freertos/Source/portable/GCC/ARM_CM4F -I../CMSIS -I../source -I../drivers -std=c99 -MMD -MP -MF"drivers/fsl_i2c_freertos.d" -MT"drivers/fsl_i2c_freertos.o" -c -o "drivers/fsl_i2c_freertos.o" "../drivers/fsl_i2c_freertos.c"
Finished building: ../drivers/fsl_i2c_freertos.c
 
Building file: ../drivers/fsl_llwu.c
Invoking: Cross ARM C Compiler
arm-none-eabi-gcc -mcpu=cortex-m4 -mthumb -mfloat-abi=hard -mfpu=fpv4-sp-d16 -O0 -fmessage-length=0 -fsigned-char -ffunction-sections -fdata-sections -flto  -g3 -D"CPU_MK64FN1M0VDC12" -I../freertos/Source/include -I../startup -I../board -I../utilities -I../freertos/Source/portable/GCC/ARM_CM4F -I../CMSIS -I../source -I../drivers -std=c99 -MMD -MP -MF"drivers/fsl_llwu.d" -MT"drivers/fsl_llwu.o" -c -o "drivers/fsl_llwu.o" "../drivers/fsl_llwu.c"
Finished building: ../drivers/fsl_llwu.c
 
Building file: ../drivers/fsl_lptmr.c
Invoking: Cross ARM C Compiler
arm-none-eabi-gcc -mcpu=cortex-m4 -mthumb -mfloat-abi=hard -mfpu=fpv4-sp-d16 -O0 -fmessage-length=0 -fsigned-char -ffunction-sections -fdata-sections -flto  -g3 -D"CPU_MK64FN1M0VDC12" -I../freertos/Source/include -I../startup -I../board -I../utilities -I../freertos/Source/portable/GCC/ARM_CM4F -I../CMSIS -I../source -I../drivers -std=c99 -MMD -MP -MF"drivers/fsl_lptmr.d" -MT"drivers/fsl_lptmr.o" -c -o "drivers/fsl_lptmr.o" "../drivers/fsl_lptmr.c"
Finished building: ../drivers/fsl_lptmr.c
 
Building file: ../drivers/fsl_mpu.c
Invoking: Cross ARM C Compiler
arm-none-eabi-gcc -mcpu=cortex-m4 -mthumb -mfloat-abi=hard -mfpu=fpv4-sp-d16 -O0 -fmessage-length=0 -fsigned-char -ffunction-sections -fdata-sections -flto  -g3 -D"CPU_MK64FN1M0VDC12" -I../freertos/Source/include -I../startup -I../board -I../utilities -I../freertos/Source/portable/GCC/ARM_CM4F -I../CMSIS -I../source -I../drivers -std=c99 -MMD -MP -MF"drivers/fsl_mpu.d" -MT"drivers/fsl_mpu.o" -c -o "drivers/fsl_mpu.o" "../drivers/fsl_mpu.c"
Finished building: ../drivers/fsl_mpu.c
 
Building file: ../drivers/fsl_pdb.c
Invoking: Cross ARM C Compiler
arm-none-eabi-gcc -mcpu=cortex-m4 -mthumb -mfloat-abi=hard -mfpu=fpv4-sp-d16 -O0 -fmessage-length=0 -fsigned-char -ffunction-sections -fdata-sections -flto  -g3 -D"CPU_MK64FN1M0VDC12" -I../freertos/Source/include -I../startup -I../board -I../utilities -I../freertos/Source/portable/GCC/ARM_CM4F -I../CMSIS -I../source -I../drivers -std=c99 -MMD -MP -MF"drivers/fsl_pdb.d" -MT"drivers/fsl_pdb.o" -c -o "drivers/fsl_pdb.o" "../drivers/fsl_pdb.c"
Finished building: ../drivers/fsl_pdb.c
 
Building file: ../drivers/fsl_pit.c
Invoking: Cross ARM C Compiler
arm-none-eabi-gcc -mcpu=cortex-m4 -mthumb -mfloat-abi=hard -mfpu=fpv4-sp-d16 -O0 -fmessage-length=0 -fsigned-char -ffunction-sections -fdata-sections -flto  -g3 -D"CPU_MK64FN1M0VDC12" -I../freertos/Source/include -I../startup -I../board -I../utilities -I../freertos/Source/portable/GCC/ARM_CM4F -I../CMSIS -I../source -I../drivers -std=c99 -MMD -MP -MF"drivers/fsl_pit.d" -MT"drivers/fsl_pit.o" -c -o "drivers/fsl_pit.o" "../drivers/fsl_pit.c"
Finished building: ../drivers/fsl_pit.c
 
Building file: ../drivers/fsl_pmc.c
Invoking: Cross ARM C Compiler
arm-none-eabi-gcc -mcpu=cortex-m4 -mthumb -mfloat-abi=hard -mfpu=fpv4-sp-d16 -O0 -fmessage-length=0 -fsigned-char -ffunction-sections -fdata-sections -flto  -g3 -D"CPU_MK64FN1M0VDC12" -I../freertos/Source/include -I../startup -I../board -I../utilities -I../freertos/Source/portable/GCC/ARM_CM4F -I../CMSIS -I../source -I../drivers -std=c99 -MMD -MP -MF"drivers/fsl_pmc.d" -MT"drivers/fsl_pmc.o" -c -o "drivers/fsl_pmc.o" "../drivers/fsl_pmc.c"
Finished building: ../drivers/fsl_pmc.c
 
Building file: ../drivers/fsl_rcm.c
Invoking: Cross ARM C Compiler
arm-none-eabi-gcc -mcpu=cortex-m4 -mthumb -mfloat-abi=hard -mfpu=fpv4-sp-d16 -O0 -fmessage-length=0 -fsigned-char -ffunction-sections -fdata-sections -flto  -g3 -D"CPU_MK64FN1M0VDC12" -I../freertos/Source/include -I../startup -I../board -I../utilities -I../freertos/Source/portable/GCC/ARM_CM4F -I../CMSIS -I../source -I../drivers -std=c99 -MMD -MP -MF"drivers/fsl_rcm.d" -MT"drivers/fsl_rcm.o" -c -o "drivers/fsl_rcm.o" "../drivers/fsl_rcm.c"
Finished building: ../drivers/fsl_rcm.c
 
Building file: ../drivers/fsl_rnga.c
Invoking: Cross ARM C Compiler
arm-none-eabi-gcc -mcpu=cortex-m4 -mthumb -mfloat-abi=hard -mfpu=fpv4-sp-d16 -O0 -fmessage-length=0 -fsigned-char -ffunction-sections -fdata-sections -flto  -g3 -D"CPU_MK64FN1M0VDC12" -I../freertos/Source/include -I../startup -I../board -I../utilities -I../freertos/Source/portable/GCC/ARM_CM4F -I../CMSIS -I../source -I../drivers -std=c99 -MMD -MP -MF"drivers/fsl_rnga.d" -MT"drivers/fsl_rnga.o" -c -o "drivers/fsl_rnga.o" "../drivers/fsl_rnga.c"
Finished building: ../drivers/fsl_rnga.c
 
Building file: ../drivers/fsl_rtc.c
Invoking: Cross ARM C Compiler
arm-none-eabi-gcc -mcpu=cortex-m4 -mthumb -mfloat-abi=hard -mfpu=fpv4-sp-d16 -O0 -fmessage-length=0 -fsigned-char -ffunction-sections -fdata-sections -flto  -g3 -D"CPU_MK64FN1M0VDC12" -I../freertos/Source/include -I../startup -I../board -I../utilities -I../freertos/Source/portable/GCC/ARM_CM4F -I../CMSIS -I../source -I../drivers -std=c99 -MMD -MP -MF"drivers/fsl_rtc.d" -MT"drivers/fsl_rtc.o" -c -o "drivers/fsl_rtc.o" "../drivers/fsl_rtc.c"
Finished building: ../drivers/fsl_rtc.c
 
Building file: ../drivers/fsl_sai.c
Invoking: Cross ARM C Compiler
arm-none-eabi-gcc -mcpu=cortex-m4 -mthumb -mfloat-abi=hard -mfpu=fpv4-sp-d16 -O0 -fmessage-length=0 -fsigned-char -ffunction-sections -fdata-sections -flto  -g3 -D"CPU_MK64FN1M0VDC12" -I../freertos/Source/include -I../startup -I../board -I../utilities -I../freertos/Source/portable/GCC/ARM_CM4F -I../CMSIS -I../source -I../drivers -std=c99 -MMD -MP -MF"drivers/fsl_sai.d" -MT"drivers/fsl_sai.o" -c -o "drivers/fsl_sai.o" "../drivers/fsl_sai.c"
Finished building: ../drivers/fsl_sai.c
 
Building file: ../drivers/fsl_sai_edma.c
Invoking: Cross ARM C Compiler
arm-none-eabi-gcc -mcpu=cortex-m4 -mthumb -mfloat-abi=hard -mfpu=fpv4-sp-d16 -O0 -fmessage-length=0 -fsigned-char -ffunction-sections -fdata-sections -flto  -g3 -D"CPU_MK64FN1M0VDC12" -I../freertos/Source/include -I../startup -I../board -I../utilities -I../freertos/Source/portable/GCC/ARM_CM4F -I../CMSIS -I../source -I../drivers -std=c99 -MMD -MP -MF"drivers/fsl_sai_edma.d" -MT"drivers/fsl_sai_edma.o" -c -o "drivers/fsl_sai_edma.o" "../drivers/fsl_sai_edma.c"
Finished building: ../drivers/fsl_sai_edma.c
 
Building file: ../drivers/fsl_sdhc.c
Invoking: Cross ARM C Compiler
arm-none-eabi-gcc -mcpu=cortex-m4 -mthumb -mfloat-abi=hard -mfpu=fpv4-sp-d16 -O0 -fmessage-length=0 -fsigned-char -ffunction-sections -fdata-sections -flto  -g3 -D"CPU_MK64FN1M0VDC12" -I../freertos/Source/include -I../startup -I../board -I../utilities -I../freertos/Source/portable/GCC/ARM_CM4F -I../CMSIS -I../source -I../drivers -std=c99 -MMD -MP -MF"drivers/fsl_sdhc.d" -MT"drivers/fsl_sdhc.o" -c -o "drivers/fsl_sdhc.o" "../drivers/fsl_sdhc.c"
Finished building: ../drivers/fsl_sdhc.c
 
Building file: ../drivers/fsl_sim.c
Invoking: Cross ARM C Compiler
arm-none-eabi-gcc -mcpu=cortex-m4 -mthumb -mfloat-abi=hard -mfpu=fpv4-sp-d16 -O0 -fmessage-length=0 -fsigned-char -ffunction-sections -fdata-sections -flto  -g3 -D"CPU_MK64FN1M0VDC12" -I../freertos/Source/include -I../startup -I../board -I../utilities -I../freertos/Source/portable/GCC/ARM_CM4F -I../CMSIS -I../source -I../drivers -std=c99 -MMD -MP -MF"drivers/fsl_sim.d" -MT"drivers/fsl_sim.o" -c -o "drivers/fsl_sim.o" "../drivers/fsl_sim.c"
Finished building: ../drivers/fsl_sim.c
 
Building file: ../drivers/fsl_smc.c
Invoking: Cross ARM C Compiler
arm-none-eabi-gcc -mcpu=cortex-m4 -mthumb -mfloat-abi=hard -mfpu=fpv4-sp-d16 -O0 -fmessage-length=0 -fsigned-char -ffunction-sections -fdata-sections -flto  -g3 -D"CPU_MK64FN1M0VDC12" -I../freertos/Source/include -I../startup -I../board -I../utilities -I../freertos/Source/portable/GCC/ARM_CM4F -I../CMSIS -I../source -I../drivers -std=c99 -MMD -MP -MF"drivers/fsl_smc.d" -MT"drivers/fsl_smc.o" -c -o "drivers/fsl_smc.o" "../drivers/fsl_smc.c"
Finished building: ../drivers/fsl_smc.c
 
Building file: ../drivers/fsl_uart.c
Invoking: Cross ARM C Compiler
arm-none-eabi-gcc -mcpu=cortex-m4 -mthumb -mfloat-abi=hard -mfpu=fpv4-sp-d16 -O0 -fmessage-length=0 -fsigned-char -ffunction-sections -fdata-sections -flto  -g3 -D"CPU_MK64FN1M0VDC12" -I../freertos/Source/include -I../startup -I../board -I../utilities -I../freertos/Source/portable/GCC/ARM_CM4F -I../CMSIS -I../source -I../drivers -std=c99 -MMD -MP -MF"drivers/fsl_uart.d" -MT"drivers/fsl_uart.o" -c -o "drivers/fsl_uart.o" "../drivers/fsl_uart.c"
Finished building: ../drivers/fsl_uart.c
 
Building file: ../drivers/fsl_uart_edma.c
Invoking: Cross ARM C Compiler
arm-none-eabi-gcc -mcpu=cortex-m4 -mthumb -mfloat-abi=hard -mfpu=fpv4-sp-d16 -O0 -fmessage-length=0 -fsigned-char -ffunction-sections -fdata-sections -flto  -g3 -D"CPU_MK64FN1M0VDC12" -I../freertos/Source/include -I../startup -I../board -I../utilities -I../freertos/Source/portable/GCC/ARM_CM4F -I../CMSIS -I../source -I../drivers -std=c99 -MMD -MP -MF"drivers/fsl_uart_edma.d" -MT"drivers/fsl_uart_edma.o" -c -o "drivers/fsl_uart_edma.o" "../drivers/fsl_uart_edma.c"
Finished building: ../drivers/fsl_uart_edma.c
 
Building file: ../drivers/fsl_uart_freertos.c
Invoking: Cross ARM C Compiler
arm-none-eabi-gcc -mcpu=cortex-m4 -mthumb -mfloat-abi=hard -mfpu=fpv4-sp-d16 -O0 -fmessage-length=0 -fsigned-char -ffunction-sections -fdata-sections -flto  -g3 -D"CPU_MK64FN1M0VDC12" -I../freertos/Source/include -I../startup -I../board -I../utilities -I../freertos/Source/portable/GCC/ARM_CM4F -I../CMSIS -I../source -I../drivers -std=c99 -MMD -MP -MF"drivers/fsl_uart_freertos.d" -MT"drivers/fsl_uart_freertos.o" -c -o "drivers/fsl_uart_freertos.o" "../drivers/fsl_uart_freertos.c"
Finished building: ../drivers/fsl_uart_freertos.c
 
Building file: ../drivers/fsl_vref.c
Invoking: Cross ARM C Compiler
arm-none-eabi-gcc -mcpu=cortex-m4 -mthumb -mfloat-abi=hard -mfpu=fpv4-sp-d16 -O0 -fmessage-length=0 -fsigned-char -ffunction-sections -fdata-sections -flto  -g3 -D"CPU_MK64FN1M0VDC12" -I../freertos/Source/include -I../startup -I../board -I../utilities -I../freertos/Source/portable/GCC/ARM_CM4F -I../CMSIS -I../source -I../drivers -std=c99 -MMD -MP -MF"drivers/fsl_vref.d" -MT"drivers/fsl_vref.o" -c -o "drivers/fsl_vref.o" "../drivers/fsl_vref.c"
Finished building: ../drivers/fsl_vref.c
 
Building file: ../drivers/fsl_wdog.c
Invoking: Cross ARM C Compiler
arm-none-eabi-gcc -mcpu=cortex-m4 -mthumb -mfloat-abi=hard -mfpu=fpv4-sp-d16 -O0 -fmessage-length=0 -fsigned-char -ffunction-sections -fdata-sections -flto  -g3 -D"CPU_MK64FN1M0VDC12" -I../freertos/Source/include -I../startup -I../board -I../utilities -I../freertos/Source/portable/GCC/ARM_CM4F -I../CMSIS -I../source -I../drivers -std=c99 -MMD -MP -MF"drivers/fsl_wdog.d" -MT"drivers/fsl_wdog.o" -c -o "drivers/fsl_wdog.o" "../drivers/fsl_wdog.c"
Finished building: ../drivers/fsl_wdog.c
 
Building file: ../board/board.c
Invoking: Cross ARM C Compiler
arm-none-eabi-gcc -mcpu=cortex-m4 -mthumb -mfloat-abi=hard -mfpu=fpv4-sp-d16 -O0 -fmessage-length=0 -fsigned-char -ffunction-sections -fdata-sections -flto  -g3 -D"CPU_MK64FN1M0VDC12" -I../freertos/Source/include -I../startup -I../board -I../utilities -I../freertos/Source/portable/GCC/ARM_CM4F -I../CMSIS -I../source -I../drivers -std=c99 -MMD -MP -MF"board/board.d" -MT"board/board.o" -c -o "board/board.o" "../board/board.c"
Finished building: ../board/board.c
 
Building file: ../board/clock_config.c
Invoking: Cross ARM C Compiler
arm-none-eabi-gcc -mcpu=cortex-m4 -mthumb -mfloat-abi=hard -mfpu=fpv4-sp-d16 -O0 -fmessage-length=0 -fsigned-char -ffunction-sections -fdata-sections -flto  -g3 -D"CPU_MK64FN1M0VDC12" -I../freertos/Source/include -I../startup -I../board -I../utilities -I../freertos/Source/portable/GCC/ARM_CM4F -I../CMSIS -I../source -I../drivers -std=c99 -MMD -MP -MF"board/clock_config.d" -MT"board/clock_config.o" -c -o "board/clock_config.o" "../board/clock_config.c"
Finished building: ../board/clock_config.c
 
Building file: ../board/pin_mux.c
Invoking: Cross ARM C Compiler
arm-none-eabi-gcc -mcpu=cortex-m4 -mthumb -mfloat-abi=hard -mfpu=fpv4-sp-d16 -O0 -fmessage-length=0 -fsigned-char -ffunction-sections -fdata-sections -flto  -g3 -D"CPU_MK64FN1M0VDC12" -I../freertos/Source/include -I../startup -I../board -I../utilities -I../freertos/Source/portable/GCC/ARM_CM4F -I../CMSIS -I../source -I../drivers -std=c99 -MMD -MP -MF"board/pin_mux.d" -MT"board/pin_mux.o" -c -o "board/pin_mux.o" "../board/pin_mux.c"
Finished building: ../board/pin_mux.c
 
Building target: CountingSemaphores.elf
Invoking: Cross ARM C++ Linker
arm-none-eabi-g++ -mcpu=cortex-m4 -mthumb -mfloat-abi=hard -mfpu=fpv4-sp-d16 -O0 -fmessage-length=0 -fsigned-char -ffunction-sections -fdata-sections -flto  -g3 -T "../MK64FN1M0xxx12_flash.ld" -Xlinker --gc-sections -Wl,-Map,"CountingSemaphores.map" --specs=nano.specs -specs=nosys.specs -Xlinker -z -Xlinker muldefs -o "CountingSemaphores.elf"  ./utilities/fsl_debug_console.o ./utilities/fsl_notifier.o ./utilities/fsl_sbrk.o ./utilities/fsl_shell.o  ./startup/startup_MK64F12.o ./startup/system_MK64F12.o  ./source/main.o ./source/user.o  ./freertos/Source/portable/MemMang/heap_4.o  ./freertos/Source/portable/GCC/ARM_CM4F/fsl_tickless_lptmr.o ./freertos/Source/portable/GCC/ARM_CM4F/fsl_tickless_systick.o ./freertos/Source/portable/GCC/ARM_CM4F/port.o  ./freertos/Source/croutine.o ./freertos/Source/event_groups.o ./freertos/Source/list.o ./freertos/Source/queue.o ./freertos/Source/tasks.o ./freertos/Source/timers.o  ./drivers/fsl_adc16.o ./drivers/fsl_clock.o ./drivers/fsl_cmp.o ./drivers/fsl_cmt.o ./drivers/fsl_common.o ./drivers/fsl_crc.o ./drivers/fsl_dac.o ./drivers/fsl_dmamux.o ./drivers/fsl_dspi.o ./drivers/fsl_dspi_edma.o ./drivers/fsl_dspi_freertos.o ./drivers/fsl_edma.o ./drivers/fsl_enet.o ./drivers/fsl_ewm.o ./drivers/fsl_flash.o ./drivers/fsl_flexbus.o ./drivers/fsl_flexcan.o ./drivers/fsl_ftm.o ./drivers/fsl_gpio.o ./drivers/fsl_i2c.o ./drivers/fsl_i2c_edma.o ./drivers/fsl_i2c_freertos.o ./drivers/fsl_llwu.o ./drivers/fsl_lptmr.o ./drivers/fsl_mpu.o ./drivers/fsl_pdb.o ./drivers/fsl_pit.o ./drivers/fsl_pmc.o ./drivers/fsl_rcm.o ./drivers/fsl_rnga.o ./drivers/fsl_rtc.o ./drivers/fsl_sai.o ./drivers/fsl_sai_edma.o ./drivers/fsl_sdhc.o ./drivers/fsl_sim.o ./drivers/fsl_smc.o ./drivers/fsl_uart.o ./drivers/fsl_uart_edma.o ./drivers/fsl_uart_freertos.o ./drivers/fsl_vref.o ./drivers/fsl_wdog.o  ./board/board.o ./board/clock_config.o ./board/pin_mux.o   
Finished building target: CountingSemaphores.elf
 
Invoking: Cross ARM GNU Create Flash Image
arm-none-eabi-objcopy -O ihex "CountingSemaphores.elf"  "CountingSemaphores.hex"
Finished building: CountingSemaphores.hex
 
Invoking: Cross ARM GNU Print Size
arm-none-eabi-size --format=berkeley "CountingSemaphores.elf"
   text	   data	    bss	    dec	    hex	filename
  25552	    124	  13196	  38872	   97d8	CountingSemaphores.elf
Finished building: CountingSemaphores.siz
 
19:58:18 **** Incremental Build of configuration Debug for project CountingSemaphores ****
make -j1 all 
Invoking: Cross ARM GNU Print Size
arm-none-eabi-size --format=berkeley "CountingSemaphores.elf"
   text	   data	    bss	    dec	    hex	filename
  25552	    124	  13196	  38872	   97d8	CountingSemaphores.elf
Finished building: CountingSemaphores.siz
 
20:06:08 **** Incremental Build of configuration Debug for project CountingSemaphores ****
make -j1 all 
Building file: ../source/main.c
Invoking: Cross ARM C Compiler
arm-none-eabi-gcc -mcpu=cortex-m4 -mthumb -mfloat-abi=hard -mfpu=fpv4-sp-d16 -O0 -fmessage-length=0 -fsigned-char -ffunction-sections -fdata-sections -flto  -g3 -D"CPU_MK64FN1M0VDC12" -I../freertos/Source/include -I../startup -I../board -I../utilities -I../freertos/Source/portable/GCC/ARM_CM4F -I../CMSIS -I../source -I../drivers -std=c99 -MMD -MP -MF"source/main.d" -MT"source/main.o" -c -o "source/main.o" "../source/main.c"
../source/main.c:36:8: warning: type defaults to 'int' in declaration of 'counter' [enabled by default]
Finished building: ../source/main.c
 
Building target: CountingSemaphores.elf
Invoking: Cross ARM C++ Linker
 static counter=0;
        ^
arm-none-eabi-g++ -mcpu=cortex-m4 -mthumb -mfloat-abi=hard -mfpu=fpv4-sp-d16 -O0 -fmessage-length=0 -fsigned-char -ffunction-sections -fdata-sections -flto  -g3 -T "../MK64FN1M0xxx12_flash.ld" -Xlinker --gc-sections -Wl,-Map,"CountingSemaphores.map" --specs=nano.specs -specs=nosys.specs -Xlinker -z -Xlinker muldefs -o "CountingSemaphores.elf"  ./utilities/fsl_debug_console.o ./utilities/fsl_notifier.o ./utilities/fsl_sbrk.o ./utilities/fsl_shell.o  ./startup/startup_MK64F12.o ./startup/system_MK64F12.o  ./source/main.o ./source/user.o  ./freertos/Source/portable/MemMang/heap_4.o  ./freertos/Source/portable/GCC/ARM_CM4F/fsl_tickless_lptmr.o ./freertos/Source/portable/GCC/ARM_CM4F/fsl_tickless_systick.o ./freertos/Source/portable/GCC/ARM_CM4F/port.o  ./freertos/Source/croutine.o ./freertos/Source/event_groups.o ./freertos/Source/list.o ./freertos/Source/queue.o ./freertos/Source/tasks.o ./freertos/Source/timers.o  ./drivers/fsl_adc16.o ./drivers/fsl_clock.o ./drivers/fsl_cmp.o ./drivers/fsl_cmt.o ./drivers/fsl_common.o ./drivers/fsl_crc.o ./drivers/fsl_dac.o ./drivers/fsl_dmamux.o ./drivers/fsl_dspi.o ./drivers/fsl_dspi_edma.o ./drivers/fsl_dspi_freertos.o ./drivers/fsl_edma.o ./drivers/fsl_enet.o ./drivers/fsl_ewm.o ./drivers/fsl_flash.o ./drivers/fsl_flexbus.o ./drivers/fsl_flexcan.o ./drivers/fsl_ftm.o ./drivers/fsl_gpio.o ./drivers/fsl_i2c.o ./drivers/fsl_i2c_edma.o ./drivers/fsl_i2c_freertos.o ./drivers/fsl_llwu.o ./drivers/fsl_lptmr.o ./drivers/fsl_mpu.o ./drivers/fsl_pdb.o ./drivers/fsl_pit.o ./drivers/fsl_pmc.o ./drivers/fsl_rcm.o ./drivers/fsl_rnga.o ./drivers/fsl_rtc.o ./drivers/fsl_sai.o ./drivers/fsl_sai_edma.o ./drivers/fsl_sdhc.o ./drivers/fsl_sim.o ./drivers/fsl_smc.o ./drivers/fsl_uart.o ./drivers/fsl_uart_edma.o ./drivers/fsl_uart_freertos.o ./drivers/fsl_vref.o ./drivers/fsl_wdog.o  ./board/board.o ./board/clock_config.o ./board/pin_mux.o   
Finished building target: CountingSemaphores.elf
 
Invoking: Cross ARM GNU Create Flash Image
arm-none-eabi-objcopy -O ihex "CountingSemaphores.elf"  "CountingSemaphores.hex"
Finished building: CountingSemaphores.hex
 
Invoking: Cross ARM GNU Print Size
arm-none-eabi-size --format=berkeley "CountingSemaphores.elf"
   text	   data	    bss	    dec	    hex	filename
  25648	    124	  13196	  38968	   9838	CountingSemaphores.elf
Finished building: CountingSemaphores.siz
 
20:06:17 **** Incremental Build of configuration Debug for project CountingSemaphores ****
make -j1 all 
Invoking: Cross ARM GNU Print Size
arm-none-eabi-size --format=berkeley "CountingSemaphores.elf"
   text	   data	    bss	    dec	    hex	filename
  25648	    124	  13196	  38968	   9838	CountingSemaphores.elf
Finished building: CountingSemaphores.siz
 
20:10:55 **** Incremental Build of configuration Debug for project CountingSemaphores ****
make -j1 all 
Building file: ../source/main.c
Invoking: Cross ARM C Compiler
arm-none-eabi-gcc -mcpu=cortex-m4 -mthumb -mfloat-abi=hard -mfpu=fpv4-sp-d16 -O0 -fmessage-length=0 -fsigned-char -ffunction-sections -fdata-sections -flto  -g3 -D"CPU_MK64FN1M0VDC12" -I../freertos/Source/include -I../startup -I../board -I../utilities -I../freertos/Source/portable/GCC/ARM_CM4F -I../CMSIS -I../source -I../drivers -std=c99 -MMD -MP -MF"source/main.d" -MT"source/main.o" -c -o "source/main.o" "../source/main.c"
../source/main.c:36:8: warning: type defaults to 'int' in declaration of 'counter' [enabled by default]
 static counter=0;
        ^
Finished building: ../source/main.c
 
Building file: ../source/user.c
Invoking: Cross ARM C Compiler
arm-none-eabi-gcc -mcpu=cortex-m4 -mthumb -mfloat-abi=hard -mfpu=fpv4-sp-d16 -O0 -fmessage-length=0 -fsigned-char -ffunction-sections -fdata-sections -flto  -g3 -D"CPU_MK64FN1M0VDC12" -I../freertos/Source/include -I../startup -I../board -I../utilities -I../freertos/Source/portable/GCC/ARM_CM4F -I../CMSIS -I../source -I../drivers -std=c99 -MMD -MP -MF"source/user.d" -MT"source/user.o" -c -o "source/user.o" "../source/user.c"
Finished building: ../source/user.c
 
Building target: CountingSemaphores.elf
Invoking: Cross ARM C++ Linker
arm-none-eabi-g++ -mcpu=cortex-m4 -mthumb -mfloat-abi=hard -mfpu=fpv4-sp-d16 -O0 -fmessage-length=0 -fsigned-char -ffunction-sections -fdata-sections -flto  -g3 -T "../MK64FN1M0xxx12_flash.ld" -Xlinker --gc-sections -Wl,-Map,"CountingSemaphores.map" --specs=nano.specs -specs=nosys.specs -Xlinker -z -Xlinker muldefs -o "CountingSemaphores.elf"  ./utilities/fsl_debug_console.o ./utilities/fsl_notifier.o ./utilities/fsl_sbrk.o ./utilities/fsl_shell.o  ./startup/startup_MK64F12.o ./startup/system_MK64F12.o  ./source/main.o ./source/user.o  ./freertos/Source/portable/MemMang/heap_4.o  ./freertos/Source/portable/GCC/ARM_CM4F/fsl_tickless_lptmr.o ./freertos/Source/portable/GCC/ARM_CM4F/fsl_tickless_systick.o ./freertos/Source/portable/GCC/ARM_CM4F/port.o  ./freertos/Source/croutine.o ./freertos/Source/event_groups.o ./freertos/Source/list.o ./freertos/Source/queue.o ./freertos/Source/tasks.o ./freertos/Source/timers.o  ./drivers/fsl_adc16.o ./drivers/fsl_clock.o ./drivers/fsl_cmp.o ./drivers/fsl_cmt.o ./drivers/fsl_common.o ./drivers/fsl_crc.o ./drivers/fsl_dac.o ./drivers/fsl_dmamux.o ./drivers/fsl_dspi.o ./drivers/fsl_dspi_edma.o ./drivers/fsl_dspi_freertos.o ./drivers/fsl_edma.o ./drivers/fsl_enet.o ./drivers/fsl_ewm.o ./drivers/fsl_flash.o ./drivers/fsl_flexbus.o ./drivers/fsl_flexcan.o ./drivers/fsl_ftm.o ./drivers/fsl_gpio.o ./drivers/fsl_i2c.o ./drivers/fsl_i2c_edma.o ./drivers/fsl_i2c_freertos.o ./drivers/fsl_llwu.o ./drivers/fsl_lptmr.o ./drivers/fsl_mpu.o ./drivers/fsl_pdb.o ./drivers/fsl_pit.o ./drivers/fsl_pmc.o ./drivers/fsl_rcm.o ./drivers/fsl_rnga.o ./drivers/fsl_rtc.o ./drivers/fsl_sai.o ./drivers/fsl_sai_edma.o ./drivers/fsl_sdhc.o ./drivers/fsl_sim.o ./drivers/fsl_smc.o ./drivers/fsl_uart.o ./drivers/fsl_uart_edma.o ./drivers/fsl_uart_freertos.o ./drivers/fsl_vref.o ./drivers/fsl_wdog.o  ./board/board.o ./board/clock_config.o ./board/pin_mux.o   
Finished building target: CountingSemaphores.elf
 
Invoking: Cross ARM GNU Create Flash Image
arm-none-eabi-objcopy -O ihex "CountingSemaphores.elf"  "CountingSemaphores.hex"
Finished building: CountingSemaphores.hex
 
Invoking: Cross ARM GNU Print Size
arm-none-eabi-size --format=berkeley "CountingSemaphores.elf"
   text	   data	    bss	    dec	    hex	filename
  25504	    124	  13196	  38824	   97a8	CountingSemaphores.elf
Finished building: CountingSemaphores.siz
 
20:11:03 **** Incremental Build of configuration Debug for project CountingSemaphores ****
make -j1 all 
Invoking: Cross ARM GNU Print Size
arm-none-eabi-size --format=berkeley "CountingSemaphores.elf"
   text	   data	    bss	    dec	    hex	filename
  25504	    124	  13196	  38824	   97a8	CountingSemaphores.elf
Finished building: CountingSemaphores.siz
 
20:16:25 **** Incremental Build of configuration Debug for project CountingSemaphores ****
make -j1 all 
Building file: ../source/main.c
Invoking: Cross ARM C Compiler
arm-none-eabi-gcc -mcpu=cortex-m4 -mthumb -mfloat-abi=hard -mfpu=fpv4-sp-d16 -O0 -fmessage-length=0 -fsigned-char -ffunction-sections -fdata-sections -flto  -g3 -D"CPU_MK64FN1M0VDC12" -I../freertos/Source/include -I../startup -I../board -I../utilities -I../freertos/Source/portable/GCC/ARM_CM4F -I../CMSIS -I../source -I../drivers -std=c99 -MMD -MP -MF"source/main.d" -MT"source/main.o" -c -o "source/main.o" "../source/main.c"
../source/main.c:36:8: warning: type defaults to 'int' in declaration of 'counter' [enabled by default]
 static counter=0;
        ^
../source/main.c: In function 'main':
../source/main.c:106:3: error: 'xCountingSemaphore' undeclared (first use in this function)
   xCountingSemaphore=xSemaphoreCreateCounting( 10, 0 );
   ^
../source/main.c:106:3: note: each undeclared identifier is reported only once for each function it appears in
source/subdir.mk:21: recipe for target 'source/main.o' failed
make: *** [source/main.o] Error 1
20:16:49 **** Incremental Build of configuration Debug for project CountingSemaphores ****
make -j1 all 
Building file: ../source/main.c
Invoking: Cross ARM C Compiler
arm-none-eabi-gcc -mcpu=cortex-m4 -mthumb -mfloat-abi=hard -mfpu=fpv4-sp-d16 -O0 -fmessage-length=0 -fsigned-char -ffunction-sections -fdata-sections -flto  -g3 -D"CPU_MK64FN1M0VDC12" -I../freertos/Source/include -I../startup -I../board -I../utilities -I../freertos/Source/portable/GCC/ARM_CM4F -I../CMSIS -I../source -I../drivers -std=c99 -MMD -MP -MF"source/main.d" -MT"source/main.o" -c -o "source/main.o" "../source/main.c"
../source/main.c:36:8: warning: type defaults to 'int' in declaration of 'counter' [enabled by default]
 static counter=0;
        ^
Finished building: ../source/main.c
 
Building file: ../source/user.c
Invoking: Cross ARM C Compiler
arm-none-eabi-gcc -mcpu=cortex-m4 -mthumb -mfloat-abi=hard -mfpu=fpv4-sp-d16 -O0 -fmessage-length=0 -fsigned-char -ffunction-sections -fdata-sections -flto  -g3 -D"CPU_MK64FN1M0VDC12" -I../freertos/Source/include -I../startup -I../board -I../utilities -I../freertos/Source/portable/GCC/ARM_CM4F -I../CMSIS -I../source -I../drivers -std=c99 -MMD -MP -MF"source/user.d" -MT"source/user.o" -c -o "source/user.o" "../source/user.c"
Finished building: ../source/user.c
 
Building target: CountingSemaphores.elf
Invoking: Cross ARM C++ Linker
[...]
Finished building: ../drivers/fsl_sai.c
 
Building file: ../drivers/fsl_uart_edma.c
Invoking: Cross ARM C Compiler
arm-none-eabi-gcc -mcpu=cortex-m4 -mthumb -mfloat-abi=hard -mfpu=fpv4-sp-d16 -O0 -fmessage-length=0 -fsigned-char -ffunction-sections -fdata-sections -flto  -g3 -D"CPU_MK64FN1M0VDC12" -I../freertos/Source/include -I../startup -I../board -I../utilities -I../freertos/Source/portable/GCC/ARM_CM4F -I../CMSIS -I../source -I../drivers -std=c99 -MMD -MP -MF"drivers/fsl_uart_edma.d" -MT"drivers/fsl_uart_edma.o" -c -o "drivers/fsl_uart_edma.o" "../drivers/fsl_uart_edma.c"
Finished building: ../drivers/fsl_sdhc.c
 
Building file: ../drivers/fsl_uart_freertos.c
Invoking: Cross ARM C Compiler
arm-none-eabi-gcc -mcpu=cortex-m4 -mthumb -mfloat-abi=hard -mfpu=fpv4-sp-d16 -O0 -fmessage-length=0 -fsigned-char -ffunction-sections -fdata-sections -flto  -g3 -D"CPU_MK64FN1M0VDC12" -I../freertos/Source/include -I../startup -I../board -I../utilities -I../freertos/Source/portable/GCC/ARM_CM4F -I../CMSIS -I../source -I../drivers -std=c99 -MMD -MP -MF"drivers/fsl_uart_freertos.d" -MT"drivers/fsl_uart_freertos.o" -c -o "drivers/fsl_uart_freertos.o" "../drivers/fsl_uart_freertos.c"
Finished building: ../drivers/fsl_smc.c
 
Building file: ../drivers/fsl_vref.c
Invoking: Cross ARM C Compiler
arm-none-eabi-gcc -mcpu=cortex-m4 -mthumb -mfloat-abi=hard -mfpu=fpv4-sp-d16 -O0 -fmessage-length=0 -fsigned-char -ffunction-sections -fdata-sections -flto  -g3 -D"CPU_MK64FN1M0VDC12" -I../freertos/Source/include -I../startup -I../board -I../utilities -I../freertos/Source/portable/GCC/ARM_CM4F -I../CMSIS -I../source -I../drivers -std=c99 -MMD -MP -MF"drivers/fsl_vref.d" -MT"drivers/fsl_vref.o" -c -o "drivers/fsl_vref.o" "../drivers/fsl_vref.c"
Finished building: ../drivers/fsl_uart_edma.c
 
Building file: ../drivers/fsl_wdog.c
Invoking: Cross ARM C Compiler
arm-none-eabi-gcc -mcpu=cortex-m4 -mthumb -mfloat-abi=hard -mfpu=fpv4-sp-d16 -O0 -fmessage-length=0 -fsigned-char -ffunction-sections -fdata-sections -flto  -g3 -D"CPU_MK64FN1M0VDC12" -I../freertos/Source/include -I../startup -I../board -I../utilities -I../freertos/Source/portable/GCC/ARM_CM4F -I../CMSIS -I../source -I../drivers -std=c99 -MMD -MP -MF"drivers/fsl_wdog.d" -MT"drivers/fsl_wdog.o" -c -o "drivers/fsl_wdog.o" "../drivers/fsl_wdog.c"
Finished building: ../drivers/fsl_uart_freertos.c
Finished building: ../drivers/fsl_uart.c
 
Building file: ../board/board.c
 
Invoking: Cross ARM C Compiler
arm-none-eabi-gcc -mcpu=cortex-m4 -mthumb -mfloat-abi=hard -mfpu=fpv4-sp-d16 -O0 -fmessage-length=0 -fsigned-char -ffunction-sections -fdata-sections -flto  -g3 -D"CPU_MK64FN1M0VDC12" -I../freertos/Source/include -I../startup -I../board -I../utilities -I../freertos/Source/portable/GCC/ARM_CM4F -I../CMSIS -I../source -I../drivers -std=c99 -MMD -MP -MF"board/board.d" -MT"board/board.o" -c -o "board/board.o" "../board/board.c"
Building file: ../board/clock_config.c
Invoking: Cross ARM C Compiler
arm-none-eabi-gcc -mcpu=cortex-m4 -mthumb -mfloat-abi=hard -mfpu=fpv4-sp-d16 -O0 -fmessage-length=0 -fsigned-char -ffunction-sections -fdata-sections -flto  -g3 -D"CPU_MK64FN1M0VDC12" -I../freertos/Source/include -I../startup -I../board -I../utilities -I../freertos/Source/portable/GCC/ARM_CM4F -I../CMSIS -I../source -I../drivers -std=c99 -MMD -MP -MF"board/clock_config.d" -MT"board/clock_config.o" -c -o "board/clock_config.o" "../board/clock_config.c"
Finished building: ../drivers/fsl_vref.c
 
Building file: ../board/pin_mux.c
Invoking: Cross ARM C Compiler
arm-none-eabi-gcc -mcpu=cortex-m4 -mthumb -mfloat-abi=hard -mfpu=fpv4-sp-d16 -O0 -fmessage-length=0 -fsigned-char -ffunction-sections -fdata-sections -flto  -g3 -D"CPU_MK64FN1M0VDC12" -I../freertos/Source/include -I../startup -I../board -I../utilities -I../freertos/Source/portable/GCC/ARM_CM4F -I../CMSIS -I../source -I../drivers -std=c99 -MMD -MP -MF"board/pin_mux.d" -MT"board/pin_mux.o" -c -o "board/pin_mux.o" "../board/pin_mux.c"
Finished building: ../drivers/fsl_wdog.c
 
Finished building: ../board/board.c
 
Finished building: ../board/clock_config.c
 
Finished building: ../board/pin_mux.c
 
Building target: CountingSemaphores.elf
Invoking: Cross ARM C++ Linker
arm-none-eabi-g++ -mcpu=cortex-m4 -mthumb -mfloat-abi=hard -mfpu=fpv4-sp-d16 -O0 -fmessage-length=0 -fsigned-char -ffunction-sections -fdata-sections -flto  -g3 -T "../MK64FN1M0xxx12_flash.ld" -Xlinker --gc-sections -Wl,-Map,"CountingSemaphores.map" --specs=nano.specs -specs=nosys.specs -Xlinker -z -Xlinker muldefs -o "CountingSemaphores.elf"  ./utilities/fsl_debug_console.o ./utilities/fsl_notifier.o ./utilities/fsl_sbrk.o ./utilities/fsl_shell.o  ./startup/startup_MK64F12.o ./startup/system_MK64F12.o  ./source/main.o ./source/user.o  ./freertos/Source/portable/MemMang/heap_4.o  ./freertos/Source/portable/GCC/ARM_CM4F/fsl_tickless_lptmr.o ./freertos/Source/portable/GCC/ARM_CM4F/fsl_tickless_systick.o ./freertos/Source/portable/GCC/ARM_CM4F/port.o  ./freertos/Source/croutine.o ./freertos/Source/event_groups.o ./freertos/Source/list.o ./freertos/Source/queue.o ./freertos/Source/tasks.o ./freertos/Source/timers.o  ./drivers/fsl_adc16.o ./drivers/fsl_clock.o ./drivers/fsl_cmp.o ./drivers/fsl_cmt.o ./drivers/fsl_common.o ./drivers/fsl_crc.o ./drivers/fsl_dac.o ./drivers/fsl_dmamux.o ./drivers/fsl_dspi.o ./drivers/fsl_dspi_edma.o ./drivers/fsl_dspi_freertos.o ./drivers/fsl_edma.o ./drivers/fsl_enet.o ./drivers/fsl_ewm.o ./drivers/fsl_flash.o ./drivers/fsl_flexbus.o ./drivers/fsl_flexcan.o ./drivers/fsl_ftm.o ./drivers/fsl_gpio.o ./drivers/fsl_i2c.o ./drivers/fsl_i2c_edma.o ./drivers/fsl_i2c_freertos.o ./drivers/fsl_llwu.o ./drivers/fsl_lptmr.o ./drivers/fsl_mpu.o ./drivers/fsl_pdb.o ./drivers/fsl_pit.o ./drivers/fsl_pmc.o ./drivers/fsl_rcm.o ./drivers/fsl_rnga.o ./drivers/fsl_rtc.o ./drivers/fsl_sai.o ./drivers/fsl_sai_edma.o ./drivers/fsl_sdhc.o ./drivers/fsl_sim.o ./drivers/fsl_smc.o ./drivers/fsl_uart.o ./drivers/fsl_uart_edma.o ./drivers/fsl_uart_freertos.o ./drivers/fsl_vref.o ./drivers/fsl_wdog.o  ./board/board.o ./board/clock_config.o ./board/pin_mux.o   
Finished building target: CountingSemaphores.elf
 
Invoking: Cross ARM GNU Create Flash Image
Invoking: Cross ARM GNU Print Size
arm-none-eabi-objcopy -O ihex "CountingSemaphores.elf"  "CountingSemaphores.hex"
arm-none-eabi-size --format=berkeley "CountingSemaphores.elf"
   text	   data	    bss	    dec	    hex	filename
  25664	    124	  13196	  38984	   9848	CountingSemaphores.elf
Finished building: CountingSemaphores.siz
Finished building: CountingSemaphores.hex
 
 
18:57:25 **** Incremental Build of configuration Debug for project CountingSemaphores ****
make -j4 all 
Invoking: Cross ARM GNU Print Size
arm-none-eabi-size --format=berkeley "CountingSemaphores.elf"
   text	   data	    bss	    dec	    hex	filename
  25664	    124	  13196	  38984	   9848	CountingSemaphores.elf
Finished building: CountingSemaphores.siz
 
18:58:11 **** Incremental Build of configuration Debug for project CountingSemaphores ****
make -j4 all 
Building file: ../source/main.c
Invoking: Cross ARM C Compiler
arm-none-eabi-gcc -mcpu=cortex-m4 -mthumb -mfloat-abi=hard -mfpu=fpv4-sp-d16 -O0 -fmessage-length=0 -fsigned-char -ffunction-sections -fdata-sections -flto  -g3 -D"CPU_MK64FN1M0VDC12" -I../freertos/Source/include -I../startup -I../board -I../utilities -I../freertos/Source/portable/GCC/ARM_CM4F -I../CMSIS -I../source -I../drivers -std=c99 -MMD -MP -MF"source/main.d" -MT"source/main.o" -c -o "source/main.o" "../source/main.c"
Finished building: ../source/main.c
 
Building target: CountingSemaphores.elf
Invoking: Cross ARM C++ Linker
arm-none-eabi-g++ -mcpu=cortex-m4 -mthumb -mfloat-abi=hard -mfpu=fpv4-sp-d16 -O0 -fmessage-length=0 -fsigned-char -ffunction-sections -fdata-sections -flto  -g3 -T "../MK64FN1M0xxx12_flash.ld" -Xlinker --gc-sections -Wl,-Map,"CountingSemaphores.map" --specs=nano.specs -specs=nosys.specs -Xlinker -z -Xlinker muldefs -o "CountingSemaphores.elf"  ./utilities/fsl_debug_console.o ./utilities/fsl_notifier.o ./utilities/fsl_sbrk.o ./utilities/fsl_shell.o  ./startup/startup_MK64F12.o ./startup/system_MK64F12.o  ./source/main.o ./source/user.o  ./freertos/Source/portable/MemMang/heap_4.o  ./freertos/Source/portable/GCC/ARM_CM4F/fsl_tickless_lptmr.o ./freertos/Source/portable/GCC/ARM_CM4F/fsl_tickless_systick.o ./freertos/Source/portable/GCC/ARM_CM4F/port.o  ./freertos/Source/croutine.o ./freertos/Source/event_groups.o ./freertos/Source/list.o ./freertos/Source/queue.o ./freertos/Source/tasks.o ./freertos/Source/timers.o  ./drivers/fsl_adc16.o ./drivers/fsl_clock.o ./drivers/fsl_cmp.o ./drivers/fsl_cmt.o ./drivers/fsl_common.o ./drivers/fsl_crc.o ./drivers/fsl_dac.o ./drivers/fsl_dmamux.o ./drivers/fsl_dspi.o ./drivers/fsl_dspi_edma.o ./drivers/fsl_dspi_freertos.o ./drivers/fsl_edma.o ./drivers/fsl_enet.o ./drivers/fsl_ewm.o ./drivers/fsl_flash.o ./drivers/fsl_flexbus.o ./drivers/fsl_flexcan.o ./drivers/fsl_ftm.o ./drivers/fsl_gpio.o ./drivers/fsl_i2c.o ./drivers/fsl_i2c_edma.o ./drivers/fsl_i2c_freertos.o ./drivers/fsl_llwu.o ./drivers/fsl_lptmr.o ./drivers/fsl_mpu.o ./drivers/fsl_pdb.o ./drivers/fsl_pit.o ./drivers/fsl_pmc.o ./drivers/fsl_rcm.o ./drivers/fsl_rnga.o ./drivers/fsl_rtc.o ./drivers/fsl_sai.o ./drivers/fsl_sai_edma.o ./drivers/fsl_sdhc.o ./drivers/fsl_sim.o ./drivers/fsl_smc.o ./drivers/fsl_uart.o ./drivers/fsl_uart_edma.o ./drivers/fsl_uart_freertos.o ./drivers/fsl_vref.o ./drivers/fsl_wdog.o  ./board/board.o ./board/clock_config.o ./board/pin_mux.o   
Finished building target: CountingSemaphores.elf
 
Invoking: Cross ARM GNU Create Flash Image
Invoking: Cross ARM GNU Print Size
arm-none-eabi-objcopy -O ihex "CountingSemaphores.elf"  "CountingSemaphores.hex"
arm-none-eabi-size --format=berkeley "CountingSemaphores.elf"
   text	   data	    bss	    dec	    hex	filename
  25664	    124	  13196	  38984	   9848	CountingSemaphores.elf
Finished building: CountingSemaphores.siz
Finished building: CountingSemaphores.hex
 
 
18:58:25 **** Incremental Build of configuration Debug for project CountingSemaphores ****
make -j4 all 
Invoking: Cross ARM GNU Print Size
arm-none-eabi-size --format=berkeley "CountingSemaphores.elf"
   text	   data	    bss	    dec	    hex	filename
  25664	    124	  13196	  38984	   9848	CountingSemaphores.elf
Finished building: CountingSemaphores.siz
 
19:51:25 **** Incremental Build of configuration Debug for project CountingSemaphores ****
make -j4 all 
Building file: ../source/user.c
Building file: ../source/main.c
Invoking: Cross ARM C Compiler
arm-none-eabi-gcc -mcpu=cortex-m4 -mthumb -mfloat-abi=hard -mfpu=fpv4-sp-d16 -O0 -fmessage-length=0 -fsigned-char -ffunction-sections -fdata-sections -flto  -g3 -D"CPU_MK64FN1M0VDC12" -I../freertos/Source/include -I../startup -I../board -I../utilities -I../freertos/Source/portable/GCC/ARM_CM4F -I../CMSIS -I../source -I../drivers -std=c99 -MMD -MP -MF"source/main.d" -MT"source/main.o" -c -o "source/main.o" "../source/main.c"
Invoking: Cross ARM C Compiler
arm-none-eabi-gcc -mcpu=cortex-m4 -mthumb -mfloat-abi=hard -mfpu=fpv4-sp-d16 -O0 -fmessage-length=0 -fsigned-char -ffunction-sections -fdata-sections -flto  -g3 -D"CPU_MK64FN1M0VDC12" -I../freertos/Source/include -I../startup -I../board -I../utilities -I../freertos/Source/portable/GCC/ARM_CM4F -I../CMSIS -I../source -I../drivers -std=c99 -MMD -MP -MF"source/user.d" -MT"source/user.o" -c -o "source/user.o" "../source/user.c"
In file included from ../source/main.c:14:0:
../source/main.c: In function 'main':
../source/main.c:118:19: error: 'xBinarySemaphore_hola' undeclared (first use in this function)
   xSemaphoreTake( xBinarySemaphore_hola,  portMAX_DELAY  );
                   ^
../freertos/Source/include/semphr.h:331:93: note: in definition of macro 'xSemaphoreTake'
 #define xSemaphoreTake( xSemaphore, xBlockTime )  xQueueGenericReceive( ( QueueHandle_t ) ( xSemaphore ), NULL, ( xBlockTime ), pdFALSE )
                                                                                             ^
../source/main.c:118:19: note: each undeclared identifier is reported only once for each function it appears in
   xSemaphoreTake( xBinarySemaphore_hola,  portMAX_DELAY  );
                   ^
../freertos/Source/include/semphr.h:331:93: note: in definition of macro 'xSemaphoreTake'
 #define xSemaphoreTake( xSemaphore, xBlockTime )  xQueueGenericReceive( ( QueueHandle_t ) ( xSemaphore ), NULL, ( xBlockTime ), pdFALSE )
                                                                                             ^
make: *** [source/main.o] Error 1
source/subdir.mk:21: recipe for target 'source/main.o' failed
make: *** Waiting for unfinished jobs....
Finished building: ../source/user.c
 
19:51:38 **** Incremental Build of configuration Debug for project CountingSemaphores ****
make -j4 all 
Building file: ../source/main.c
Invoking: Cross ARM C Compiler
arm-none-eabi-gcc -mcpu=cortex-m4 -mthumb -mfloat-abi=hard -mfpu=fpv4-sp-d16 -O0 -fmessage-length=0 -fsigned-char -ffunction-sections -fdata-sections -flto  -g3 -D"CPU_MK64FN1M0VDC12" -I../freertos/Source/include -I../startup -I../board -I../utilities -I../freertos/Source/portable/GCC/ARM_CM4F -I../CMSIS -I../source -I../drivers -std=c99 -MMD -MP -MF"source/main.d" -MT"source/main.o" -c -o "source/main.o" "../source/main.c"
Finished building: ../source/main.c
 
Building target: CountingSemaphores.elf
Invoking: Cross ARM C++ Linker
arm-none-eabi-g++ -mcpu=cortex-m4 -mthumb -mfloat-abi=hard -mfpu=fpv4-sp-d16 -O0 -fmessage-length=0 -fsigned-char -ffunction-sections -fdata-sections -flto  -g3 -T "../MK64FN1M0xxx12_flash.ld" -Xlinker --gc-sections -Wl,-Map,"CountingSemaphores.map" --specs=nano.specs -specs=nosys.specs -Xlinker -z -Xlinker muldefs -o "CountingSemaphores.elf"  ./utilities/fsl_debug_console.o ./utilities/fsl_notifier.o ./utilities/fsl_sbrk.o ./utilities/fsl_shell.o  ./startup/startup_MK64F12.o ./startup/system_MK64F12.o  ./source/main.o ./source/user.o  ./freertos/Source/portable/MemMang/heap_4.o  ./freertos/Source/portable/GCC/ARM_CM4F/fsl_tickless_lptmr.o ./freertos/Source/portable/GCC/ARM_CM4F/fsl_tickless_systick.o ./freertos/Source/portable/GCC/ARM_CM4F/port.o  ./freertos/Source/croutine.o ./freertos/Source/event_groups.o ./freertos/Source/list.o ./freertos/Source/queue.o ./freertos/Source/tasks.o ./freertos/Source/timers.o  ./drivers/fsl_adc16.o ./drivers/fsl_clock.o ./drivers/fsl_cmp.o ./drivers/fsl_cmt.o ./drivers/fsl_common.o ./drivers/fsl_crc.o ./drivers/fsl_dac.o ./drivers/fsl_dmamux.o ./drivers/fsl_dspi.o ./drivers/fsl_dspi_edma.o ./drivers/fsl_dspi_freertos.o ./drivers/fsl_edma.o ./drivers/fsl_enet.o ./drivers/fsl_ewm.o ./drivers/fsl_flash.o ./drivers/fsl_flexbus.o ./drivers/fsl_flexcan.o ./drivers/fsl_ftm.o ./drivers/fsl_gpio.o ./drivers/fsl_i2c.o ./drivers/fsl_i2c_edma.o ./drivers/fsl_i2c_freertos.o ./drivers/fsl_llwu.o ./drivers/fsl_lptmr.o ./drivers/fsl_mpu.o ./drivers/fsl_pdb.o ./drivers/fsl_pit.o ./drivers/fsl_pmc.o ./drivers/fsl_rcm.o ./drivers/fsl_rnga.o ./drivers/fsl_rtc.o ./drivers/fsl_sai.o ./drivers/fsl_sai_edma.o ./drivers/fsl_sdhc.o ./drivers/fsl_sim.o ./drivers/fsl_smc.o ./drivers/fsl_uart.o ./drivers/fsl_uart_edma.o ./drivers/fsl_uart_freertos.o ./drivers/fsl_vref.o ./drivers/fsl_wdog.o  ./board/board.o ./board/clock_config.o ./board/pin_mux.o   
Finished building target: CountingSemaphores.elf
 
Invoking: Cross ARM GNU Create Flash Image
Invoking: Cross ARM GNU Print Size
arm-none-eabi-size --format=berkeley "CountingSemaphores.elf"
arm-none-eabi-objcopy -O ihex "CountingSemaphores.elf"  "CountingSemaphores.hex"
   text	   data	    bss	    dec	    hex	filename
  25760	    124	  13196	  39080	   98a8	CountingSemaphores.elf
Finished building: CountingSemaphores.siz
Finished building: CountingSemaphores.hex
 
 
19:51:48 **** Incremental Build of configuration Debug for project CountingSemaphores ****
make -j4 all 
Invoking: Cross ARM GNU Print Size
arm-none-eabi-size --format=berkeley "CountingSemaphores.elf"
   text	   data	    bss	    dec	    hex	filename
  25760	    124	  13196	  39080	   98a8	CountingSemaphores.elf
Finished building: CountingSemaphores.siz
 
19:52:39 **** Incremental Build of configuration Debug for project CountingSemaphores ****
make -j4 all 
Building file: ../source/main.c
Invoking: Cross ARM C Compiler
arm-none-eabi-gcc -mcpu=cortex-m4 -mthumb -mfloat-abi=hard -mfpu=fpv4-sp-d16 -O0 -fmessage-length=0 -fsigned-char -ffunction-sections -fdata-sections -flto  -g3 -D"CPU_MK64FN1M0VDC12" -I../freertos/Source/include -I../startup -I../board -I../utilities -I../freertos/Source/portable/GCC/ARM_CM4F -I../CMSIS -I../source -I../drivers -std=c99 -MMD -MP -MF"source/main.d" -MT"source/main.o" -c -o "source/main.o" "../source/main.c"
Finished building: ../source/main.c
 
Building target: CountingSemaphores.elf
Invoking: Cross ARM C++ Linker
arm-none-eabi-g++ -mcpu=cortex-m4 -mthumb -mfloat-abi=hard -mfpu=fpv4-sp-d16 -O0 -fmessage-length=0 -fsigned-char -ffunction-sections -fdata-sections -flto  -g3 -T "../MK64FN1M0xxx12_flash.ld" -Xlinker --gc-sections -Wl,-Map,"CountingSemaphores.map" --specs=nano.specs -specs=nosys.specs -Xlinker -z -Xlinker muldefs -o "CountingSemaphores.elf"  ./utilities/fsl_debug_console.o ./utilities/fsl_notifier.o ./utilities/fsl_sbrk.o ./utilities/fsl_shell.o  ./startup/startup_MK64F12.o ./startup/system_MK64F12.o  ./source/main.o ./source/user.o  ./freertos/Source/portable/MemMang/heap_4.o  ./freertos/Source/portable/GCC/ARM_CM4F/fsl_tickless_lptmr.o ./freertos/Source/portable/GCC/ARM_CM4F/fsl_tickless_systick.o ./freertos/Source/portable/GCC/ARM_CM4F/port.o  ./freertos/Source/croutine.o ./freertos/Source/event_groups.o ./freertos/Source/list.o ./freertos/Source/queue.o ./freertos/Source/tasks.o ./freertos/Source/timers.o  ./drivers/fsl_adc16.o ./drivers/fsl_clock.o ./drivers/fsl_cmp.o ./drivers/fsl_cmt.o ./drivers/fsl_common.o ./drivers/fsl_crc.o ./drivers/fsl_dac.o ./drivers/fsl_dmamux.o ./drivers/fsl_dspi.o ./drivers/fsl_dspi_edma.o ./drivers/fsl_dspi_freertos.o ./drivers/fsl_edma.o ./drivers/fsl_enet.o ./drivers/fsl_ewm.o ./drivers/fsl_flash.o ./drivers/fsl_flexbus.o ./drivers/fsl_flexcan.o ./drivers/fsl_ftm.o ./drivers/fsl_gpio.o ./drivers/fsl_i2c.o ./drivers/fsl_i2c_edma.o ./drivers/fsl_i2c_freertos.o ./drivers/fsl_llwu.o ./drivers/fsl_lptmr.o ./drivers/fsl_mpu.o ./drivers/fsl_pdb.o ./drivers/fsl_pit.o ./drivers/fsl_pmc.o ./drivers/fsl_rcm.o ./drivers/fsl_rnga.o ./drivers/fsl_rtc.o ./drivers/fsl_sai.o ./drivers/fsl_sai_edma.o ./drivers/fsl_sdhc.o ./drivers/fsl_sim.o ./drivers/fsl_smc.o ./drivers/fsl_uart.o ./drivers/fsl_uart_edma.o ./drivers/fsl_uart_freertos.o ./drivers/fsl_vref.o ./drivers/fsl_wdog.o  ./board/board.o ./board/clock_config.o ./board/pin_mux.o   
Finished building target: CountingSemaphores.elf
 
Invoking: Cross ARM GNU Create Flash Image
Invoking: Cross ARM GNU Print Size
arm-none-eabi-objcopy -O ihex "CountingSemaphores.elf"  "CountingSemaphores.hex"
arm-none-eabi-size --format=berkeley "CountingSemaphores.elf"
   text	   data	    bss	    dec	    hex	filename
  25808	    124	  13196	  39128	   98d8	CountingSemaphores.elf
Finished building: CountingSemaphores.siz
Finished building: CountingSemaphores.hex
 
 
19:52:54 **** Incremental Build of configuration Debug for project CountingSemaphores ****
make -j4 all 
Invoking: Cross ARM GNU Print Size
arm-none-eabi-size --format=berkeley "CountingSemaphores.elf"
   text	   data	    bss	    dec	    hex	filename
  25808	    124	  13196	  39128	   98d8	CountingSemaphores.elf
Finished building: CountingSemaphores.siz
 
