Archive member included because of file (symbol)

c:/freescale/kds_v3/toolchain/bin/../lib/gcc/arm-none-eabi/4.8.4/../../../../arm-none-eabi/lib/armv7e-m/fpu\libg_s.a(lib_a-errno.o)
                              ./utilities/fsl_sbrk.o (symbol from plugin) (__errno)
c:/freescale/kds_v3/toolchain/bin/../lib/gcc/arm-none-eabi/4.8.4/../../../../arm-none-eabi/lib/armv7e-m/fpu\libg_s.a(lib_a-exit.o)
                              c:/freescale/kds_v3/toolchain/bin/../lib/gcc/arm-none-eabi/4.8.4/../../../../arm-none-eabi/lib/armv7e-m/fpu/crt0.o (exit)
c:/freescale/kds_v3/toolchain/bin/../lib/gcc/arm-none-eabi/4.8.4/../../../../arm-none-eabi/lib/armv7e-m/fpu\libg_s.a(lib_a-impure.o)
                              c:/freescale/kds_v3/toolchain/bin/../lib/gcc/arm-none-eabi/4.8.4/../../../../arm-none-eabi/lib/armv7e-m/fpu\libg_s.a(lib_a-exit.o) (_global_impure_ptr)
c:/freescale/kds_v3/toolchain/bin/../lib/gcc/arm-none-eabi/4.8.4/../../../../arm-none-eabi/lib/armv7e-m/fpu\libg_s.a(lib_a-init.o)
                              c:/freescale/kds_v3/toolchain/bin/../lib/gcc/arm-none-eabi/4.8.4/../../../../arm-none-eabi/lib/armv7e-m/fpu/crt0.o (__libc_init_array)
c:/freescale/kds_v3/toolchain/bin/../lib/gcc/arm-none-eabi/4.8.4/../../../../arm-none-eabi/lib/armv7e-m/fpu\libg_s.a(lib_a-memset.o)
                              c:/freescale/kds_v3/toolchain/bin/../lib/gcc/arm-none-eabi/4.8.4/../../../../arm-none-eabi/lib/armv7e-m/fpu/crt0.o (memset)
c:/freescale/kds_v3/toolchain/bin/../lib/gcc/arm-none-eabi/4.8.4/../../../../arm-none-eabi/lib/armv7e-m/fpu\libnosys.a(_exit.o)
                              c:/freescale/kds_v3/toolchain/bin/../lib/gcc/arm-none-eabi/4.8.4/../../../../arm-none-eabi/lib/armv7e-m/fpu\libg_s.a(lib_a-exit.o) (_exit)
c:/freescale/kds_v3/toolchain/bin/../lib/gcc/arm-none-eabi/4.8.4/../../../../arm-none-eabi/lib/armv7e-m/fpu\libg_s.a(lib_a-memcpy-stub.o)
                              C:\Users\ALEJAN~1\AppData\Local\Temp\cc2Tn2ZM.ltrans10.ltrans.o (memcpy)
c:/freescale/kds_v3/toolchain/bin/../lib/gcc/arm-none-eabi/4.8.4/../../../../arm-none-eabi/lib/armv7e-m/fpu\libg_s.a(lib_a-memmove.o)
                              C:\Users\ALEJAN~1\AppData\Local\Temp\cc2Tn2ZM.ltrans25.ltrans.o (memmove)
c:/freescale/kds_v3/toolchain/bin/../lib/gcc/arm-none-eabi/4.8.4/../../../../arm-none-eabi/lib/armv7e-m/fpu\libg_s.a(lib_a-strlen.o)
                              C:\Users\ALEJAN~1\AppData\Local\Temp\cc2Tn2ZM.ltrans25.ltrans.o (strlen)

Discarded input sections

 .text          0x00000000        0x0 c:/freescale/kds_v3/toolchain/bin/../lib/gcc/arm-none-eabi/4.8.4/armv7e-m/fpu/crti.o
 .data          0x00000000        0x0 c:/freescale/kds_v3/toolchain/bin/../lib/gcc/arm-none-eabi/4.8.4/armv7e-m/fpu/crti.o
 .bss           0x00000000        0x0 c:/freescale/kds_v3/toolchain/bin/../lib/gcc/arm-none-eabi/4.8.4/armv7e-m/fpu/crti.o
 .data          0x00000000        0x4 c:/freescale/kds_v3/toolchain/bin/../lib/gcc/arm-none-eabi/4.8.4/armv7e-m/fpu/crtbegin.o
 .data          0x00000000        0x0 c:/freescale/kds_v3/toolchain/bin/../lib/gcc/arm-none-eabi/4.8.4/../../../../arm-none-eabi/lib/armv7e-m/fpu/crt0.o
 .bss           0x00000000        0x0 c:/freescale/kds_v3/toolchain/bin/../lib/gcc/arm-none-eabi/4.8.4/../../../../arm-none-eabi/lib/armv7e-m/fpu/crt0.o
 .ARM.extab     0x00000000        0x0 c:/freescale/kds_v3/toolchain/bin/../lib/gcc/arm-none-eabi/4.8.4/../../../../arm-none-eabi/lib/armv7e-m/fpu/crt0.o
 .text          0x00000000        0x0 ./utilities/fsl_debug_console.o (symbol from plugin)
 .text          0x00000000        0x0 C:\Users\ALEJAN~1\AppData\Local\Temp\cc2Tn2ZM.ltrans0.ltrans.o
 .data          0x00000000        0x0 C:\Users\ALEJAN~1\AppData\Local\Temp\cc2Tn2ZM.ltrans0.ltrans.o
 .bss           0x00000000        0x0 C:\Users\ALEJAN~1\AppData\Local\Temp\cc2Tn2ZM.ltrans0.ltrans.o
 .bss.heap_end.4721.4267
                0x00000000        0x4 C:\Users\ALEJAN~1\AppData\Local\Temp\cc2Tn2ZM.ltrans0.ltrans.o
 .rodata.xHelpCommand.4376
                0x00000000       0x10 C:\Users\ALEJAN~1\AppData\Local\Temp\cc2Tn2ZM.ltrans0.ltrans.o
 .rodata.xExitCommand.4377
                0x00000000       0x10 C:\Users\ALEJAN~1\AppData\Local\Temp\cc2Tn2ZM.ltrans0.ltrans.o
 .bss.g_RegisteredCommands.4367
                0x00000000       0x1c C:\Users\ALEJAN~1\AppData\Local\Temp\cc2Tn2ZM.ltrans0.ltrans.o
 .bss.g_paramBuffer.4372
                0x00000000       0x40 C:\Users\ALEJAN~1\AppData\Local\Temp\cc2Tn2ZM.ltrans0.ltrans.o
 .rodata.__func__.6604.4375
                0x00000000        0xc C:\Users\ALEJAN~1\AppData\Local\Temp\cc2Tn2ZM.ltrans0.ltrans.o
 .bss.tmpCommand.6646.4373
                0x00000000        0x4 C:\Users\ALEJAN~1\AppData\Local\Temp\cc2Tn2ZM.ltrans0.ltrans.o
 .bss.tmpCommandString.6647.4374
                0x00000000        0x4 C:\Users\ALEJAN~1\AppData\Local\Temp\cc2Tn2ZM.ltrans0.ltrans.o
 .rodata.xHeapStructSize.4711.7591
[...]
Memory Configuration

Name             Origin             Length             Attributes
m_interrupts     0x00000000         0x00000400         xr
m_flash_config   0x00000400         0x00000010         xr
m_text           0x00000410         0x000ffbf0         xr
m_data           0x1fff0000         0x00010000         rw
m_data_2         0x20000000         0x00030000         rw
*default*        0x00000000         0xffffffff

Linker script and memory map

LOAD c:/freescale/kds_v3/toolchain/bin/../lib/gcc/arm-none-eabi/4.8.4/armv7e-m/fpu/crti.o
LOAD c:/freescale/kds_v3/toolchain/bin/../lib/gcc/arm-none-eabi/4.8.4/armv7e-m/fpu/crtbegin.o
LOAD c:/freescale/kds_v3/toolchain/bin/../lib/gcc/arm-none-eabi/4.8.4/../../../../arm-none-eabi/lib/armv7e-m/fpu/crt0.o
LOAD ./utilities/fsl_debug_console.o
LOAD C:\Users\ALEJAN~1\AppData\Local\Temp\cc2Tn2ZM.ltrans0.ltrans.o
LOAD C:\Users\ALEJAN~1\AppData\Local\Temp\cc2Tn2ZM.ltrans1.ltrans.o
LOAD C:\Users\ALEJAN~1\AppData\Local\Temp\cc2Tn2ZM.ltrans2.ltrans.o
LOAD C:\Users\ALEJAN~1\AppData\Local\Temp\cc2Tn2ZM.ltrans3.ltrans.o
LOAD C:\Users\ALEJAN~1\AppData\Local\Temp\cc2Tn2ZM.ltrans4.ltrans.o
LOAD C:\Users\ALEJAN~1\AppData\Local\Temp\cc2Tn2ZM.ltrans5.ltrans.o
LOAD C:\Users\ALEJAN~1\AppData\Local\Temp\cc2Tn2ZM.ltrans6.ltrans.o
LOAD C:\Users\ALEJAN~1\AppData\Local\Temp\cc2Tn2ZM.ltrans7.ltrans.o
LOAD C:\Users\ALEJAN~1\AppData\Local\Temp\cc2Tn2ZM.ltrans8.ltrans.o
LOAD C:\Users\ALEJAN~1\AppData\Local\Temp\cc2Tn2ZM.ltrans9.ltrans.o
LOAD C:\Users\ALEJAN~1\AppData\Local\Temp\cc2Tn2ZM.ltrans10.ltrans.o
LOAD C:\Users\ALEJAN~1\AppData\Local\Temp\cc2Tn2ZM.ltrans11.ltrans.o
LOAD C:\Users\ALEJAN~1\AppData\Local\Temp\cc2Tn2ZM.ltrans12.ltrans.o
LOAD C:\Users\ALEJAN~1\AppData\Local\Temp\cc2Tn2ZM.ltrans13.ltrans.o
LOAD C:\Users\ALEJAN~1\AppData\Local\Temp\cc2Tn2ZM.ltrans14.ltrans.o
LOAD C:\Users\ALEJAN~1\AppData\Local\Temp\cc2Tn2ZM.ltrans15.ltrans.o
LOAD C:\Users\ALEJAN~1\AppData\Local\Temp\cc2Tn2ZM.ltrans16.ltrans.o
LOAD C:\Users\ALEJAN~1\AppData\Local\Temp\cc2Tn2ZM.ltrans17.ltrans.o
LOAD C:\Users\ALEJAN~1\AppData\Local\Temp\cc2Tn2ZM.ltrans18.ltrans.o
LOAD C:\Users\ALEJAN~1\AppData\Local\Temp\cc2Tn2ZM.ltrans19.ltrans.o
LOAD C:\Users\ALEJAN~1\AppData\Local\Temp\cc2Tn2ZM.ltrans20.ltrans.o
LOAD C:\Users\ALEJAN~1\AppData\Local\Temp\cc2Tn2ZM.ltrans21.ltrans.o
LOAD C:\Users\ALEJAN~1\AppData\Local\Temp\cc2Tn2ZM.ltrans22.ltrans.o
LOAD C:\Users\ALEJAN~1\AppData\Local\Temp\cc2Tn2ZM.ltrans23.ltrans.o
LOAD C:\Users\ALEJAN~1\AppData\Local\Temp\cc2Tn2ZM.ltrans24.ltrans.o
LOAD C:\Users\ALEJAN~1\AppData\Local\Temp\cc2Tn2ZM.ltrans25.ltrans.o
LOAD c:/freescale/kds_v3/toolchain/bin/../lib/gcc/arm-none-eabi/4.8.4/armv7e-m/fpu\libgcc.a
LOAD c:/freescale/kds_v3/toolchain/bin/../lib/gcc/arm-none-eabi/4.8.4/../../../../arm-none-eabi/lib/armv7e-m/fpu\libg_s.a
LOAD c:/freescale/kds_v3/toolchain/bin/../lib/gcc/arm-none-eabi/4.8.4/../../../../arm-none-eabi/lib/armv7e-m/fpu\libc_s.a
LOAD c:/freescale/kds_v3/toolchain/bin/../lib/gcc/arm-none-eabi/4.8.4/armv7e-m/fpu\libgcc.a
LOAD c:/freescale/kds_v3/toolchain/bin/../lib/gcc/arm-none-eabi/4.8.4/../../../../arm-none-eabi/lib/armv7e-m/fpu\libc_s.a
LOAD c:/freescale/kds_v3/toolchain/bin/../lib/gcc/arm-none-eabi/4.8.4/../../../../arm-none-eabi/lib/armv7e-m/fpu\libnosys.a
LOAD c:/freescale/kds_v3/toolchain/bin/../lib/gcc/arm-none-eabi/4.8.4/armv7e-m/fpu\libgcc.a
LOAD c:/freescale/kds_v3/toolchain/bin/../lib/gcc/arm-none-eabi/4.8.4/../../../../arm-none-eabi/lib/armv7e-m/fpu\libc_s.a
LOAD c:/freescale/kds_v3/toolchain/bin/../lib/gcc/arm-none-eabi/4.8.4/../../../../arm-none-eabi/lib/armv7e-m/fpu\libnosys.a
LOAD ./utilities/fsl_notifier.o
LOAD ./utilities/fsl_sbrk.o
LOAD ./utilities/fsl_shell.o
LOAD ./startup/startup_MK64F12.o
LOAD ./startup/system_MK64F12.o
LOAD ./source/main.o
LOAD ./source/user.o
LOAD ./freertos/Source/portable/MemMang/heap_4.o
LOAD ./freertos/Source/portable/GCC/ARM_CM4F/fsl_tickless_lptmr.o
LOAD ./freertos/Source/portable/GCC/ARM_CM4F/fsl_tickless_systick.o
LOAD ./freertos/Source/portable/GCC/ARM_CM4F/port.o
LOAD ./freertos/Source/croutine.o
LOAD ./freertos/Source/event_groups.o
LOAD ./freertos/Source/list.o
LOAD ./freertos/Source/queue.o
LOAD ./freertos/Source/tasks.o
LOAD ./freertos/Source/timers.o
LOAD ./drivers/fsl_adc16.o
LOAD ./drivers/fsl_clock.o
LOAD ./drivers/fsl_cmp.o
LOAD ./drivers/fsl_cmt.o
LOAD ./drivers/fsl_common.o
LOAD ./drivers/fsl_crc.o
LOAD ./drivers/fsl_dac.o
LOAD ./drivers/fsl_dmamux.o
LOAD ./drivers/fsl_dspi.o
LOAD ./drivers/fsl_dspi_edma.o
LOAD ./drivers/fsl_dspi_freertos.o
LOAD ./drivers/fsl_edma.o
LOAD ./drivers/fsl_enet.o
LOAD ./drivers/fsl_ewm.o
LOAD ./drivers/fsl_flash.o
LOAD ./drivers/fsl_flexbus.o
LOAD ./drivers/fsl_flexcan.o
LOAD ./drivers/fsl_ftm.o
LOAD ./drivers/fsl_gpio.o
LOAD ./drivers/fsl_i2c.o
LOAD ./drivers/fsl_i2c_edma.o
LOAD ./drivers/fsl_i2c_freertos.o
LOAD ./drivers/fsl_llwu.o
LOAD ./drivers/fsl_lptmr.o
LOAD ./drivers/fsl_mpu.o
LOAD ./drivers/fsl_pdb.o
LOAD ./drivers/fsl_pit.o
LOAD ./drivers/fsl_pmc.o
LOAD ./drivers/fsl_rcm.o
LOAD ./drivers/fsl_rnga.o
LOAD ./drivers/fsl_rtc.o
LOAD ./drivers/fsl_sai.o
LOAD ./drivers/fsl_sai_edma.o
LOAD ./drivers/fsl_sdhc.o
LOAD ./drivers/fsl_sim.o
LOAD ./drivers/fsl_smc.o
LOAD ./drivers/fsl_uart.o
LOAD ./drivers/fsl_uart_edma.o
LOAD ./drivers/fsl_uart_freertos.o
LOAD ./drivers/fsl_vref.o
LOAD ./drivers/fsl_wdog.o
LOAD ./board/board.o
LOAD ./board/clock_config.o
LOAD ./board/pin_mux.o
LOAD c:/freescale/kds_v3/toolchain/bin/../lib/gcc/arm-none-eabi/4.8.4/../../../../arm-none-eabi/lib/armv7e-m/fpu\libstdc++_s.a
LOAD c:/freescale/kds_v3/toolchain/bin/../lib/gcc/arm-none-eabi/4.8.4/../../../../arm-none-eabi/lib/armv7e-m/fpu\libm.a
START GROUP
LOAD c:/freescale/kds_v3/toolchain/bin/../lib/gcc/arm-none-eabi/4.8.4/armv7e-m/fpu\libgcc.a
LOAD c:/freescale/kds_v3/toolchain/bin/../lib/gcc/arm-none-eabi/4.8.4/../../../../arm-none-eabi/lib/armv7e-m/fpu\libg_s.a
LOAD c:/freescale/kds_v3/toolchain/bin/../lib/gcc/arm-none-eabi/4.8.4/../../../../arm-none-eabi/lib/armv7e-m/fpu\libc_s.a
END GROUP
START GROUP
LOAD c:/freescale/kds_v3/toolchain/bin/../lib/gcc/arm-none-eabi/4.8.4/armv7e-m/fpu\libgcc.a
LOAD c:/freescale/kds_v3/toolchain/bin/../lib/gcc/arm-none-eabi/4.8.4/../../../../arm-none-eabi/lib/armv7e-m/fpu\libc_s.a
LOAD c:/freescale/kds_v3/toolchain/bin/../lib/gcc/arm-none-eabi/4.8.4/../../../../arm-none-eabi/lib/armv7e-m/fpu\libnosys.a
END GROUP
START GROUP
LOAD c:/freescale/kds_v3/toolchain/bin/../lib/gcc/arm-none-eabi/4.8.4/armv7e-m/fpu\libgcc.a
LOAD c:/freescale/kds_v3/toolchain/bin/../lib/gcc/arm-none-eabi/4.8.4/../../../../arm-none-eabi/lib/armv7e-m/fpu\libc_s.a
LOAD c:/freescale/kds_v3/toolchain/bin/../lib/gcc/arm-none-eabi/4.8.4/../../../../arm-none-eabi/lib/armv7e-m/fpu\libnosys.a
END GROUP
LOAD c:/freescale/kds_v3/toolchain/bin/../lib/gcc/arm-none-eabi/4.8.4/armv7e-m/fpu/crtend.o
LOAD c:/freescale/kds_v3/toolchain/bin/../lib/gcc/arm-none-eabi/4.8.4/armv7e-m/fpu/crtn.o
                0x00000400                HEAP_SIZE = DEFINED (__heap_size__)?__heap_size__:0x400
                0x00000400                STACK_SIZE = DEFINED (__stack_size__)?__stack_size__:0x400
                0x00000000                M_VECTOR_RAM_SIZE = DEFINED (__ram_vector_table__)?0x400:0x0

.interrupts     0x00000000      0x400
                0x00000000                __VECTOR_TABLE = .
                0x00000000                . = ALIGN (0x4)
 *(.isr_vector)
 .isr_vector    0x00000000      0x400 ./startup/startup_MK64F12.o
                0x00000000                __isr_vector
                0x00000400                . = ALIGN (0x4)

.flash_config   0x00000400       0x10
                0x00000400                . = ALIGN (0x4)
 *(.FlashConfig)
 .FlashConfig   0x00000400       0x10 ./startup/startup_MK64F12.o
                0x00000410                . = ALIGN (0x4)

.text           0x00000410     0x60b8
                0x00000410                . = ALIGN (0x4)
 *(.text)
 .text          0x00000410       0x54 c:/freescale/kds_v3/toolchain/bin/../lib/gcc/arm-none-eabi/4.8.4/armv7e-m/fpu/crtbegin.o
 .text          0x00000464       0x74 c:/freescale/kds_v3/toolchain/bin/../lib/gcc/arm-none-eabi/4.8.4/../../../../arm-none-eabi/lib/armv7e-m/fpu/crt0.o
                0x00000464                _start
                0x00000464                _mainCRTStartup
 .text          0x000004d8      0x1e4 ./startup/startup_MK64F12.o
                0x000004d8                Reset_Handler
                0x0000051c                DebugMon_Handler
                0x0000051c                PORTC_IRQHandler
                0x0000051c                Read_Collision_IRQHandler
                0x0000051c                DMA_Error_DriverIRQHandler
                0x0000051c                CMP0_IRQHandler
                0x0000051c                USB0_IRQHandler
                0x0000051c                ENET_Transmit_DriverIRQHandler
                0x0000051c                UART1_ERR_DriverIRQHandler
                0x0000051c                BusFault_Handler
                0x0000051c                LPTMR0_IRQHandler
                0x0000051c                PIT0_IRQHandler
                0x0000051c                FTM2_IRQHandler
                0x0000051c                CMP2_IRQHandler
                0x0000051c                LLWU_IRQHandler
                0x0000051c                PORTE_IRQHandler
                0x0000051c                FTM3_IRQHandler
                0x0000051c                ENET_1588_Timer_DriverIRQHandler
                0x0000051c                SWI_IRQHandler
                0x0000051c                ADC0_IRQHandler
                0x0000051c                UsageFault_Handler
                0x0000051c                MCM_IRQHandler
                0x0000051c                CMT_IRQHandler
                0x0000051c                DAC1_IRQHandler
                0x0000051c                FTM0_IRQHandler
                0x0000051c                DefaultISR
                0x0000051c                LVD_LVW_IRQHandler
                0x0000051c                UART5_ERR_DriverIRQHandler
                0x0000051c                PIT1_IRQHandler
                0x0000051c                CMP1_IRQHandler
                0x0000051c                Reserved71_IRQHandler
                0x0000051c                PORTD_IRQHandler
                0x0000051c                PORTB_IRQHandler
                0x0000051c                ENET_Error_DriverIRQHandler
                0x0000051c                UART2_ERR_DriverIRQHandler
                0x0000051c                ADC1_IRQHandler
                0x0000051c                DAC0_IRQHandler
                0x0000051c                PIT2_IRQHandler
                0x0000051c                ENET_Receive_DriverIRQHandler
                0x0000051c                UART4_ERR_DriverIRQHandler
                0x0000051c                RTC_IRQHandler
                0x0000051c                UART3_ERR_DriverIRQHandler
                0x0000051c                PDB0_IRQHandler
                0x0000051c                FTFE_IRQHandler
                0x0000051c                FTM1_IRQHandler
                0x0000051c                RNG_IRQHandler
                0x0000051c                UART0_LON_DriverIRQHandler
                0x0000051c                PIT3_IRQHandler
                0x0000051c                MemManage_Handler
                0x0000051c                RTC_Seconds_IRQHandler
                0x0000051c                MCG_IRQHandler
                0x0000051c                WDOG_EWM_IRQHandler
                0x0000051c                UART0_ERR_DriverIRQHandler
                0x0000051c                USBDCD_IRQHandler
                0x00000520                NMI_Handler
                0x00000524                HardFault_Handler
                0x00000534                DMA0_IRQHandler
                0x00000538                DMA1_IRQHandler
                0x0000053c                DMA2_IRQHandler
                0x00000540                DMA3_IRQHandler
                0x00000544                DMA4_IRQHandler
                0x00000548                DMA5_IRQHandler
                0x0000054c                DMA6_IRQHandler
                0x00000550                DMA7_IRQHandler
                0x00000554                DMA8_IRQHandler
                0x00000558                DMA9_IRQHandler
                0x0000055c                DMA10_IRQHandler
                0x00000560                DMA11_IRQHandler
                0x00000564                DMA12_IRQHandler
                0x00000568                DMA13_IRQHandler
                0x0000056c                DMA14_IRQHandler
                0x00000570                DMA15_IRQHandler
                0x00000574                DMA_Error_IRQHandler
                0x00000578                I2C0_IRQHandler
                0x0000057c                I2C1_IRQHandler
                0x00000580                SPI0_IRQHandler
                0x00000584                SPI1_IRQHandler
                0x00000588                I2S0_Tx_IRQHandler
                0x0000058c                I2S0_Rx_IRQHandler
                0x00000590                UART0_LON_IRQHandler
                0x00000594                UART0_RX_TX_IRQHandler
                0x00000598                UART0_ERR_IRQHandler
                0x0000059c                UART1_RX_TX_IRQHandler
                0x000005a0                UART1_ERR_IRQHandler
                0x000005a4                UART2_RX_TX_IRQHandler
                0x000005a8                UART2_ERR_IRQHandler
                0x000005ac                UART3_RX_TX_IRQHandler
                0x000005b0                UART3_ERR_IRQHandler
                0x000005b4                SPI2_IRQHandler
                0x000005b8                UART4_RX_TX_IRQHandler
                0x000005bc                UART4_ERR_IRQHandler
                0x000005c0                UART5_RX_TX_IRQHandler
                0x000005c4                UART5_ERR_IRQHandler
                0x000005c8                I2C2_IRQHandler
                0x000005cc                CAN0_ORed_Message_buffer_IRQHandler
                0x000005d0                CAN0_Bus_Off_IRQHandler
                0x000005d4                CAN0_Error_IRQHandler
                0x000005d8                CAN0_Tx_Warning_IRQHandler
                0x000005dc                CAN0_Rx_Warning_IRQHandler
                0x000005e0                CAN0_Wake_Up_IRQHandler
                0x000005e4                SDHC_IRQHandler
                0x000005e8                ENET_1588_Timer_IRQHandler
 *(.text*)
 .text.BOARD_InitDebugConsole
                0x000006bc       0x24 C:\Users\ALEJAN~1\AppData\Local\Temp\cc2Tn2ZM.ltrans0.ltrans.o
                0x000006bc                BOARD_InitDebugConsole
 .text.CLOCK_SetSimSafeDivs.13243.4074
                0x000006e0       0x20 C:\Users\ALEJAN~1\AppData\Local\Temp\cc2Tn2ZM.ltrans0.ltrans.o
 .text.CLOCK_SetXtal0Freq.13246.4071
                0x00000700       0x1c C:\Users\ALEJAN~1\AppData\Local\Temp\cc2Tn2ZM.ltrans0.ltrans.o
 .text.BOARD_BootClockRUN
                0x0000071c       0x64 C:\Users\ALEJAN~1\AppData\Local\Temp\cc2Tn2ZM.ltrans0.ltrans.o
                0x0000071c                BOARD_BootClockRUN
 .text.BOARD_InitOsc0.4048
                0x00000780       0x30 C:\Users\ALEJAN~1\AppData\Local\Temp\cc2Tn2ZM.ltrans0.ltrans.o
 .text.CLOCK_EnableClock.13350.4042
                0x000007b0       0x34 C:\Users\ALEJAN~1\AppData\Local\Temp\cc2Tn2ZM.ltrans0.ltrans.o
 .text.PORT_SetPinMux.13356.4016
                0x000007e4       0x38 C:\Users\ALEJAN~1\AppData\Local\Temp\cc2Tn2ZM.ltrans0.ltrans.o
 .text.BOARD_InitPins
                0x0000081c       0x68 C:\Users\ALEJAN~1\AppData\Local\Temp\cc2Tn2ZM.ltrans0.ltrans.o
                0x0000081c                BOARD_InitPins
 .text.UART_WriteBlocking
                0x00000884       0x3c C:\Users\ALEJAN~1\AppData\Local\Temp\cc2Tn2ZM.ltrans1.ltrans.o
                0x00000884                UART_WriteBlocking
 .text.UART_ReadBlocking
                0x000008c0       0xa0 C:\Users\ALEJAN~1\AppData\Local\Temp\cc2Tn2ZM.ltrans1.ltrans.o
                0x000008c0                UART_ReadBlocking
 .text.UART0_DriverIRQHandler.4203
                0x00000960       0x20 C:\Users\ALEJAN~1\AppData\Local\Temp\cc2Tn2ZM.ltrans1.ltrans.o
 .text.UART0_RX_TX_DriverIRQHandler
                0x00000980        0xc C:\Users\ALEJAN~1\AppData\Local\Temp\cc2Tn2ZM.ltrans1.ltrans.o
                0x00000980                UART0_RX_TX_DriverIRQHandler
 .text.UART1_DriverIRQHandler.4199
                0x0000098c       0x20 C:\Users\ALEJAN~1\AppData\Local\Temp\cc2Tn2ZM.ltrans1.ltrans.o
 .text.UART1_RX_TX_DriverIRQHandler
                0x000009ac        0xc C:\Users\ALEJAN~1\AppData\Local\Temp\cc2Tn2ZM.ltrans1.ltrans.o
                0x000009ac                UART1_RX_TX_DriverIRQHandler
 .text.UART2_DriverIRQHandler.4195
                0x000009b8       0x20 C:\Users\ALEJAN~1\AppData\Local\Temp\cc2Tn2ZM.ltrans1.ltrans.o
 .text.UART2_RX_TX_DriverIRQHandler
                0x000009d8        0xc C:\Users\ALEJAN~1\AppData\Local\Temp\cc2Tn2ZM.ltrans1.ltrans.o
                0x000009d8                UART2_RX_TX_DriverIRQHandler
 .text.UART3_DriverIRQHandler.4191
                0x000009e4       0x20 C:\Users\ALEJAN~1\AppData\Local\Temp\cc2Tn2ZM.ltrans1.ltrans.o
 .text.UART3_RX_TX_DriverIRQHandler
                0x00000a04        0xc C:\Users\ALEJAN~1\AppData\Local\Temp\cc2Tn2ZM.ltrans1.ltrans.o
                0x00000a04                UART3_RX_TX_DriverIRQHandler
 .text.UART4_DriverIRQHandler.4187
                0x00000a10       0x20 C:\Users\ALEJAN~1\AppData\Local\Temp\cc2Tn2ZM.ltrans1.ltrans.o
 .text.UART4_RX_TX_DriverIRQHandler
                0x00000a30        0xc C:\Users\ALEJAN~1\AppData\Local\Temp\cc2Tn2ZM.ltrans1.ltrans.o
                0x00000a30                UART4_RX_TX_DriverIRQHandler
 .text.UART5_DriverIRQHandler.4183
                0x00000a3c       0x20 C:\Users\ALEJAN~1\AppData\Local\Temp\cc2Tn2ZM.ltrans1.ltrans.o
 .text.UART5_RX_TX_DriverIRQHandler
                0x00000a5c        0xc C:\Users\ALEJAN~1\AppData\Local\Temp\cc2Tn2ZM.ltrans1.ltrans.o
                0x00000a5c                UART5_RX_TX_DriverIRQHandler
 .text.SDHC_DriverIRQHandler
                0x00000a68       0x44 C:\Users\ALEJAN~1\AppData\Local\Temp\cc2Tn2ZM.ltrans2.ltrans.o
                0x00000a68                SDHC_DriverIRQHandler
 .text.CLOCK_EnableClock.12369.4149
                0x00000aac       0x34 C:\Users\ALEJAN~1\AppData\Local\Temp\cc2Tn2ZM.ltrans2.ltrans.o
 .text.UART_GetInstance
                0x00000ae0       0x5c C:\Users\ALEJAN~1\AppData\Local\Temp\cc2Tn2ZM.ltrans2.ltrans.o
                0x00000ae0                UART_GetInstance
 .text.UART_Init
                0x00000b3c      0x2d8 C:\Users\ALEJAN~1\AppData\Local\Temp\cc2Tn2ZM.ltrans2.ltrans.o
                0x00000b3c                UART_Init
 .text.UART_GetDefaultConfig
                0x00000e14       0x5c C:\Users\ALEJAN~1\AppData\Local\Temp\cc2Tn2ZM.ltrans2.ltrans.o
                0x00000e14                UART_GetDefaultConfig
 .text.UART_GetStatusFlags
                0x00000e70       0x48 C:\Users\ALEJAN~1\AppData\Local\Temp\cc2Tn2ZM.ltrans2.ltrans.o
                0x00000e70                UART_GetStatusFlags
 .text.I2S0_Tx_DriverIRQHandler
                0x00000eb8       0x44 C:\Users\ALEJAN~1\AppData\Local\Temp\cc2Tn2ZM.ltrans4.ltrans.o
                0x00000eb8                I2S0_Tx_DriverIRQHandler
 .text.I2S0_Rx_DriverIRQHandler
                0x00000efc       0x44 C:\Users\ALEJAN~1\AppData\Local\Temp\cc2Tn2ZM.ltrans4.ltrans.o
                0x00000efc                I2S0_Rx_DriverIRQHandler
 .text.I2C0_DriverIRQHandler
                0x00000f40       0x1c C:\Users\ALEJAN~1\AppData\Local\Temp\cc2Tn2ZM.ltrans7.ltrans.o
                0x00000f40                I2C0_DriverIRQHandler
 .text.I2C1_DriverIRQHandler
                0x00000f5c       0x1c C:\Users\ALEJAN~1\AppData\Local\Temp\cc2Tn2ZM.ltrans7.ltrans.o
                0x00000f5c                I2C1_DriverIRQHandler
 .text.I2C2_DriverIRQHandler
                0x00000f78       0x1c C:\Users\ALEJAN~1\AppData\Local\Temp\cc2Tn2ZM.ltrans7.ltrans.o
                0x00000f78                I2C2_DriverIRQHandler
 .text.GPIO_WritePinOutput.9822.4194
                0x00000f94       0x34 C:\Users\ALEJAN~1\AppData\Local\Temp\cc2Tn2ZM.ltrans8.ltrans.o
 .text.GPIO_GetInstance.9840.4191
                0x00000fc8       0x54 C:\Users\ALEJAN~1\AppData\Local\Temp\cc2Tn2ZM.ltrans8.ltrans.o
 .text.GPIO_PinInit
                0x0000101c       0x70 C:\Users\ALEJAN~1\AppData\Local\Temp\cc2Tn2ZM.ltrans8.ltrans.o
                0x0000101c                GPIO_PinInit
 .text.GPIO_ClearPinsInterruptFlags
                0x0000108c       0x30 C:\Users\ALEJAN~1\AppData\Local\Temp\cc2Tn2ZM.ltrans8.ltrans.o
                0x0000108c                GPIO_ClearPinsInterruptFlags
 .text.I2C_TransferCommonIRQHandler.9943
                0x000010bc       0x50 C:\Users\ALEJAN~1\AppData\Local\Temp\cc2Tn2ZM.ltrans8.ltrans.o
                0x000010bc                I2C_TransferCommonIRQHandler.9943
 .text.CAN0_DriverIRQHandler
                0x0000110c       0x44 C:\Users\ALEJAN~1\AppData\Local\Temp\cc2Tn2ZM.ltrans9.ltrans.o
                0x0000110c                CAN0_DriverIRQHandler
 .text.ENET_Transmit_IRQHandler
                0x00001150       0x20 C:\Users\ALEJAN~1\AppData\Local\Temp\cc2Tn2ZM.ltrans11.ltrans.o
                0x00001150                ENET_Transmit_IRQHandler
 .text.ENET_Receive_IRQHandler
                0x00001170       0x20 C:\Users\ALEJAN~1\AppData\Local\Temp\cc2Tn2ZM.ltrans11.ltrans.o
                0x00001170                ENET_Receive_IRQHandler
 .text.ENET_Error_IRQHandler
                0x00001190       0x20 C:\Users\ALEJAN~1\AppData\Local\Temp\cc2Tn2ZM.ltrans11.ltrans.o
                0x00001190                ENET_Error_IRQHandler
 .text.DMA0_DriverIRQHandler
                0x000011b0       0x14 C:\Users\ALEJAN~1\AppData\Local\Temp\cc2Tn2ZM.ltrans12.ltrans.o
                0x000011b0                DMA0_DriverIRQHandler
 .text.DMA1_DriverIRQHandler
                0x000011c4       0x14 C:\Users\ALEJAN~1\AppData\Local\Temp\cc2Tn2ZM.ltrans12.ltrans.o
                0x000011c4                DMA1_DriverIRQHandler
 .text.DMA2_DriverIRQHandler
                0x000011d8       0x14 C:\Users\ALEJAN~1\AppData\Local\Temp\cc2Tn2ZM.ltrans12.ltrans.o
                0x000011d8                DMA2_DriverIRQHandler
 .text.DMA3_DriverIRQHandler
                0x000011ec       0x14 C:\Users\ALEJAN~1\AppData\Local\Temp\cc2Tn2ZM.ltrans12.ltrans.o
                0x000011ec                DMA3_DriverIRQHandler
 .text.DMA4_DriverIRQHandler
                0x00001200       0x14 C:\Users\ALEJAN~1\AppData\Local\Temp\cc2Tn2ZM.ltrans12.ltrans.o
                0x00001200                DMA4_DriverIRQHandler
 .text.DMA5_DriverIRQHandler
                0x00001214       0x14 C:\Users\ALEJAN~1\AppData\Local\Temp\cc2Tn2ZM.ltrans12.ltrans.o
                0x00001214                DMA5_DriverIRQHandler
 .text.DMA6_DriverIRQHandler
                0x00001228       0x14 C:\Users\ALEJAN~1\AppData\Local\Temp\cc2Tn2ZM.ltrans12.ltrans.o
                0x00001228                DMA6_DriverIRQHandler
 .text.DMA7_DriverIRQHandler
                0x0000123c       0x14 C:\Users\ALEJAN~1\AppData\Local\Temp\cc2Tn2ZM.ltrans12.ltrans.o
                0x0000123c                DMA7_DriverIRQHandler
 .text.DMA8_DriverIRQHandler
                0x00001250       0x14 C:\Users\ALEJAN~1\AppData\Local\Temp\cc2Tn2ZM.ltrans12.ltrans.o
                0x00001250                DMA8_DriverIRQHandler
 .text.DMA9_DriverIRQHandler
                0x00001264       0x14 C:\Users\ALEJAN~1\AppData\Local\Temp\cc2Tn2ZM.ltrans12.ltrans.o
                0x00001264                DMA9_DriverIRQHandler
 .text.DMA10_DriverIRQHandler
                0x00001278       0x14 C:\Users\ALEJAN~1\AppData\Local\Temp\cc2Tn2ZM.ltrans12.ltrans.o
                0x00001278                DMA10_DriverIRQHandler
 .text.DMA11_DriverIRQHandler
                0x0000128c       0x14 C:\Users\ALEJAN~1\AppData\Local\Temp\cc2Tn2ZM.ltrans12.ltrans.o
                0x0000128c                DMA11_DriverIRQHandler
 .text.DMA12_DriverIRQHandler
                0x000012a0       0x14 C:\Users\ALEJAN~1\AppData\Local\Temp\cc2Tn2ZM.ltrans12.ltrans.o
                0x000012a0                DMA12_DriverIRQHandler
 .text.DMA13_DriverIRQHandler
                0x000012b4       0x14 C:\Users\ALEJAN~1\AppData\Local\Temp\cc2Tn2ZM.ltrans12.ltrans.o
                0x000012b4                DMA13_DriverIRQHandler
 .text.DMA14_DriverIRQHandler
                0x000012c8       0x14 C:\Users\ALEJAN~1\AppData\Local\Temp\cc2Tn2ZM.ltrans12.ltrans.o
                0x000012c8                DMA14_DriverIRQHandler
 .text.DMA15_DriverIRQHandler
                0x000012dc       0x14 C:\Users\ALEJAN~1\AppData\Local\Temp\cc2Tn2ZM.ltrans12.ltrans.o
                0x000012dc                DMA15_DriverIRQHandler
 .text.EDMA_HandleIRQ
                0x000012f0      0x15c C:\Users\ALEJAN~1\AppData\Local\Temp\cc2Tn2ZM.ltrans13.ltrans.o
                0x000012f0                EDMA_HandleIRQ
 .text.DSPI_CommonIRQHandler.7242.4271
                0x0000144c       0x3c C:\Users\ALEJAN~1\AppData\Local\Temp\cc2Tn2ZM.ltrans15.ltrans.o
 .text.SPI0_DriverIRQHandler
                0x00001488       0x3c C:\Users\ALEJAN~1\AppData\Local\Temp\cc2Tn2ZM.ltrans15.ltrans.o
                0x00001488                SPI0_DriverIRQHandler
 .text.SPI1_DriverIRQHandler
                0x000014c4       0x3c C:\Users\ALEJAN~1\AppData\Local\Temp\cc2Tn2ZM.ltrans15.ltrans.o
                0x000014c4                SPI1_DriverIRQHandler
 .text.SPI2_DriverIRQHandler
                0x00001500       0x3c C:\Users\ALEJAN~1\AppData\Local\Temp\cc2Tn2ZM.ltrans15.ltrans.o
                0x00001500                SPI2_DriverIRQHandler
 .text.__assert_func
                0x0000153c       0x28 C:\Users\ALEJAN~1\AppData\Local\Temp\cc2Tn2ZM.ltrans17.ltrans.o
                0x0000153c                __assert_func
 .text.DSPI_IsMaster.6984
                0x00001564       0x1c C:\Users\ALEJAN~1\AppData\Local\Temp\cc2Tn2ZM.ltrans17.ltrans.o
                0x00001564                DSPI_IsMaster.6984
 .text.CLOCK_BootToPeeMode
                0x00001580       0x70 C:\Users\ALEJAN~1\AppData\Local\Temp\cc2Tn2ZM.ltrans18.ltrans.o
                0x00001580                CLOCK_BootToPeeMode
 .text.CLOCK_SetSimConfig
                0x000015f0       0x34 C:\Users\ALEJAN~1\AppData\Local\Temp\cc2Tn2ZM.ltrans19.ltrans.o
                0x000015f0                CLOCK_SetSimConfig
 .text.CLOCK_GetOutClkFreq
                0x00001624       0x64 C:\Users\ALEJAN~1\AppData\Local\Temp\cc2Tn2ZM.ltrans19.ltrans.o
                0x00001624                CLOCK_GetOutClkFreq
 .text.CLOCK_GetFllFreq
                0x00001688       0x74 C:\Users\ALEJAN~1\AppData\Local\Temp\cc2Tn2ZM.ltrans19.ltrans.o
                0x00001688                CLOCK_GetFllFreq
 .text.CLOCK_GetPll0Freq
                0x000016fc       0x78 C:\Users\ALEJAN~1\AppData\Local\Temp\cc2Tn2ZM.ltrans19.ltrans.o
                0x000016fc                CLOCK_GetPll0Freq
 .text.CLOCK_SetExternalRefClkConfig
                0x00001774       0x90 C:\Users\ALEJAN~1\AppData\Local\Temp\cc2Tn2ZM.ltrans19.ltrans.o
                0x00001774                CLOCK_SetExternalRefClkConfig
 .text.CLOCK_SetInternalRefClkConfig
                0x00001804      0x100 C:\Users\ALEJAN~1\AppData\Local\Temp\cc2Tn2ZM.ltrans19.ltrans.o
                0x00001804                CLOCK_SetInternalRefClkConfig
 .text.CLOCK_EnablePll0
                0x00001904       0x90 C:\Users\ALEJAN~1\AppData\Local\Temp\cc2Tn2ZM.ltrans19.ltrans.o
                0x00001904                CLOCK_EnablePll0
 .text.CLOCK_InitOsc0
                0x00001994       0x88 C:\Users\ALEJAN~1\AppData\Local\Temp\cc2Tn2ZM.ltrans19.ltrans.o
                0x00001994                CLOCK_InitOsc0
 .text.CLOCK_SetPbeMode
                0x00001a1c       0xb0 C:\Users\ALEJAN~1\AppData\Local\Temp\cc2Tn2ZM.ltrans19.ltrans.o
                0x00001a1c                CLOCK_SetPbeMode
 .text.prvProcessTimerOrBlockTask.5609
                0x00001acc       0x9c C:\Users\ALEJAN~1\AppData\Local\Temp\cc2Tn2ZM.ltrans20.ltrans.o
                0x00001acc                prvProcessTimerOrBlockTask.5609
 .text.prvGetNextExpireTime.5572
                0x00001b68       0x48 C:\Users\ALEJAN~1\AppData\Local\Temp\cc2Tn2ZM.ltrans20.ltrans.o
                0x00001b68                prvGetNextExpireTime.5572
 .text.prvSampleTimeNow.5606.4270
                0x00001bb0       0x40 C:\Users\ALEJAN~1\AppData\Local\Temp\cc2Tn2ZM.ltrans20.ltrans.o
 .text.prvInsertTimerInActiveList.5575
                0x00001bf0       0x84 C:\Users\ALEJAN~1\AppData\Local\Temp\cc2Tn2ZM.ltrans20.ltrans.o
                0x00001bf0                prvInsertTimerInActiveList.5575
 .text.prvProcessReceivedCommands.5613
                0x00001c74      0x15c C:\Users\ALEJAN~1\AppData\Local\Temp\cc2Tn2ZM.ltrans20.ltrans.o
                0x00001c74                prvProcessReceivedCommands.5613
 .text.prvSwitchTimerLists.5604.4238
                0x00001dd0       0xc0 C:\Users\ALEJAN~1\AppData\Local\Temp\cc2Tn2ZM.ltrans20.ltrans.o
 .text.prvCheckForValidListAndQueue.5618
                0x00001e90       0x6c C:\Users\ALEJAN~1\AppData\Local\Temp\cc2Tn2ZM.ltrans20.ltrans.o
                0x00001e90                prvCheckForValidListAndQueue.5618
 .text.CLOCK_SetEr32kClock.5897
                0x00001efc       0x2c C:\Users\ALEJAN~1\AppData\Local\Temp\cc2Tn2ZM.ltrans20.ltrans.o
                0x00001efc                CLOCK_SetEr32kClock.5897
 .text.CLOCK_SetPllFllSelClock.5902
                0x00001f28       0x38 C:\Users\ALEJAN~1\AppData\Local\Temp\cc2Tn2ZM.ltrans20.ltrans.o
                0x00001f28                CLOCK_SetPllFllSelClock.5902
 .text.OSC_SetExtRefClkConfig.5905
                0x00001f60       0x34 C:\Users\ALEJAN~1\AppData\Local\Temp\cc2Tn2ZM.ltrans20.ltrans.o
                0x00001f60                OSC_SetExtRefClkConfig.5905
 .text.OSC_SetCapLoad.5917
                0x00001f94       0x34 C:\Users\ALEJAN~1\AppData\Local\Temp\cc2Tn2ZM.ltrans20.ltrans.o
                0x00001f94                OSC_SetCapLoad.5917
 .text.CLOCK_GetMcgExtClkFreq.5923
                0x00001fc8       0x8c C:\Users\ALEJAN~1\AppData\Local\Temp\cc2Tn2ZM.ltrans20.ltrans.o
                0x00001fc8                CLOCK_GetMcgExtClkFreq.5923
 .text.CLOCK_GetFllExtRefClkFreq.5925.4051
                0x00002054       0xc8 C:\Users\ALEJAN~1\AppData\Local\Temp\cc2Tn2ZM.ltrans20.ltrans.o
 .text.CLOCK_GetInternalRefClkSelectFreq.5927
                0x0000211c       0x44 C:\Users\ALEJAN~1\AppData\Local\Temp\cc2Tn2ZM.ltrans20.ltrans.o
                0x0000211c                CLOCK_GetInternalRefClkSelectFreq.5927
 .text.CLOCK_GetFllRefClkFreq.5929
                0x00002160       0x2c C:\Users\ALEJAN~1\AppData\Local\Temp\cc2Tn2ZM.ltrans20.ltrans.o
                0x00002160                CLOCK_GetFllRefClkFreq.5929
 .text.CLOCK_GetPll0RefFreq.5931
                0x0000218c       0x10 C:\Users\ALEJAN~1\AppData\Local\Temp\cc2Tn2ZM.ltrans20.ltrans.o
                0x0000218c                CLOCK_GetPll0RefFreq.5931
 .text.CLOCK_GetOscRangeFromFreq.5933
                0x0000219c       0x3c C:\Users\ALEJAN~1\AppData\Local\Temp\cc2Tn2ZM.ltrans20.ltrans.o
                0x0000219c                CLOCK_GetOscRangeFromFreq.5933
 .text.CLOCK_GetCoreSysClkFreq
                0x000021d8       0x24 C:\Users\ALEJAN~1\AppData\Local\Temp\cc2Tn2ZM.ltrans20.ltrans.o
                0x000021d8                CLOCK_GetCoreSysClkFreq
 .text.xTaskIncrementTick
                0x000021fc      0x160 C:\Users\ALEJAN~1\AppData\Local\Temp\cc2Tn2ZM.ltrans21.ltrans.o
                0x000021fc                xTaskIncrementTick
 .text.vTaskSwitchContext
                0x0000235c       0xb4 C:\Users\ALEJAN~1\AppData\Local\Temp\cc2Tn2ZM.ltrans21.ltrans.o
                0x0000235c                vTaskSwitchContext
 .text.vTaskPlaceOnEventList
                0x00002410       0x44 C:\Users\ALEJAN~1\AppData\Local\Temp\cc2Tn2ZM.ltrans21.ltrans.o
                0x00002410                vTaskPlaceOnEventList
 .text.vTaskPlaceOnEventListRestricted
                0x00002454       0x54 C:\Users\ALEJAN~1\AppData\Local\Temp\cc2Tn2ZM.ltrans21.ltrans.o
                0x00002454                vTaskPlaceOnEventListRestricted
 .text.xTaskRemoveFromEventList
                0x000024a8       0xc4 C:\Users\ALEJAN~1\AppData\Local\Temp\cc2Tn2ZM.ltrans21.ltrans.o
                0x000024a8                xTaskRemoveFromEventList
 .text.vTaskSetTimeOutState
                0x0000256c       0x44 C:\Users\ALEJAN~1\AppData\Local\Temp\cc2Tn2ZM.ltrans21.ltrans.o
                0x0000256c                vTaskSetTimeOutState
 .text.xTaskCheckForTimeOut
                0x000025b0       0xbc C:\Users\ALEJAN~1\AppData\Local\Temp\cc2Tn2ZM.ltrans21.ltrans.o
                0x000025b0                xTaskCheckForTimeOut
 .text.vTaskMissedYield
                0x0000266c       0x18 C:\Users\ALEJAN~1\AppData\Local\Temp\cc2Tn2ZM.ltrans21.ltrans.o
                0x0000266c                vTaskMissedYield
 .text.prvIdleTask.5330
                0x00002684       0x30 C:\Users\ALEJAN~1\AppData\Local\Temp\cc2Tn2ZM.ltrans21.ltrans.o
                0x00002684                prvIdleTask.5330
 .text.prvInitialiseTaskLists.5313
                0x000026b4       0x7c C:\Users\ALEJAN~1\AppData\Local\Temp\cc2Tn2ZM.ltrans21.ltrans.o
                0x000026b4                prvInitialiseTaskLists.5313
 .text.prvCheckTasksWaitingTermination.5351.4209
                0x00002730       0x74 C:\Users\ALEJAN~1\AppData\Local\Temp\cc2Tn2ZM.ltrans21.ltrans.o
 .text.prvDeleteTCB.5336
                0x000027a4       0x20 C:\Users\ALEJAN~1\AppData\Local\Temp\cc2Tn2ZM.ltrans21.ltrans.o
                0x000027a4                prvDeleteTCB.5336
 .text.prvResetNextTaskUnblockTime.5339
                0x000027c4       0x48 C:\Users\ALEJAN~1\AppData\Local\Temp\cc2Tn2ZM.ltrans21.ltrans.o
                0x000027c4                prvResetNextTaskUnblockTime.5339
 .text.xTaskGetSchedulerState
                0x0000280c       0x3c C:\Users\ALEJAN~1\AppData\Local\Temp\cc2Tn2ZM.ltrans21.ltrans.o
                0x0000280c                xTaskGetSchedulerState
 .text.vTaskPriorityInherit
                0x00002848       0xec C:\Users\ALEJAN~1\AppData\Local\Temp\cc2Tn2ZM.ltrans21.ltrans.o
                0x00002848                vTaskPriorityInherit
 .text.xTaskPriorityDisinherit
                0x00002934      0x108 C:\Users\ALEJAN~1\AppData\Local\Temp\cc2Tn2ZM.ltrans21.ltrans.o
                0x00002934                xTaskPriorityDisinherit
 .text.pvTaskIncrementMutexHeldCount
                0x00002a3c       0x28 C:\Users\ALEJAN~1\AppData\Local\Temp\cc2Tn2ZM.ltrans21.ltrans.o
                0x00002a3c                pvTaskIncrementMutexHeldCount
 .text.prvAddCurrentTaskToDelayedList.5416
                0x00002a64       0xc8 C:\Users\ALEJAN~1\AppData\Local\Temp\cc2Tn2ZM.ltrans21.ltrans.o
                0x00002a64                prvAddCurrentTaskToDelayedList.5416
 .text.xTimerCreateTimerTask
                0x00002b2c       0x60 C:\Users\ALEJAN~1\AppData\Local\Temp\cc2Tn2ZM.ltrans21.ltrans.o
                0x00002b2c                xTimerCreateTimerTask
 .text.xTimerGenericCommand
                0x00002b8c       0xa4 C:\Users\ALEJAN~1\AppData\Local\Temp\cc2Tn2ZM.ltrans21.ltrans.o
                0x00002b8c                xTimerGenericCommand
 .text.prvProcessExpiredTimer.5600
                0x00002c30       0x80 C:\Users\ALEJAN~1\AppData\Local\Temp\cc2Tn2ZM.ltrans21.ltrans.o
                0x00002c30                prvProcessExpiredTimer.5600
 .text.prvTimerTask.5615.4013
                0x00002cb0       0x24 C:\Users\ALEJAN~1\AppData\Local\Temp\cc2Tn2ZM.ltrans21.ltrans.o
 .text.prvCopyDataToQueue.5029
                0x00002cd4       0xd8 C:\Users\ALEJAN~1\AppData\Local\Temp\cc2Tn2ZM.ltrans22.ltrans.o
                0x00002cd4                prvCopyDataToQueue.5029
 .text.prvCopyDataFromQueue.5040
                0x00002dac       0x4c C:\Users\ALEJAN~1\AppData\Local\Temp\cc2Tn2ZM.ltrans22.ltrans.o
                0x00002dac                prvCopyDataFromQueue.5040
 .text.prvUnlockQueue.5053
                0x00002df8       0x98 C:\Users\ALEJAN~1\AppData\Local\Temp\cc2Tn2ZM.ltrans22.ltrans.o
                0x00002df8                prvUnlockQueue.5053
 .text.prvIsQueueEmpty.5056
                0x00002e90       0x2c C:\Users\ALEJAN~1\AppData\Local\Temp\cc2Tn2ZM.ltrans22.ltrans.o
                0x00002e90                prvIsQueueEmpty.5056
 .text.prvIsQueueFull.5072
                0x00002ebc       0x30 C:\Users\ALEJAN~1\AppData\Local\Temp\cc2Tn2ZM.ltrans22.ltrans.o
                0x00002ebc                prvIsQueueFull.5072
 .text.vQueueAddToRegistry
                0x00002eec       0x50 C:\Users\ALEJAN~1\AppData\Local\Temp\cc2Tn2ZM.ltrans22.ltrans.o
                0x00002eec                vQueueAddToRegistry
 .text.vQueueWaitForMessageRestricted
                0x00002f3c       0x6c C:\Users\ALEJAN~1\AppData\Local\Temp\cc2Tn2ZM.ltrans22.ltrans.o
                0x00002f3c                vQueueWaitForMessageRestricted
 .text.xTaskCreate
                0x00002fa8       0x84 C:\Users\ALEJAN~1\AppData\Local\Temp\cc2Tn2ZM.ltrans22.ltrans.o
                0x00002fa8                xTaskCreate
 .text.prvInitialiseNewTask.5178.4136
                0x0000302c      0x124 C:\Users\ALEJAN~1\AppData\Local\Temp\cc2Tn2ZM.ltrans22.ltrans.o
 .text.prvAddNewTaskToReadyList.5315.4104
                0x00003150       0xdc C:\Users\ALEJAN~1\AppData\Local\Temp\cc2Tn2ZM.ltrans22.ltrans.o
 .text.vTaskDelay
                0x0000322c       0x64 C:\Users\ALEJAN~1\AppData\Local\Temp\cc2Tn2ZM.ltrans22.ltrans.o
                0x0000322c                vTaskDelay
 .text.vTaskStartScheduler
                0x00003290       0x94 C:\Users\ALEJAN~1\AppData\Local\Temp\cc2Tn2ZM.ltrans22.ltrans.o
                0x00003290                vTaskStartScheduler
 .text.vTaskSuspendAll
                0x00003324       0x1c C:\Users\ALEJAN~1\AppData\Local\Temp\cc2Tn2ZM.ltrans22.ltrans.o
                0x00003324                vTaskSuspendAll
 .text.xTaskResumeAll
                0x00003340      0x138 C:\Users\ALEJAN~1\AppData\Local\Temp\cc2Tn2ZM.ltrans22.ltrans.o
                0x00003340                xTaskResumeAll
 .text.xTaskGetTickCount
                0x00003478       0x20 C:\Users\ALEJAN~1\AppData\Local\Temp\cc2Tn2ZM.ltrans22.ltrans.o
                0x00003478                xTaskGetTickCount
 .text.vPortEnterCritical
                0x00003498       0x5c C:\Users\ALEJAN~1\AppData\Local\Temp\cc2Tn2ZM.ltrans23.ltrans.o
                0x00003498                vPortEnterCritical
 .text.vPortExitCritical
                0x000034f4       0x4c C:\Users\ALEJAN~1\AppData\Local\Temp\cc2Tn2ZM.ltrans23.ltrans.o
                0x000034f4                vPortExitCritical
 .text.PendSV_Handler
                0x00003540       0x70 C:\Users\ALEJAN~1\AppData\Local\Temp\cc2Tn2ZM.ltrans23.ltrans.o
                0x00003540                PendSV_Handler
 .text.SysTick_Handler
                0x000035b0       0x40 C:\Users\ALEJAN~1\AppData\Local\Temp\cc2Tn2ZM.ltrans23.ltrans.o
                0x000035b0                SysTick_Handler
 .text.vPortEnableVFP.4758
                0x000035f0       0x14 C:\Users\ALEJAN~1\AppData\Local\Temp\cc2Tn2ZM.ltrans23.ltrans.o
                0x000035f0                vPortEnableVFP.4758
 .text.vPortValidateInterruptPriority
                0x00003604       0x78 C:\Users\ALEJAN~1\AppData\Local\Temp\cc2Tn2ZM.ltrans23.ltrans.o
                0x00003604                vPortValidateInterruptPriority
 .text.vListInitialise
                0x0000367c       0x40 C:\Users\ALEJAN~1\AppData\Local\Temp\cc2Tn2ZM.ltrans23.ltrans.o
                0x0000367c                vListInitialise
 .text.vListInitialiseItem
                0x000036bc       0x18 C:\Users\ALEJAN~1\AppData\Local\Temp\cc2Tn2ZM.ltrans23.ltrans.o
                0x000036bc                vListInitialiseItem
 .text.vListInsertEnd
                0x000036d4       0x48 C:\Users\ALEJAN~1\AppData\Local\Temp\cc2Tn2ZM.ltrans23.ltrans.o
                0x000036d4                vListInsertEnd
 .text.vListInsert
                0x0000371c       0x70 C:\Users\ALEJAN~1\AppData\Local\Temp\cc2Tn2ZM.ltrans23.ltrans.o
                0x0000371c                vListInsert
 .text.uxListRemove
                0x0000378c       0x54 C:\Users\ALEJAN~1\AppData\Local\Temp\cc2Tn2ZM.ltrans23.ltrans.o
                0x0000378c                uxListRemove
 .text.xQueueGenericReset.4126
                0x000037e0       0xd0 C:\Users\ALEJAN~1\AppData\Local\Temp\cc2Tn2ZM.ltrans23.ltrans.o
 .text.xQueueGenericCreate
                0x000038b0       0x70 C:\Users\ALEJAN~1\AppData\Local\Temp\cc2Tn2ZM.ltrans23.ltrans.o
                0x000038b0                xQueueGenericCreate
 .text.prvInitialiseNewQueue.4946.4114
                0x00003920       0x44 C:\Users\ALEJAN~1\AppData\Local\Temp\cc2Tn2ZM.ltrans23.ltrans.o
 .text.xQueueCreateCountingSemaphore
                0x00003964       0x64 C:\Users\ALEJAN~1\AppData\Local\Temp\cc2Tn2ZM.ltrans23.ltrans.o
                0x00003964                xQueueCreateCountingSemaphore
 .text.xQueueGenericSend
                0x000039c8      0x1fc C:\Users\ALEJAN~1\AppData\Local\Temp\cc2Tn2ZM.ltrans23.ltrans.o
                0x000039c8                xQueueGenericSend
 .text.xQueueGenericSendFromISR
                0x00003bc4      0x128 C:\Users\ALEJAN~1\AppData\Local\Temp\cc2Tn2ZM.ltrans23.ltrans.o
                0x00003bc4                xQueueGenericSendFromISR
 .text.xQueueGiveFromISR
                0x00003cec      0x114 C:\Users\ALEJAN~1\AppData\Local\Temp\cc2Tn2ZM.ltrans23.ltrans.o
                0x00003cec                xQueueGiveFromISR
 .text.xQueueGenericReceive
                0x00003e00      0x22c C:\Users\ALEJAN~1\AppData\Local\Temp\cc2Tn2ZM.ltrans23.ltrans.o
                0x00003e00                xQueueGenericReceive
 .text.SystemInit
                0x0000402c       0x3c C:\Users\ALEJAN~1\AppData\Local\Temp\cc2Tn2ZM.ltrans24.ltrans.o
                0x0000402c                SystemInit
 .text.NVIC_EnableIRQ.4506.4126
                0x00004068       0x30 C:\Users\ALEJAN~1\AppData\Local\Temp\cc2Tn2ZM.ltrans24.ltrans.o
 .text.NVIC_SetPriority.4512.4120
                0x00004098       0x54 C:\Users\ALEJAN~1\AppData\Local\Temp\cc2Tn2ZM.ltrans24.ltrans.o
 .text.GPIO_WritePinOutput.4518.4115
                0x000040ec       0x34 C:\Users\ALEJAN~1\AppData\Local\Temp\cc2Tn2ZM.ltrans24.ltrans.o
 .text.PORT_SetPinMux.4533.4108
                0x00004120       0x38 C:\Users\ALEJAN~1\AppData\Local\Temp\cc2Tn2ZM.ltrans24.ltrans.o
 .text.PORT_SetPinInterruptConfig.4551.4088
                0x00004158       0x38 C:\Users\ALEJAN~1\AppData\Local\Temp\cc2Tn2ZM.ltrans24.ltrans.o
 .text.PORTA_IRQHandler
                0x00004190       0x84 C:\Users\ALEJAN~1\AppData\Local\Temp\cc2Tn2ZM.ltrans24.ltrans.o
                0x00004190                PORTA_IRQHandler
 .text.main     0x00004214      0x210 C:\Users\ALEJAN~1\AppData\Local\Temp\cc2Tn2ZM.ltrans24.ltrans.o
                0x00004214                main
 .text.GPIO_TogglePinsOutput.4638.4070
                0x00004424       0x1c C:\Users\ALEJAN~1\AppData\Local\Temp\cc2Tn2ZM.ltrans24.ltrans.o
 .text.blue_task.4067
                0x00004440       0x94 C:\Users\ALEJAN~1\AppData\Local\Temp\cc2Tn2ZM.ltrans24.ltrans.o
 .text.green_task.4064
                0x000044d4       0x94 C:\Users\ALEJAN~1\AppData\Local\Temp\cc2Tn2ZM.ltrans24.ltrans.o
 .text.red_task.4060
                0x00004568       0x94 C:\Users\ALEJAN~1\AppData\Local\Temp\cc2Tn2ZM.ltrans24.ltrans.o
 .text.pvPortMalloc
                0x000045fc      0x184 C:\Users\ALEJAN~1\AppData\Local\Temp\cc2Tn2ZM.ltrans24.ltrans.o
                0x000045fc                pvPortMalloc
 .text.vPortFree
                0x00004780       0xb0 C:\Users\ALEJAN~1\AppData\Local\Temp\cc2Tn2ZM.ltrans24.ltrans.o
                0x00004780                vPortFree
 .text.prvHeapInit.4685.4046
                0x00004830       0xc4 C:\Users\ALEJAN~1\AppData\Local\Temp\cc2Tn2ZM.ltrans24.ltrans.o
 .text.prvInsertBlockIntoFreeList.4687.4037
                0x000048f4       0xb0 C:\Users\ALEJAN~1\AppData\Local\Temp\cc2Tn2ZM.ltrans24.ltrans.o
 .text.vPortSetupTimerInterrupt.4034
                0x000049a4       0x40 C:\Users\ALEJAN~1\AppData\Local\Temp\cc2Tn2ZM.ltrans24.ltrans.o
 .text.pxPortInitialiseStack
                0x000049e4       0x68 C:\Users\ALEJAN~1\AppData\Local\Temp\cc2Tn2ZM.ltrans24.ltrans.o
                0x000049e4                pxPortInitialiseStack
 .text.prvTaskExitError.4732.4022
                0x00004a4c       0x3c C:\Users\ALEJAN~1\AppData\Local\Temp\cc2Tn2ZM.ltrans24.ltrans.o
 *fill*         0x00004a88        0x8 
 .text.SVC_Handler
                0x00004a90       0x30 C:\Users\ALEJAN~1\AppData\Local\Temp\cc2Tn2ZM.ltrans24.ltrans.o
                0x00004a90                SVC_Handler
 .text.prvPortStartFirstTask.4746.4018
                0x00004ac0       0x20 C:\Users\ALEJAN~1\AppData\Local\Temp\cc2Tn2ZM.ltrans24.ltrans.o
 .text.xPortStartScheduler
                0x00004ae0      0x118 C:\Users\ALEJAN~1\AppData\Local\Temp\cc2Tn2ZM.ltrans24.ltrans.o
                0x00004ae0                xPortStartScheduler
 .text.UART_EnableTx.4013.4241
                0x00004bf8       0x40 C:\Users\ALEJAN~1\AppData\Local\Temp\cc2Tn2ZM.ltrans25.ltrans.o
 .text.UART_EnableRx.4058.4237
                0x00004c38       0x40 C:\Users\ALEJAN~1\AppData\Local\Temp\cc2Tn2ZM.ltrans25.ltrans.o
 .text.DbgConsole_Init
                0x00004c78       0x8c C:\Users\ALEJAN~1\AppData\Local\Temp\cc2Tn2ZM.ltrans25.ltrans.o
                0x00004c78                DbgConsole_Init
 .text.DbgConsole_Printf
                0x00004d04       0x40 C:\Users\ALEJAN~1\AppData\Local\Temp\cc2Tn2ZM.ltrans25.ltrans.o
                0x00004d04                DbgConsole_Printf
 .text.DbgConsole_Putchar.4174
                0x00004d44       0x38 C:\Users\ALEJAN~1\AppData\Local\Temp\cc2Tn2ZM.ltrans25.ltrans.o
 .text.DbgConsole_PrintfPaddingCharacter.4087.4159
                0x00004d7c       0x40 C:\Users\ALEJAN~1\AppData\Local\Temp\cc2Tn2ZM.ltrans25.ltrans.o
 .text.DbgConsole_ConvertRadixNumToString.4095.4152
                0x00004dbc      0x114 C:\Users\ALEJAN~1\AppData\Local\Temp\cc2Tn2ZM.ltrans25.ltrans.o
 .text.DbgConsole_PrintfFormattedData.4102.4146
                0x00004ed0      0x368 C:\Users\ALEJAN~1\AppData\Local\Temp\cc2Tn2ZM.ltrans25.ltrans.o
 .text.memcpy   0x00005238       0x12 c:/freescale/kds_v3/toolchain/bin/../lib/gcc/arm-none-eabi/4.8.4/../../../../arm-none-eabi/lib/armv7e-m/fpu\libg_s.a(lib_a-memcpy-stub.o)
                0x00005238                memcpy
 .text.strlen   0x0000524a       0x10 c:/freescale/kds_v3/toolchain/bin/../lib/gcc/arm-none-eabi/4.8.4/../../../../arm-none-eabi/lib/armv7e-m/fpu\libg_s.a(lib_a-strlen.o)
                0x0000524a                strlen
 *fill*         0x0000525a        0x2 
 .text.exit     0x0000525c       0x28 c:/freescale/kds_v3/toolchain/bin/../lib/gcc/arm-none-eabi/4.8.4/../../../../arm-none-eabi/lib/armv7e-m/fpu\libg_s.a(lib_a-exit.o)
                0x0000525c                exit
 .text.__libc_init_array
                0x00005284       0x4c c:/freescale/kds_v3/toolchain/bin/../lib/gcc/arm-none-eabi/4.8.4/../../../../arm-none-eabi/lib/armv7e-m/fpu\libg_s.a(lib_a-init.o)
                0x00005284                __libc_init_array
 .text.memset   0x000052d0       0x10 c:/freescale/kds_v3/toolchain/bin/../lib/gcc/arm-none-eabi/4.8.4/../../../../arm-none-eabi/lib/armv7e-m/fpu\libg_s.a(lib_a-memset.o)
                0x000052d0                memset
 .text._exit    0x000052e0        0x4 c:/freescale/kds_v3/toolchain/bin/../lib/gcc/arm-none-eabi/4.8.4/../../../../arm-none-eabi/lib/armv7e-m/fpu\libnosys.a(_exit.o)
                0x000052e0                _exit
 *(.rodata)
 .rodata        0x000052e4      0x168 C:\Users\ALEJAN~1\AppData\Local\Temp\cc2Tn2ZM.ltrans0.ltrans.o
 .rodata        0x0000544c       0x84 C:\Users\ALEJAN~1\AppData\Local\Temp\cc2Tn2ZM.ltrans1.ltrans.o
 .rodata        0x000054d0      0x2e0 C:\Users\ALEJAN~1\AppData\Local\Temp\cc2Tn2ZM.ltrans2.ltrans.o
 .rodata        0x000057b0       0x48 C:\Users\ALEJAN~1\AppData\Local\Temp\cc2Tn2ZM.ltrans4.ltrans.o
 .rodata        0x000057f8      0x144 C:\Users\ALEJAN~1\AppData\Local\Temp\cc2Tn2ZM.ltrans8.ltrans.o
 .rodata        0x0000593c      0x1fc C:\Users\ALEJAN~1\AppData\Local\Temp\cc2Tn2ZM.ltrans9.ltrans.o
 .rodata        0x00005b38      0x220 C:\Users\ALEJAN~1\AppData\Local\Temp\cc2Tn2ZM.ltrans13.ltrans.o
 .rodata        0x00005d58      0x150 C:\Users\ALEJAN~1\AppData\Local\Temp\cc2Tn2ZM.ltrans15.ltrans.o
 .rodata        0x00005ea8      0x140 C:\Users\ALEJAN~1\AppData\Local\Temp\cc2Tn2ZM.ltrans17.ltrans.o
 .rodata        0x00005fe8      0x1a0 C:\Users\ALEJAN~1\AppData\Local\Temp\cc2Tn2ZM.ltrans18.ltrans.o
 .rodata        0x00006188       0x2c C:\Users\ALEJAN~1\AppData\Local\Temp\cc2Tn2ZM.ltrans19.ltrans.o
 .rodata        0x000061b4       0xac C:\Users\ALEJAN~1\AppData\Local\Temp\cc2Tn2ZM.ltrans20.ltrans.o
 .rodata        0x00006260        0x8 C:\Users\ALEJAN~1\AppData\Local\Temp\cc2Tn2ZM.ltrans21.ltrans.o
 .rodata        0x00006268        0x8 C:\Users\ALEJAN~1\AppData\Local\Temp\cc2Tn2ZM.ltrans22.ltrans.o
 .rodata        0x00006270       0x38 C:\Users\ALEJAN~1\AppData\Local\Temp\cc2Tn2ZM.ltrans24.ltrans.o
 *(.rodata*)
 .rodata.__func__.6530.6136
                0x000062a8       0x18 C:\Users\ALEJAN~1\AppData\Local\Temp\cc2Tn2ZM.ltrans0.ltrans.o
                0x000062a8                __func__.6530.6136
 .rodata.fllFactorTable.6658.6142
                0x000062c0       0x10 C:\Users\ALEJAN~1\AppData\Local\Temp\cc2Tn2ZM.ltrans0.ltrans.o
                0x000062c0                fllFactorTable.6658.6142
 .rodata.__func__.6673.6145
                0x000062d0       0x14 C:\Users\ALEJAN~1\AppData\Local\Temp\cc2Tn2ZM.ltrans0.ltrans.o
                0x000062d0                __func__.6673.6145
 .rodata.__func__.6721.6146
                0x000062e4       0x14 C:\Users\ALEJAN~1\AppData\Local\Temp\cc2Tn2ZM.ltrans0.ltrans.o
                0x000062e4                __func__.6721.6146
 .rodata.__func__.6857.6148
                0x000062f8       0x14 C:\Users\ALEJAN~1\AppData\Local\Temp\cc2Tn2ZM.ltrans0.ltrans.o
                0x000062f8                __func__.6857.6148
 .rodata.__func__.6921.6149
                0x0000630c       0x14 C:\Users\ALEJAN~1\AppData\Local\Temp\cc2Tn2ZM.ltrans0.ltrans.o
                0x0000630c                __func__.6921.6149
 .rodata.__func__.7196.7290
                0x00006320       0x18 C:\Users\ALEJAN~1\AppData\Local\Temp\cc2Tn2ZM.ltrans0.ltrans.o
                0x00006320                __func__.7196.7290
 .rodata.__func__.7200.7291
                0x00006338       0x18 C:\Users\ALEJAN~1\AppData\Local\Temp\cc2Tn2ZM.ltrans0.ltrans.o
                0x00006338                __func__.7200.7291
 .rodata.__func__.7204.7292
                0x00006350       0x18 C:\Users\ALEJAN~1\AppData\Local\Temp\cc2Tn2ZM.ltrans0.ltrans.o
                0x00006350                __func__.7204.7292
 .rodata.__func__.7008.8203
                0x00006368       0x10 C:\Users\ALEJAN~1\AppData\Local\Temp\cc2Tn2ZM.ltrans0.ltrans.o
                0x00006368                __func__.7008.8203
 .rodata.__func__.7073.9551
                0x00006378       0x18 C:\Users\ALEJAN~1\AppData\Local\Temp\cc2Tn2ZM.ltrans0.ltrans.o
                0x00006378                __func__.7073.9551
 .rodata.s_portBases.9866
                0x00006390       0x14 C:\Users\ALEJAN~1\AppData\Local\Temp\cc2Tn2ZM.ltrans0.ltrans.o
                0x00006390                s_portBases.9866
 .rodata.s_gpioBases.9863
                0x000063a4       0x14 C:\Users\ALEJAN~1\AppData\Local\Temp\cc2Tn2ZM.ltrans0.ltrans.o
                0x000063a4                s_gpioBases.9863
 .rodata.__func__.6548.9864
                0x000063b8       0x14 C:\Users\ALEJAN~1\AppData\Local\Temp\cc2Tn2ZM.ltrans0.ltrans.o
                0x000063b8                __func__.6548.9864
 .rodata.__func__.6554.9865
                0x000063cc       0x10 C:\Users\ALEJAN~1\AppData\Local\Temp\cc2Tn2ZM.ltrans0.ltrans.o
                0x000063cc                __func__.6554.9865
 .rodata.__func__.7057.11464
                0x000063dc       0x1c C:\Users\ALEJAN~1\AppData\Local\Temp\cc2Tn2ZM.ltrans0.ltrans.o
                0x000063dc                __func__.7057.11464
 .rodata.__func__.7061.11465
                0x000063f8       0x1c C:\Users\ALEJAN~1\AppData\Local\Temp\cc2Tn2ZM.ltrans0.ltrans.o
                0x000063f8                __func__.7061.11465
 .rodata.__func__.7245.12150
                0x00006414       0x18 C:\Users\ALEJAN~1\AppData\Local\Temp\cc2Tn2ZM.ltrans0.ltrans.o
                0x00006414                __func__.7245.12150
 .rodata.s_uartBases.12605
                0x0000642c       0x18 C:\Users\ALEJAN~1\AppData\Local\Temp\cc2Tn2ZM.ltrans0.ltrans.o
                0x0000642c                s_uartBases.12605
 .rodata.s_uartClock.12610
                0x00006444       0x18 C:\Users\ALEJAN~1\AppData\Local\Temp\cc2Tn2ZM.ltrans0.ltrans.o
                0x00006444                s_uartClock.12610
 .rodata.__func__.6729.12606
                0x0000645c       0x14 C:\Users\ALEJAN~1\AppData\Local\Temp\cc2Tn2ZM.ltrans0.ltrans.o
                0x0000645c                __func__.6729.12606
 .rodata.__func__.6745.12609
                0x00006470        0xc C:\Users\ALEJAN~1\AppData\Local\Temp\cc2Tn2ZM.ltrans0.ltrans.o
                0x00006470                __func__.6745.12609
 .rodata.__func__.6763.12611
                0x0000647c       0x18 C:\Users\ALEJAN~1\AppData\Local\Temp\cc2Tn2ZM.ltrans0.ltrans.o
                0x0000647c                __func__.6763.12611
 .rodata.__func__.6823.12614
                0x00006494       0x14 C:\Users\ALEJAN~1\AppData\Local\Temp\cc2Tn2ZM.ltrans0.ltrans.o
                0x00006494                __func__.6823.12614
 .rodata.str1.1
                0x000064a8        0x2 c:/freescale/kds_v3/toolchain/bin/../lib/gcc/arm-none-eabi/4.8.4/../../../../arm-none-eabi/lib/armv7e-m/fpu\libg_s.a(lib_a-impure.o)
 *fill*         0x000064aa        0x2 
 .rodata._global_impure_ptr
                0x000064ac        0x4 c:/freescale/kds_v3/toolchain/bin/../lib/gcc/arm-none-eabi/4.8.4/../../../../arm-none-eabi/lib/armv7e-m/fpu\libg_s.a(lib_a-impure.o)
                0x000064ac                _global_impure_ptr
 *(.glue_7)
 .glue_7        0x00000000        0x0 linker stubs
 *(.glue_7t)
 .glue_7t       0x00000000        0x0 linker stubs
 *(.eh_frame)
 .eh_frame      0x000064b0        0x0 c:/freescale/kds_v3/toolchain/bin/../lib/gcc/arm-none-eabi/4.8.4/armv7e-m/fpu/crtbegin.o
 *(.init)
 .init          0x000064b0        0x4 c:/freescale/kds_v3/toolchain/bin/../lib/gcc/arm-none-eabi/4.8.4/armv7e-m/fpu/crti.o
                0x000064b0                _init
 .init          0x000064b4        0x8 c:/freescale/kds_v3/toolchain/bin/../lib/gcc/arm-none-eabi/4.8.4/armv7e-m/fpu/crtn.o
 *(.fini)
 .fini          0x000064bc        0x4 c:/freescale/kds_v3/toolchain/bin/../lib/gcc/arm-none-eabi/4.8.4/armv7e-m/fpu/crti.o
                0x000064bc                _fini
 .fini          0x000064c0        0x8 c:/freescale/kds_v3/toolchain/bin/../lib/gcc/arm-none-eabi/4.8.4/armv7e-m/fpu/crtn.o
                0x000064c8                . = ALIGN (0x4)

.vfp11_veneer   0x000064c8        0x0
 .vfp11_veneer  0x00000000        0x0 linker stubs

.v4_bx          0x000064c8        0x0
 .v4_bx         0x00000000        0x0 linker stubs

.iplt           0x000064c8        0x0
 .iplt          0x00000000        0x0 c:/freescale/kds_v3/toolchain/bin/../lib/gcc/arm-none-eabi/4.8.4/armv7e-m/fpu/crtbegin.o

.ARM.extab
 *(.ARM.extab* .gnu.linkonce.armextab.*)

.ARM            0x000064c8        0x8
                0x000064c8                __exidx_start = .
 *(.ARM.exidx*)
 .ARM.exidx     0x000064c8        0x8 c:/freescale/kds_v3/toolchain/bin/../lib/gcc/arm-none-eabi/4.8.4/../../../../arm-none-eabi/lib/armv7e-m/fpu/crt0.o
                0x000064d0                __exidx_end = .

.rel.dyn        0x000064d0        0x0
 .rel.iplt      0x00000000        0x0 c:/freescale/kds_v3/toolchain/bin/../lib/gcc/arm-none-eabi/4.8.4/armv7e-m/fpu/crtbegin.o

.ctors          0x000064d0        0x0
                0x000064d0                __CTOR_LIST__ = .
 *crtbegin.o(.ctors)
 *crtbegin?.o(.ctors)
 *(EXCLUDE_FILE(*crtend.o *crtend?.o) .ctors)
 *(SORT(.ctors.*))
 *(.ctors)
                0x000064d0                __CTOR_END__ = .

.dtors          0x000064d0        0x0
                0x000064d0                __DTOR_LIST__ = .
 *crtbegin.o(.dtors)
 *crtbegin?.o(.dtors)
 *(EXCLUDE_FILE(*crtend.o *crtend?.o) .dtors)
 *(SORT(.dtors.*))
 *(.dtors)
                0x000064d0                __DTOR_END__ = .

.preinit_array  0x000064d0        0x0
                0x000064d0                PROVIDE (__preinit_array_start, .)
 *(.preinit_array*)
                0x000064d0                PROVIDE (__preinit_array_end, .)

.init_array     0x000064d0        0x4
                0x000064d0                PROVIDE (__init_array_start, .)
 *(SORT(.init_array.*))
 *(.init_array*)
 .init_array    0x000064d0        0x4 c:/freescale/kds_v3/toolchain/bin/../lib/gcc/arm-none-eabi/4.8.4/armv7e-m/fpu/crtbegin.o
                0x000064d4                PROVIDE (__init_array_end, .)

.fini_array     0x000064d4        0x4
                0x000064d4                PROVIDE (__fini_array_start, .)
 *(SORT(.fini_array.*))
 *(.fini_array*)
 .fini_array    0x000064d4        0x4 c:/freescale/kds_v3/toolchain/bin/../lib/gcc/arm-none-eabi/4.8.4/armv7e-m/fpu/crtbegin.o
                0x000064d8                PROVIDE (__fini_array_end, .)
                0x000064d8                __etext = .
                0x000064d8                __DATA_ROM = .

.interrupts_ram
                0x1fff0000        0x0
                0x1fff0000                . = ALIGN (0x4)
                0x1fff0000                __VECTOR_RAM__ = .
                0x1fff0000                __interrupts_ram_start__ = .
 *(.m_interrupts_ram)
                0x1fff0000                . = (. + M_VECTOR_RAM_SIZE)
                0x1fff0000                . = ALIGN (0x4)
                0x1fff0000                __interrupts_ram_end__ = .
                0x00000000                __VECTOR_RAM = DEFINED (__ram_vector_table__)?__VECTOR_RAM__:ORIGIN (m_interrupts)
                0x00000000                __RAM_VECTOR_TABLE_SIZE_BYTES = DEFINED (__ram_vector_table__)?(__interrupts_ram_end__ - __interrupts_ram_start__):0x0

.data           0x1fff0000       0x74 load address 0x000064d8
                0x1fff0000                . = ALIGN (0x4)
                0x1fff0000                __DATA_RAM = .
                0x1fff0000                __data_start__ = .
 *(.data)
 *(.data*)
 .data.SystemCoreClock
                0x1fff0000        0x4 C:\Users\ALEJAN~1\AppData\Local\Temp\cc2Tn2ZM.ltrans0.ltrans.o
                0x1fff0000                SystemCoreClock
 .data.uxCriticalNesting.4767
                0x1fff0004        0x4 C:\Users\ALEJAN~1\AppData\Local\Temp\cc2Tn2ZM.ltrans0.ltrans.o
                0x1fff0004                uxCriticalNesting.4767
 .data.s_slowIrcFreq.6138
                0x1fff0008        0x4 C:\Users\ALEJAN~1\AppData\Local\Temp\cc2Tn2ZM.ltrans0.ltrans.o
                0x1fff0008                s_slowIrcFreq.6138
 .data.s_fastIrcFreq.6139
                0x1fff000c        0x4 C:\Users\ALEJAN~1\AppData\Local\Temp\cc2Tn2ZM.ltrans0.ltrans.o
                0x1fff000c                s_fastIrcFreq.6139
 .data.impure_data
                0x1fff0010       0x60 c:/freescale/kds_v3/toolchain/bin/../lib/gcc/arm-none-eabi/4.8.4/../../../../arm-none-eabi/lib/armv7e-m/fpu\libg_s.a(lib_a-impure.o)
 *(.jcr*)
 .jcr           0x1fff0070        0x0 c:/freescale/kds_v3/toolchain/bin/../lib/gcc/arm-none-eabi/4.8.4/armv7e-m/fpu/crtbegin.o
 .jcr           0x1fff0070        0x4 c:/freescale/kds_v3/toolchain/bin/../lib/gcc/arm-none-eabi/4.8.4/armv7e-m/fpu/crtend.o
                0x1fff0074                . = ALIGN (0x4)
                0x1fff0074                __data_end__ = .
                0x0000654c                __DATA_END = (__DATA_ROM + (__data_end__ - __data_start__))
                0x00100000                text_end = (ORIGIN (m_text) + 0xffbf0)
                0x00000001                ASSERT ((__DATA_END <= text_end), region m_text overflowed with text and data)
                0x00000000                USB_RAM_GAP = DEFINED (__usb_ram_size__)?__usb_ram_size__:0x0

.igot.plt       0x1fff0074        0x0 load address 0x0000654c
 .igot.plt      0x00000000        0x0 c:/freescale/kds_v3/toolchain/bin/../lib/gcc/arm-none-eabi/4.8.4/armv7e-m/fpu/crtbegin.o

.bss            0x1fff0074     0x2b8c load address 0x0000654c
                0x1fff0074                . = ALIGN (0x4)
                0x1fff0074                __START_BSS = .
                0x1fff0074                __bss_start__ = .
 *(.bss)
 .bss           0x1fff0074       0x1c c:/freescale/kds_v3/toolchain/bin/../lib/gcc/arm-none-eabi/4.8.4/armv7e-m/fpu/crtbegin.o
 *(.bss*)
 .bss.s_debugConsole.4148
                0x1fff0090       0x10 C:\Users\ALEJAN~1\AppData\Local\Temp\cc2Tn2ZM.ltrans0.ltrans.o
                0x1fff0090                s_debugConsole.4148
 .bss.xCountingSemaphore_blue
                0x1fff00a0        0x4 C:\Users\ALEJAN~1\AppData\Local\Temp\cc2Tn2ZM.ltrans0.ltrans.o
                0x1fff00a0                xCountingSemaphore_blue
 .bss.xCountingSemaphore_green
                0x1fff00a4        0x4 C:\Users\ALEJAN~1\AppData\Local\Temp\cc2Tn2ZM.ltrans0.ltrans.o
                0x1fff00a4                xCountingSemaphore_green
 .bss.xCountingSemaphore_red
                0x1fff00a8        0x4 C:\Users\ALEJAN~1\AppData\Local\Temp\cc2Tn2ZM.ltrans0.ltrans.o
                0x1fff00a8                xCountingSemaphore_red
 .bss.xBinarySemaphore_blue
                0x1fff00ac        0x4 C:\Users\ALEJAN~1\AppData\Local\Temp\cc2Tn2ZM.ltrans0.ltrans.o
                0x1fff00ac                xBinarySemaphore_blue
 .bss.xBinarySemaphore_green
                0x1fff00b0        0x4 C:\Users\ALEJAN~1\AppData\Local\Temp\cc2Tn2ZM.ltrans0.ltrans.o
                0x1fff00b0                xBinarySemaphore_green
 .bss.xBinarySemaphore_red
                0x1fff00b4        0x4 C:\Users\ALEJAN~1\AppData\Local\Temp\cc2Tn2ZM.ltrans0.ltrans.o
                0x1fff00b4                xBinarySemaphore_red
 .bss.counter.4592
                0x1fff00b8        0x1 C:\Users\ALEJAN~1\AppData\Local\Temp\cc2Tn2ZM.ltrans0.ltrans.o
                0x1fff00b8                counter.4592
 *fill*         0x1fff00b9        0x3 
 .bss.ucHeap.4705
                0x1fff00bc     0x2800 C:\Users\ALEJAN~1\AppData\Local\Temp\cc2Tn2ZM.ltrans0.ltrans.o
                0x1fff00bc                ucHeap.4705
 .bss.xStart.4708
                0x1fff28bc        0x8 C:\Users\ALEJAN~1\AppData\Local\Temp\cc2Tn2ZM.ltrans0.ltrans.o
                0x1fff28bc                xStart.4708
 .bss.pxEnd.4709
                0x1fff28c4        0x4 C:\Users\ALEJAN~1\AppData\Local\Temp\cc2Tn2ZM.ltrans0.ltrans.o
                0x1fff28c4                pxEnd.4709
 .bss.xFreeBytesRemaining.4703
                0x1fff28c8        0x4 C:\Users\ALEJAN~1\AppData\Local\Temp\cc2Tn2ZM.ltrans0.ltrans.o
                0x1fff28c8                xFreeBytesRemaining.4703
 .bss.xMinimumEverFreeBytesRemaining.4704
                0x1fff28cc        0x4 C:\Users\ALEJAN~1\AppData\Local\Temp\cc2Tn2ZM.ltrans0.ltrans.o
                0x1fff28cc                xMinimumEverFreeBytesRemaining.4704
 .bss.xBlockAllocatedBit.4710
                0x1fff28d0        0x4 C:\Users\ALEJAN~1\AppData\Local\Temp\cc2Tn2ZM.ltrans0.ltrans.o
                0x1fff28d0                xBlockAllocatedBit.4710
 .bss.ucMaxSysCallPriority.4769
                0x1fff28d4        0x1 C:\Users\ALEJAN~1\AppData\Local\Temp\cc2Tn2ZM.ltrans0.ltrans.o
                0x1fff28d4                ucMaxSysCallPriority.4769
 *fill*         0x1fff28d5        0x3 
 .bss.ulMaxPRIGROUPValue.4772
                0x1fff28d8        0x4 C:\Users\ALEJAN~1\AppData\Local\Temp\cc2Tn2ZM.ltrans0.ltrans.o
                0x1fff28d8                ulMaxPRIGROUPValue.4772
 .bss.xQueueRegistry
                0x1fff28dc       0x40 C:\Users\ALEJAN~1\AppData\Local\Temp\cc2Tn2ZM.ltrans0.ltrans.o
                0x1fff28dc                xQueueRegistry
 .bss.pxCurrentTCB
                0x1fff291c        0x4 C:\Users\ALEJAN~1\AppData\Local\Temp\cc2Tn2ZM.ltrans0.ltrans.o
                0x1fff291c                pxCurrentTCB
 .bss.pxReadyTasksLists.5472
                0x1fff2920       0x64 C:\Users\ALEJAN~1\AppData\Local\Temp\cc2Tn2ZM.ltrans0.ltrans.o
                0x1fff2920                pxReadyTasksLists.5472
 .bss.xDelayedTaskList1.5481
                0x1fff2984       0x14 C:\Users\ALEJAN~1\AppData\Local\Temp\cc2Tn2ZM.ltrans0.ltrans.o
                0x1fff2984                xDelayedTaskList1.5481
 .bss.xDelayedTaskList2.5482
                0x1fff2998       0x14 C:\Users\ALEJAN~1\AppData\Local\Temp\cc2Tn2ZM.ltrans0.ltrans.o
                0x1fff2998                xDelayedTaskList2.5482
 .bss.pxDelayedTaskList.5468
                0x1fff29ac        0x4 C:\Users\ALEJAN~1\AppData\Local\Temp\cc2Tn2ZM.ltrans0.ltrans.o
                0x1fff29ac                pxDelayedTaskList.5468
 .bss.pxOverflowDelayedTaskList.5469
                0x1fff29b0        0x4 C:\Users\ALEJAN~1\AppData\Local\Temp\cc2Tn2ZM.ltrans0.ltrans.o
                0x1fff29b0                pxOverflowDelayedTaskList.5469
 .bss.xPendingReadyList.5474
                0x1fff29b4       0x14 C:\Users\ALEJAN~1\AppData\Local\Temp\cc2Tn2ZM.ltrans0.ltrans.o
                0x1fff29b4                xPendingReadyList.5474
 .bss.xTasksWaitingTermination.5471
                0x1fff29c8       0x14 C:\Users\ALEJAN~1\AppData\Local\Temp\cc2Tn2ZM.ltrans0.ltrans.o
                0x1fff29c8                xTasksWaitingTermination.5471
 .bss.uxDeletedTasksWaitingCleanUp.5486
                0x1fff29dc        0x4 C:\Users\ALEJAN~1\AppData\Local\Temp\cc2Tn2ZM.ltrans0.ltrans.o
                0x1fff29dc                uxDeletedTasksWaitingCleanUp.5486
 .bss.xSuspendedTaskList.5470
                0x1fff29e0       0x14 C:\Users\ALEJAN~1\AppData\Local\Temp\cc2Tn2ZM.ltrans0.ltrans.o
                0x1fff29e0                xSuspendedTaskList.5470
 .bss.uxCurrentNumberOfTasks.5478
                0x1fff29f4        0x4 C:\Users\ALEJAN~1\AppData\Local\Temp\cc2Tn2ZM.ltrans0.ltrans.o
                0x1fff29f4                uxCurrentNumberOfTasks.5478
 .bss.xTickCount.5477
                0x1fff29f8        0x4 C:\Users\ALEJAN~1\AppData\Local\Temp\cc2Tn2ZM.ltrans0.ltrans.o
                0x1fff29f8                xTickCount.5477
 .bss.uxTopReadyPriority.5473
                0x1fff29fc        0x4 C:\Users\ALEJAN~1\AppData\Local\Temp\cc2Tn2ZM.ltrans0.ltrans.o
                0x1fff29fc                uxTopReadyPriority.5473
 .bss.xSchedulerRunning.5476
                0x1fff2a00        0x4 C:\Users\ALEJAN~1\AppData\Local\Temp\cc2Tn2ZM.ltrans0.ltrans.o
                0x1fff2a00                xSchedulerRunning.5476
 .bss.uxPendedTicks.5487
                0x1fff2a04        0x4 C:\Users\ALEJAN~1\AppData\Local\Temp\cc2Tn2ZM.ltrans0.ltrans.o
                0x1fff2a04                uxPendedTicks.5487
 .bss.xYieldPending.5479
                0x1fff2a08        0x4 C:\Users\ALEJAN~1\AppData\Local\Temp\cc2Tn2ZM.ltrans0.ltrans.o
                0x1fff2a08                xYieldPending.5479
 .bss.xNumOfOverflows.5480
                0x1fff2a0c        0x4 C:\Users\ALEJAN~1\AppData\Local\Temp\cc2Tn2ZM.ltrans0.ltrans.o
                0x1fff2a0c                xNumOfOverflows.5480
 .bss.uxTaskNumber.5483
                0x1fff2a10        0x4 C:\Users\ALEJAN~1\AppData\Local\Temp\cc2Tn2ZM.ltrans0.ltrans.o
                0x1fff2a10                uxTaskNumber.5483
 .bss.xNextTaskUnblockTime.5485
                0x1fff2a14        0x4 C:\Users\ALEJAN~1\AppData\Local\Temp\cc2Tn2ZM.ltrans0.ltrans.o
                0x1fff2a14                xNextTaskUnblockTime.5485
 .bss.xIdleTaskHandle.5484
                0x1fff2a18        0x4 C:\Users\ALEJAN~1\AppData\Local\Temp\cc2Tn2ZM.ltrans0.ltrans.o
                0x1fff2a18                xIdleTaskHandle.5484
 .bss.uxSchedulerSuspended.5475
                0x1fff2a1c        0x4 C:\Users\ALEJAN~1\AppData\Local\Temp\cc2Tn2ZM.ltrans0.ltrans.o
                0x1fff2a1c                uxSchedulerSuspended.5475
 .bss.xActiveTimerList1.5701
                0x1fff2a20       0x14 C:\Users\ALEJAN~1\AppData\Local\Temp\cc2Tn2ZM.ltrans0.ltrans.o
                0x1fff2a20                xActiveTimerList1.5701
 .bss.xActiveTimerList2.5702
                0x1fff2a34       0x14 C:\Users\ALEJAN~1\AppData\Local\Temp\cc2Tn2ZM.ltrans0.ltrans.o
                0x1fff2a34                xActiveTimerList2.5702
 .bss.pxCurrentTimerList.5698
                0x1fff2a48        0x4 C:\Users\ALEJAN~1\AppData\Local\Temp\cc2Tn2ZM.ltrans0.ltrans.o
                0x1fff2a48                pxCurrentTimerList.5698
 .bss.pxOverflowTimerList.5699
                0x1fff2a4c        0x4 C:\Users\ALEJAN~1\AppData\Local\Temp\cc2Tn2ZM.ltrans0.ltrans.o
                0x1fff2a4c                pxOverflowTimerList.5699
 .bss.xTimerQueue.5696
                0x1fff2a50        0x4 C:\Users\ALEJAN~1\AppData\Local\Temp\cc2Tn2ZM.ltrans0.ltrans.o
                0x1fff2a50                xTimerQueue.5696
 .bss.xTimerTaskHandle.5697
                0x1fff2a54        0x4 C:\Users\ALEJAN~1\AppData\Local\Temp\cc2Tn2ZM.ltrans0.ltrans.o
                0x1fff2a54                xTimerTaskHandle.5697
 .bss.xLastTime.4977.5700
                0x1fff2a58        0x4 C:\Users\ALEJAN~1\AppData\Local\Temp\cc2Tn2ZM.ltrans0.ltrans.o
                0x1fff2a58                xLastTime.4977.5700
 .bss.g_xtal0Freq
                0x1fff2a5c        0x4 C:\Users\ALEJAN~1\AppData\Local\Temp\cc2Tn2ZM.ltrans0.ltrans.o
                0x1fff2a5c                g_xtal0Freq
 .bss.g_xtal32Freq
                0x1fff2a60        0x4 C:\Users\ALEJAN~1\AppData\Local\Temp\cc2Tn2ZM.ltrans0.ltrans.o
                0x1fff2a60                g_xtal32Freq
 .bss.g_dspiHandle.7269
                0x1fff2a64        0xc C:\Users\ALEJAN~1\AppData\Local\Temp\cc2Tn2ZM.ltrans0.ltrans.o
                0x1fff2a64                g_dspiHandle.7269
 .bss.s_dspiMasterIsr.7277
                0x1fff2a70        0x4 C:\Users\ALEJAN~1\AppData\Local\Temp\cc2Tn2ZM.ltrans0.ltrans.o
                0x1fff2a70                s_dspiMasterIsr.7277
 .bss.s_dspiSlaveIsr.7285
                0x1fff2a74        0x4 C:\Users\ALEJAN~1\AppData\Local\Temp\cc2Tn2ZM.ltrans0.ltrans.o
                0x1fff2a74                s_dspiSlaveIsr.7285
 .bss.s_EDMAHandle.8195
                0x1fff2a78       0x40 C:\Users\ALEJAN~1\AppData\Local\Temp\cc2Tn2ZM.ltrans0.ltrans.o
                0x1fff2a78                s_EDMAHandle.8195
 .bss.s_ENETHandle.8612
                0x1fff2ab8        0x4 C:\Users\ALEJAN~1\AppData\Local\Temp\cc2Tn2ZM.ltrans0.ltrans.o
                0x1fff2ab8                s_ENETHandle.8612
 .bss.s_enetTxIsr.8613
                0x1fff2abc        0x4 C:\Users\ALEJAN~1\AppData\Local\Temp\cc2Tn2ZM.ltrans0.ltrans.o
                0x1fff2abc                s_enetTxIsr.8613
 .bss.s_enetRxIsr.8615
                0x1fff2ac0        0x4 C:\Users\ALEJAN~1\AppData\Local\Temp\cc2Tn2ZM.ltrans0.ltrans.o
                0x1fff2ac0                s_enetRxIsr.8615
 .bss.s_enetErrIsr.8616
                0x1fff2ac4        0x4 C:\Users\ALEJAN~1\AppData\Local\Temp\cc2Tn2ZM.ltrans0.ltrans.o
                0x1fff2ac4                s_enetErrIsr.8616
 .bss.s_flexcanHandle.9541
                0x1fff2ac8        0x4 C:\Users\ALEJAN~1\AppData\Local\Temp\cc2Tn2ZM.ltrans0.ltrans.o
                0x1fff2ac8                s_flexcanHandle.9541
 .bss.s_flexcanIsr.9542
                0x1fff2acc        0x4 C:\Users\ALEJAN~1\AppData\Local\Temp\cc2Tn2ZM.ltrans0.ltrans.o
                0x1fff2acc                s_flexcanIsr.9542
 .bss.s_i2cHandle.10166
                0x1fff2ad0        0xc C:\Users\ALEJAN~1\AppData\Local\Temp\cc2Tn2ZM.ltrans0.ltrans.o
                0x1fff2ad0                s_i2cHandle.10166
 .bss.s_i2cMasterIsr.10156
                0x1fff2adc        0x4 C:\Users\ALEJAN~1\AppData\Local\Temp\cc2Tn2ZM.ltrans0.ltrans.o
                0x1fff2adc                s_i2cMasterIsr.10156
 .bss.s_i2cSlaveIsr.10158
                0x1fff2ae0        0x4 C:\Users\ALEJAN~1\AppData\Local\Temp\cc2Tn2ZM.ltrans0.ltrans.o
                0x1fff2ae0                s_i2cSlaveIsr.10158
 .bss.s_saiHandle
                0x1fff2ae4        0x8 C:\Users\ALEJAN~1\AppData\Local\Temp\cc2Tn2ZM.ltrans0.ltrans.o
                0x1fff2ae4                s_saiHandle
 .bss.s_saiTxIsr.11449
                0x1fff2aec        0x4 C:\Users\ALEJAN~1\AppData\Local\Temp\cc2Tn2ZM.ltrans0.ltrans.o
                0x1fff2aec                s_saiTxIsr.11449
 .bss.s_saiRxIsr.11452
                0x1fff2af0        0x4 C:\Users\ALEJAN~1\AppData\Local\Temp\cc2Tn2ZM.ltrans0.ltrans.o
                0x1fff2af0                s_saiRxIsr.11452
 .bss.s_sdhcHandle.12146
                0x1fff2af4        0x4 C:\Users\ALEJAN~1\AppData\Local\Temp\cc2Tn2ZM.ltrans0.ltrans.o
                0x1fff2af4                s_sdhcHandle.12146
 .bss.s_sdhcIsr.12147
                0x1fff2af8        0x4 C:\Users\ALEJAN~1\AppData\Local\Temp\cc2Tn2ZM.ltrans0.ltrans.o
                0x1fff2af8                s_sdhcIsr.12147
 .bss.s_uartHandle.12618
                0x1fff2afc       0x18 C:\Users\ALEJAN~1\AppData\Local\Temp\cc2Tn2ZM.ltrans0.ltrans.o
                0x1fff2afc                s_uartHandle.12618
 .bss.s_uartIsr.12619
                0x1fff2b14        0x4 C:\Users\ALEJAN~1\AppData\Local\Temp\cc2Tn2ZM.ltrans0.ltrans.o
                0x1fff2b14                s_uartIsr.12619
                0x1fff2c00                . = ALIGN (0x200)
 *fill*         0x1fff2b18       0xe8 
                0x1fff2c00                USB_RAM_START = .
                0x1fff2c00                . = (. + USB_RAM_GAP)
 *(COMMON)
                0x1fff2c00                . = ALIGN (0x4)
                0x1fff2c00                __bss_end__ = .
                0x1fff2c00                __END_BSS = .

.heap           0x20000000      0x400
                0x20000000                . = ALIGN (0x8)
                0x20000000                __end__ = .
                0x20000000                PROVIDE (end, .)
                0x20000000                __HeapBase = .
                0x20000400                . = (. + HEAP_SIZE)
 *fill*         0x20000000      0x400 
                0x20000400                __HeapLimit = .
                0x20000400                __heap_limit = .

.stack          0x20000400      0x400
                0x20000400                . = ALIGN (0x8)
                0x20000800                . = (. + STACK_SIZE)
 *fill*         0x20000400      0x400 

m_usb_bdt       0x1fff2c00        0x0
 *(m_usb_bdt)
                0x1fff2c00                USB_RAM_BDT_END = .

m_usb_global
 *(m_usb_global)
                0x20030000                __StackTop = (ORIGIN (m_data_2) + 0x30000)
                0x2002fc00                __StackLimit = (__StackTop - STACK_SIZE)
                0x20030000                PROVIDE (__stack, __StackTop)

.ARM.attributes
                0x00000000       0x30
 *(.ARM.attributes)
 .ARM.attributes
                0x00000000       0x22 c:/freescale/kds_v3/toolchain/bin/../lib/gcc/arm-none-eabi/4.8.4/armv7e-m/fpu/crti.o
 .ARM.attributes
                0x00000022       0x34 c:/freescale/kds_v3/toolchain/bin/../lib/gcc/arm-none-eabi/4.8.4/armv7e-m/fpu/crtbegin.o
 .ARM.attributes
                0x00000056       0x20 c:/freescale/kds_v3/toolchain/bin/../lib/gcc/arm-none-eabi/4.8.4/../../../../arm-none-eabi/lib/armv7e-m/fpu/crt0.o
 .ARM.attributes
                0x00000076       0x37 C:\Users\ALEJAN~1\AppData\Local\Temp\cc2Tn2ZM.ltrans0.ltrans.o
 .ARM.attributes
                0x000000ad       0x37 C:\Users\ALEJAN~1\AppData\Local\Temp\cc2Tn2ZM.ltrans1.ltrans.o
 .ARM.attributes
                0x000000e4       0x37 C:\Users\ALEJAN~1\AppData\Local\Temp\cc2Tn2ZM.ltrans2.ltrans.o
 .ARM.attributes
                0x0000011b       0x37 C:\Users\ALEJAN~1\AppData\Local\Temp\cc2Tn2ZM.ltrans4.ltrans.o
 .ARM.attributes
                0x00000152       0x37 C:\Users\ALEJAN~1\AppData\Local\Temp\cc2Tn2ZM.ltrans7.ltrans.o
 .ARM.attributes
                0x00000189       0x37 C:\Users\ALEJAN~1\AppData\Local\Temp\cc2Tn2ZM.ltrans8.ltrans.o
 .ARM.attributes
                0x000001c0       0x37 C:\Users\ALEJAN~1\AppData\Local\Temp\cc2Tn2ZM.ltrans9.ltrans.o
 .ARM.attributes
                0x000001f7       0x37 C:\Users\ALEJAN~1\AppData\Local\Temp\cc2Tn2ZM.ltrans11.ltrans.o
 .ARM.attributes
                0x0000022e       0x37 C:\Users\ALEJAN~1\AppData\Local\Temp\cc2Tn2ZM.ltrans12.ltrans.o
 .ARM.attributes
                0x00000265       0x37 C:\Users\ALEJAN~1\AppData\Local\Temp\cc2Tn2ZM.ltrans13.ltrans.o
 .ARM.attributes
                0x0000029c       0x37 C:\Users\ALEJAN~1\AppData\Local\Temp\cc2Tn2ZM.ltrans15.ltrans.o
 .ARM.attributes
                0x000002d3       0x37 C:\Users\ALEJAN~1\AppData\Local\Temp\cc2Tn2ZM.ltrans17.ltrans.o
 .ARM.attributes
                0x0000030a       0x37 C:\Users\ALEJAN~1\AppData\Local\Temp\cc2Tn2ZM.ltrans18.ltrans.o
 .ARM.attributes
                0x00000341       0x37 C:\Users\ALEJAN~1\AppData\Local\Temp\cc2Tn2ZM.ltrans19.ltrans.o
 .ARM.attributes
                0x00000378       0x37 C:\Users\ALEJAN~1\AppData\Local\Temp\cc2Tn2ZM.ltrans20.ltrans.o
 .ARM.attributes
                0x000003af       0x37 C:\Users\ALEJAN~1\AppData\Local\Temp\cc2Tn2ZM.ltrans21.ltrans.o
 .ARM.attributes
                0x000003e6       0x37 C:\Users\ALEJAN~1\AppData\Local\Temp\cc2Tn2ZM.ltrans22.ltrans.o
 .ARM.attributes
                0x0000041d       0x37 C:\Users\ALEJAN~1\AppData\Local\Temp\cc2Tn2ZM.ltrans23.ltrans.o
 .ARM.attributes
                0x00000454       0x37 C:\Users\ALEJAN~1\AppData\Local\Temp\cc2Tn2ZM.ltrans24.ltrans.o
 .ARM.attributes
                0x0000048b       0x37 C:\Users\ALEJAN~1\AppData\Local\Temp\cc2Tn2ZM.ltrans25.ltrans.o
 .ARM.attributes
                0x000004c2       0x34 c:/freescale/kds_v3/toolchain/bin/../lib/gcc/arm-none-eabi/4.8.4/../../../../arm-none-eabi/lib/armv7e-m/fpu\libg_s.a(lib_a-memcpy-stub.o)
 .ARM.attributes
                0x000004f6       0x34 c:/freescale/kds_v3/toolchain/bin/../lib/gcc/arm-none-eabi/4.8.4/../../../../arm-none-eabi/lib/armv7e-m/fpu\libg_s.a(lib_a-strlen.o)
 .ARM.attributes
                0x0000052a       0x1f ./startup/startup_MK64F12.o
 .ARM.attributes
                0x00000549       0x34 c:/freescale/kds_v3/toolchain/bin/../lib/gcc/arm-none-eabi/4.8.4/../../../../arm-none-eabi/lib/armv7e-m/fpu\libg_s.a(lib_a-exit.o)
 .ARM.attributes
                0x0000057d       0x34 c:/freescale/kds_v3/toolchain/bin/../lib/gcc/arm-none-eabi/4.8.4/../../../../arm-none-eabi/lib/armv7e-m/fpu\libg_s.a(lib_a-impure.o)
 .ARM.attributes
                0x000005b1       0x34 c:/freescale/kds_v3/toolchain/bin/../lib/gcc/arm-none-eabi/4.8.4/../../../../arm-none-eabi/lib/armv7e-m/fpu\libg_s.a(lib_a-init.o)
 .ARM.attributes
                0x000005e5       0x34 c:/freescale/kds_v3/toolchain/bin/../lib/gcc/arm-none-eabi/4.8.4/../../../../arm-none-eabi/lib/armv7e-m/fpu\libg_s.a(lib_a-memset.o)
 .ARM.attributes
                0x00000619       0x34 c:/freescale/kds_v3/toolchain/bin/../lib/gcc/arm-none-eabi/4.8.4/../../../../arm-none-eabi/lib/armv7e-m/fpu\libnosys.a(_exit.o)
 .ARM.attributes
                0x0000064d       0x34 c:/freescale/kds_v3/toolchain/bin/../lib/gcc/arm-none-eabi/4.8.4/armv7e-m/fpu/crtend.o
 .ARM.attributes
                0x00000681       0x22 c:/freescale/kds_v3/toolchain/bin/../lib/gcc/arm-none-eabi/4.8.4/armv7e-m/fpu/crtn.o
                0x00000001                ASSERT ((__StackLimit >= __HeapLimit), region m_data_2 overflowed with stack and heap)
OUTPUT(CountingSemaphores.elf elf32-littlearm)

.debug_info     0x00000000    0x27587
 .debug_info    0x00000000     0xc0dc C:\Users\ALEJAN~1\AppData\Local\Temp\cc2Tn2ZM.ltrans0.ltrans.o
 .debug_info    0x0000c0dc     0x12bb C:\Users\ALEJAN~1\AppData\Local\Temp\cc2Tn2ZM.ltrans1.ltrans.o
 .debug_info    0x0000d397     0x1efe C:\Users\ALEJAN~1\AppData\Local\Temp\cc2Tn2ZM.ltrans2.ltrans.o
 .debug_info    0x0000f295     0x1463 C:\Users\ALEJAN~1\AppData\Local\Temp\cc2Tn2ZM.ltrans4.ltrans.o
 .debug_info    0x000106f8     0x13d7 C:\Users\ALEJAN~1\AppData\Local\Temp\cc2Tn2ZM.ltrans7.ltrans.o
 .debug_info    0x00011acf     0x1e13 C:\Users\ALEJAN~1\AppData\Local\Temp\cc2Tn2ZM.ltrans8.ltrans.o
 .debug_info    0x000138e2     0x1737 C:\Users\ALEJAN~1\AppData\Local\Temp\cc2Tn2ZM.ltrans9.ltrans.o
 .debug_info    0x00015019     0x1f54 C:\Users\ALEJAN~1\AppData\Local\Temp\cc2Tn2ZM.ltrans11.ltrans.o
 .debug_info    0x00016f6d     0x1b4d C:\Users\ALEJAN~1\AppData\Local\Temp\cc2Tn2ZM.ltrans12.ltrans.o
 .debug_info    0x00018aba     0x14bb C:\Users\ALEJAN~1\AppData\Local\Temp\cc2Tn2ZM.ltrans13.ltrans.o
 .debug_info    0x00019f75     0x13c2 C:\Users\ALEJAN~1\AppData\Local\Temp\cc2Tn2ZM.ltrans15.ltrans.o
 .debug_info    0x0001b337     0x1cec C:\Users\ALEJAN~1\AppData\Local\Temp\cc2Tn2ZM.ltrans17.ltrans.o
 .debug_info    0x0001d023     0x1451 C:\Users\ALEJAN~1\AppData\Local\Temp\cc2Tn2ZM.ltrans18.ltrans.o
 .debug_info    0x0001e474      0xc26 C:\Users\ALEJAN~1\AppData\Local\Temp\cc2Tn2ZM.ltrans19.ltrans.o
 .debug_info    0x0001f09a     0x1802 C:\Users\ALEJAN~1\AppData\Local\Temp\cc2Tn2ZM.ltrans20.ltrans.o
 .debug_info    0x0002089c     0x1935 C:\Users\ALEJAN~1\AppData\Local\Temp\cc2Tn2ZM.ltrans21.ltrans.o
 .debug_info    0x000221d1     0x15bf C:\Users\ALEJAN~1\AppData\Local\Temp\cc2Tn2ZM.ltrans22.ltrans.o
 .debug_info    0x00023790     0x1a85 C:\Users\ALEJAN~1\AppData\Local\Temp\cc2Tn2ZM.ltrans23.ltrans.o
 .debug_info    0x00025215     0x1080 C:\Users\ALEJAN~1\AppData\Local\Temp\cc2Tn2ZM.ltrans24.ltrans.o
 .debug_info    0x00026295     0x1260 C:\Users\ALEJAN~1\AppData\Local\Temp\cc2Tn2ZM.ltrans25.ltrans.o
 .debug_info    0x000274f5       0x92 ./startup/startup_MK64F12.o

.debug_abbrev   0x00000000     0x3b8b
 .debug_abbrev  0x00000000      0x541 C:\Users\ALEJAN~1\AppData\Local\Temp\cc2Tn2ZM.ltrans0.ltrans.o
 .debug_abbrev  0x00000541      0x2b1 C:\Users\ALEJAN~1\AppData\Local\Temp\cc2Tn2ZM.ltrans1.ltrans.o
 .debug_abbrev  0x000007f2      0x37e C:\Users\ALEJAN~1\AppData\Local\Temp\cc2Tn2ZM.ltrans2.ltrans.o
 .debug_abbrev  0x00000b70      0x28a C:\Users\ALEJAN~1\AppData\Local\Temp\cc2Tn2ZM.ltrans4.ltrans.o
 .debug_abbrev  0x00000dfa      0x2c9 C:\Users\ALEJAN~1\AppData\Local\Temp\cc2Tn2ZM.ltrans7.ltrans.o
 .debug_abbrev  0x000010c3      0x390 C:\Users\ALEJAN~1\AppData\Local\Temp\cc2Tn2ZM.ltrans8.ltrans.o
 .debug_abbrev  0x00001453      0x281 C:\Users\ALEJAN~1\AppData\Local\Temp\cc2Tn2ZM.ltrans9.ltrans.o
 .debug_abbrev  0x000016d4      0x31d C:\Users\ALEJAN~1\AppData\Local\Temp\cc2Tn2ZM.ltrans11.ltrans.o
 .debug_abbrev  0x000019f1      0x21b C:\Users\ALEJAN~1\AppData\Local\Temp\cc2Tn2ZM.ltrans12.ltrans.o
 .debug_abbrev  0x00001c0c      0x277 C:\Users\ALEJAN~1\AppData\Local\Temp\cc2Tn2ZM.ltrans13.ltrans.o
 .debug_abbrev  0x00001e83      0x2a2 C:\Users\ALEJAN~1\AppData\Local\Temp\cc2Tn2ZM.ltrans15.ltrans.o
 .debug_abbrev  0x00002125      0x2fd C:\Users\ALEJAN~1\AppData\Local\Temp\cc2Tn2ZM.ltrans17.ltrans.o
 .debug_abbrev  0x00002422      0x226 C:\Users\ALEJAN~1\AppData\Local\Temp\cc2Tn2ZM.ltrans18.ltrans.o
 .debug_abbrev  0x00002648      0x1fe C:\Users\ALEJAN~1\AppData\Local\Temp\cc2Tn2ZM.ltrans19.ltrans.o
 .debug_abbrev  0x00002846      0x3f8 C:\Users\ALEJAN~1\AppData\Local\Temp\cc2Tn2ZM.ltrans20.ltrans.o
 .debug_abbrev  0x00002c3e      0x328 C:\Users\ALEJAN~1\AppData\Local\Temp\cc2Tn2ZM.ltrans21.ltrans.o
 .debug_abbrev  0x00002f66      0x2e1 C:\Users\ALEJAN~1\AppData\Local\Temp\cc2Tn2ZM.ltrans22.ltrans.o
 .debug_abbrev  0x00003247      0x2b6 C:\Users\ALEJAN~1\AppData\Local\Temp\cc2Tn2ZM.ltrans23.ltrans.o
 .debug_abbrev  0x000034fd      0x33c C:\Users\ALEJAN~1\AppData\Local\Temp\cc2Tn2ZM.ltrans24.ltrans.o
 .debug_abbrev  0x00003839      0x33e C:\Users\ALEJAN~1\AppData\Local\Temp\cc2Tn2ZM.ltrans25.ltrans.o
 .debug_abbrev  0x00003b77       0x14 ./startup/startup_MK64F12.o

.debug_aranges  0x00000000     0x1918
 .debug_aranges
                0x00000000      0x178 C:\Users\ALEJAN~1\AppData\Local\Temp\cc2Tn2ZM.ltrans0.ltrans.o
 .debug_aranges
                0x00000178      0x120 C:\Users\ALEJAN~1\AppData\Local\Temp\cc2Tn2ZM.ltrans1.ltrans.o
 .debug_aranges
                0x00000298      0x160 C:\Users\ALEJAN~1\AppData\Local\Temp\cc2Tn2ZM.ltrans2.ltrans.o
 .debug_aranges
                0x000003f8       0xe8 C:\Users\ALEJAN~1\AppData\Local\Temp\cc2Tn2ZM.ltrans4.ltrans.o
 .debug_aranges
                0x000004e0       0xf0 C:\Users\ALEJAN~1\AppData\Local\Temp\cc2Tn2ZM.ltrans7.ltrans.o
 .debug_aranges
                0x000005d0      0x170 C:\Users\ALEJAN~1\AppData\Local\Temp\cc2Tn2ZM.ltrans8.ltrans.o
 .debug_aranges
                0x00000740      0x108 C:\Users\ALEJAN~1\AppData\Local\Temp\cc2Tn2ZM.ltrans9.ltrans.o
 .debug_aranges
                0x00000848      0x158 C:\Users\ALEJAN~1\AppData\Local\Temp\cc2Tn2ZM.ltrans11.ltrans.o
 .debug_aranges
                0x000009a0      0x1a0 C:\Users\ALEJAN~1\AppData\Local\Temp\cc2Tn2ZM.ltrans12.ltrans.o
 .debug_aranges
                0x00000b40      0x110 C:\Users\ALEJAN~1\AppData\Local\Temp\cc2Tn2ZM.ltrans13.ltrans.o
 .debug_aranges
                0x00000c50       0xd8 C:\Users\ALEJAN~1\AppData\Local\Temp\cc2Tn2ZM.ltrans15.ltrans.o
 .debug_aranges
                0x00000d28      0x1c8 C:\Users\ALEJAN~1\AppData\Local\Temp\cc2Tn2ZM.ltrans17.ltrans.o
 .debug_aranges
                0x00000ef0      0x140 C:\Users\ALEJAN~1\AppData\Local\Temp\cc2Tn2ZM.ltrans18.ltrans.o
 .debug_aranges
                0x00001030      0x100 C:\Users\ALEJAN~1\AppData\Local\Temp\cc2Tn2ZM.ltrans19.ltrans.o
 .debug_aranges
                0x00001130      0x198 C:\Users\ALEJAN~1\AppData\Local\Temp\cc2Tn2ZM.ltrans20.ltrans.o
 .debug_aranges
                0x000012c8      0x180 C:\Users\ALEJAN~1\AppData\Local\Temp\cc2Tn2ZM.ltrans21.ltrans.o
 .debug_aranges
                0x00001448      0x160 C:\Users\ALEJAN~1\AppData\Local\Temp\cc2Tn2ZM.ltrans22.ltrans.o
 .debug_aranges
                0x000015a8      0x150 C:\Users\ALEJAN~1\AppData\Local\Temp\cc2Tn2ZM.ltrans23.ltrans.o
 .debug_aranges
                0x000016f8      0x118 C:\Users\ALEJAN~1\AppData\Local\Temp\cc2Tn2ZM.ltrans24.ltrans.o
 .debug_aranges
                0x00001810       0xe8 C:\Users\ALEJAN~1\AppData\Local\Temp\cc2Tn2ZM.ltrans25.ltrans.o
 .debug_aranges
                0x000018f8       0x20 ./startup/startup_MK64F12.o

.debug_ranges   0x00000000     0x17e8
 .debug_ranges  0x00000000      0x168 C:\Users\ALEJAN~1\AppData\Local\Temp\cc2Tn2ZM.ltrans0.ltrans.o
 .debug_ranges  0x00000168      0x110 C:\Users\ALEJAN~1\AppData\Local\Temp\cc2Tn2ZM.ltrans1.ltrans.o
 .debug_ranges  0x00000278      0x150 C:\Users\ALEJAN~1\AppData\Local\Temp\cc2Tn2ZM.ltrans2.ltrans.o
 .debug_ranges  0x000003c8       0xd8 C:\Users\ALEJAN~1\AppData\Local\Temp\cc2Tn2ZM.ltrans4.ltrans.o
 .debug_ranges  0x000004a0       0xf8 C:\Users\ALEJAN~1\AppData\Local\Temp\cc2Tn2ZM.ltrans7.ltrans.o
 .debug_ranges  0x00000598      0x160 C:\Users\ALEJAN~1\AppData\Local\Temp\cc2Tn2ZM.ltrans8.ltrans.o
 .debug_ranges  0x000006f8       0xf8 C:\Users\ALEJAN~1\AppData\Local\Temp\cc2Tn2ZM.ltrans9.ltrans.o
 .debug_ranges  0x000007f0      0x148 C:\Users\ALEJAN~1\AppData\Local\Temp\cc2Tn2ZM.ltrans11.ltrans.o
 .debug_ranges  0x00000938      0x190 C:\Users\ALEJAN~1\AppData\Local\Temp\cc2Tn2ZM.ltrans12.ltrans.o
 .debug_ranges  0x00000ac8      0x100 C:\Users\ALEJAN~1\AppData\Local\Temp\cc2Tn2ZM.ltrans13.ltrans.o
 .debug_ranges  0x00000bc8       0xc8 C:\Users\ALEJAN~1\AppData\Local\Temp\cc2Tn2ZM.ltrans15.ltrans.o
 .debug_ranges  0x00000c90      0x1b8 C:\Users\ALEJAN~1\AppData\Local\Temp\cc2Tn2ZM.ltrans17.ltrans.o
 .debug_ranges  0x00000e48      0x130 C:\Users\ALEJAN~1\AppData\Local\Temp\cc2Tn2ZM.ltrans18.ltrans.o
 .debug_ranges  0x00000f78       0xf0 C:\Users\ALEJAN~1\AppData\Local\Temp\cc2Tn2ZM.ltrans19.ltrans.o
 .debug_ranges  0x00001068      0x188 C:\Users\ALEJAN~1\AppData\Local\Temp\cc2Tn2ZM.ltrans20.ltrans.o
 .debug_ranges  0x000011f0      0x188 C:\Users\ALEJAN~1\AppData\Local\Temp\cc2Tn2ZM.ltrans21.ltrans.o
 .debug_ranges  0x00001378      0x150 C:\Users\ALEJAN~1\AppData\Local\Temp\cc2Tn2ZM.ltrans22.ltrans.o
 .debug_ranges  0x000014c8      0x140 C:\Users\ALEJAN~1\AppData\Local\Temp\cc2Tn2ZM.ltrans23.ltrans.o
 .debug_ranges  0x00001608      0x108 C:\Users\ALEJAN~1\AppData\Local\Temp\cc2Tn2ZM.ltrans24.ltrans.o
 .debug_ranges  0x00001710       0xd8 C:\Users\ALEJAN~1\AppData\Local\Temp\cc2Tn2ZM.ltrans25.ltrans.o

.debug_line     0x00000000     0x7eb0
 .debug_line    0x00000000      0xbc5 C:\Users\ALEJAN~1\AppData\Local\Temp\cc2Tn2ZM.ltrans0.ltrans.o
 .debug_line    0x00000bc5      0x4dc C:\Users\ALEJAN~1\AppData\Local\Temp\cc2Tn2ZM.ltrans1.ltrans.o
 .debug_line    0x000010a1      0x6db C:\Users\ALEJAN~1\AppData\Local\Temp\cc2Tn2ZM.ltrans2.ltrans.o
 .debug_line    0x0000177c      0x419 C:\Users\ALEJAN~1\AppData\Local\Temp\cc2Tn2ZM.ltrans4.ltrans.o
 .debug_line    0x00001b95      0x4ca C:\Users\ALEJAN~1\AppData\Local\Temp\cc2Tn2ZM.ltrans7.ltrans.o
 .debug_line    0x0000205f      0x6c5 C:\Users\ALEJAN~1\AppData\Local\Temp\cc2Tn2ZM.ltrans8.ltrans.o
 .debug_line    0x00002724      0x4b0 C:\Users\ALEJAN~1\AppData\Local\Temp\cc2Tn2ZM.ltrans9.ltrans.o
 .debug_line    0x00002bd4      0x688 C:\Users\ALEJAN~1\AppData\Local\Temp\cc2Tn2ZM.ltrans11.ltrans.o
 .debug_line    0x0000325c      0x5ee C:\Users\ALEJAN~1\AppData\Local\Temp\cc2Tn2ZM.ltrans12.ltrans.o
 .debug_line    0x0000384a      0x455 C:\Users\ALEJAN~1\AppData\Local\Temp\cc2Tn2ZM.ltrans13.ltrans.o
 .debug_line    0x00003c9f      0x508 C:\Users\ALEJAN~1\AppData\Local\Temp\cc2Tn2ZM.ltrans15.ltrans.o
 .debug_line    0x000041a7      0x6cd C:\Users\ALEJAN~1\AppData\Local\Temp\cc2Tn2ZM.ltrans17.ltrans.o
 .debug_line    0x00004874      0x4c7 C:\Users\ALEJAN~1\AppData\Local\Temp\cc2Tn2ZM.ltrans18.ltrans.o
 .debug_line    0x00004d3b      0x451 C:\Users\ALEJAN~1\AppData\Local\Temp\cc2Tn2ZM.ltrans19.ltrans.o
 .debug_line    0x0000518c      0x6df C:\Users\ALEJAN~1\AppData\Local\Temp\cc2Tn2ZM.ltrans20.ltrans.o
 .debug_line    0x0000586b      0x7b2 C:\Users\ALEJAN~1\AppData\Local\Temp\cc2Tn2ZM.ltrans21.ltrans.o
 .debug_line    0x0000601d      0x759 C:\Users\ALEJAN~1\AppData\Local\Temp\cc2Tn2ZM.ltrans22.ltrans.o
 .debug_line    0x00006776      0x8e0 C:\Users\ALEJAN~1\AppData\Local\Temp\cc2Tn2ZM.ltrans23.ltrans.o
 .debug_line    0x00007056      0x633 C:\Users\ALEJAN~1\AppData\Local\Temp\cc2Tn2ZM.ltrans24.ltrans.o
 .debug_line    0x00007689      0x6b5 C:\Users\ALEJAN~1\AppData\Local\Temp\cc2Tn2ZM.ltrans25.ltrans.o
 .debug_line    0x00007d3e      0x172 ./startup/startup_MK64F12.o

.debug_str      0x00000000    0x11c74
 .debug_str     0x00000000     0xb6ae C:\Users\ALEJAN~1\AppData\Local\Temp\cc2Tn2ZM.ltrans0.ltrans.o
                               0xb965 (size before relaxing)
 .debug_str     0x0000b6ae      0x2d4 C:\Users\ALEJAN~1\AppData\Local\Temp\cc2Tn2ZM.ltrans1.ltrans.o
                                0xc5a (size before relaxing)
 .debug_str     0x0000b982      0x5aa C:\Users\ALEJAN~1\AppData\Local\Temp\cc2Tn2ZM.ltrans2.ltrans.o
                               0x1b1a (size before relaxing)
 .debug_str     0x0000bf2c      0x1fa C:\Users\ALEJAN~1\AppData\Local\Temp\cc2Tn2ZM.ltrans4.ltrans.o
                                0xbb1 (size before relaxing)
 .debug_str     0x0000c126      0x270 C:\Users\ALEJAN~1\AppData\Local\Temp\cc2Tn2ZM.ltrans7.ltrans.o
                                0xdea (size before relaxing)
 .debug_str     0x0000c396      0x5e5 C:\Users\ALEJAN~1\AppData\Local\Temp\cc2Tn2ZM.ltrans8.ltrans.o
                               0x1cca (size before relaxing)
 .debug_str     0x0000c97b      0x18c C:\Users\ALEJAN~1\AppData\Local\Temp\cc2Tn2ZM.ltrans9.ltrans.o
                               0x1348 (size before relaxing)
 .debug_str     0x0000cb07      0xe85 C:\Users\ALEJAN~1\AppData\Local\Temp\cc2Tn2ZM.ltrans11.ltrans.o
                               0x1cf2 (size before relaxing)
 .debug_str     0x0000d98c      0x499 C:\Users\ALEJAN~1\AppData\Local\Temp\cc2Tn2ZM.ltrans12.ltrans.o
                               0x1939 (size before relaxing)
 .debug_str     0x0000de25      0x13b C:\Users\ALEJAN~1\AppData\Local\Temp\cc2Tn2ZM.ltrans13.ltrans.o
                               0x1071 (size before relaxing)
 .debug_str     0x0000df60      0x350 C:\Users\ALEJAN~1\AppData\Local\Temp\cc2Tn2ZM.ltrans15.ltrans.o
                               0x1026 (size before relaxing)
 .debug_str     0x0000e2b0      0x65b C:\Users\ALEJAN~1\AppData\Local\Temp\cc2Tn2ZM.ltrans17.ltrans.o
                               0x1c8b (size before relaxing)
 .debug_str     0x0000e90b      0x39e C:\Users\ALEJAN~1\AppData\Local\Temp\cc2Tn2ZM.ltrans18.ltrans.o
                               0x1465 (size before relaxing)
 .debug_str     0x0000eca9      0x3f6 C:\Users\ALEJAN~1\AppData\Local\Temp\cc2Tn2ZM.ltrans19.ltrans.o
                                0xa66 (size before relaxing)
 .debug_str     0x0000f09f      0xbaa C:\Users\ALEJAN~1\AppData\Local\Temp\cc2Tn2ZM.ltrans20.ltrans.o
                               0x18bf (size before relaxing)
 .debug_str     0x0000fc49      0x8e5 C:\Users\ALEJAN~1\AppData\Local\Temp\cc2Tn2ZM.ltrans21.ltrans.o
                                0xf05 (size before relaxing)
 .debug_str     0x0001052e      0x686 C:\Users\ALEJAN~1\AppData\Local\Temp\cc2Tn2ZM.ltrans22.ltrans.o
                                0xc2b (size before relaxing)
 .debug_str     0x00010bb4      0x5ee C:\Users\ALEJAN~1\AppData\Local\Temp\cc2Tn2ZM.ltrans23.ltrans.o
                                0xaf1 (size before relaxing)
 .debug_str     0x000111a2      0x459 C:\Users\ALEJAN~1\AppData\Local\Temp\cc2Tn2ZM.ltrans24.ltrans.o
                               0x1027 (size before relaxing)
 .debug_str     0x000115fb      0x679 C:\Users\ALEJAN~1\AppData\Local\Temp\cc2Tn2ZM.ltrans25.ltrans.o