Archive member included because of file (symbol)

c:/freescale/kds_v3/toolchain/bin/../lib/gcc/arm-none-eabi/4.8.4/../../../../arm-none-eabi/lib/armv7e-m/fpu\libg_s.a(lib_a-errno.o)
                              ./utilities/fsl_sbrk.o (__errno)
c:/freescale/kds_v3/toolchain/bin/../lib/gcc/arm-none-eabi/4.8.4/../../../../arm-none-eabi/lib/armv7e-m/fpu\libg_s.a(lib_a-exit.o)
                              c:/freescale/kds_v3/toolchain/bin/../lib/gcc/arm-none-eabi/4.8.4/../../../../arm-none-eabi/lib/armv7e-m/fpu/crt0.o (exit)
c:/freescale/kds_v3/toolchain/bin/../lib/gcc/arm-none-eabi/4.8.4/../../../../arm-none-eabi/lib/armv7e-m/fpu\libg_s.a(lib_a-impure.o)
                              c:/freescale/kds_v3/toolchain/bin/../lib/gcc/arm-none-eabi/4.8.4/../../../../arm-none-eabi/lib/armv7e-m/fpu\libg_s.a(lib_a-exit.o) (_global_impure_ptr)
c:/freescale/kds_v3/toolchain/bin/../lib/gcc/arm-none-eabi/4.8.4/../../../../arm-none-eabi/lib/armv7e-m/fpu\libg_s.a(lib_a-init.o)
                              c:/freescale/kds_v3/toolchain/bin/../lib/gcc/arm-none-eabi/4.8.4/../../../../arm-none-eabi/lib/armv7e-m/fpu/crt0.o (__libc_init_array)
c:/freescale/kds_v3/toolchain/bin/../lib/gcc/arm-none-eabi/4.8.4/../../../../arm-none-eabi/lib/armv7e-m/fpu\libg_s.a(lib_a-malloc.o)
                              ./freertos/Source/portable/MemMang/heap_3.o (malloc)
c:/freescale/kds_v3/toolchain/bin/../lib/gcc/arm-none-eabi/4.8.4/../../../../arm-none-eabi/lib/armv7e-m/fpu\libg_s.a(lib_a-memcmp.o)
                              ./lwip/src/netif/ethernet.o (memcmp)
c:/freescale/kds_v3/toolchain/bin/../lib/gcc/arm-none-eabi/4.8.4/../../../../arm-none-eabi/lib/armv7e-m/fpu\libg_s.a(lib_a-memcpy-stub.o)
                              ./lwip/src/core/ipv4/etharp.o (memcpy)
c:/freescale/kds_v3/toolchain/bin/../lib/gcc/arm-none-eabi/4.8.4/../../../../arm-none-eabi/lib/armv7e-m/fpu\libg_s.a(lib_a-memset.o)
                              c:/freescale/kds_v3/toolchain/bin/../lib/gcc/arm-none-eabi/4.8.4/../../../../arm-none-eabi/lib/armv7e-m/fpu/crt0.o (memset)
c:/freescale/kds_v3/toolchain/bin/../lib/gcc/arm-none-eabi/4.8.4/../../../../arm-none-eabi/lib/armv7e-m/fpu\libg_s.a(lib_a-nano-freer.o)
                              c:/freescale/kds_v3/toolchain/bin/../lib/gcc/arm-none-eabi/4.8.4/../../../../arm-none-eabi/lib/armv7e-m/fpu\libg_s.a(lib_a-malloc.o) (_free_r)
c:/freescale/kds_v3/toolchain/bin/../lib/gcc/arm-none-eabi/4.8.4/../../../../arm-none-eabi/lib/armv7e-m/fpu\libg_s.a(lib_a-nano-mallocr.o)
                              c:/freescale/kds_v3/toolchain/bin/../lib/gcc/arm-none-eabi/4.8.4/../../../../arm-none-eabi/lib/armv7e-m/fpu\libg_s.a(lib_a-malloc.o) (_malloc_r)
c:/freescale/kds_v3/toolchain/bin/../lib/gcc/arm-none-eabi/4.8.4/../../../../arm-none-eabi/lib/armv7e-m/fpu\libg_s.a(lib_a-sbrkr.o)
                              c:/freescale/kds_v3/toolchain/bin/../lib/gcc/arm-none-eabi/4.8.4/../../../../arm-none-eabi/lib/armv7e-m/fpu\libg_s.a(lib_a-nano-mallocr.o) (_sbrk_r)
c:/freescale/kds_v3/toolchain/bin/../lib/gcc/arm-none-eabi/4.8.4/../../../../arm-none-eabi/lib/armv7e-m/fpu\libg_s.a(lib_a-sprintf.o)
                              ./freertos/Source/tasks.o (sprintf)
c:/freescale/kds_v3/toolchain/bin/../lib/gcc/arm-none-eabi/4.8.4/../../../../arm-none-eabi/lib/armv7e-m/fpu\libg_s.a(lib_a-strcpy.o)
                              ./freertos/Source/tasks.o (strcpy)
c:/freescale/kds_v3/toolchain/bin/../lib/gcc/arm-none-eabi/4.8.4/../../../../arm-none-eabi/lib/armv7e-m/fpu\libg_s.a(lib_a-strlen.o)
                              ./utilities/fsl_debug_console.o (strlen)
c:/freescale/kds_v3/toolchain/bin/../lib/gcc/arm-none-eabi/4.8.4/../../../../arm-none-eabi/lib/armv7e-m/fpu\libg_s.a(lib_a-svfprintf.o)
                              c:/freescale/kds_v3/toolchain/bin/../lib/gcc/arm-none-eabi/4.8.4/../../../../arm-none-eabi/lib/armv7e-m/fpu\libg_s.a(lib_a-sprintf.o) (_svfprintf_r)
c:/freescale/kds_v3/toolchain/bin/../lib/gcc/arm-none-eabi/4.8.4/../../../../arm-none-eabi/lib/armv7e-m/fpu\libg_s.a(lib_a-vfprintf_i.o)
                              c:/freescale/kds_v3/toolchain/bin/../lib/gcc/arm-none-eabi/4.8.4/../../../../arm-none-eabi/lib/armv7e-m/fpu\libg_s.a(lib_a-svfprintf.o) (_printf_i)
c:/freescale/kds_v3/toolchain/bin/../lib/gcc/arm-none-eabi/4.8.4/../../../../arm-none-eabi/lib/armv7e-m/fpu\libg_s.a(lib_a-memchr-stub.o)
                              c:/freescale/kds_v3/toolchain/bin/../lib/gcc/arm-none-eabi/4.8.4/../../../../arm-none-eabi/lib/armv7e-m/fpu\libg_s.a(lib_a-svfprintf.o) (memchr)
c:/freescale/kds_v3/toolchain/bin/../lib/gcc/arm-none-eabi/4.8.4/../../../../arm-none-eabi/lib/armv7e-m/fpu\libg_s.a(lib_a-memmove.o)
                              c:/freescale/kds_v3/toolchain/bin/../lib/gcc/arm-none-eabi/4.8.4/../../../../arm-none-eabi/lib/armv7e-m/fpu\libg_s.a(lib_a-svfprintf.o) (memmove)
c:/freescale/kds_v3/toolchain/bin/../lib/gcc/arm-none-eabi/4.8.4/../../../../arm-none-eabi/lib/armv7e-m/fpu\libg_s.a(lib_a-nano-reallocr.o)
[...]
Memory Configuration

Name             Origin             Length             Attributes
m_interrupts     0x00000000         0x00000400         xr
m_flash_config   0x00000400         0x00000010         xr
m_text           0x00000410         0x000ffbf0         xr
m_data           0x1fff0000         0x00010000         rw
m_data_2         0x20000000         0x00030000         rw
*default*        0x00000000         0xffffffff

Linker script and memory map

LOAD c:/freescale/kds_v3/toolchain/bin/../lib/gcc/arm-none-eabi/4.8.4/armv7e-m/fpu/crti.o
LOAD c:/freescale/kds_v3/toolchain/bin/../lib/gcc/arm-none-eabi/4.8.4/armv7e-m/fpu/crtbegin.o
LOAD c:/freescale/kds_v3/toolchain/bin/../lib/gcc/arm-none-eabi/4.8.4/../../../../arm-none-eabi/lib/armv7e-m/fpu/crt0.o
START GROUP
LOAD ./utilities/fsl_debug_console.o
LOAD ./utilities/fsl_sbrk.o
LOAD ./sources/board.o
LOAD ./sources/clock_config.o
LOAD ./sources/fsl_phy.o
LOAD ./sources/lwip_tcpecho_freertos.o
LOAD ./sources/pin_mux.o
LOAD ./lwip/src/netif/ppp/auth.o
LOAD ./lwip/src/netif/ppp/ccp.o
LOAD ./lwip/src/netif/ppp/chap-md5.o
LOAD ./lwip/src/netif/ppp/chap-new.o
LOAD ./lwip/src/netif/ppp/chap_ms.o
LOAD ./lwip/src/netif/ppp/demand.o
LOAD ./lwip/src/netif/ppp/eap.o
LOAD ./lwip/src/netif/ppp/eui64.o
LOAD ./lwip/src/netif/ppp/fsm.o
LOAD ./lwip/src/netif/ppp/ipcp.o
LOAD ./lwip/src/netif/ppp/ipv6cp.o
LOAD ./lwip/src/netif/ppp/lcp.o
LOAD ./lwip/src/netif/ppp/lwip_ecp.o
LOAD ./lwip/src/netif/ppp/magic.o
LOAD ./lwip/src/netif/ppp/mppe.o
LOAD ./lwip/src/netif/ppp/multilink.o
LOAD ./lwip/src/netif/ppp/ppp.o
LOAD ./lwip/src/netif/ppp/pppapi.o
LOAD ./lwip/src/netif/ppp/pppcrypt.o
LOAD ./lwip/src/netif/ppp/pppoe.o
LOAD ./lwip/src/netif/ppp/pppol2tp.o
LOAD ./lwip/src/netif/ppp/pppos.o
LOAD ./lwip/src/netif/ppp/upap.o
LOAD ./lwip/src/netif/ppp/utils.o
LOAD ./lwip/src/netif/ppp/vj.o
LOAD ./lwip/src/netif/ethernet.o
LOAD ./lwip/src/netif/lowpan6.o
LOAD ./lwip/src/netif/slipif.o
LOAD ./lwip/src/core/ipv6/dhcp6.o
LOAD ./lwip/src/core/ipv6/ethip6.o
LOAD ./lwip/src/core/ipv6/icmp6.o
LOAD ./lwip/src/core/ipv6/inet6.o
LOAD ./lwip/src/core/ipv6/ip6.o
LOAD ./lwip/src/core/ipv6/ip6_addr.o
LOAD ./lwip/src/core/ipv6/ip6_frag.o
LOAD ./lwip/src/core/ipv6/mld6.o
LOAD ./lwip/src/core/ipv6/nd6.o
LOAD ./lwip/src/core/ipv4/autoip.o
LOAD ./lwip/src/core/ipv4/dhcp.o
LOAD ./lwip/src/core/ipv4/etharp.o
LOAD ./lwip/src/core/ipv4/icmp.o
LOAD ./lwip/src/core/ipv4/igmp.o
LOAD ./lwip/src/core/ipv4/ip4.o
LOAD ./lwip/src/core/ipv4/ip4_addr.o
LOAD ./lwip/src/core/ipv4/ip4_frag.o
LOAD ./lwip/src/core/def.o
LOAD ./lwip/src/core/dns.o
LOAD ./lwip/src/core/inet_chksum.o
LOAD ./lwip/src/core/init.o
LOAD ./lwip/src/core/ip.o
LOAD ./lwip/src/core/mem.o
LOAD ./lwip/src/core/memp.o
LOAD ./lwip/src/core/netif.o
LOAD ./lwip/src/core/pbuf.o
LOAD ./lwip/src/core/raw.o
LOAD ./lwip/src/core/stats.o
LOAD ./lwip/src/core/sys.o
LOAD ./lwip/src/core/tcp.o
LOAD ./lwip/src/core/tcp_in.o
LOAD ./lwip/src/core/tcp_out.o
LOAD ./lwip/src/core/timeouts.o
LOAD ./lwip/src/core/udp.o
LOAD ./lwip/src/api/api_lib.o
LOAD ./lwip/src/api/api_msg.o
LOAD ./lwip/src/api/err.o
LOAD ./lwip/src/api/netbuf.o
LOAD ./lwip/src/api/netdb.o
LOAD ./lwip/src/api/netifapi.o
LOAD ./lwip/src/api/sockets.o
LOAD ./lwip/src/api/tcpip.o
LOAD ./lwip/port/ethernetif.o
LOAD ./lwip/port/sys_arch.o
LOAD ./lwip/contrib/apps/tcpecho/tcpecho.o
LOAD ./freertos/Source/portable/MemMang/heap_3.o
LOAD ./freertos/Source/portable/GCC/ARM_CM4F/fsl_tickless_systick.o
LOAD ./freertos/Source/portable/GCC/ARM_CM4F/port.o
LOAD ./freertos/Source/croutine.o
LOAD ./freertos/Source/event_groups.o
LOAD ./freertos/Source/list.o
LOAD ./freertos/Source/queue.o
LOAD ./freertos/Source/tasks.o
LOAD ./freertos/Source/timers.o
LOAD ./drivers/fsl_adc16.o
LOAD ./drivers/fsl_clock.o
LOAD ./drivers/fsl_cmp.o
LOAD ./drivers/fsl_cmt.o
LOAD ./drivers/fsl_common.o
LOAD ./drivers/fsl_crc.o
LOAD ./drivers/fsl_dac.o
LOAD ./drivers/fsl_dmamux.o
LOAD ./drivers/fsl_dspi.o
LOAD ./drivers/fsl_dspi_edma.o
LOAD ./drivers/fsl_dspi_freertos.o
LOAD ./drivers/fsl_edma.o
LOAD ./drivers/fsl_enet.o
LOAD ./drivers/fsl_ewm.o
LOAD ./drivers/fsl_flash.o
LOAD ./drivers/fsl_flexbus.o
LOAD ./drivers/fsl_flexcan.o
LOAD ./drivers/fsl_ftm.o
LOAD ./drivers/fsl_gpio.o
LOAD ./drivers/fsl_i2c.o
LOAD ./drivers/fsl_i2c_edma.o
LOAD ./drivers/fsl_i2c_freertos.o
LOAD ./drivers/fsl_llwu.o
LOAD ./drivers/fsl_lptmr.o
LOAD ./drivers/fsl_mpu.o
LOAD ./drivers/fsl_pdb.o
LOAD ./drivers/fsl_pit.o
LOAD ./drivers/fsl_pmc.o
LOAD ./drivers/fsl_rcm.o
LOAD ./drivers/fsl_rnga.o
LOAD ./drivers/fsl_rtc.o
LOAD ./drivers/fsl_sai.o
LOAD ./drivers/fsl_sai_edma.o
LOAD ./drivers/fsl_sdhc.o
LOAD ./drivers/fsl_sim.o
LOAD ./drivers/fsl_smc.o
LOAD ./drivers/fsl_uart.o
LOAD ./drivers/fsl_uart_edma.o
LOAD ./drivers/fsl_uart_freertos.o
LOAD ./drivers/fsl_vref.o
LOAD ./drivers/fsl_wdog.o
LOAD ./devices/gcc/startup_MK64F12.o
LOAD ./devices/system_MK64F12.o
LOAD c:/freescale/kds_v3/toolchain/bin/../lib/gcc/arm-none-eabi/4.8.4/../../../../arm-none-eabi/lib/armv7e-m/fpu\libg_s.a
LOAD c:/freescale/kds_v3/toolchain/bin/../lib/gcc/arm-none-eabi/4.8.4/armv7e-m/fpu\libgcc.a
LOAD c:/freescale/kds_v3/toolchain/bin/../lib/gcc/arm-none-eabi/4.8.4/../../../../arm-none-eabi/lib/armv7e-m/fpu\libnosys.a
END GROUP
LOAD c:/freescale/kds_v3/toolchain/bin/../lib/gcc/arm-none-eabi/4.8.4/../../../../arm-none-eabi/lib/armv7e-m/fpu\libstdc++_s.a
LOAD c:/freescale/kds_v3/toolchain/bin/../lib/gcc/arm-none-eabi/4.8.4/../../../../arm-none-eabi/lib/armv7e-m/fpu\libm.a
START GROUP
LOAD c:/freescale/kds_v3/toolchain/bin/../lib/gcc/arm-none-eabi/4.8.4/armv7e-m/fpu\libgcc.a
LOAD c:/freescale/kds_v3/toolchain/bin/../lib/gcc/arm-none-eabi/4.8.4/../../../../arm-none-eabi/lib/armv7e-m/fpu\libg_s.a
LOAD c:/freescale/kds_v3/toolchain/bin/../lib/gcc/arm-none-eabi/4.8.4/../../../../arm-none-eabi/lib/armv7e-m/fpu\libc_s.a
END GROUP
START GROUP
LOAD c:/freescale/kds_v3/toolchain/bin/../lib/gcc/arm-none-eabi/4.8.4/armv7e-m/fpu\libgcc.a
LOAD c:/freescale/kds_v3/toolchain/bin/../lib/gcc/arm-none-eabi/4.8.4/../../../../arm-none-eabi/lib/armv7e-m/fpu\libc_s.a
END GROUP
LOAD c:/freescale/kds_v3/toolchain/bin/../lib/gcc/arm-none-eabi/4.8.4/armv7e-m/fpu/crtend.o
LOAD c:/freescale/kds_v3/toolchain/bin/../lib/gcc/arm-none-eabi/4.8.4/armv7e-m/fpu/crtn.o
                0x00006000                HEAP_SIZE = DEFINED (__heap_size__)?__heap_size__:0x6000
                0x000003e8                STACK_SIZE = DEFINED (__stack_size__)?__stack_size__:0x3e8
                0x00000000                M_VECTOR_RAM_SIZE = DEFINED (__ram_vector_table__)?0x400:0x0

.interrupts     0x00000000      0x400
                0x00000000                __VECTOR_TABLE = .
                0x00000000                . = ALIGN (0x4)
 *(.isr_vector)
 .isr_vector    0x00000000      0x400 ./devices/gcc/startup_MK64F12.o
                0x00000000                __isr_vector
                0x00000400                . = ALIGN (0x4)

.flash_config   0x00000400       0x10
                0x00000400                . = ALIGN (0x4)
 *(.FlashConfig)
 .FlashConfig   0x00000400       0x10 ./devices/gcc/startup_MK64F12.o
                0x00000410                . = ALIGN (0x4)

.text           0x00000410    0x17000
                0x00000410                . = ALIGN (0x4)
 *(.text)
 .text          0x00000410       0x54 c:/freescale/kds_v3/toolchain/bin/../lib/gcc/arm-none-eabi/4.8.4/armv7e-m/fpu/crtbegin.o
 .text          0x00000464       0x74 c:/freescale/kds_v3/toolchain/bin/../lib/gcc/arm-none-eabi/4.8.4/../../../../arm-none-eabi/lib/armv7e-m/fpu/crt0.o
                0x00000464                _start
                0x00000464                _mainCRTStartup
 .text          0x000004d8      0x1fc ./devices/gcc/startup_MK64F12.o
                0x000004d8                Reset_Handler
                0x00000534                DebugMon_Handler
                0x00000534                PORTC_IRQHandler
                0x00000534                USB0_IRQHandler
                0x00000534                DMA_Error_DriverIRQHandler
                0x00000534                CMP0_IRQHandler
                0x00000534                Read_Collision_IRQHandler
                0x00000534                ENET_Transmit_DriverIRQHandler
                0x00000534                UART1_ERR_DriverIRQHandler
                0x00000534                BusFault_Handler
                0x00000534                LPTMR0_IRQHandler
                0x00000534                PIT0_IRQHandler
                0x00000534                FTM2_IRQHandler
                0x00000534                CMP2_IRQHandler
                0x00000534                LLWU_IRQHandler
                0x00000534                PORTE_IRQHandler
                0x00000534                FTM3_IRQHandler
                0x00000534                ENET_1588_Timer_DriverIRQHandler
                0x00000534                SWI_IRQHandler
                0x00000534                ADC0_IRQHandler
                0x00000534                UsageFault_Handler
                0x00000534                MCM_IRQHandler
                0x00000534                CMT_IRQHandler
                0x00000534                DAC1_IRQHandler
                0x00000534                PORTA_IRQHandler
                0x00000534                DefaultISR
                0x00000534                FTM0_IRQHandler
                0x00000534                UART5_ERR_DriverIRQHandler
                0x00000534                LVD_LVW_IRQHandler
                0x00000534                CMP1_IRQHandler
                0x00000534                Reserved71_IRQHandler
                0x00000534                PORTD_IRQHandler
                0x00000534                PORTB_IRQHandler
                0x00000534                PIT1_IRQHandler
                0x00000534                UART2_ERR_DriverIRQHandler
                0x00000534                ADC1_IRQHandler
                0x00000534                ENET_Error_DriverIRQHandler
                0x00000534                PIT2_IRQHandler
                0x00000534                DAC0_IRQHandler
                0x00000534                ENET_Receive_DriverIRQHandler
                0x00000534                RTC_IRQHandler
                0x00000534                UART3_ERR_DriverIRQHandler
                0x00000534                PDB0_IRQHandler
                0x00000534                FTFE_IRQHandler
                0x00000534                FTM1_IRQHandler
                0x00000534                UART4_ERR_DriverIRQHandler
                0x00000534                RNG_IRQHandler
                0x00000534                PIT3_IRQHandler
                0x00000534                UART0_LON_DriverIRQHandler
                0x00000534                RTC_Seconds_IRQHandler
                0x00000534                MCG_IRQHandler
                0x00000534                WDOG_EWM_IRQHandler
                0x00000534                UART0_ERR_DriverIRQHandler
                0x00000534                MemManage_Handler
                0x00000534                USBDCD_IRQHandler
                0x00000538                NMI_Handler
                0x0000053c                HardFault_Handler
                0x0000054c                DMA0_IRQHandler
                0x00000550                DMA1_IRQHandler
                0x00000554                DMA2_IRQHandler
                0x00000558                DMA3_IRQHandler
                0x0000055c                DMA4_IRQHandler
                0x00000560                DMA5_IRQHandler
                0x00000564                DMA6_IRQHandler
                0x00000568                DMA7_IRQHandler
                0x0000056c                DMA8_IRQHandler
                0x00000570                DMA9_IRQHandler
                0x00000574                DMA10_IRQHandler
                0x00000578                DMA11_IRQHandler
                0x0000057c                DMA12_IRQHandler
                0x00000580                DMA13_IRQHandler
                0x00000584                DMA14_IRQHandler
                0x00000588                DMA15_IRQHandler
                0x0000058c                DMA_Error_IRQHandler
                0x00000590                I2C0_IRQHandler
                0x00000594                I2C1_IRQHandler
                0x00000598                SPI0_IRQHandler
                0x0000059c                SPI1_IRQHandler
                0x000005a0                I2S0_Tx_IRQHandler
                0x000005a4                I2S0_Rx_IRQHandler
                0x000005a8                UART0_LON_IRQHandler
                0x000005ac                UART0_RX_TX_IRQHandler
                0x000005b0                UART0_ERR_IRQHandler
                0x000005b4                UART1_RX_TX_IRQHandler
                0x000005b8                UART1_ERR_IRQHandler
                0x000005bc                UART2_RX_TX_IRQHandler
                0x000005c0                UART2_ERR_IRQHandler
                0x000005c4                UART3_RX_TX_IRQHandler
                0x000005c8                UART3_ERR_IRQHandler
                0x000005cc                SPI2_IRQHandler
                0x000005d0                UART4_RX_TX_IRQHandler
                0x000005d4                UART4_ERR_IRQHandler
                0x000005d8                UART5_RX_TX_IRQHandler
                0x000005dc                UART5_ERR_IRQHandler
                0x000005e0                I2C2_IRQHandler
                0x000005e4                CAN0_ORed_Message_buffer_IRQHandler
                0x000005e8                CAN0_Bus_Off_IRQHandler
                0x000005ec                CAN0_Error_IRQHandler
                0x000005f0                CAN0_Tx_Warning_IRQHandler
                0x000005f4                CAN0_Rx_Warning_IRQHandler
                0x000005f8                CAN0_Wake_Up_IRQHandler
                0x000005fc                SDHC_IRQHandler
                0x00000600                ENET_1588_Timer_IRQHandler
 .text          0x000006d4       0x38 c:/freescale/kds_v3/toolchain/bin/../lib/gcc/arm-none-eabi/4.8.4/armv7e-m/fpu\libgcc.a(_aeabi_ldivmod.o)
                0x000006d4                __aeabi_ldivmod
 .text          0x0000070c       0x2c c:/freescale/kds_v3/toolchain/bin/../lib/gcc/arm-none-eabi/4.8.4/armv7e-m/fpu\libgcc.a(_aeabi_uldivmod.o)
                0x0000070c                __aeabi_uldivmod
 .text          0x00000738       0x60 c:/freescale/kds_v3/toolchain/bin/../lib/gcc/arm-none-eabi/4.8.4/armv7e-m/fpu\libgcc.a(bpabi.o)
                0x00000738                __gnu_ldivmod_helper
                0x00000768                __gnu_uldivmod_helper
 .text          0x00000798        0x4 c:/freescale/kds_v3/toolchain/bin/../lib/gcc/arm-none-eabi/4.8.4/armv7e-m/fpu\libgcc.a(_dvmd_tls.o)
                0x00000798                __aeabi_idiv0
                0x00000798                __aeabi_ldiv0
 .text          0x0000079c      0x298 c:/freescale/kds_v3/toolchain/bin/../lib/gcc/arm-none-eabi/4.8.4/armv7e-m/fpu\libgcc.a(_divdi3.o)
                0x0000079c                __divdi3
 .text          0x00000a34      0x284 c:/freescale/kds_v3/toolchain/bin/../lib/gcc/arm-none-eabi/4.8.4/armv7e-m/fpu\libgcc.a(_udivdi3.o)
                0x00000a34                __udivdi3
 *(.text*)
 .text.UART_EnableTx
                0x00000cb8       0x40 ./utilities/fsl_debug_console.o
 .text.UART_EnableRx
                0x00000cf8       0x40 ./utilities/fsl_debug_console.o
 .text.DbgConsole_Init
                0x00000d38       0x90 ./utilities/fsl_debug_console.o
                0x00000d38                DbgConsole_Init
 .text.DbgConsole_Printf
                0x00000dc8       0x40 ./utilities/fsl_debug_console.o
                0x00000dc8                DbgConsole_Printf
 .text.DbgConsole_Putchar
                0x00000e08       0x38 ./utilities/fsl_debug_console.o
                0x00000e08                DbgConsole_Putchar
 .text.DbgConsole_PrintfPaddingCharacter
                0x00000e40       0x40 ./utilities/fsl_debug_console.o
 .text.DbgConsole_ConvertRadixNumToString
                0x00000e80      0x1d8 ./utilities/fsl_debug_console.o
 .text.DbgConsole_PrintfFormattedData
                0x00001058      0x734 ./utilities/fsl_debug_console.o
 .text._sbrk    0x0000178c       0x5c ./utilities/fsl_sbrk.o
                0x0000178c                _sbrk
 .text.BOARD_InitDebugConsole
                0x000017e8       0x24 ./sources/board.o
                0x000017e8                BOARD_InitDebugConsole
 .text.CLOCK_SetSimSafeDivs
                0x0000180c       0x20 ./sources/clock_config.o
 .text.CLOCK_SetXtal0Freq
                0x0000182c       0x1c ./sources/clock_config.o
 .text.BOARD_BootClockRUN
                0x00001848       0x64 ./sources/clock_config.o
                0x00001848                BOARD_BootClockRUN
 .text.BOARD_InitOsc0
                0x000018ac       0x30 ./sources/clock_config.o
                0x000018ac                BOARD_InitOsc0
 .text.CLOCK_EnableClock
                0x000018dc       0x34 ./sources/fsl_phy.o
 .text.ENET_ReadSMIData
                0x00001910       0x1c ./sources/fsl_phy.o
 .text.ENET_GetInterruptStatus
                0x0000192c       0x18 ./sources/fsl_phy.o
 .text.ENET_ClearInterruptStatus
                0x00001944       0x1c ./sources/fsl_phy.o
 .text.PHY_Init
                0x00001960       0xc4 ./sources/fsl_phy.o
                0x00001960                PHY_Init
 .text.PHY_Write
                0x00001a24       0x70 ./sources/fsl_phy.o
                0x00001a24                PHY_Write
 .text.PHY_Read
                0x00001a94       0x98 ./sources/fsl_phy.o
                0x00001a94                PHY_Read
 .text.PHY_GetLinkStatus
                0x00001b2c       0x68 ./sources/fsl_phy.o
                0x00001b2c                PHY_GetLinkStatus
 .text.PHY_GetLinkSpeedDuplex
                0x00001b94       0x98 ./sources/fsl_phy.o
                0x00001b94                PHY_GetLinkSpeedDuplex
 .text.main     0x00001c2c      0x134 ./sources/lwip_tcpecho_freertos.o
                0x00001c2c                main
 .text.CLOCK_EnableClock
                0x00001d60       0x34 ./sources/pin_mux.o
 .text.PORT_SetPinMux
                0x00001d94       0x38 ./sources/pin_mux.o
 .text.BOARD_InitPins
                0x00001dcc      0x100 ./sources/pin_mux.o
                0x00001dcc                BOARD_InitPins
 .text.ethernet_input
                0x00001ecc      0x108 ./lwip/src/netif/ethernet.o
                0x00001ecc                ethernet_input
 .text.dhcp_check
                0x00001fd4       0x64 ./lwip/src/core/ipv4/dhcp.o
 .text.dhcp_select
                0x00002038      0x150 ./lwip/src/core/ipv4/dhcp.o
 .text.dhcp_coarse_tmr
                0x00002188       0xa4 ./lwip/src/core/ipv4/dhcp.o
                0x00002188                dhcp_coarse_tmr
 .text.dhcp_fine_tmr
                0x0000222c       0x60 ./lwip/src/core/ipv4/dhcp.o
                0x0000222c                dhcp_fine_tmr
 .text.dhcp_timeout
                0x0000228c       0x90 ./lwip/src/core/ipv4/dhcp.o
 .text.dhcp_t1_timeout
                0x0000231c       0x60 ./lwip/src/core/ipv4/dhcp.o
 .text.dhcp_t2_timeout
                0x0000237c       0x68 ./lwip/src/core/ipv4/dhcp.o
 .text.dhcp_arp_reply
                0x000023e4       0x48 ./lwip/src/core/ipv4/dhcp.o
                0x000023e4                dhcp_arp_reply
 .text.dhcp_decline
                0x0000242c       0xd8 ./lwip/src/core/ipv4/dhcp.o
 .text.dhcp_discover
                0x00002504      0x11c ./lwip/src/core/ipv4/dhcp.o
 .text.dhcp_bind
                0x00002620      0x1a0 ./lwip/src/core/ipv4/dhcp.o
 .text.dhcp_renew
                0x000027c0      0x110 ./lwip/src/core/ipv4/dhcp.o
                0x000027c0                dhcp_renew
 .text.dhcp_rebind
                0x000028d0      0x110 ./lwip/src/core/ipv4/dhcp.o
 .text.dhcp_reboot
                0x000029e0      0x12c ./lwip/src/core/ipv4/dhcp.o
 .text.dhcp_release
                0x00002b0c      0x114 ./lwip/src/core/ipv4/dhcp.o
                0x00002b0c                dhcp_release
 .text.dhcp_set_state
                0x00002c20       0x34 ./lwip/src/core/ipv4/dhcp.o
 .text.dhcp_option
                0x00002c54       0x60 ./lwip/src/core/ipv4/dhcp.o
 .text.dhcp_option_byte
                0x00002cb4       0x3c ./lwip/src/core/ipv4/dhcp.o
 .text.dhcp_option_short
                0x00002cf0       0x60 ./lwip/src/core/ipv4/dhcp.o
 .text.dhcp_option_long
                0x00002d50       0x9c ./lwip/src/core/ipv4/dhcp.o
 .text.dhcp_create_msg
                0x00002dec      0x280 ./lwip/src/core/ipv4/dhcp.o
 .text.dhcp_delete_msg
                0x0000306c       0x64 ./lwip/src/core/ipv4/dhcp.o
 .text.dhcp_option_trailer
                0x000030d0       0x94 ./lwip/src/core/ipv4/dhcp.o
 .text.dhcp_supplied_address
                0x00003164       0x3c ./lwip/src/core/ipv4/dhcp.o
                0x00003164                dhcp_supplied_address
 .text.etharp_free_entry
                0x000031a0       0xbc ./lwip/src/core/ipv4/etharp.o
 .text.etharp_tmr
                0x0000325c      0x150 ./lwip/src/core/ipv4/etharp.o
                0x0000325c                etharp_tmr
 .text.etharp_find_entry
                0x000033ac      0x258 ./lwip/src/core/ipv4/etharp.o
 .text.etharp_send_ip
                0x00003604       0x64 ./lwip/src/core/ipv4/etharp.o
 .text.etharp_update_arp_entry
                0x00003668      0x134 ./lwip/src/core/ipv4/etharp.o
 .text.etharp_arp_input
                0x0000379c      0x1a0 ./lwip/src/core/ipv4/etharp.o
                0x0000379c                etharp_arp_input
 .text.etharp_output_to_arp_index
                0x0000393c      0x120 ./lwip/src/core/ipv4/etharp.o
 .text.etharp_output
                0x00003a5c      0x1c0 ./lwip/src/core/ipv4/etharp.o
                0x00003a5c                etharp_output
 .text.etharp_query
                0x00003c1c      0x26c ./lwip/src/core/ipv4/etharp.o
                0x00003c1c                etharp_query
 .text.etharp_raw
                0x00003e88      0x12c ./lwip/src/core/ipv4/etharp.o
 .text.etharp_request_dst
                0x00003fb4       0x40 ./lwip/src/core/ipv4/etharp.o
 .text.etharp_request
                0x00003ff4       0x24 ./lwip/src/core/ipv4/etharp.o
                0x00003ff4                etharp_request
 .text.icmp_input
                0x00004018      0x23c ./lwip/src/core/ipv4/icmp.o
                0x00004018                icmp_input
 .text.icmp_dest_unreach
                0x00004254       0x20 ./lwip/src/core/ipv4/icmp.o
                0x00004254                icmp_dest_unreach
 .text.icmp_time_exceeded
                0x00004274       0x20 ./lwip/src/core/ipv4/icmp.o
                0x00004274                icmp_time_exceeded
 .text.icmp_send_response
                0x00004294       0xd4 ./lwip/src/core/ipv4/icmp.o
 .text.ip4_route
                0x00004368       0xd0 ./lwip/src/core/ipv4/ip4.o
                0x00004368                ip4_route
 .text.ip4_input
                0x00004438      0x2c0 ./lwip/src/core/ipv4/ip4.o
                0x00004438                ip4_input
 .text.ip4_output_if
                0x000046f8       0x54 ./lwip/src/core/ipv4/ip4.o
                0x000046f8                ip4_output_if
 .text.ip4_output_if_src
                0x0000474c      0x1c0 ./lwip/src/core/ipv4/ip4.o
                0x0000474c                ip4_output_if_src
 .text.ip4_addr_isbroadcast_u32
                0x0000490c       0x84 ./lwip/src/core/ipv4/ip4_addr.o
                0x0000490c                ip4_addr_isbroadcast_u32
 .text.ip_reass_tmr
                0x00004990       0x54 ./lwip/src/core/ipv4/ip4_frag.o
                0x00004990                ip_reass_tmr
 .text.ip_reass_free_complete_datagram
                0x000049e4      0x128 ./lwip/src/core/ipv4/ip4_frag.o
 .text.ip_reass_remove_oldest_datagram
                0x00004b0c       0xc4 ./lwip/src/core/ipv4/ip4_frag.o
 .text.ip_reass_enqueue_new_datagram
                0x00004bd0       0x74 ./lwip/src/core/ipv4/ip4_frag.o
 .text.ip_reass_dequeue_datagram
                0x00004c44       0x48 ./lwip/src/core/ipv4/ip4_frag.o
 .text.ip_reass_chain_frag_into_datagram_and_validate
                0x00004c8c      0x274 ./lwip/src/core/ipv4/ip4_frag.o
 .text.ip4_reass
                0x00004f00      0x264 ./lwip/src/core/ipv4/ip4_frag.o
                0x00004f00                ip4_reass
 .text.ip_frag_alloc_pbuf_custom_ref
                0x00005164       0x10 ./lwip/src/core/ipv4/ip4_frag.o
 .text.ip_frag_free_pbuf_custom_ref
                0x00005174       0x28 ./lwip/src/core/ipv4/ip4_frag.o
 .text.ipfrag_free_pbuf_custom
                0x0000519c       0x4c ./lwip/src/core/ipv4/ip4_frag.o
 .text.ip4_frag
                0x000051e8      0x208 ./lwip/src/core/ipv4/ip4_frag.o
                0x000051e8                ip4_frag
 .text.lwip_htons
                0x000053f0       0x2c ./lwip/src/core/def.o
                0x000053f0                lwip_htons
 .text.lwip_ntohs
                0x0000541c       0x1c ./lwip/src/core/def.o
                0x0000541c                lwip_ntohs
 .text.lwip_htonl
                0x00005438       0x34 ./lwip/src/core/def.o
                0x00005438                lwip_htonl
 .text.lwip_ntohl
                0x0000546c       0x18 ./lwip/src/core/def.o
                0x0000546c                lwip_ntohl
 .text.lwip_standard_chksum
                0x00005484       0xb8 ./lwip/src/core/inet_chksum.o
                0x00005484                lwip_standard_chksum
 .text.inet_cksum_pseudo_base
                0x0000553c       0xd8 ./lwip/src/core/inet_chksum.o
 .text.inet_chksum_pseudo
                0x00005614       0x74 ./lwip/src/core/inet_chksum.o
                0x00005614                inet_chksum_pseudo
 .text.ip_chksum_pseudo
                0x00005688       0x30 ./lwip/src/core/inet_chksum.o
                0x00005688                ip_chksum_pseudo
 .text.inet_chksum
                0x000056b8       0x24 ./lwip/src/core/inet_chksum.o
                0x000056b8                inet_chksum
 .text.inet_chksum_pbuf
                0x000056dc       0x98 ./lwip/src/core/inet_chksum.o
                0x000056dc                inet_chksum_pbuf
 .text.lwip_init
                0x00005774       0x24 ./lwip/src/core/init.o
                0x00005774                lwip_init
 .text.plug_holes
                0x00005798      0x108 ./lwip/src/core/mem.o
 .text.mem_init
                0x000058a0       0x90 ./lwip/src/core/mem.o
                0x000058a0                mem_init
 .text.mem_free
                0x00005930       0xbc ./lwip/src/core/mem.o
                0x00005930                mem_free
 .text.mem_trim
                0x000059ec      0x1bc ./lwip/src/core/mem.o
                0x000059ec                mem_trim
 .text.mem_malloc
                0x00005ba8      0x1c4 ./lwip/src/core/mem.o
                0x00005ba8                mem_malloc
 .text.memp_init_pool
                0x00005d6c       0x5c ./lwip/src/core/memp.o
                0x00005d6c                memp_init_pool
 .text.memp_init
                0x00005dc8       0x30 ./lwip/src/core/memp.o
                0x00005dc8                memp_init
 .text.do_memp_malloc_pool
                0x00005df8       0x54 ./lwip/src/core/memp.o
 .text.memp_malloc
                0x00005e4c       0x3c ./lwip/src/core/memp.o
                0x00005e4c                memp_malloc
 .text.do_memp_free_pool
                0x00005e88       0x48 ./lwip/src/core/memp.o
 .text.memp_free
                0x00005ed0       0x38 ./lwip/src/core/memp.o
                0x00005ed0                memp_free
 .text.netif_init
                0x00005f08        0xc ./lwip/src/core/netif.o
                0x00005f08                netif_init
 .text.netif_add
                0x00005f14       0xa0 ./lwip/src/core/netif.o
                0x00005f14                netif_add
 .text.netif_set_addr
                0x00005fb4       0x54 ./lwip/src/core/netif.o
                0x00005fb4                netif_set_addr
 .text.netif_set_ipaddr
                0x00006008       0x68 ./lwip/src/core/netif.o
                0x00006008                netif_set_ipaddr
 .text.netif_set_gw
                0x00006070       0x28 ./lwip/src/core/netif.o
                0x00006070                netif_set_gw
 .text.netif_set_netmask
                0x00006098       0x28 ./lwip/src/core/netif.o
                0x00006098                netif_set_netmask
 .text.netif_set_default
                0x000060c0       0x1c ./lwip/src/core/netif.o
                0x000060c0                netif_set_default
 .text.netif_set_up
                0x000060dc       0x44 ./lwip/src/core/netif.o
                0x000060dc                netif_set_up
 .text.netif_issue_reports
                0x00006120       0x40 ./lwip/src/core/netif.o
 .text.pbuf_alloc
                0x00006160      0x2bc ./lwip/src/core/pbuf.o
                0x00006160                pbuf_alloc
 .text.pbuf_alloced_custom
                0x0000641c       0xc4 ./lwip/src/core/pbuf.o
                0x0000641c                pbuf_alloced_custom
 .text.pbuf_realloc
                0x000064e0      0x12c ./lwip/src/core/pbuf.o
                0x000064e0                pbuf_realloc
 .text.pbuf_header_impl
                0x0000660c      0x128 ./lwip/src/core/pbuf.o
 .text.pbuf_header
                0x00006734       0x24 ./lwip/src/core/pbuf.o
                0x00006734                pbuf_header
 .text.pbuf_header_force
                0x00006758       0x24 ./lwip/src/core/pbuf.o
                0x00006758                pbuf_header_force
 .text.pbuf_free
                0x0000677c      0x10c ./lwip/src/core/pbuf.o
                0x0000677c                pbuf_free
 .text.pbuf_clen
                0x00006888       0x30 ./lwip/src/core/pbuf.o
                0x00006888                pbuf_clen
 .text.pbuf_ref
                0x000068b8       0x2c ./lwip/src/core/pbuf.o
                0x000068b8                pbuf_ref
 .text.pbuf_cat
                0x000068e4       0x8c ./lwip/src/core/pbuf.o
                0x000068e4                pbuf_cat
 .text.pbuf_chain
                0x00006970       0x20 ./lwip/src/core/pbuf.o
                0x00006970                pbuf_chain
 .text.pbuf_copy
                0x00006990      0x15c ./lwip/src/core/pbuf.o
                0x00006990                pbuf_copy
 .text.pbuf_copy_partial
                0x00006aec       0xd8 ./lwip/src/core/pbuf.o
                0x00006aec                pbuf_copy_partial
 .text.tcp_init
                0x00006bc4        0xc ./lwip/src/core/tcp.o
                0x00006bc4                tcp_init
 .text.tcp_tmr  0x00006bd0       0x2c ./lwip/src/core/tcp.o
                0x00006bd0                tcp_tmr
 .text.tcp_remove_listener
                0x00006bfc       0x38 ./lwip/src/core/tcp.o
 .text.tcp_listen_closed
                0x00006c34       0x58 ./lwip/src/core/tcp.o
 .text.tcp_backlog_delayed
                0x00006c8c       0x60 ./lwip/src/core/tcp.o
                0x00006c8c                tcp_backlog_delayed
 .text.tcp_backlog_accepted
                0x00006cec       0x60 ./lwip/src/core/tcp.o
                0x00006cec                tcp_backlog_accepted
 .text.tcp_close_shutdown
                0x00006d4c      0x264 ./lwip/src/core/tcp.o
 .text.tcp_close
                0x00006fb0       0x30 ./lwip/src/core/tcp.o
                0x00006fb0                tcp_close
 .text.tcp_shutdown
                0x00006fe0       0x8c ./lwip/src/core/tcp.o
                0x00006fe0                tcp_shutdown
 .text.tcp_abandon
                0x0000706c      0x13c ./lwip/src/core/tcp.o
                0x0000706c                tcp_abandon
 .text.tcp_abort
                0x000071a8       0x18 ./lwip/src/core/tcp.o
                0x000071a8                tcp_abort
 .text.tcp_bind
                0x000071c0      0x110 ./lwip/src/core/tcp.o
                0x000071c0                tcp_bind
 .text.tcp_accept_null
                0x000072d0       0x20 ./lwip/src/core/tcp.o
 .text.tcp_listen_with_backlog
                0x000072f0      0x10c ./lwip/src/core/tcp.o
                0x000072f0                tcp_listen_with_backlog
 .text.tcp_update_rcv_ann_wnd
                0x000073fc       0x90 ./lwip/src/core/tcp.o
                0x000073fc                tcp_update_rcv_ann_wnd
 .text.tcp_recved
                0x0000748c       0x9c ./lwip/src/core/tcp.o
                0x0000748c                tcp_recved
 .text.tcp_new_port
                0x00007528       0x8c ./lwip/src/core/tcp.o
 .text.tcp_slowtmr
                0x000075b4      0x4d8 ./lwip/src/core/tcp.o
                0x000075b4                tcp_slowtmr
 .text.tcp_fasttmr
                0x00007a8c       0xa4 ./lwip/src/core/tcp.o
                0x00007a8c                tcp_fasttmr
 .text.tcp_process_refused_data
                0x00007b30       0xcc ./lwip/src/core/tcp.o
                0x00007b30                tcp_process_refused_data
 .text.tcp_segs_free
                0x00007bfc       0x28 ./lwip/src/core/tcp.o
                0x00007bfc                tcp_segs_free
 .text.tcp_seg_free
                0x00007c24       0x30 ./lwip/src/core/tcp.o
                0x00007c24                tcp_seg_free
 .text.tcp_recv_null
                0x00007c54       0x48 ./lwip/src/core/tcp.o
                0x00007c54                tcp_recv_null
 .text.tcp_kill_prio
                0x00007c9c       0x80 ./lwip/src/core/tcp.o
 .text.tcp_kill_state
                0x00007d1c       0x84 ./lwip/src/core/tcp.o
 .text.tcp_kill_timewait
                0x00007da0       0x5c ./lwip/src/core/tcp.o
 .text.tcp_alloc
                0x00007dfc      0x114 ./lwip/src/core/tcp.o
                0x00007dfc                tcp_alloc
 .text.tcp_new  0x00007f10       0x10 ./lwip/src/core/tcp.o
                0x00007f10                tcp_new
 .text.tcp_arg  0x00007f20       0x20 ./lwip/src/core/tcp.o
                0x00007f20                tcp_arg
 .text.tcp_recv
                0x00007f40       0x30 ./lwip/src/core/tcp.o
                0x00007f40                tcp_recv
 .text.tcp_sent
                0x00007f70       0x30 ./lwip/src/core/tcp.o
                0x00007f70                tcp_sent
 .text.tcp_err  0x00007fa0       0x30 ./lwip/src/core/tcp.o
                0x00007fa0                tcp_err
 .text.tcp_accept
                0x00007fd0       0x2c ./lwip/src/core/tcp.o
                0x00007fd0                tcp_accept
 .text.tcp_poll
                0x00007ffc       0x34 ./lwip/src/core/tcp.o
                0x00007ffc                tcp_poll
 .text.tcp_pcb_purge
                0x00008030       0x78 ./lwip/src/core/tcp.o
                0x00008030                tcp_pcb_purge
 .text.tcp_pcb_remove
                0x000080a8       0xc4 ./lwip/src/core/tcp.o
                0x000080a8                tcp_pcb_remove
 .text.tcp_next_iss
                0x0000816c       0x28 ./lwip/src/core/tcp.o
                0x0000816c                tcp_next_iss
 .text.tcp_eff_send_mss_impl
                0x00008194       0x48 ./lwip/src/core/tcp.o
                0x00008194                tcp_eff_send_mss_impl
 .text.tcp_netif_ipv4_addr_changed_pcblist
                0x000081dc       0x40 ./lwip/src/core/tcp.o
 .text.tcp_netif_ipv4_addr_changed
                0x0000821c       0x7c ./lwip/src/core/tcp.o
                0x0000821c                tcp_netif_ipv4_addr_changed
 .text.tcp_input
                0x00008298      0x754 ./lwip/src/core/tcp_in.o
                0x00008298                tcp_input
 .text.tcp_listen_input
                0x000089ec      0x1dc ./lwip/src/core/tcp_in.o
 .text.tcp_timewait_input
                0x00008bc8       0xd0 ./lwip/src/core/tcp_in.o
 .text.tcp_process
                0x00008c98      0x724 ./lwip/src/core/tcp_in.o
 .text.tcp_receive
                0x000093bc      0x950 ./lwip/src/core/tcp_in.o
 .text.tcp_getoptbyte
                0x00009d0c       0x74 ./lwip/src/core/tcp_in.o
 .text.tcp_parseopt
                0x00009d80       0xc8 ./lwip/src/core/tcp_in.o
 .text.tcp_trigger_input_pcb_close
                0x00009e48       0x20 ./lwip/src/core/tcp_in.o
                0x00009e48                tcp_trigger_input_pcb_close
 .text.tcp_output_alloc_header
                0x00009e68       0xe8 ./lwip/src/core/tcp_out.o
 .text.tcp_send_fin
                0x00009f50       0x80 ./lwip/src/core/tcp_out.o
                0x00009f50                tcp_send_fin
 .text.tcp_create_segment
                0x00009fd0      0x10c ./lwip/src/core/tcp_out.o
 .text.tcp_pbuf_prealloc
                0x0000a0dc       0xb8 ./lwip/src/core/tcp_out.o
 .text.tcp_write_checks
                0x0000a194       0xd0 ./lwip/src/core/tcp_out.o
 .text.tcp_write
                0x0000a264      0x568 ./lwip/src/core/tcp_out.o
                0x0000a264                tcp_write
 .text.tcp_enqueue_flags
                0x0000a7cc      0x1c4 ./lwip/src/core/tcp_out.o
                0x0000a7cc                tcp_enqueue_flags
 .text.tcp_send_empty_ack
                0x0000a990       0xd4 ./lwip/src/core/tcp_out.o
                0x0000a990                tcp_send_empty_ack
 .text.tcp_output
                0x0000aa64      0x340 ./lwip/src/core/tcp_out.o
                0x0000aa64                tcp_output
 .text.tcp_output_segment
                0x0000ada4      0x15c ./lwip/src/core/tcp_out.o
 .text.tcp_rst  0x0000af00       0xf8 ./lwip/src/core/tcp_out.o
                0x0000af00                tcp_rst
 .text.tcp_rexmit_rto
                0x0000aff8       0x74 ./lwip/src/core/tcp_out.o
                0x0000aff8                tcp_rexmit_rto
 .text.tcp_rexmit
                0x0000b06c       0x94 ./lwip/src/core/tcp_out.o
                0x0000b06c                tcp_rexmit
 .text.tcp_rexmit_fast
                0x0000b100       0xac ./lwip/src/core/tcp_out.o
                0x0000b100                tcp_rexmit_fast
 .text.tcp_keepalive
                0x0000b1ac       0x98 ./lwip/src/core/tcp_out.o
                0x0000b1ac                tcp_keepalive
 .text.tcp_zero_window_probe
                0x0000b244      0x130 ./lwip/src/core/tcp_out.o
                0x0000b244                tcp_zero_window_probe
 .text.tcpip_tcp_timer
                0x0000b374       0x44 ./lwip/src/core/timeouts.o
 .text.tcp_timer_needed
                0x0000b3b8       0x40 ./lwip/src/core/timeouts.o
                0x0000b3b8                tcp_timer_needed
 .text.cyclic_timer
                0x0000b3f8       0x2c ./lwip/src/core/timeouts.o
 .text.sys_timeouts_init
                0x0000b424       0x50 ./lwip/src/core/timeouts.o
                0x0000b424                sys_timeouts_init
 .text.sys_timeout
                0x0000b474      0x134 ./lwip/src/core/timeouts.o
                0x0000b474                sys_timeout
 .text.sys_check_timeouts
                0x0000b5a8       0xa0 ./lwip/src/core/timeouts.o
 .text.sys_timeouts_sleeptime
                0x0000b648       0x4c ./lwip/src/core/timeouts.o
 .text.sys_timeouts_mbox_fetch
                0x0000b694       0x4c ./lwip/src/core/timeouts.o
                0x0000b694                sys_timeouts_mbox_fetch
 .text.udp_init
                0x0000b6e0        0xc ./lwip/src/core/udp.o
                0x0000b6e0                udp_init
 .text.udp_new_port
                0x0000b6ec       0x74 ./lwip/src/core/udp.o
 .text.udp_input_local_match
                0x0000b760       0x78 ./lwip/src/core/udp.o
 .text.udp_input
                0x0000b7d8      0x1f0 ./lwip/src/core/udp.o
                0x0000b7d8                udp_input
 .text.udp_sendto_if
                0x0000b9c8       0x78 ./lwip/src/core/udp.o
                0x0000b9c8                udp_sendto_if
 .text.udp_sendto_if_src
                0x0000ba40      0x154 ./lwip/src/core/udp.o
                0x0000ba40                udp_sendto_if_src
 .text.udp_bind
                0x0000bb94       0xdc ./lwip/src/core/udp.o
                0x0000bb94                udp_bind
 .text.udp_recv
                0x0000bc70       0x24 ./lwip/src/core/udp.o
                0x0000bc70                udp_recv
 .text.udp_remove
                0x0000bc94       0x60 ./lwip/src/core/udp.o
                0x0000bc94                udp_remove
 .text.udp_new  0x0000bcf4       0x30 ./lwip/src/core/udp.o
                0x0000bcf4                udp_new
 .text.udp_netif_ipv4_addr_changed
                0x0000bd24       0x5c ./lwip/src/core/udp.o
                0x0000bd24                udp_netif_ipv4_addr_changed
 .text.netconn_apimsg
                0x0000bd80       0x40 ./lwip/src/api/api_lib.o
 .text.netconn_new_with_proto_and_callback
                0x0000bdc0       0xbc ./lwip/src/api/api_lib.o
                0x0000bdc0                netconn_new_with_proto_and_callback
 .text.netconn_delete
                0x0000be7c       0x4c ./lwip/src/api/api_lib.o
                0x0000be7c                netconn_delete
 .text.netconn_bind
                0x0000bec8       0x60 ./lwip/src/api/api_lib.o
                0x0000bec8                netconn_bind
 .text.netconn_listen_with_backlog
                0x0000bf28       0x48 ./lwip/src/api/api_lib.o
                0x0000bf28                netconn_listen_with_backlog
 .text.netconn_accept
                0x0000bf70       0xfc ./lwip/src/api/api_lib.o
                0x0000bf70                netconn_accept
 .text.netconn_recv_data
                0x0000c06c      0x154 ./lwip/src/api/api_lib.o
 .text.netconn_recv
                0x0000c1c0       0xc8 ./lwip/src/api/api_lib.o
                0x0000c1c0                netconn_recv
 .text.netconn_write_partly
                0x0000c288       0xd4 ./lwip/src/api/api_lib.o
                0x0000c288                netconn_write_partly
 .text.netconn_close_shutdown
                0x0000c35c       0x4c ./lwip/src/api/api_lib.o
 .text.netconn_close
                0x0000c3a8       0x1c ./lwip/src/api/api_lib.o
                0x0000c3a8                netconn_close
 .text.recv_udp
                0x0000c3c4       0xd0 ./lwip/src/api/api_msg.o
 .text.recv_tcp
                0x0000c494       0xe8 ./lwip/src/api/api_msg.o
 .text.poll_tcp
                0x0000c57c       0xc4 ./lwip/src/api/api_msg.o
 .text.sent_tcp
                0x0000c640       0xa0 ./lwip/src/api/api_msg.o
 .text.err_tcp  0x0000c6e0      0x1a4 ./lwip/src/api/api_msg.o
 .text.setup_tcp
                0x0000c884       0x50 ./lwip/src/api/api_msg.o
 .text.accept_function
                0x0000c8d4      0x138 ./lwip/src/api/api_msg.o
 .text.pcb_new  0x0000ca0c       0xb8 ./lwip/src/api/api_msg.o
 .text.lwip_netconn_do_newconn
                0x0000cac4       0x54 ./lwip/src/api/api_msg.o
                0x0000cac4                lwip_netconn_do_newconn
 .text.netconn_alloc
                0x0000cb18       0xd4 ./lwip/src/api/api_msg.o
                0x0000cb18                netconn_alloc
 .text.netconn_free
                0x0000cbec       0x5c ./lwip/src/api/api_msg.o
                0x0000cbec                netconn_free
 .text.netconn_drain
                0x0000cc48       0xdc ./lwip/src/api/api_msg.o
 .text.lwip_netconn_do_close_internal
                0x0000cd24      0x2b0 ./lwip/src/api/api_msg.o
 .text.lwip_netconn_do_delconn
                0x0000cfd4      0x1d0 ./lwip/src/api/api_msg.o
                0x0000cfd4                lwip_netconn_do_delconn
 .text.lwip_netconn_do_bind
                0x0000d1a4       0xc0 ./lwip/src/api/api_msg.o
                0x0000d1a4                lwip_netconn_do_bind
 .text.lwip_netconn_do_listen
                0x0000d264      0x194 ./lwip/src/api/api_msg.o
                0x0000d264                lwip_netconn_do_listen
 .text.lwip_netconn_do_recv
                0x0000d3f8       0x94 ./lwip/src/api/api_msg.o
                0x0000d3f8                lwip_netconn_do_recv
 .text.lwip_netconn_do_accepted
                0x0000d48c       0x68 ./lwip/src/api/api_msg.o
                0x0000d48c                lwip_netconn_do_accepted
 .text.lwip_netconn_do_writemore
                0x0000d4f4      0x30c ./lwip/src/api/api_msg.o
 .text.lwip_netconn_do_write
                0x0000d800      0x130 ./lwip/src/api/api_msg.o
                0x0000d800                lwip_netconn_do_write
 .text.lwip_netconn_do_close
                0x0000d930      0x12c ./lwip/src/api/api_msg.o
                0x0000d930                lwip_netconn_do_close
 .text.netbuf_delete
                0x0000da5c       0x3c ./lwip/src/api/netbuf.o
                0x0000da5c                netbuf_delete
 .text.netbuf_data
                0x0000da98       0x74 ./lwip/src/api/netbuf.o
                0x0000da98                netbuf_data
 .text.netbuf_next
                0x0000db0c       0x50 ./lwip/src/api/netbuf.o
                0x0000db0c                netbuf_next
 .text.tcpip_thread
                0x0000db5c       0xbc ./lwip/src/api/tcpip.o
 .text.tcpip_inpkt
                0x0000dc18       0x74 ./lwip/src/api/tcpip.o
                0x0000dc18                tcpip_inpkt
 .text.tcpip_input
                0x0000dc8c       0x44 ./lwip/src/api/tcpip.o
                0x0000dc8c                tcpip_input
 .text.tcpip_send_msg_wait_sem
                0x0000dcd0       0x30 ./lwip/src/api/tcpip.o
                0x0000dcd0                tcpip_send_msg_wait_sem
 .text.tcpip_init
                0x0000dd00       0x78 ./lwip/src/api/tcpip.o
                0x0000dd00                tcpip_init
 .text.NVIC_SetPriority
                0x0000dd78       0x54 ./lwip/port/ethernetif.o
 .text.ENET_ActiveRead
                0x0000ddcc       0x1c ./lwip/port/ethernetif.o
 .text.ethernet_callback
                0x0000dde8       0x8c ./lwip/port/ethernetif.o
                0x0000dde8                ethernet_callback
 .text.low_level_init
                0x0000de74      0x19c ./lwip/port/ethernetif.o
 .text.low_level_output
                0x0000e010       0xf8 ./lwip/port/ethernetif.o
 .text.low_level_input
                0x0000e108       0x9c ./lwip/port/ethernetif.o
 .text.ethernetif_input
                0x0000e1a4       0x4c ./lwip/port/ethernetif.o
                0x0000e1a4                ethernetif_input
 .text.ethernetif_init
                0x0000e1f0       0x68 ./lwip/port/ethernetif.o
                0x0000e1f0                ethernetif_init
 .text.sys_assert
                0x0000e258       0x20 ./lwip/port/sys_arch.o
                0x0000e258                sys_assert
 .text.sys_mbox_new
                0x0000e278       0x38 ./lwip/port/sys_arch.o
                0x0000e278                sys_mbox_new
 .text.sys_mbox_free
                0x0000e2b0       0x40 ./lwip/port/sys_arch.o
                0x0000e2b0                sys_mbox_free
 .text.sys_mbox_trypost
                0x0000e2f0       0x94 ./lwip/port/sys_arch.o
                0x0000e2f0                sys_mbox_trypost
 .text.sys_arch_mbox_fetch
                0x0000e384       0x9c ./lwip/port/sys_arch.o
                0x0000e384                sys_arch_mbox_fetch
 .text.sys_arch_mbox_tryfetch
                0x0000e420       0x44 ./lwip/port/sys_arch.o
                0x0000e420                sys_arch_mbox_tryfetch
 .text.sys_sem_new
                0x0000e464       0x68 ./lwip/port/sys_arch.o
                0x0000e464                sys_sem_new
 .text.sys_arch_sem_wait
                0x0000e4cc       0x88 ./lwip/port/sys_arch.o
                0x0000e4cc                sys_arch_sem_wait
 .text.sys_mutex_new
                0x0000e554       0x30 ./lwip/port/sys_arch.o
                0x0000e554                sys_mutex_new
 .text.sys_mutex_lock
                0x0000e584       0x28 ./lwip/port/sys_arch.o
                0x0000e584                sys_mutex_lock
 .text.sys_mutex_unlock
                0x0000e5ac       0x20 ./lwip/port/sys_arch.o
                0x0000e5ac                sys_mutex_unlock
 .text.sys_sem_signal
                0x0000e5cc       0x20 ./lwip/port/sys_arch.o
                0x0000e5cc                sys_sem_signal
 .text.sys_sem_free
                0x0000e5ec       0x18 ./lwip/port/sys_arch.o
                0x0000e5ec                sys_sem_free
 .text.sys_init
                0x0000e604        0xc ./lwip/port/sys_arch.o
                0x0000e604                sys_init
 .text.sys_now  0x0000e610       0x10 ./lwip/port/sys_arch.o
                0x0000e610                sys_now
 .text.sys_thread_new
                0x0000e620       0x44 ./lwip/port/sys_arch.o
                0x0000e620                sys_thread_new
 .text.sys_arch_protect
                0x0000e664       0x44 ./lwip/port/sys_arch.o
                0x0000e664                sys_arch_protect
 .text.sys_arch_unprotect
                0x0000e6a8       0x2c ./lwip/port/sys_arch.o
                0x0000e6a8                sys_arch_unprotect
 .text.tcpecho_thread
                0x0000e6d4       0xd0 ./lwip/contrib/apps/tcpecho/tcpecho.o
 .text.tcpecho_init
                0x0000e7a4       0x24 ./lwip/contrib/apps/tcpecho/tcpecho.o
                0x0000e7a4                tcpecho_init
 .text.pvPortMalloc
                0x0000e7c8       0x24 ./freertos/Source/portable/MemMang/heap_3.o
                0x0000e7c8                pvPortMalloc
 .text.vPortFree
                0x0000e7ec       0x24 ./freertos/Source/portable/MemMang/heap_3.o
                0x0000e7ec                vPortFree
 .text.vPortSetupTimerInterrupt
                0x0000e810       0x30 ./freertos/Source/portable/GCC/ARM_CM4F/fsl_tickless_systick.o
                0x0000e810                vPortSetupTimerInterrupt
 .text.pxPortInitialiseStack
                0x0000e840       0x68 ./freertos/Source/portable/GCC/ARM_CM4F/port.o
                0x0000e840                pxPortInitialiseStack
 .text.prvTaskExitError
                0x0000e8a8       0x3c ./freertos/Source/portable/GCC/ARM_CM4F/port.o
 *fill*         0x0000e8e4        0xc 
 .text.SVC_Handler
                0x0000e8f0       0x30 ./freertos/Source/portable/GCC/ARM_CM4F/port.o
                0x0000e8f0                SVC_Handler
 .text.prvPortStartFirstTask
                0x0000e920       0x20 ./freertos/Source/portable/GCC/ARM_CM4F/port.o
 .text.xPortStartScheduler
                0x0000e940      0x118 ./freertos/Source/portable/GCC/ARM_CM4F/port.o
                0x0000e940                xPortStartScheduler
 .text.vPortEnterCritical
                0x0000ea58       0x5c ./freertos/Source/portable/GCC/ARM_CM4F/port.o
                0x0000ea58                vPortEnterCritical
 .text.vPortExitCritical
                0x0000eab4       0x4c ./freertos/Source/portable/GCC/ARM_CM4F/port.o
                0x0000eab4                vPortExitCritical
 .text.PendSV_Handler
                0x0000eb00       0x70 ./freertos/Source/portable/GCC/ARM_CM4F/port.o
                0x0000eb00                PendSV_Handler
 .text.SysTick_Handler
                0x0000eb70       0x40 ./freertos/Source/portable/GCC/ARM_CM4F/port.o
                0x0000eb70                SysTick_Handler
 .text.vPortEnableVFP
                0x0000ebb0       0x14 ./freertos/Source/portable/GCC/ARM_CM4F/port.o
 .text.vPortValidateInterruptPriority
                0x0000ebc4       0x78 ./freertos/Source/portable/GCC/ARM_CM4F/port.o
                0x0000ebc4                vPortValidateInterruptPriority
 .text.xEventGroupCreate
                0x0000ec3c       0x30 ./freertos/Source/event_groups.o
                0x0000ec3c                xEventGroupCreate
 .text.xEventGroupWaitBits
                0x0000ec6c      0x194 ./freertos/Source/event_groups.o
                0x0000ec6c                xEventGroupWaitBits
 .text.xEventGroupSetBits
                0x0000ee00      0x114 ./freertos/Source/event_groups.o
                0x0000ee00                xEventGroupSetBits
 .text.vEventGroupSetBitsCallback
                0x0000ef14       0x18 ./freertos/Source/event_groups.o
                0x0000ef14                vEventGroupSetBitsCallback
 .text.prvTestWaitCondition
                0x0000ef2c       0x44 ./freertos/Source/event_groups.o
 .text.xEventGroupSetBitsFromISR
                0x0000ef70       0x28 ./freertos/Source/event_groups.o
                0x0000ef70                xEventGroupSetBitsFromISR
 .text.vListInitialise
                0x0000ef98       0x40 ./freertos/Source/list.o
                0x0000ef98                vListInitialise
 .text.vListInitialiseItem
                0x0000efd8       0x18 ./freertos/Source/list.o
                0x0000efd8                vListInitialiseItem
 .text.vListInsertEnd
                0x0000eff0       0x48 ./freertos/Source/list.o
                0x0000eff0                vListInsertEnd
 .text.vListInsert
                0x0000f038       0x70 ./freertos/Source/list.o
                0x0000f038                vListInsert
 .text.uxListRemove
                0x0000f0a8       0x54 ./freertos/Source/list.o
                0x0000f0a8                uxListRemove
 .text.xQueueGenericReset
                0x0000f0fc       0xd0 ./freertos/Source/queue.o
                0x0000f0fc                xQueueGenericReset
 .text.xQueueGenericCreate
                0x0000f1cc       0x70 ./freertos/Source/queue.o
                0x0000f1cc                xQueueGenericCreate
 .text.prvInitialiseNewQueue
                0x0000f23c       0x44 ./freertos/Source/queue.o
 .text.prvInitialiseMutex
                0x0000f280       0x34 ./freertos/Source/queue.o
 .text.xQueueCreateMutex
                0x0000f2b4       0x30 ./freertos/Source/queue.o
                0x0000f2b4                xQueueCreateMutex
 .text.xQueueGenericSend
                0x0000f2e4      0x1fc ./freertos/Source/queue.o
                0x0000f2e4                xQueueGenericSend
 .text.xQueueGenericSendFromISR
                0x0000f4e0      0x128 ./freertos/Source/queue.o
                0x0000f4e0                xQueueGenericSendFromISR
 .text.xQueueGenericReceive
                0x0000f608      0x22c ./freertos/Source/queue.o
                0x0000f608                xQueueGenericReceive
 .text.uxQueueMessagesWaiting
                0x0000f834       0x3c ./freertos/Source/queue.o
                0x0000f834                uxQueueMessagesWaiting
 .text.vQueueDelete
                0x0000f870       0x38 ./freertos/Source/queue.o
                0x0000f870                vQueueDelete
 .text.prvCopyDataToQueue
                0x0000f8a8       0xd8 ./freertos/Source/queue.o
 .text.prvCopyDataFromQueue
                0x0000f980       0x4c ./freertos/Source/queue.o
 .text.prvUnlockQueue
                0x0000f9cc       0xa0 ./freertos/Source/queue.o
 .text.prvIsQueueEmpty
                0x0000fa6c       0x2c ./freertos/Source/queue.o
 .text.prvIsQueueFull
                0x0000fa98       0x30 ./freertos/Source/queue.o
 .text.xQueueIsQueueFullFromISR
                0x0000fac8       0x48 ./freertos/Source/queue.o
                0x0000fac8                xQueueIsQueueFullFromISR
 .text.vQueueAddToRegistry
                0x0000fb10       0x50 ./freertos/Source/queue.o
                0x0000fb10                vQueueAddToRegistry
 .text.vQueueUnregisterQueue
                0x0000fb60       0x50 ./freertos/Source/queue.o
                0x0000fb60                vQueueUnregisterQueue
 .text.vQueueWaitForMessageRestricted
                0x0000fbb0       0x6c ./freertos/Source/queue.o
                0x0000fbb0                vQueueWaitForMessageRestricted
 .text.xTaskCreate
                0x0000fc1c       0x84 ./freertos/Source/tasks.o
                0x0000fc1c                xTaskCreate
 .text.prvInitialiseNewTask
                0x0000fca0      0x108 ./freertos/Source/tasks.o
 .text.prvAddNewTaskToReadyList
                0x0000fda8       0xdc ./freertos/Source/tasks.o
 .text.vTaskStartScheduler
                0x0000fe84       0x94 ./freertos/Source/tasks.o
                0x0000fe84                vTaskStartScheduler
 .text.vTaskSuspendAll
                0x0000ff18       0x1c ./freertos/Source/tasks.o
                0x0000ff18                vTaskSuspendAll
 .text.xTaskResumeAll
                0x0000ff34      0x138 ./freertos/Source/tasks.o
                0x0000ff34                xTaskResumeAll
 .text.xTaskGetTickCount
                0x0001006c       0x20 ./freertos/Source/tasks.o
                0x0001006c                xTaskGetTickCount
 .text.xTaskIncrementTick
                0x0001008c      0x15c ./freertos/Source/tasks.o
                0x0001008c                xTaskIncrementTick
 .text.vTaskSwitchContext
                0x000101e8       0xb4 ./freertos/Source/tasks.o
                0x000101e8                vTaskSwitchContext
 .text.vTaskPlaceOnEventList
                0x0001029c       0x44 ./freertos/Source/tasks.o
                0x0001029c                vTaskPlaceOnEventList
 .text.vTaskPlaceOnUnorderedEventList
                0x000102e0       0x74 ./freertos/Source/tasks.o
                0x000102e0                vTaskPlaceOnUnorderedEventList
 .text.vTaskPlaceOnEventListRestricted
                0x00010354       0x54 ./freertos/Source/tasks.o
                0x00010354                vTaskPlaceOnEventListRestricted
 .text.xTaskRemoveFromEventList
                0x000103a8       0xc4 ./freertos/Source/tasks.o
                0x000103a8                xTaskRemoveFromEventList
 .text.xTaskRemoveFromUnorderedEventList
                0x0001046c       0xcc ./freertos/Source/tasks.o
                0x0001046c                xTaskRemoveFromUnorderedEventList
 .text.vTaskSetTimeOutState
                0x00010538       0x44 ./freertos/Source/tasks.o
                0x00010538                vTaskSetTimeOutState
 .text.xTaskCheckForTimeOut
                0x0001057c       0xbc ./freertos/Source/tasks.o
                0x0001057c                xTaskCheckForTimeOut
 .text.vTaskMissedYield
                0x00010638       0x18 ./freertos/Source/tasks.o
                0x00010638                vTaskMissedYield
 .text.prvIdleTask
                0x00010650       0x30 ./freertos/Source/tasks.o
 .text.prvInitialiseTaskLists
                0x00010680       0x7c ./freertos/Source/tasks.o
 .text.prvCheckTasksWaitingTermination
                0x000106fc       0x74 ./freertos/Source/tasks.o
 .text.prvDeleteTCB
                0x00010770       0x20 ./freertos/Source/tasks.o
 .text.prvResetNextTaskUnblockTime
                0x00010790       0x48 ./freertos/Source/tasks.o
 .text.xTaskGetSchedulerState
                0x000107d8       0x3c ./freertos/Source/tasks.o
                0x000107d8                xTaskGetSchedulerState
 .text.vTaskPriorityInherit
                0x00010814       0xec ./freertos/Source/tasks.o
                0x00010814                vTaskPriorityInherit
 .text.xTaskPriorityDisinherit
                0x00010900      0x108 ./freertos/Source/tasks.o
                0x00010900                xTaskPriorityDisinherit
 .text.uxTaskResetEventItemValue
                0x00010a08       0x30 ./freertos/Source/tasks.o
                0x00010a08                uxTaskResetEventItemValue
 .text.pvTaskIncrementMutexHeldCount
                0x00010a38       0x28 ./freertos/Source/tasks.o
                0x00010a38                pvTaskIncrementMutexHeldCount
 .text.prvAddCurrentTaskToDelayedList
                0x00010a60       0xc8 ./freertos/Source/tasks.o
 .text.xTimerCreateTimerTask
                0x00010b28       0x60 ./freertos/Source/timers.o
                0x00010b28                xTimerCreateTimerTask
 .text.xTimerGenericCommand
                0x00010b88       0xa4 ./freertos/Source/timers.o
                0x00010b88                xTimerGenericCommand
 .text.prvProcessExpiredTimer
                0x00010c2c       0x80 ./freertos/Source/timers.o
 .text.prvTimerTask
                0x00010cac       0x24 ./freertos/Source/timers.o
 .text.prvProcessTimerOrBlockTask
                0x00010cd0       0x9c ./freertos/Source/timers.o
 .text.prvGetNextExpireTime
                0x00010d6c       0x48 ./freertos/Source/timers.o
 .text.prvSampleTimeNow
                0x00010db4       0x40 ./freertos/Source/timers.o
 .text.prvInsertTimerInActiveList
                0x00010df4       0x84 ./freertos/Source/timers.o
 .text.prvProcessReceivedCommands
                0x00010e78      0x164 ./freertos/Source/timers.o
 .text.prvSwitchTimerLists
                0x00010fdc       0xc0 ./freertos/Source/timers.o
 .text.prvCheckForValidListAndQueue
                0x0001109c       0x6c ./freertos/Source/timers.o
 .text.xTimerPendFunctionCallFromISR
                0x00011108       0x44 ./freertos/Source/timers.o
                0x00011108                xTimerPendFunctionCallFromISR
 .text.CLOCK_SetEr32kClock
                0x0001114c       0x2c ./drivers/fsl_clock.o
 .text.CLOCK_SetPllFllSelClock
                0x00011178       0x38 ./drivers/fsl_clock.o
 .text.OSC_SetExtRefClkConfig
                0x000111b0       0x34 ./drivers/fsl_clock.o
 .text.OSC_SetCapLoad
                0x000111e4       0x34 ./drivers/fsl_clock.o
 .text.CLOCK_GetMcgExtClkFreq
                0x00011218       0x8c ./drivers/fsl_clock.o
 .text.CLOCK_GetFllExtRefClkFreq
                0x000112a4       0xc8 ./drivers/fsl_clock.o
 .text.CLOCK_GetInternalRefClkSelectFreq
                0x0001136c       0x44 ./drivers/fsl_clock.o
 .text.CLOCK_GetFllRefClkFreq
                0x000113b0       0x2c ./drivers/fsl_clock.o
 .text.CLOCK_GetPll0RefFreq
                0x000113dc       0x10 ./drivers/fsl_clock.o
 .text.CLOCK_GetOscRangeFromFreq
                0x000113ec       0x3c ./drivers/fsl_clock.o
 .text.CLOCK_GetOsc0ErClkFreq
                0x00011428       0x48 ./drivers/fsl_clock.o
                0x00011428                CLOCK_GetOsc0ErClkFreq
 .text.CLOCK_GetEr32kClkFreq
                0x00011470       0x80 ./drivers/fsl_clock.o
                0x00011470                CLOCK_GetEr32kClkFreq
 .text.CLOCK_GetPllFllSelClkFreq
                0x000114f0       0x54 ./drivers/fsl_clock.o
                0x000114f0                CLOCK_GetPllFllSelClkFreq
 .text.CLOCK_GetCoreSysClkFreq
                0x00011544       0x24 ./drivers/fsl_clock.o
                0x00011544                CLOCK_GetCoreSysClkFreq
 .text.CLOCK_GetFreq
                0x00011568      0x144 ./drivers/fsl_clock.o
                0x00011568                CLOCK_GetFreq
 .text.CLOCK_SetSimConfig
                0x000116ac       0x34 ./drivers/fsl_clock.o
                0x000116ac                CLOCK_SetSimConfig
 .text.CLOCK_GetOutClkFreq
                0x000116e0       0x64 ./drivers/fsl_clock.o
                0x000116e0                CLOCK_GetOutClkFreq
 .text.CLOCK_GetFllFreq
                0x00011744       0x74 ./drivers/fsl_clock.o
                0x00011744                CLOCK_GetFllFreq
 .text.CLOCK_GetInternalRefClkFreq
                0x000117b8       0x24 ./drivers/fsl_clock.o
                0x000117b8                CLOCK_GetInternalRefClkFreq
 .text.CLOCK_GetFixedFreqClkFreq
                0x000117dc       0x30 ./drivers/fsl_clock.o
                0x000117dc                CLOCK_GetFixedFreqClkFreq
 .text.CLOCK_GetPll0Freq
                0x0001180c       0x78 ./drivers/fsl_clock.o
                0x0001180c                CLOCK_GetPll0Freq
 .text.CLOCK_SetExternalRefClkConfig
                0x00011884       0x90 ./drivers/fsl_clock.o
                0x00011884                CLOCK_SetExternalRefClkConfig
 .text.CLOCK_SetInternalRefClkConfig
                0x00011914      0x104 ./drivers/fsl_clock.o
                0x00011914                CLOCK_SetInternalRefClkConfig
 .text.CLOCK_EnablePll0
                0x00011a18       0x94 ./drivers/fsl_clock.o
                0x00011a18                CLOCK_EnablePll0
 .text.CLOCK_InitOsc0
                0x00011aac       0x8c ./drivers/fsl_clock.o
                0x00011aac                CLOCK_InitOsc0
 .text.CLOCK_SetPbeMode
                0x00011b38       0xb8 ./drivers/fsl_clock.o
                0x00011b38                CLOCK_SetPbeMode
 .text.CLOCK_BootToPeeMode
                0x00011bf0       0x74 ./drivers/fsl_clock.o
                0x00011bf0                CLOCK_BootToPeeMode
 .text.__assert_func
                0x00011c64       0x28 ./drivers/fsl_common.o
                0x00011c64                __assert_func
 .text.DSPI_IsMaster
                0x00011c8c       0x1c ./drivers/fsl_dspi.o
 .text.DSPI_CommonIRQHandler
                0x00011ca8       0x3c ./drivers/fsl_dspi.o
 .text.SPI0_DriverIRQHandler
                0x00011ce4       0x3c ./drivers/fsl_dspi.o
                0x00011ce4                SPI0_DriverIRQHandler
 .text.SPI1_DriverIRQHandler
                0x00011d20       0x3c ./drivers/fsl_dspi.o
                0x00011d20                SPI1_DriverIRQHandler
 .text.SPI2_DriverIRQHandler
                0x00011d5c       0x3c ./drivers/fsl_dspi.o
                0x00011d5c                SPI2_DriverIRQHandler
 .text.EDMA_HandleIRQ
                0x00011d98      0x15c ./drivers/fsl_edma.o
                0x00011d98                EDMA_HandleIRQ
 .text.DMA0_DriverIRQHandler
                0x00011ef4       0x14 ./drivers/fsl_edma.o
                0x00011ef4                DMA0_DriverIRQHandler
 .text.DMA1_DriverIRQHandler
                0x00011f08       0x14 ./drivers/fsl_edma.o
                0x00011f08                DMA1_DriverIRQHandler
 .text.DMA2_DriverIRQHandler
                0x00011f1c       0x14 ./drivers/fsl_edma.o
                0x00011f1c                DMA2_DriverIRQHandler
 .text.DMA3_DriverIRQHandler
                0x00011f30       0x14 ./drivers/fsl_edma.o
                0x00011f30                DMA3_DriverIRQHandler
 .text.DMA4_DriverIRQHandler
                0x00011f44       0x14 ./drivers/fsl_edma.o
                0x00011f44                DMA4_DriverIRQHandler
 .text.DMA5_DriverIRQHandler
                0x00011f58       0x14 ./drivers/fsl_edma.o
                0x00011f58                DMA5_DriverIRQHandler
 .text.DMA6_DriverIRQHandler
                0x00011f6c       0x14 ./drivers/fsl_edma.o
                0x00011f6c                DMA6_DriverIRQHandler
 .text.DMA7_DriverIRQHandler
                0x00011f80       0x14 ./drivers/fsl_edma.o
                0x00011f80                DMA7_DriverIRQHandler
 .text.DMA8_DriverIRQHandler
                0x00011f94       0x14 ./drivers/fsl_edma.o
                0x00011f94                DMA8_DriverIRQHandler
 .text.DMA9_DriverIRQHandler
                0x00011fa8       0x14 ./drivers/fsl_edma.o
                0x00011fa8                DMA9_DriverIRQHandler
 .text.DMA10_DriverIRQHandler
                0x00011fbc       0x14 ./drivers/fsl_edma.o
                0x00011fbc                DMA10_DriverIRQHandler
 .text.DMA11_DriverIRQHandler
                0x00011fd0       0x14 ./drivers/fsl_edma.o
                0x00011fd0                DMA11_DriverIRQHandler
 .text.DMA12_DriverIRQHandler
                0x00011fe4       0x14 ./drivers/fsl_edma.o
                0x00011fe4                DMA12_DriverIRQHandler
 .text.DMA13_DriverIRQHandler
                0x00011ff8       0x14 ./drivers/fsl_edma.o
                0x00011ff8                DMA13_DriverIRQHandler
 .text.DMA14_DriverIRQHandler
                0x0001200c       0x14 ./drivers/fsl_edma.o
                0x0001200c                DMA14_DriverIRQHandler
 .text.DMA15_DriverIRQHandler
                0x00012020       0x14 ./drivers/fsl_edma.o
                0x00012020                DMA15_DriverIRQHandler
 .text.NVIC_EnableIRQ
                0x00012034       0x30 ./drivers/fsl_enet.o
 .text.CLOCK_EnableClock
                0x00012064       0x34 ./drivers/fsl_enet.o
 .text.EnableIRQ
                0x00012098       0x28 ./drivers/fsl_enet.o
 .text.ENET_Reset
                0x000120c0       0x20 ./drivers/fsl_enet.o
 .text.ENET_GetSMI
                0x000120e0       0x28 ./drivers/fsl_enet.o
 .text.ENET_EnableSleepMode
                0x00012108       0x38 ./drivers/fsl_enet.o
 .text.ENET_EnableInterrupts
                0x00012140       0x20 ./drivers/fsl_enet.o
 .text.ENET_GetInstance
                0x00012160       0x54 ./drivers/fsl_enet.o
                0x00012160                ENET_GetInstance
 .text.ENET_GetDefaultConfig
                0x000121b4       0x54 ./drivers/fsl_enet.o
                0x000121b4                ENET_GetDefaultConfig
 .text.ENET_Init
                0x00012208      0x25c ./drivers/fsl_enet.o
                0x00012208                ENET_Init
 .text.ENET_SetCallback
                0x00012464       0x40 ./drivers/fsl_enet.o
                0x00012464                ENET_SetCallback
 .text.ENET_SetMacController
                0x000124a4      0x2b8 ./drivers/fsl_enet.o
 .text.ENET_SetTxBufferDescriptors
                0x0001275c       0xa4 ./drivers/fsl_enet.o
 .text.ENET_SetRxBufferDescriptors
                0x00012800       0xa8 ./drivers/fsl_enet.o
 .text.ENET_SetMacAddr
                0x000128a8       0x5c ./drivers/fsl_enet.o
                0x000128a8                ENET_SetMacAddr
 .text.ENET_SetSMI
                0x00012904       0x94 ./drivers/fsl_enet.o
                0x00012904                ENET_SetSMI
 .text.ENET_StartSMIWrite
                0x00012998       0x50 ./drivers/fsl_enet.o
                0x00012998                ENET_StartSMIWrite
 .text.ENET_StartSMIRead
                0x000129e8       0x48 ./drivers/fsl_enet.o
                0x000129e8                ENET_StartSMIRead
 .text.ENET_GetRxFrameSize
                0x00012a30       0xec ./drivers/fsl_enet.o
                0x00012a30                ENET_GetRxFrameSize
 .text.ENET_ReadFrame
                0x00012b1c      0x148 ./drivers/fsl_enet.o
                0x00012b1c                ENET_ReadFrame
 .text.ENET_UpdateReadBuffers
                0x00012c64       0x8c ./drivers/fsl_enet.o
 .text.ENET_SendFrame
                0x00012cf0      0x1ec ./drivers/fsl_enet.o
                0x00012cf0                ENET_SendFrame
 .text.ENET_TransmitIRQHandler
                0x00012edc       0x60 ./drivers/fsl_enet.o
                0x00012edc                ENET_TransmitIRQHandler
 .text.ENET_ReceiveIRQHandler
                0x00012f3c       0x60 ./drivers/fsl_enet.o
                0x00012f3c                ENET_ReceiveIRQHandler
 .text.ENET_ErrorIRQHandler
                0x00012f9c       0x98 ./drivers/fsl_enet.o
                0x00012f9c                ENET_ErrorIRQHandler
 .text.ENET_Transmit_IRQHandler
                0x00013034       0x20 ./drivers/fsl_enet.o
                0x00013034                ENET_Transmit_IRQHandler
 .text.ENET_Receive_IRQHandler
                0x00013054       0x20 ./drivers/fsl_enet.o
                0x00013054                ENET_Receive_IRQHandler
 .text.ENET_Error_IRQHandler
                0x00013074       0x20 ./drivers/fsl_enet.o
                0x00013074                ENET_Error_IRQHandler
 .text.CAN0_DriverIRQHandler
                0x00013094       0x44 ./drivers/fsl_flexcan.o
                0x00013094                CAN0_DriverIRQHandler
 .text.I2C_TransferCommonIRQHandler
                0x000130d8       0x50 ./drivers/fsl_i2c.o
 .text.I2C0_DriverIRQHandler
                0x00013128       0x1c ./drivers/fsl_i2c.o
                0x00013128                I2C0_DriverIRQHandler
 .text.I2C1_DriverIRQHandler
                0x00013144       0x1c ./drivers/fsl_i2c.o
                0x00013144                I2C1_DriverIRQHandler
 .text.I2C2_DriverIRQHandler
                0x00013160       0x1c ./drivers/fsl_i2c.o
                0x00013160                I2C2_DriverIRQHandler
 .text.I2S0_Tx_DriverIRQHandler
                0x0001317c       0x44 ./drivers/fsl_sai.o
                0x0001317c                I2S0_Tx_DriverIRQHandler
 .text.I2S0_Rx_DriverIRQHandler
                0x000131c0       0x44 ./drivers/fsl_sai.o
                0x000131c0                I2S0_Rx_DriverIRQHandler
 .text.SDHC_DriverIRQHandler
                0x00013204       0x44 ./drivers/fsl_sdhc.o
                0x00013204                SDHC_DriverIRQHandler
 .text.CLOCK_EnableClock
                0x00013248       0x34 ./drivers/fsl_uart.o
 .text.UART_GetInstance
                0x0001327c       0x60 ./drivers/fsl_uart.o
                0x0001327c                UART_GetInstance
 .text.UART_Init
                0x000132dc      0x2d8 ./drivers/fsl_uart.o
                0x000132dc                UART_Init
 .text.UART_GetDefaultConfig
                0x000135b4       0x5c ./drivers/fsl_uart.o
                0x000135b4                UART_GetDefaultConfig
 .text.UART_GetStatusFlags
                0x00013610       0x48 ./drivers/fsl_uart.o
                0x00013610                UART_GetStatusFlags
 .text.UART_WriteBlocking
                0x00013658       0x40 ./drivers/fsl_uart.o
                0x00013658                UART_WriteBlocking
 .text.UART_ReadBlocking
                0x00013698       0xa4 ./drivers/fsl_uart.o
                0x00013698                UART_ReadBlocking
 .text.UART0_DriverIRQHandler
                0x0001373c       0x20 ./drivers/fsl_uart.o
                0x0001373c                UART0_DriverIRQHandler
 .text.UART0_RX_TX_DriverIRQHandler
                0x0001375c        0xc ./drivers/fsl_uart.o
                0x0001375c                UART0_RX_TX_DriverIRQHandler
 .text.UART1_DriverIRQHandler
                0x00013768       0x20 ./drivers/fsl_uart.o
                0x00013768                UART1_DriverIRQHandler
 .text.UART1_RX_TX_DriverIRQHandler
                0x00013788        0xc ./drivers/fsl_uart.o
                0x00013788                UART1_RX_TX_DriverIRQHandler
 .text.UART2_DriverIRQHandler
                0x00013794       0x20 ./drivers/fsl_uart.o
                0x00013794                UART2_DriverIRQHandler
 .text.UART2_RX_TX_DriverIRQHandler
                0x000137b4        0xc ./drivers/fsl_uart.o
                0x000137b4                UART2_RX_TX_DriverIRQHandler
 .text.UART3_DriverIRQHandler
                0x000137c0       0x20 ./drivers/fsl_uart.o
                0x000137c0                UART3_DriverIRQHandler
 .text.UART3_RX_TX_DriverIRQHandler
                0x000137e0        0xc ./drivers/fsl_uart.o
                0x000137e0                UART3_RX_TX_DriverIRQHandler
 .text.UART4_DriverIRQHandler
                0x000137ec       0x20 ./drivers/fsl_uart.o
                0x000137ec                UART4_DriverIRQHandler
 .text.UART4_RX_TX_DriverIRQHandler
                0x0001380c        0xc ./drivers/fsl_uart.o
                0x0001380c                UART4_RX_TX_DriverIRQHandler
 .text.UART5_DriverIRQHandler
                0x00013818       0x20 ./drivers/fsl_uart.o
                0x00013818                UART5_DriverIRQHandler
 .text.UART5_RX_TX_DriverIRQHandler
                0x00013838        0xc ./drivers/fsl_uart.o
                0x00013838                UART5_RX_TX_DriverIRQHandler
 .text.SystemInit
                0x00013844       0x3c ./devices/system_MK64F12.o
                0x00013844                SystemInit
 .text.__errno  0x00013880        0xc c:/freescale/kds_v3/toolchain/bin/../lib/gcc/arm-none-eabi/4.8.4/../../../../arm-none-eabi/lib/armv7e-m/fpu\libg_s.a(lib_a-errno.o)
                0x00013880                __errno
 .text.exit     0x0001388c       0x28 c:/freescale/kds_v3/toolchain/bin/../lib/gcc/arm-none-eabi/4.8.4/../../../../arm-none-eabi/lib/armv7e-m/fpu\libg_s.a(lib_a-exit.o)
                0x0001388c                exit
 .text.__libc_init_array
                0x000138b4       0x4c c:/freescale/kds_v3/toolchain/bin/../lib/gcc/arm-none-eabi/4.8.4/../../../../arm-none-eabi/lib/armv7e-m/fpu\libg_s.a(lib_a-init.o)
                0x000138b4                __libc_init_array
 .text.malloc   0x00013900       0x10 c:/freescale/kds_v3/toolchain/bin/../lib/gcc/arm-none-eabi/4.8.4/../../../../arm-none-eabi/lib/armv7e-m/fpu\libg_s.a(lib_a-malloc.o)
                0x00013900                malloc
 .text.free     0x00013910       0x10 c:/freescale/kds_v3/toolchain/bin/../lib/gcc/arm-none-eabi/4.8.4/../../../../arm-none-eabi/lib/armv7e-m/fpu\libg_s.a(lib_a-malloc.o)
                0x00013910                free
 .text.memcmp   0x00013920       0x1e c:/freescale/kds_v3/toolchain/bin/../lib/gcc/arm-none-eabi/4.8.4/../../../../arm-none-eabi/lib/armv7e-m/fpu\libg_s.a(lib_a-memcmp.o)
                0x00013920                memcmp
 .text.memcpy   0x0001393e       0x12 c:/freescale/kds_v3/toolchain/bin/../lib/gcc/arm-none-eabi/4.8.4/../../../../arm-none-eabi/lib/armv7e-m/fpu\libg_s.a(lib_a-memcpy-stub.o)
                0x0001393e                memcpy
 .text.memset   0x00013950       0x10 c:/freescale/kds_v3/toolchain/bin/../lib/gcc/arm-none-eabi/4.8.4/../../../../arm-none-eabi/lib/armv7e-m/fpu\libg_s.a(lib_a-memset.o)
                0x00013950                memset
 .text._free_r  0x00013960       0x88 c:/freescale/kds_v3/toolchain/bin/../lib/gcc/arm-none-eabi/4.8.4/../../../../arm-none-eabi/lib/armv7e-m/fpu\libg_s.a(lib_a-nano-freer.o)
                0x00013960                _free_r
 .text._malloc_r
                0x000139e8       0xa8 c:/freescale/kds_v3/toolchain/bin/../lib/gcc/arm-none-eabi/4.8.4/../../../../arm-none-eabi/lib/armv7e-m/fpu\libg_s.a(lib_a-nano-mallocr.o)
                0x000139e8                _malloc_r
 .text._sbrk_r  0x00013a90       0x20 c:/freescale/kds_v3/toolchain/bin/../lib/gcc/arm-none-eabi/4.8.4/../../../../arm-none-eabi/lib/armv7e-m/fpu\libg_s.a(lib_a-sbrkr.o)
                0x00013a90                _sbrk_r
 .text.strlen   0x00013ab0       0x10 c:/freescale/kds_v3/toolchain/bin/../lib/gcc/arm-none-eabi/4.8.4/../../../../arm-none-eabi/lib/armv7e-m/fpu\libg_s.a(lib_a-strlen.o)
                0x00013ab0                strlen
 .text._exit    0x00013ac0        0x4 c:/freescale/kds_v3/toolchain/bin/../lib/gcc/arm-none-eabi/4.8.4/../../../../arm-none-eabi/lib/armv7e-m/fpu\libnosys.a(_exit.o)
                0x00013ac0                _exit
 *(.rodata)
 .rodata        0x00013ac4       0x1c ./sources/clock_config.o
 .rodata        0x00013ae0       0x30 ./sources/fsl_phy.o
 .rodata        0x00013b10       0xec ./sources/lwip_tcpecho_freertos.o
 .rodata        0x00013bfc      0x494 ./lwip/src/core/ipv4/dhcp.o
 .rodata        0x00014090      0x208 ./lwip/src/core/ipv4/etharp.o
 .rodata        0x00014298       0x98 ./lwip/src/core/ipv4/icmp.o
 .rodata        0x00014330       0x3c ./lwip/src/core/ipv4/ip4.o
 .rodata        0x0001436c      0x178 ./lwip/src/core/ipv4/ip4_frag.o
 .rodata        0x000144e4      0x1c0 ./lwip/src/core/mem.o
 .rodata        0x000146a4      0x12c ./lwip/src/core/memp.o
 .rodata        0x000147d0       0x18 ./lwip/src/core/netif.o
 .rodata        0x000147e8      0x4a0 ./lwip/src/core/pbuf.o
 .rodata        0x00014c88      0x424 ./lwip/src/core/tcp.o
 .rodata        0x000150ac      0x2c8 ./lwip/src/core/tcp_in.o
 .rodata        0x00015374      0x3e0 ./lwip/src/core/tcp_out.o
 .rodata        0x00015754       0x40 ./lwip/src/core/timeouts.o
 .rodata        0x00015794       0x44 ./lwip/src/core/udp.o
 .rodata        0x000157d8      0x288 ./lwip/src/api/api_lib.o
 .rodata        0x00015a60      0x49c ./lwip/src/api/api_msg.o
 .rodata        0x00015efc      0x104 ./lwip/src/api/netbuf.o
 .rodata        0x00016000       0x88 ./lwip/src/api/tcpip.o
 .rodata        0x00016088       0x2c ./lwip/port/ethernetif.o
 .rodata        0x000160b4        0x4 ./lwip/port/sys_arch.o
 .rodata        0x000160b8       0x28 ./lwip/contrib/apps/tcpecho/tcpecho.o
 .rodata        0x000160e0       0x18 ./freertos/Source/tasks.o
 .rodata        0x000160f8       0x10 ./freertos/Source/timers.o
 .rodata        0x00016108       0x48 ./drivers/fsl_clock.o
 .rodata        0x00016150       0x40 ./drivers/fsl_common.o
 .rodata        0x00016190       0xb0 ./drivers/fsl_dspi.o
 .rodata        0x00016240      0x248 ./drivers/fsl_edma.o
 .rodata        0x00016488      0x2f0 ./drivers/fsl_enet.o
 .rodata        0x00016778      0x300 ./drivers/fsl_flexcan.o
 .rodata        0x00016a78       0x70 ./drivers/fsl_sai.o
 .rodata        0x00016ae8      0x32c ./drivers/fsl_sdhc.o
 .rodata        0x00016e14      0x12c ./drivers/fsl_uart.o
 *(.rodata*)
 .rodata.__func__.6598
                0x00016f40        0xc ./sources/fsl_phy.o
 .rodata.__func__.6616
                0x00016f4c       0x14 ./sources/fsl_phy.o
 .rodata.__func__.6625
                0x00016f60       0x18 ./sources/fsl_phy.o
 .rodata.ethbroadcast
                0x00016f78        0x8 ./lwip/src/netif/ethernet.o
                0x00016f78                ethbroadcast
 .rodata.ethzero
                0x00016f80        0x8 ./lwip/src/netif/ethernet.o
                0x00016f80                ethzero
 .rodata.ip_addr_any
                0x00016f88        0x4 ./lwip/src/core/ipv4/ip4_addr.o
                0x00016f88                ip_addr_any
 .rodata.ip_addr_broadcast
                0x00016f8c        0x4 ./lwip/src/core/ipv4/ip4_addr.o
                0x00016f8c                ip_addr_broadcast
 .rodata.memp_UDP_PCB
                0x00016f90       0x10 ./lwip/src/core/memp.o
                0x00016f90                memp_UDP_PCB
 .rodata.memp_TCP_PCB
                0x00016fa0       0x10 ./lwip/src/core/memp.o
                0x00016fa0                memp_TCP_PCB
 .rodata.memp_TCP_PCB_LISTEN
                0x00016fb0       0x10 ./lwip/src/core/memp.o
                0x00016fb0                memp_TCP_PCB_LISTEN
 .rodata.memp_TCP_SEG
                0x00016fc0       0x10 ./lwip/src/core/memp.o
                0x00016fc0                memp_TCP_SEG
 .rodata.memp_REASSDATA
                0x00016fd0       0x10 ./lwip/src/core/memp.o
                0x00016fd0                memp_REASSDATA
 .rodata.memp_FRAG_PBUF
                0x00016fe0       0x10 ./lwip/src/core/memp.o
                0x00016fe0                memp_FRAG_PBUF
 .rodata.memp_NETBUF
                0x00016ff0       0x10 ./lwip/src/core/memp.o
                0x00016ff0                memp_NETBUF
 .rodata.memp_NETCONN
                0x00017000       0x10 ./lwip/src/core/memp.o
                0x00017000                memp_NETCONN
 .rodata.memp_TCPIP_MSG_API
                0x00017010       0x10 ./lwip/src/core/memp.o
                0x00017010                memp_TCPIP_MSG_API
 .rodata.memp_TCPIP_MSG_INPKT
                0x00017020       0x10 ./lwip/src/core/memp.o
                0x00017020                memp_TCPIP_MSG_INPKT
 .rodata.memp_SYS_TIMEOUT
                0x00017030       0x10 ./lwip/src/core/memp.o
                0x00017030                memp_SYS_TIMEOUT
 .rodata.memp_PBUF
                0x00017040       0x10 ./lwip/src/core/memp.o
                0x00017040                memp_PBUF
 .rodata.memp_PBUF_POOL
                0x00017050       0x10 ./lwip/src/core/memp.o
                0x00017050                memp_PBUF_POOL
 .rodata.memp_pools
                0x00017060       0x34 ./lwip/src/core/memp.o
                0x00017060                memp_pools
 .rodata.tcp_backoff
                0x00017094       0x10 ./lwip/src/core/tcp.o
                0x00017094                tcp_backoff
 .rodata.tcp_persist_backoff
                0x000170a4        0x8 ./lwip/src/core/tcp.o
                0x000170a4                tcp_persist_backoff
 .rodata.tcp_pcb_lists
                0x000170ac       0x10 ./lwip/src/core/tcp.o
                0x000170ac                tcp_pcb_lists
 .rodata.lwip_cyclic_timers
                0x000170bc       0x28 ./lwip/src/core/timeouts.o
                0x000170bc                lwip_cyclic_timers
 .rodata.__func__.6318
                0x000170e4       0x18 ./drivers/fsl_clock.o
 .rodata.__func__.6363
                0x000170fc       0x18 ./drivers/fsl_clock.o
 .rodata.__func__.6371
                0x00017114       0x18 ./drivers/fsl_clock.o
 .rodata.fllFactorTable.6446
                0x0001712c       0x10 ./drivers/fsl_clock.o
 .rodata.__func__.6461
                0x0001713c       0x14 ./drivers/fsl_clock.o
 .rodata.__func__.6509
                0x00017150       0x14 ./drivers/fsl_clock.o
 .rodata.__func__.6645
                0x00017164       0x14 ./drivers/fsl_clock.o
 .rodata.__func__.6709
                0x00017178       0x14 ./drivers/fsl_clock.o
 .rodata.__func__.6984
                0x0001718c       0x18 ./drivers/fsl_dspi.o
 .rodata.__func__.6988
                0x000171a4       0x18 ./drivers/fsl_dspi.o
 .rodata.__func__.6992
                0x000171bc       0x18 ./drivers/fsl_dspi.o
 .rodata.__func__.6796
                0x000171d4       0x10 ./drivers/fsl_edma.o
 .rodata.s_enetClock
                0x000171e4        0x4 ./drivers/fsl_enet.o
                0x000171e4                s_enetClock
 .rodata.__func__.6565
                0x000171e8       0x14 ./drivers/fsl_enet.o
 .rodata.__func__.6569
                0x000171fc       0x18 ./drivers/fsl_enet.o
 .rodata.__func__.6578
                0x00017214        0xc ./drivers/fsl_enet.o
 .rodata.__func__.6588
                0x00017220       0x14 ./drivers/fsl_enet.o
 .rodata.__func__.6608
                0x00017234       0x1c ./drivers/fsl_enet.o
 .rodata.__func__.6621
                0x00017250       0x1c ./drivers/fsl_enet.o
 .rodata.__func__.6650
                0x0001726c        0xc ./drivers/fsl_enet.o
 .rodata.__func__.6682
                0x00017278       0x14 ./drivers/fsl_enet.o
 .rodata.__func__.6693
                0x0001728c       0x10 ./drivers/fsl_enet.o
 .rodata.__func__.6709
                0x0001729c       0x18 ./drivers/fsl_enet.o
 .rodata.__func__.6716
                0x000172b4       0x10 ./drivers/fsl_enet.o
 .rodata.__func__.6756
                0x000172c4       0x18 ./drivers/fsl_enet.o
 .rodata.__func__.6764
                0x000172dc       0x18 ./drivers/fsl_enet.o
 .rodata.__func__.6772
                0x000172f4       0x18 ./drivers/fsl_enet.o
 .rodata.__func__.6861
                0x0001730c       0x18 ./drivers/fsl_flexcan.o
 .rodata.__func__.6845
                0x00017324       0x1c ./drivers/fsl_sai.o
 .rodata.__func__.6849
                0x00017340       0x1c ./drivers/fsl_sai.o
 .rodata.__func__.7033
                0x0001735c       0x18 ./drivers/fsl_sdhc.o
 .rodata.s_uartBases
                0x00017374       0x18 ./drivers/fsl_uart.o
 .rodata.s_uartClock
                0x0001738c       0x18 ./drivers/fsl_uart.o
 .rodata.__func__.6517
                0x000173a4       0x14 ./drivers/fsl_uart.o
 .rodata.__func__.6533
                0x000173b8        0xc ./drivers/fsl_uart.o
 .rodata.__func__.6551
                0x000173c4       0x18 ./drivers/fsl_uart.o
 .rodata.__func__.6611
                0x000173dc       0x14 ./drivers/fsl_uart.o
 .rodata.str1.1
                0x000173f0        0x2 c:/freescale/kds_v3/toolchain/bin/../lib/gcc/arm-none-eabi/4.8.4/../../../../arm-none-eabi/lib/armv7e-m/fpu\libg_s.a(lib_a-impure.o)
 *fill*         0x000173f2        0x2 
 .rodata._global_impure_ptr
                0x000173f4        0x4 c:/freescale/kds_v3/toolchain/bin/../lib/gcc/arm-none-eabi/4.8.4/../../../../arm-none-eabi/lib/armv7e-m/fpu\libg_s.a(lib_a-impure.o)
                0x000173f4                _global_impure_ptr
 *(.glue_7)
 .glue_7        0x00000000        0x0 linker stubs
 *(.glue_7t)
 .glue_7t       0x00000000        0x0 linker stubs
 *(.eh_frame)
 .eh_frame      0x000173f8        0x0 c:/freescale/kds_v3/toolchain/bin/../lib/gcc/arm-none-eabi/4.8.4/armv7e-m/fpu/crtbegin.o
 *(.init)
 .init          0x000173f8        0x4 c:/freescale/kds_v3/toolchain/bin/../lib/gcc/arm-none-eabi/4.8.4/armv7e-m/fpu/crti.o
                0x000173f8                _init
 .init          0x000173fc        0x8 c:/freescale/kds_v3/toolchain/bin/../lib/gcc/arm-none-eabi/4.8.4/armv7e-m/fpu/crtn.o
 *(.fini)
 .fini          0x00017404        0x4 c:/freescale/kds_v3/toolchain/bin/../lib/gcc/arm-none-eabi/4.8.4/armv7e-m/fpu/crti.o
                0x00017404                _fini
 .fini          0x00017408        0x8 c:/freescale/kds_v3/toolchain/bin/../lib/gcc/arm-none-eabi/4.8.4/armv7e-m/fpu/crtn.o
                0x00017410                . = ALIGN (0x4)

.vfp11_veneer   0x00017410        0x0
 .vfp11_veneer  0x00000000        0x0 linker stubs

.v4_bx          0x00017410        0x0
 .v4_bx         0x00000000        0x0 linker stubs

.iplt           0x00017410        0x0
 .iplt          0x00000000        0x0 c:/freescale/kds_v3/toolchain/bin/../lib/gcc/arm-none-eabi/4.8.4/armv7e-m/fpu/crtbegin.o

.ARM.extab
 *(.ARM.extab* .gnu.linkonce.armextab.*)

.ARM            0x00017410        0x8
                0x00017410                __exidx_start = .
 *(.ARM.exidx*)
 .ARM.exidx     0x00017410        0x8 c:/freescale/kds_v3/toolchain/bin/../lib/gcc/arm-none-eabi/4.8.4/../../../../arm-none-eabi/lib/armv7e-m/fpu/crt0.o
 .ARM.exidx     0x00017418        0x0 c:/freescale/kds_v3/toolchain/bin/../lib/gcc/arm-none-eabi/4.8.4/armv7e-m/fpu\libgcc.a(_divdi3.o)
                                  0x8 (size before relaxing)
 .ARM.exidx     0x00017418        0x0 c:/freescale/kds_v3/toolchain/bin/../lib/gcc/arm-none-eabi/4.8.4/armv7e-m/fpu\libgcc.a(_udivdi3.o)
                                  0x8 (size before relaxing)
                0x00017418                __exidx_end = .

.rel.dyn        0x00017418        0x0
 .rel.iplt      0x00000000        0x0 c:/freescale/kds_v3/toolchain/bin/../lib/gcc/arm-none-eabi/4.8.4/armv7e-m/fpu/crtbegin.o

.ctors          0x00017418        0x0
                0x00017418                __CTOR_LIST__ = .
 *crtbegin.o(.ctors)
 *crtbegin?.o(.ctors)
 *(EXCLUDE_FILE(*crtend.o *crtend?.o) .ctors)
 *(SORT(.ctors.*))
 *(.ctors)
                0x00017418                __CTOR_END__ = .

.dtors          0x00017418        0x0
                0x00017418                __DTOR_LIST__ = .
 *crtbegin.o(.dtors)
 *crtbegin?.o(.dtors)
 *(EXCLUDE_FILE(*crtend.o *crtend?.o) .dtors)
 *(SORT(.dtors.*))
 *(.dtors)
                0x00017418                __DTOR_END__ = .

.preinit_array  0x00017418        0x0
                0x00017418                PROVIDE (__preinit_array_start, .)
 *(.preinit_array*)
                0x00017418                PROVIDE (__preinit_array_end, .)

.init_array     0x00017418        0x4
                0x00017418                PROVIDE (__init_array_start, .)
 *(SORT(.init_array.*))
 *(.init_array*)
 .init_array    0x00017418        0x4 c:/freescale/kds_v3/toolchain/bin/../lib/gcc/arm-none-eabi/4.8.4/armv7e-m/fpu/crtbegin.o
                0x0001741c                PROVIDE (__init_array_end, .)

.fini_array     0x0001741c        0x4
                0x0001741c                PROVIDE (__fini_array_start, .)
 *(SORT(.fini_array.*))
 *(.fini_array*)
 .fini_array    0x0001741c        0x4 c:/freescale/kds_v3/toolchain/bin/../lib/gcc/arm-none-eabi/4.8.4/armv7e-m/fpu/crtbegin.o
                0x00017420                PROVIDE (__fini_array_end, .)
                0x00017420                __etext = .
                0x00017420                __DATA_ROM = .

.interrupts_ram
                0x1fff0000        0x0
                0x1fff0000                . = ALIGN (0x4)
                0x1fff0000                __VECTOR_RAM__ = .
                0x1fff0000                __interrupts_ram_start__ = .
 *(.m_interrupts_ram)
                0x1fff0000                . = (. + M_VECTOR_RAM_SIZE)
                0x1fff0000                . = ALIGN (0x4)
                0x1fff0000                __interrupts_ram_end__ = .
                0x00000000                __VECTOR_RAM = DEFINED (__ram_vector_table__)?__VECTOR_RAM__:ORIGIN (m_interrupts)
                0x00000000                __RAM_VECTOR_TABLE_SIZE_BYTES = DEFINED (__ram_vector_table__)?(__interrupts_ram_end__ - __interrupts_ram_start__):0x0

.data           0x1fff0000       0x8c load address 0x00017420
                0x1fff0000                . = ALIGN (0x4)
                0x1fff0000                __DATA_RAM = .
                0x1fff0000                __data_start__ = .
 *(.data)
 *(.data*)
 .data.dhcp_discover_request_options
                0x1fff0000        0x4 ./lwip/src/core/ipv4/dhcp.o
 .data.xid.7695
                0x1fff0004        0x4 ./lwip/src/core/ipv4/dhcp.o
 .data.tcp_port
                0x1fff0008        0x2 ./lwip/src/core/tcp.o
 *fill*         0x1fff000a        0x2 
 .data.iss.7749
                0x1fff000c        0x4 ./lwip/src/core/tcp.o
 .data.udp_port
                0x1fff0010        0x2 ./lwip/src/core/udp.o
 *fill*         0x1fff0012        0x2 
 .data.uxCriticalNesting
                0x1fff0014        0x4 ./freertos/Source/portable/GCC/ARM_CM4F/port.o
 .data.s_slowIrcFreq
                0x1fff0018        0x4 ./drivers/fsl_clock.o
 .data.s_fastIrcFreq
                0x1fff001c        0x4 ./drivers/fsl_clock.o
 .data.SystemCoreClock
                0x1fff0020        0x4 ./devices/system_MK64F12.o
                0x1fff0020                SystemCoreClock
 .data.impure_data
                0x1fff0024       0x60 c:/freescale/kds_v3/toolchain/bin/../lib/gcc/arm-none-eabi/4.8.4/../../../../arm-none-eabi/lib/armv7e-m/fpu\libg_s.a(lib_a-impure.o)
 .data._impure_ptr
                0x1fff0084        0x4 c:/freescale/kds_v3/toolchain/bin/../lib/gcc/arm-none-eabi/4.8.4/../../../../arm-none-eabi/lib/armv7e-m/fpu\libg_s.a(lib_a-impure.o)
                0x1fff0084                _impure_ptr
 *(.jcr*)
 .jcr           0x1fff0088        0x0 c:/freescale/kds_v3/toolchain/bin/../lib/gcc/arm-none-eabi/4.8.4/armv7e-m/fpu/crtbegin.o
 .jcr           0x1fff0088        0x4 c:/freescale/kds_v3/toolchain/bin/../lib/gcc/arm-none-eabi/4.8.4/armv7e-m/fpu/crtend.o
                0x1fff008c                . = ALIGN (0x4)
                0x1fff008c                __data_end__ = .
                0x000174ac                __DATA_END = (__DATA_ROM + (__data_end__ - __data_start__))
                0x00100000                text_end = (ORIGIN (m_text) + 0xffbf0)
                0x00000001                ASSERT ((__DATA_END <= text_end), region m_text overflowed with text and data)
                0x00000000                USB_RAM_GAP = DEFINED (__usb_ram_size__)?__usb_ram_size__:0x0

.igot.plt       0x1fff008c        0x0 load address 0x000174ac
 .igot.plt      0x00000000        0x0 c:/freescale/kds_v3/toolchain/bin/../lib/gcc/arm-none-eabi/4.8.4/armv7e-m/fpu/crtbegin.o

.bss            0x1fff008c     0xdb74 load address 0x000174ac
                0x1fff008c                . = ALIGN (0x4)
                0x1fff008c                __START_BSS = .
                0x1fff008c                __bss_start__ = .
 *(.bss)