23:02:00 **** Build of configuration Debug for project TaskDelayASM ****
make -j8 all 
Building file: ../utilities/fsl_debug_console.c
Building file: ../utilities/fsl_notifier.c
Building file: ../utilities/fsl_sbrk.c
Building file: ../utilities/fsl_shell.c
Building file: ../startup/startup_MK64F12.S
Building file: ../startup/system_MK64F12.c
Invoking: Cross ARM C Compiler
Invoking: Cross ARM C Compiler
Invoking: Cross ARM C Compiler
arm-none-eabi-gcc -mcpu=cortex-m4 -mthumb -mfloat-abi=hard -mfpu=fpv4-sp-d16 -O0 -fmessage-length=0 -fsigned-char -ffunction-sections -fdata-sections -flto  -g3 -D"CPU_MK64FN1M0VDC12" -I../freertos/Source/include -I../startup -I../board -I../utilities -I../freertos/Source/portable/GCC/ARM_CM4F -I../CMSIS -I../source -I../drivers -std=c99 -MMD -MP -MF"utilities/fsl_debug_console.d" -MT"utilities/fsl_debug_console.o" -c -o "utilities/fsl_debug_console.o" "../utilities/fsl_debug_console.c"
Invoking: Cross ARM C Compiler
Invoking: Cross ARM GNU Assembler
Invoking: Cross ARM C Compiler
arm-none-eabi-gcc -mcpu=cortex-m4 -mthumb -mfloat-abi=hard -mfpu=fpv4-sp-d16 -O0 -fmessage-length=0 -fsigned-char -ffunction-sections -fdata-sections -flto  -g3 -D"CPU_MK64FN1M0VDC12" -I../freertos/Source/include -I../startup -I../board -I../utilities -I../freertos/Source/portable/GCC/ARM_CM4F -I../CMSIS -I../source -I../drivers -std=c99 -MMD -MP -MF"utilities/fsl_notifier.d" -MT"utilities/fsl_notifier.o" -c -o "utilities/fsl_notifier.o" "../utilities/fsl_notifier.c"
arm-none-eabi-gcc -mcpu=cortex-m4 -mthumb -mfloat-abi=hard -mfpu=fpv4-sp-d16 -O0 -fmessage-length=0 -fsigned-char -ffunction-sections -fdata-sections -flto  -g3 -D"CPU_MK64FN1M0VDC12" -I../freertos/Source/include -I../startup -I../board -I../utilities -I../freertos/Source/portable/GCC/ARM_CM4F -I../CMSIS -I../source -I../drivers -std=c99 -MMD -MP -MF"utilities/fsl_sbrk.d" -MT"utilities/fsl_sbrk.o" -c -o "utilities/fsl_sbrk.o" "../utilities/fsl_sbrk.c"
arm-none-eabi-gcc -mcpu=cortex-m4 -mthumb -mfloat-abi=hard -mfpu=fpv4-sp-d16 -O0 -fmessage-length=0 -fsigned-char -ffunction-sections -fdata-sections -flto  -g3 -D"CPU_MK64FN1M0VDC12" -I../freertos/Source/include -I../startup -I../board -I../utilities -I../freertos/Source/portable/GCC/ARM_CM4F -I../CMSIS -I../source -I../drivers -std=c99 -MMD -MP -MF"utilities/fsl_shell.d" -MT"utilities/fsl_shell.o" -c -o "utilities/fsl_shell.o" "../utilities/fsl_shell.c"
arm-none-eabi-gcc -mcpu=cortex-m4 -mthumb -mfloat-abi=hard -mfpu=fpv4-sp-d16 -O0 -fmessage-length=0 -fsigned-char -ffunction-sections -fdata-sections -flto  -g3 -x assembler-with-cpp -MMD -MP -MF"startup/startup_MK64F12.d" -MT"startup/startup_MK64F12.o" -c -o "startup/startup_MK64F12.o" "../startup/startup_MK64F12.S"
arm-none-eabi-gcc -mcpu=cortex-m4 -mthumb -mfloat-abi=hard -mfpu=fpv4-sp-d16 -O0 -fmessage-length=0 -fsigned-char -ffunction-sections -fdata-sections -flto  -g3 -D"CPU_MK64FN1M0VDC12" -I../freertos/Source/include -I../startup -I../board -I../utilities -I../freertos/Source/portable/GCC/ARM_CM4F -I../CMSIS -I../source -I../drivers -std=c99 -MMD -MP -MF"startup/system_MK64F12.d" -MT"startup/system_MK64F12.o" -c -o "startup/system_MK64F12.o" "../startup/system_MK64F12.c"
Building file: ../source/main.c
Building file: ../source/user.c
Invoking: Cross ARM C Compiler
arm-none-eabi-gcc -mcpu=cortex-m4 -mthumb -mfloat-abi=hard -mfpu=fpv4-sp-d16 -O0 -fmessage-length=0 -fsigned-char -ffunction-sections -fdata-sections -flto  -g3 -D"CPU_MK64FN1M0VDC12" -I../freertos/Source/include -I../startup -I../board -I../utilities -I../freertos/Source/portable/GCC/ARM_CM4F -I../CMSIS -I../source -I../drivers -std=c99 -MMD -MP -MF"source/main.d" -MT"source/main.o" -c -o "source/main.o" "../source/main.c"
Invoking: Cross ARM C Compiler
arm-none-eabi-gcc -mcpu=cortex-m4 -mthumb -mfloat-abi=hard -mfpu=fpv4-sp-d16 -O0 -fmessage-length=0 -fsigned-char -ffunction-sections -fdata-sections -flto  -g3 -D"CPU_MK64FN1M0VDC12" -I../freertos/Source/include -I../startup -I../board -I../utilities -I../freertos/Source/portable/GCC/ARM_CM4F -I../CMSIS -I../source -I../drivers -std=c99 -MMD -MP -MF"source/user.d" -MT"source/user.o" -c -o "source/user.o" "../source/user.c"
Finished building: ../startup/startup_MK64F12.S
 
Finished building: ../utilities/fsl_sbrk.c
../source/main.c:30:16: error: redefinition of 'pTextForTaskGreen'
Building file: ../freertos/Source/portable/MemMang/heap_4.c
 const int8_t * pTextForTaskGreen = "Task Red is running .....";
                ^
../source/main.c:29:16: note: previous definition of 'pTextForTaskGreen' was here
 const int8_t * pTextForTaskGreen = "Task Green is running .....";
                ^
 
../source/user.c:11:19: fatal error: Delay.h: No such file or directory
 #include "Delay.h"
                   ^
compilation terminated.
Invoking: Cross ARM C Compiler
arm-none-eabi-gcc -mcpu=cortex-m4 -mthumb -mfloat-abi=hard -mfpu=fpv4-sp-d16 -O0 -fmessage-length=0 -fsigned-char -ffunction-sections -fdata-sections -flto  -g3 -D"CPU_MK64FN1M0VDC12" -I../freertos/Source/include -I../startup -I../board -I../utilities -I../freertos/Source/portable/GCC/ARM_CM4F -I../CMSIS -I../source -I../drivers -std=c99 -MMD -MP -MF"freertos/Source/portable/MemMang/heap_4.d" -MT"freertos/Source/portable/MemMang/heap_4.o" -c -o "freertos/Source/portable/MemMang/heap_4.o" "../freertos/Source/portable/MemMang/heap_4.c"
Building file: ../freertos/Source/portable/GCC/ARM_CM4F/fsl_tickless_lptmr.c
source/subdir.mk:21: recipe for target 'source/main.o' failed
make: *** [source/main.o] Error 1
make: *** Waiting for unfinished jobs....
source/subdir.mk:21: recipe for target 'source/user.o' failed
make: *** [source/user.o] Error 1
Invoking: Cross ARM C Compiler
arm-none-eabi-gcc -mcpu=cortex-m4 -mthumb -mfloat-abi=hard -mfpu=fpv4-sp-d16 -O0 -fmessage-length=0 -fsigned-char -ffunction-sections -fdata-sections -flto  -g3 -D"CPU_MK64FN1M0VDC12" -I../freertos/Source/include -I../startup -I../board -I../utilities -I../freertos/Source/portable/GCC/ARM_CM4F -I../CMSIS -I../source -I../drivers -std=c99 -MMD -MP -MF"freertos/Source/portable/GCC/ARM_CM4F/fsl_tickless_lptmr.d" -MT"freertos/Source/portable/GCC/ARM_CM4F/fsl_tickless_lptmr.o" -c -o "freertos/Source/portable/GCC/ARM_CM4F/fsl_tickless_lptmr.o" "../freertos/Source/portable/GCC/ARM_CM4F/fsl_tickless_lptmr.c"
Finished building: ../startup/system_MK64F12.c
Finished building: ../utilities/fsl_notifier.c
 
 
Finished building: ../freertos/Source/portable/GCC/ARM_CM4F/fsl_tickless_lptmr.c
 
Finished building: ../freertos/Source/portable/MemMang/heap_4.c
 
Finished building: ../utilities/fsl_shell.c
 
Finished building: ../utilities/fsl_debug_console.c
 
23:02:36 **** Incremental Build of configuration Debug for project TaskDelayASM ****
make -j8 all 
Building file: ../source/Delay.c
Building file: ../source/main.c
Building file: ../source/user.c
Invoking: Cross ARM C Compiler
Invoking: Cross ARM C Compiler
arm-none-eabi-gcc -mcpu=cortex-m4 -mthumb -mfloat-abi=hard -mfpu=fpv4-sp-d16 -O0 -fmessage-length=0 -fsigned-char -ffunction-sections -fdata-sections -flto  -g3 -D"CPU_MK64FN1M0VDC12" -I../freertos/Source/include -I../startup -I../board -I../utilities -I../freertos/Source/portable/GCC/ARM_CM4F -I../CMSIS -I../source -I../drivers -std=c99 -MMD -MP -MF"source/Delay.d" -MT"source/Delay.o" -c -o "source/Delay.o" "../source/Delay.c"
Invoking: Cross ARM C Compiler
arm-none-eabi-gcc -mcpu=cortex-m4 -mthumb -mfloat-abi=hard -mfpu=fpv4-sp-d16 -O0 -fmessage-length=0 -fsigned-char -ffunction-sections -fdata-sections -flto  -g3 -D"CPU_MK64FN1M0VDC12" -I../freertos/Source/include -I../startup -I../board -I../utilities -I../freertos/Source/portable/GCC/ARM_CM4F -I../CMSIS -I../source -I../drivers -std=c99 -MMD -MP -MF"source/main.d" -MT"source/main.o" -c -o "source/main.o" "../source/main.c"
Building file: ../freertos/Source/portable/GCC/ARM_CM4F/fsl_tickless_systick.c
arm-none-eabi-gcc -mcpu=cortex-m4 -mthumb -mfloat-abi=hard -mfpu=fpv4-sp-d16 -O0 -fmessage-length=0 -fsigned-char -ffunction-sections -fdata-sections -flto  -g3 -D"CPU_MK64FN1M0VDC12" -I../freertos/Source/include -I../startup -I../board -I../utilities -I../freertos/Source/portable/GCC/ARM_CM4F -I../CMSIS -I../source -I../drivers -std=c99 -MMD -MP -MF"source/user.d" -MT"source/user.o" -c -o "source/user.o" "../source/user.c"
Building file: ../freertos/Source/portable/GCC/ARM_CM4F/port.c
Invoking: Cross ARM C Compiler
Invoking: Cross ARM C Compiler
arm-none-eabi-gcc -mcpu=cortex-m4 -mthumb -mfloat-abi=hard -mfpu=fpv4-sp-d16 -O0 -fmessage-length=0 -fsigned-char -ffunction-sections -fdata-sections -flto  -g3 -D"CPU_MK64FN1M0VDC12" -I../freertos/Source/include -I../startup -I../board -I../utilities -I../freertos/Source/portable/GCC/ARM_CM4F -I../CMSIS -I../source -I../drivers -std=c99 -MMD -MP -MF"freertos/Source/portable/GCC/ARM_CM4F/fsl_tickless_systick.d" -MT"freertos/Source/portable/GCC/ARM_CM4F/fsl_tickless_systick.o" -c -o "freertos/Source/portable/GCC/ARM_CM4F/fsl_tickless_systick.o" "../freertos/Source/portable/GCC/ARM_CM4F/fsl_tickless_systick.c"
Building file: ../freertos/Source/croutine.c
Building file: ../freertos/Source/event_groups.c
arm-none-eabi-gcc -mcpu=cortex-m4 -mthumb -mfloat-abi=hard -mfpu=fpv4-sp-d16 -O0 -fmessage-length=0 -fsigned-char -ffunction-sections -fdata-sections -flto  -g3 -D"CPU_MK64FN1M0VDC12" -I../freertos/Source/include -I../startup -I../board -I../utilities -I../freertos/Source/portable/GCC/ARM_CM4F -I../CMSIS -I../source -I../drivers -std=c99 -MMD -MP -MF"freertos/Source/portable/GCC/ARM_CM4F/port.d" -MT"freertos/Source/portable/GCC/ARM_CM4F/port.o" -c -o "freertos/Source/portable/GCC/ARM_CM4F/port.o" "../freertos/Source/portable/GCC/ARM_CM4F/port.c"
Building file: ../freertos/Source/list.c
Invoking: Cross ARM C Compiler
arm-none-eabi-gcc -mcpu=cortex-m4 -mthumb -mfloat-abi=hard -mfpu=fpv4-sp-d16 -O0 -fmessage-length=0 -fsigned-char -ffunction-sections -fdata-sections -flto  -g3 -D"CPU_MK64FN1M0VDC12" -I../freertos/Source/include -I../startup -I../board -I../utilities -I../freertos/Source/portable/GCC/ARM_CM4F -I../CMSIS -I../source -I../drivers -std=c99 -MMD -MP -MF"freertos/Source/croutine.d" -MT"freertos/Source/croutine.o" -c -o "freertos/Source/croutine.o" "../freertos/Source/croutine.c"
Invoking: Cross ARM C Compiler
arm-none-eabi-gcc -mcpu=cortex-m4 -mthumb -mfloat-abi=hard -mfpu=fpv4-sp-d16 -O0 -fmessage-length=0 -fsigned-char -ffunction-sections -fdata-sections -flto  -g3 -D"CPU_MK64FN1M0VDC12" -I../freertos/Source/include -I../startup -I../board -I../utilities -I../freertos/Source/portable/GCC/ARM_CM4F -I../CMSIS -I../source -I../drivers -std=c99 -MMD -MP -MF"freertos/Source/event_groups.d" -MT"freertos/Source/event_groups.o" -c -o "freertos/Source/event_groups.o" "../freertos/Source/event_groups.c"
Invoking: Cross ARM C Compiler
arm-none-eabi-gcc -mcpu=cortex-m4 -mthumb -mfloat-abi=hard -mfpu=fpv4-sp-d16 -O0 -fmessage-length=0 -fsigned-char -ffunction-sections -fdata-sections -flto  -g3 -D"CPU_MK64FN1M0VDC12" -I../freertos/Source/include -I../startup -I../board -I../utilities -I../freertos/Source/portable/GCC/ARM_CM4F -I../CMSIS -I../source -I../drivers -std=c99 -MMD -MP -MF"freertos/Source/list.d" -MT"freertos/Source/list.o" -c -o "freertos/Source/list.o" "../freertos/Source/list.c"
../source/main.c:30:16: error: redefinition of 'pTextForTaskGreen'
 const int8_t * pTextForTaskGreen = "Task Red is running .....";
                ^
../source/main.c:29:16: note: previous definition of 'pTextForTaskGreen' was here
 const int8_t * pTextForTaskGreen = "Task Green is running .....";
                ^
Finished building: ../source/Delay.c
source/subdir.mk:24: recipe for target 'source/main.o' failed
make: *** [source/main.o] Error 1
make: *** Waiting for unfinished jobs....
 
Finished building: ../freertos/Source/portable/GCC/ARM_CM4F/fsl_tickless_systick.c
Finished building: ../freertos/Source/croutine.c
 
 
Finished building: ../freertos/Source/portable/GCC/ARM_CM4F/port.c
Finished building: ../freertos/Source/list.c
 
 
Finished building: ../freertos/Source/event_groups.c
 
Finished building: ../source/user.c
 
23:02:56 **** Incremental Build of configuration Debug for project TaskDelayASM ****
make -j8 all 
Building file: ../source/main.c
Invoking: Cross ARM C Compiler
Building file: ../freertos/Source/queue.c
arm-none-eabi-gcc -mcpu=cortex-m4 -mthumb -mfloat-abi=hard -mfpu=fpv4-sp-d16 -O0 -fmessage-length=0 -fsigned-char -ffunction-sections -fdata-sections -flto  -g3 -D"CPU_MK64FN1M0VDC12" -I../freertos/Source/include -I../startup -I../board -I../utilities -I../freertos/Source/portable/GCC/ARM_CM4F -I../CMSIS -I../source -I../drivers -std=c99 -MMD -MP -MF"source/main.d" -MT"source/main.o" -c -o "source/main.o" "../source/main.c"
Building file: ../freertos/Source/tasks.c
Building file: ../freertos/Source/timers.c
Building file: ../drivers/fsl_adc16.c
Invoking: Cross ARM C Compiler
arm-none-eabi-gcc -mcpu=cortex-m4 -mthumb -mfloat-abi=hard -mfpu=fpv4-sp-d16 -O0 -fmessage-length=0 -fsigned-char -ffunction-sections -fdata-sections -flto  -g3 -D"CPU_MK64FN1M0VDC12" -I../freertos/Source/include -I../startup -I../board -I../utilities -I../freertos/Source/portable/GCC/ARM_CM4F -I../CMSIS -I../source -I../drivers -std=c99 -MMD -MP -MF"freertos/Source/queue.d" -MT"freertos/Source/queue.o" -c -o "freertos/Source/queue.o" "../freertos/Source/queue.c"
Invoking: Cross ARM C Compiler
arm-none-eabi-gcc -mcpu=cortex-m4 -mthumb -mfloat-abi=hard -mfpu=fpv4-sp-d16 -O0 -fmessage-length=0 -fsigned-char -ffunction-sections -fdata-sections -flto  -g3 -D"CPU_MK64FN1M0VDC12" -I../freertos/Source/include -I../startup -I../board -I../utilities -I../freertos/Source/portable/GCC/ARM_CM4F -I../CMSIS -I../source -I../drivers -std=c99 -MMD -MP -MF"freertos/Source/tasks.d" -MT"freertos/Source/tasks.o" -c -o "freertos/Source/tasks.o" "../freertos/Source/tasks.c"
Invoking: Cross ARM C Compiler
arm-none-eabi-gcc -mcpu=cortex-m4 -mthumb -mfloat-abi=hard -mfpu=fpv4-sp-d16 -O0 -fmessage-length=0 -fsigned-char -ffunction-sections -fdata-sections -flto  -g3 -D"CPU_MK64FN1M0VDC12" -I../freertos/Source/include -I../startup -I../board -I../utilities -I../freertos/Source/portable/GCC/ARM_CM4F -I../CMSIS -I../source -I../drivers -std=c99 -MMD -MP -MF"freertos/Source/timers.d" -MT"freertos/Source/timers.o" -c -o "freertos/Source/timers.o" "../freertos/Source/timers.c"
Invoking: Cross ARM C Compiler
arm-none-eabi-gcc -mcpu=cortex-m4 -mthumb -mfloat-abi=hard -mfpu=fpv4-sp-d16 -O0 -fmessage-length=0 -fsigned-char -ffunction-sections -fdata-sections -flto  -g3 -D"CPU_MK64FN1M0VDC12" -I../freertos/Source/include -I../startup -I../board -I../utilities -I../freertos/Source/portable/GCC/ARM_CM4F -I../CMSIS -I../source -I../drivers -std=c99 -MMD -MP -MF"drivers/fsl_adc16.d" -MT"drivers/fsl_adc16.o" -c -o "drivers/fsl_adc16.o" "../drivers/fsl_adc16.c"
Building file: ../drivers/fsl_clock.c
Building file: ../drivers/fsl_cmp.c
Building file: ../drivers/fsl_cmt.c
Invoking: Cross ARM C Compiler
arm-none-eabi-gcc -mcpu=cortex-m4 -mthumb -mfloat-abi=hard -mfpu=fpv4-sp-d16 -O0 -fmessage-length=0 -fsigned-char -ffunction-sections -fdata-sections -flto  -g3 -D"CPU_MK64FN1M0VDC12" -I../freertos/Source/include -I../startup -I../board -I../utilities -I../freertos/Source/portable/GCC/ARM_CM4F -I../CMSIS -I../source -I../drivers -std=c99 -MMD -MP -MF"drivers/fsl_clock.d" -MT"drivers/fsl_clock.o" -c -o "drivers/fsl_clock.o" "../drivers/fsl_clock.c"
Invoking: Cross ARM C Compiler
Invoking: Cross ARM C Compiler
arm-none-eabi-gcc -mcpu=cortex-m4 -mthumb -mfloat-abi=hard -mfpu=fpv4-sp-d16 -O0 -fmessage-length=0 -fsigned-char -ffunction-sections -fdata-sections -flto  -g3 -D"CPU_MK64FN1M0VDC12" -I../freertos/Source/include -I../startup -I../board -I../utilities -I../freertos/Source/portable/GCC/ARM_CM4F -I../CMSIS -I../source -I../drivers -std=c99 -MMD -MP -MF"drivers/fsl_cmt.d" -MT"drivers/fsl_cmt.o" -c -o "drivers/fsl_cmt.o" "../drivers/fsl_cmt.c"
arm-none-eabi-gcc -mcpu=cortex-m4 -mthumb -mfloat-abi=hard -mfpu=fpv4-sp-d16 -O0 -fmessage-length=0 -fsigned-char -ffunction-sections -fdata-sections -flto  -g3 -D"CPU_MK64FN1M0VDC12" -I../freertos/Source/include -I../startup -I../board -I../utilities -I../freertos/Source/portable/GCC/ARM_CM4F -I../CMSIS -I../source -I../drivers -std=c99 -MMD -MP -MF"drivers/fsl_cmp.d" -MT"drivers/fsl_cmp.o" -c -o "drivers/fsl_cmp.o" "../drivers/fsl_cmp.c"
Finished building: ../freertos/Source/timers.c
 
Finished building: ../source/main.c
Building file: ../drivers/fsl_common.c
 
Finished building: ../freertos/Source/queue.c
Invoking: Cross ARM C Compiler
arm-none-eabi-gcc -mcpu=cortex-m4 -mthumb -mfloat-abi=hard -mfpu=fpv4-sp-d16 -O0 -fmessage-length=0 -fsigned-char -ffunction-sections -fdata-sections -flto  -g3 -D"CPU_MK64FN1M0VDC12" -I../freertos/Source/include -I../startup -I../board -I../utilities -I../freertos/Source/portable/GCC/ARM_CM4F -I../CMSIS -I../source -I../drivers -std=c99 -MMD -MP -MF"drivers/fsl_common.d" -MT"drivers/fsl_common.o" -c -o "drivers/fsl_common.o" "../drivers/fsl_common.c"
 
Building file: ../drivers/fsl_crc.c
Building file: ../drivers/fsl_dac.c
Invoking: Cross ARM C Compiler
Invoking: Cross ARM C Compiler
arm-none-eabi-gcc -mcpu=cortex-m4 -mthumb -mfloat-abi=hard -mfpu=fpv4-sp-d16 -O0 -fmessage-length=0 -fsigned-char -ffunction-sections -fdata-sections -flto  -g3 -D"CPU_MK64FN1M0VDC12" -I../freertos/Source/include -I../startup -I../board -I../utilities -I../freertos/Source/portable/GCC/ARM_CM4F -I../CMSIS -I../source -I../drivers -std=c99 -MMD -MP -MF"drivers/fsl_crc.d" -MT"drivers/fsl_crc.o" -c -o "drivers/fsl_crc.o" "../drivers/fsl_crc.c"
arm-none-eabi-gcc -mcpu=cortex-m4 -mthumb -mfloat-abi=hard -mfpu=fpv4-sp-d16 -O0 -fmessage-length=0 -fsigned-char -ffunction-sections -fdata-sections -flto  -g3 -D"CPU_MK64FN1M0VDC12" -I../freertos/Source/include -I../startup -I../board -I../utilities -I../freertos/Source/portable/GCC/ARM_CM4F -I../CMSIS -I../source -I../drivers -std=c99 -MMD -MP -MF"drivers/fsl_dac.d" -MT"drivers/fsl_dac.o" -c -o "drivers/fsl_dac.o" "../drivers/fsl_dac.c"
Finished building: ../drivers/fsl_adc16.c
 
Finished building: ../drivers/fsl_cmp.c
Finished building: ../drivers/fsl_cmt.c
Building file: ../drivers/fsl_dmamux.c
 
 
Invoking: Cross ARM C Compiler
arm-none-eabi-gcc -mcpu=cortex-m4 -mthumb -mfloat-abi=hard -mfpu=fpv4-sp-d16 -O0 -fmessage-length=0 -fsigned-char -ffunction-sections -fdata-sections -flto  -g3 -D"CPU_MK64FN1M0VDC12" -I../freertos/Source/include -I../startup -I../board -I../utilities -I../freertos/Source/portable/GCC/ARM_CM4F -I../CMSIS -I../source -I../drivers -std=c99 -MMD -MP -MF"drivers/fsl_dmamux.d" -MT"drivers/fsl_dmamux.o" -c -o "drivers/fsl_dmamux.o" "../drivers/fsl_dmamux.c"
Building file: ../drivers/fsl_dspi.c
Building file: ../drivers/fsl_dspi_edma.c
Invoking: Cross ARM C Compiler
Invoking: Cross ARM C Compiler
Finished building: ../freertos/Source/tasks.c
arm-none-eabi-gcc -mcpu=cortex-m4 -mthumb -mfloat-abi=hard -mfpu=fpv4-sp-d16 -O0 -fmessage-length=0 -fsigned-char -ffunction-sections -fdata-sections -flto  -g3 -D"CPU_MK64FN1M0VDC12" -I../freertos/Source/include -I../startup -I../board -I../utilities -I../freertos/Source/portable/GCC/ARM_CM4F -I../CMSIS -I../source -I../drivers -std=c99 -MMD -MP -MF"drivers/fsl_dspi_edma.d" -MT"drivers/fsl_dspi_edma.o" -c -o "drivers/fsl_dspi_edma.o" "../drivers/fsl_dspi_edma.c"
arm-none-eabi-gcc -mcpu=cortex-m4 -mthumb -mfloat-abi=hard -mfpu=fpv4-sp-d16 -O0 -fmessage-length=0 -fsigned-char -ffunction-sections -fdata-sections -flto  -g3 -D"CPU_MK64FN1M0VDC12" -I../freertos/Source/include -I../startup -I../board -I../utilities -I../freertos/Source/portable/GCC/ARM_CM4F -I../CMSIS -I../source -I../drivers -std=c99 -MMD -MP -MF"drivers/fsl_dspi.d" -MT"drivers/fsl_dspi.o" -c -o "drivers/fsl_dspi.o" "../drivers/fsl_dspi.c"
 
Building file: ../drivers/fsl_dspi_freertos.c
Invoking: Cross ARM C Compiler
arm-none-eabi-gcc -mcpu=cortex-m4 -mthumb -mfloat-abi=hard -mfpu=fpv4-sp-d16 -O0 -fmessage-length=0 -fsigned-char -ffunction-sections -fdata-sections -flto  -g3 -D"CPU_MK64FN1M0VDC12" -I../freertos/Source/include -I../startup -I../board -I../utilities -I../freertos/Source/portable/GCC/ARM_CM4F -I../CMSIS -I../source -I../drivers -std=c99 -MMD -MP -MF"drivers/fsl_dspi_freertos.d" -MT"drivers/fsl_dspi_freertos.o" -c -o "drivers/fsl_dspi_freertos.o" "../drivers/fsl_dspi_freertos.c"
Finished building: ../drivers/fsl_clock.c
 
Building file: ../drivers/fsl_edma.c
Invoking: Cross ARM C Compiler
arm-none-eabi-gcc -mcpu=cortex-m4 -mthumb -mfloat-abi=hard -mfpu=fpv4-sp-d16 -O0 -fmessage-length=0 -fsigned-char -ffunction-sections -fdata-sections -flto  -g3 -D"CPU_MK64FN1M0VDC12" -I../freertos/Source/include -I../startup -I../board -I../utilities -I../freertos/Source/portable/GCC/ARM_CM4F -I../CMSIS -I../source -I../drivers -std=c99 -MMD -MP -MF"drivers/fsl_edma.d" -MT"drivers/fsl_edma.o" -c -o "drivers/fsl_edma.o" "../drivers/fsl_edma.c"
Finished building: ../drivers/fsl_common.c
 
Building file: ../drivers/fsl_enet.c
Finished building: ../drivers/fsl_crc.c
Finished building: ../drivers/fsl_dac.c
Invoking: Cross ARM C Compiler
 
arm-none-eabi-gcc -mcpu=cortex-m4 -mthumb -mfloat-abi=hard -mfpu=fpv4-sp-d16 -O0 -fmessage-length=0 -fsigned-char -ffunction-sections -fdata-sections -flto  -g3 -D"CPU_MK64FN1M0VDC12" -I../freertos/Source/include -I../startup -I../board -I../utilities -I../freertos/Source/portable/GCC/ARM_CM4F -I../CMSIS -I../source -I../drivers -std=c99 -MMD -MP -MF"drivers/fsl_enet.d" -MT"drivers/fsl_enet.o" -c -o "drivers/fsl_enet.o" "../drivers/fsl_enet.c"
 
Building file: ../drivers/fsl_ewm.c
Building file: ../drivers/fsl_flash.c
Invoking: Cross ARM C Compiler
arm-none-eabi-gcc -mcpu=cortex-m4 -mthumb -mfloat-abi=hard -mfpu=fpv4-sp-d16 -O0 -fmessage-length=0 -fsigned-char -ffunction-sections -fdata-sections -flto  -g3 -D"CPU_MK64FN1M0VDC12" -I../freertos/Source/include -I../startup -I../board -I../utilities -I../freertos/Source/portable/GCC/ARM_CM4F -I../CMSIS -I../source -I../drivers -std=c99 -MMD -MP -MF"drivers/fsl_ewm.d" -MT"drivers/fsl_ewm.o" -c -o "drivers/fsl_ewm.o" "../drivers/fsl_ewm.c"
Invoking: Cross ARM C Compiler
arm-none-eabi-gcc -mcpu=cortex-m4 -mthumb -mfloat-abi=hard -mfpu=fpv4-sp-d16 -O0 -fmessage-length=0 -fsigned-char -ffunction-sections -fdata-sections -flto  -g3 -D"CPU_MK64FN1M0VDC12" -I../freertos/Source/include -I../startup -I../board -I../utilities -I../freertos/Source/portable/GCC/ARM_CM4F -I../CMSIS -I../source -I../drivers -std=c99 -MMD -MP -MF"drivers/fsl_flash.d" -MT"drivers/fsl_flash.o" -c -o "drivers/fsl_flash.o" "../drivers/fsl_flash.c"
Finished building: ../drivers/fsl_dmamux.c
 
Building file: ../drivers/fsl_flexbus.c
Invoking: Cross ARM C Compiler
arm-none-eabi-gcc -mcpu=cortex-m4 -mthumb -mfloat-abi=hard -mfpu=fpv4-sp-d16 -O0 -fmessage-length=0 -fsigned-char -ffunction-sections -fdata-sections -flto  -g3 -D"CPU_MK64FN1M0VDC12" -I../freertos/Source/include -I../startup -I../board -I../utilities -I../freertos/Source/portable/GCC/ARM_CM4F -I../CMSIS -I../source -I../drivers -std=c99 -MMD -MP -MF"drivers/fsl_flexbus.d" -MT"drivers/fsl_flexbus.o" -c -o "drivers/fsl_flexbus.o" "../drivers/fsl_flexbus.c"
Finished building: ../drivers/fsl_dspi_freertos.c
 
Building file: ../drivers/fsl_flexcan.c
Invoking: Cross ARM C Compiler
arm-none-eabi-gcc -mcpu=cortex-m4 -mthumb -mfloat-abi=hard -mfpu=fpv4-sp-d16 -O0 -fmessage-length=0 -fsigned-char -ffunction-sections -fdata-sections -flto  -g3 -D"CPU_MK64FN1M0VDC12" -I../freertos/Source/include -I../startup -I../board -I../utilities -I../freertos/Source/portable/GCC/ARM_CM4F -I../CMSIS -I../source -I../drivers -std=c99 -MMD -MP -MF"drivers/fsl_flexcan.d" -MT"drivers/fsl_flexcan.o" -c -o "drivers/fsl_flexcan.o" "../drivers/fsl_flexcan.c"
Finished building: ../drivers/fsl_dspi_edma.c
 
Building file: ../drivers/fsl_ftm.c
Invoking: Cross ARM C Compiler
arm-none-eabi-gcc -mcpu=cortex-m4 -mthumb -mfloat-abi=hard -mfpu=fpv4-sp-d16 -O0 -fmessage-length=0 -fsigned-char -ffunction-sections -fdata-sections -flto  -g3 -D"CPU_MK64FN1M0VDC12" -I../freertos/Source/include -I../startup -I../board -I../utilities -I../freertos/Source/portable/GCC/ARM_CM4F -I../CMSIS -I../source -I../drivers -std=c99 -MMD -MP -MF"drivers/fsl_ftm.d" -MT"drivers/fsl_ftm.o" -c -o "drivers/fsl_ftm.o" "../drivers/fsl_ftm.c"
Finished building: ../drivers/fsl_dspi.c
 
Finished building: ../drivers/fsl_ewm.c
Building file: ../drivers/fsl_gpio.c
 
Invoking: Cross ARM C Compiler
arm-none-eabi-gcc -mcpu=cortex-m4 -mthumb -mfloat-abi=hard -mfpu=fpv4-sp-d16 -O0 -fmessage-length=0 -fsigned-char -ffunction-sections -fdata-sections -flto  -g3 -D"CPU_MK64FN1M0VDC12" -I../freertos/Source/include -I../startup -I../board -I../utilities -I../freertos/Source/portable/GCC/ARM_CM4F -I../CMSIS -I../source -I../drivers -std=c99 -MMD -MP -MF"drivers/fsl_gpio.d" -MT"drivers/fsl_gpio.o" -c -o "drivers/fsl_gpio.o" "../drivers/fsl_gpio.c"
Building file: ../drivers/fsl_i2c.c
Invoking: Cross ARM C Compiler
arm-none-eabi-gcc -mcpu=cortex-m4 -mthumb -mfloat-abi=hard -mfpu=fpv4-sp-d16 -O0 -fmessage-length=0 -fsigned-char -ffunction-sections -fdata-sections -flto  -g3 -D"CPU_MK64FN1M0VDC12" -I../freertos/Source/include -I../startup -I../board -I../utilities -I../freertos/Source/portable/GCC/ARM_CM4F -I../CMSIS -I../source -I../drivers -std=c99 -MMD -MP -MF"drivers/fsl_i2c.d" -MT"drivers/fsl_i2c.o" -c -o "drivers/fsl_i2c.o" "../drivers/fsl_i2c.c"
Finished building: ../drivers/fsl_flexbus.c
 
Building file: ../drivers/fsl_i2c_edma.c
Invoking: Cross ARM C Compiler
arm-none-eabi-gcc -mcpu=cortex-m4 -mthumb -mfloat-abi=hard -mfpu=fpv4-sp-d16 -O0 -fmessage-length=0 -fsigned-char -ffunction-sections -fdata-sections -flto  -g3 -D"CPU_MK64FN1M0VDC12" -I../freertos/Source/include -I../startup -I../board -I../utilities -I../freertos/Source/portable/GCC/ARM_CM4F -I../CMSIS -I../source -I../drivers -std=c99 -MMD -MP -MF"drivers/fsl_i2c_edma.d" -MT"drivers/fsl_i2c_edma.o" -c -o "drivers/fsl_i2c_edma.o" "../drivers/fsl_i2c_edma.c"
Finished building: ../drivers/fsl_edma.c
Finished building: ../drivers/fsl_enet.c
Finished building: ../drivers/fsl_flash.c
 
 
 
Building file: ../drivers/fsl_i2c_freertos.c
Building file: ../drivers/fsl_llwu.c
Invoking: Cross ARM C Compiler
Building file: ../drivers/fsl_lptmr.c
arm-none-eabi-gcc -mcpu=cortex-m4 -mthumb -mfloat-abi=hard -mfpu=fpv4-sp-d16 -O0 -fmessage-length=0 -fsigned-char -ffunction-sections -fdata-sections -flto  -g3 -D"CPU_MK64FN1M0VDC12" -I../freertos/Source/include -I../startup -I../board -I../utilities -I../freertos/Source/portable/GCC/ARM_CM4F -I../CMSIS -I../source -I../drivers -std=c99 -MMD -MP -MF"drivers/fsl_i2c_freertos.d" -MT"drivers/fsl_i2c_freertos.o" -c -o "drivers/fsl_i2c_freertos.o" "../drivers/fsl_i2c_freertos.c"
Invoking: Cross ARM C Compiler
arm-none-eabi-gcc -mcpu=cortex-m4 -mthumb -mfloat-abi=hard -mfpu=fpv4-sp-d16 -O0 -fmessage-length=0 -fsigned-char -ffunction-sections -fdata-sections -flto  -g3 -D"CPU_MK64FN1M0VDC12" -I../freertos/Source/include -I../startup -I../board -I../utilities -I../freertos/Source/portable/GCC/ARM_CM4F -I../CMSIS -I../source -I../drivers -std=c99 -MMD -MP -MF"drivers/fsl_llwu.d" -MT"drivers/fsl_llwu.o" -c -o "drivers/fsl_llwu.o" "../drivers/fsl_llwu.c"
Invoking: Cross ARM C Compiler
arm-none-eabi-gcc -mcpu=cortex-m4 -mthumb -mfloat-abi=hard -mfpu=fpv4-sp-d16 -O0 -fmessage-length=0 -fsigned-char -ffunction-sections -fdata-sections -flto  -g3 -D"CPU_MK64FN1M0VDC12" -I../freertos/Source/include -I../startup -I../board -I../utilities -I../freertos/Source/portable/GCC/ARM_CM4F -I../CMSIS -I../source -I../drivers -std=c99 -MMD -MP -MF"drivers/fsl_lptmr.d" -MT"drivers/fsl_lptmr.o" -c -o "drivers/fsl_lptmr.o" "../drivers/fsl_lptmr.c"
Finished building: ../drivers/fsl_ftm.c
Finished building: ../drivers/fsl_flexcan.c
 
 
Finished building: ../drivers/fsl_gpio.c
Building file: ../drivers/fsl_mpu.c
Building file: ../drivers/fsl_pdb.c
 
Invoking: Cross ARM C Compiler
arm-none-eabi-gcc -mcpu=cortex-m4 -mthumb -mfloat-abi=hard -mfpu=fpv4-sp-d16 -O0 -fmessage-length=0 -fsigned-char -ffunction-sections -fdata-sections -flto  -g3 -D"CPU_MK64FN1M0VDC12" -I../freertos/Source/include -I../startup -I../board -I../utilities -I../freertos/Source/portable/GCC/ARM_CM4F -I../CMSIS -I../source -I../drivers -std=c99 -MMD -MP -MF"drivers/fsl_mpu.d" -MT"drivers/fsl_mpu.o" -c -o "drivers/fsl_mpu.o" "../drivers/fsl_mpu.c"
Invoking: Cross ARM C Compiler
arm-none-eabi-gcc -mcpu=cortex-m4 -mthumb -mfloat-abi=hard -mfpu=fpv4-sp-d16 -O0 -fmessage-length=0 -fsigned-char -ffunction-sections -fdata-sections -flto  -g3 -D"CPU_MK64FN1M0VDC12" -I../freertos/Source/include -I../startup -I../board -I../utilities -I../freertos/Source/portable/GCC/ARM_CM4F -I../CMSIS -I../source -I../drivers -std=c99 -MMD -MP -MF"drivers/fsl_pdb.d" -MT"drivers/fsl_pdb.o" -c -o "drivers/fsl_pdb.o" "../drivers/fsl_pdb.c"
Building file: ../drivers/fsl_pit.c
Invoking: Cross ARM C Compiler
arm-none-eabi-gcc -mcpu=cortex-m4 -mthumb -mfloat-abi=hard -mfpu=fpv4-sp-d16 -O0 -fmessage-length=0 -fsigned-char -ffunction-sections -fdata-sections -flto  -g3 -D"CPU_MK64FN1M0VDC12" -I../freertos/Source/include -I../startup -I../board -I../utilities -I../freertos/Source/portable/GCC/ARM_CM4F -I../CMSIS -I../source -I../drivers -std=c99 -MMD -MP -MF"drivers/fsl_pit.d" -MT"drivers/fsl_pit.o" -c -o "drivers/fsl_pit.o" "../drivers/fsl_pit.c"
Finished building: ../drivers/fsl_i2c_edma.c
Finished building: ../drivers/fsl_llwu.c
Finished building: ../drivers/fsl_lptmr.c
 
 
 
Building file: ../drivers/fsl_pmc.c
Finished building: ../drivers/fsl_i2c_freertos.c
Building file: ../drivers/fsl_rcm.c
Building file: ../drivers/fsl_rnga.c
Invoking: Cross ARM C Compiler
 
Invoking: Cross ARM C Compiler
arm-none-eabi-gcc -mcpu=cortex-m4 -mthumb -mfloat-abi=hard -mfpu=fpv4-sp-d16 -O0 -fmessage-length=0 -fsigned-char -ffunction-sections -fdata-sections -flto  -g3 -D"CPU_MK64FN1M0VDC12" -I../freertos/Source/include -I../startup -I../board -I../utilities -I../freertos/Source/portable/GCC/ARM_CM4F -I../CMSIS -I../source -I../drivers -std=c99 -MMD -MP -MF"drivers/fsl_rcm.d" -MT"drivers/fsl_rcm.o" -c -o "drivers/fsl_rcm.o" "../drivers/fsl_rcm.c"
arm-none-eabi-gcc -mcpu=cortex-m4 -mthumb -mfloat-abi=hard -mfpu=fpv4-sp-d16 -O0 -fmessage-length=0 -fsigned-char -ffunction-sections -fdata-sections -flto  -g3 -D"CPU_MK64FN1M0VDC12" -I../freertos/Source/include -I../startup -I../board -I../utilities -I../freertos/Source/portable/GCC/ARM_CM4F -I../CMSIS -I../source -I../drivers -std=c99 -MMD -MP -MF"drivers/fsl_pmc.d" -MT"drivers/fsl_pmc.o" -c -o "drivers/fsl_pmc.o" "../drivers/fsl_pmc.c"
Invoking: Cross ARM C Compiler
arm-none-eabi-gcc -mcpu=cortex-m4 -mthumb -mfloat-abi=hard -mfpu=fpv4-sp-d16 -O0 -fmessage-length=0 -fsigned-char -ffunction-sections -fdata-sections -flto  -g3 -D"CPU_MK64FN1M0VDC12" -I../freertos/Source/include -I../startup -I../board -I../utilities -I../freertos/Source/portable/GCC/ARM_CM4F -I../CMSIS -I../source -I../drivers -std=c99 -MMD -MP -MF"drivers/fsl_rnga.d" -MT"drivers/fsl_rnga.o" -c -o "drivers/fsl_rnga.o" "../drivers/fsl_rnga.c"
Building file: ../drivers/fsl_rtc.c
Invoking: Cross ARM C Compiler
arm-none-eabi-gcc -mcpu=cortex-m4 -mthumb -mfloat-abi=hard -mfpu=fpv4-sp-d16 -O0 -fmessage-length=0 -fsigned-char -ffunction-sections -fdata-sections -flto  -g3 -D"CPU_MK64FN1M0VDC12" -I../freertos/Source/include -I../startup -I../board -I../utilities -I../freertos/Source/portable/GCC/ARM_CM4F -I../CMSIS -I../source -I../drivers -std=c99 -MMD -MP -MF"drivers/fsl_rtc.d" -MT"drivers/fsl_rtc.o" -c -o "drivers/fsl_rtc.o" "../drivers/fsl_rtc.c"
Finished building: ../drivers/fsl_i2c.c
 
Building file: ../drivers/fsl_sai.c
Invoking: Cross ARM C Compiler
arm-none-eabi-gcc -mcpu=cortex-m4 -mthumb -mfloat-abi=hard -mfpu=fpv4-sp-d16 -O0 -fmessage-length=0 -fsigned-char -ffunction-sections -fdata-sections -flto  -g3 -D"CPU_MK64FN1M0VDC12" -I../freertos/Source/include -I../startup -I../board -I../utilities -I../freertos/Source/portable/GCC/ARM_CM4F -I../CMSIS -I../source -I../drivers -std=c99 -MMD -MP -MF"drivers/fsl_sai.d" -MT"drivers/fsl_sai.o" -c -o "drivers/fsl_sai.o" "../drivers/fsl_sai.c"
Finished building: ../drivers/fsl_pit.c
 
Finished building: ../drivers/fsl_pdb.c
Building file: ../drivers/fsl_sai_edma.c
Finished building: ../drivers/fsl_mpu.c
 
Invoking: Cross ARM C Compiler
arm-none-eabi-gcc -mcpu=cortex-m4 -mthumb -mfloat-abi=hard -mfpu=fpv4-sp-d16 -O0 -fmessage-length=0 -fsigned-char -ffunction-sections -fdata-sections -flto  -g3 -D"CPU_MK64FN1M0VDC12" -I../freertos/Source/include -I../startup -I../board -I../utilities -I../freertos/Source/portable/GCC/ARM_CM4F -I../CMSIS -I../source -I../drivers -std=c99 -MMD -MP -MF"drivers/fsl_sai_edma.d" -MT"drivers/fsl_sai_edma.o" -c -o "drivers/fsl_sai_edma.o" "../drivers/fsl_sai_edma.c"
Building file: ../drivers/fsl_sdhc.c
 
Invoking: Cross ARM C Compiler
Building file: ../drivers/fsl_sim.c
arm-none-eabi-gcc -mcpu=cortex-m4 -mthumb -mfloat-abi=hard -mfpu=fpv4-sp-d16 -O0 -fmessage-length=0 -fsigned-char -ffunction-sections -fdata-sections -flto  -g3 -D"CPU_MK64FN1M0VDC12" -I../freertos/Source/include -I../startup -I../board -I../utilities -I../freertos/Source/portable/GCC/ARM_CM4F -I../CMSIS -I../source -I../drivers -std=c99 -MMD -MP -MF"drivers/fsl_sdhc.d" -MT"drivers/fsl_sdhc.o" -c -o "drivers/fsl_sdhc.o" "../drivers/fsl_sdhc.c"
Invoking: Cross ARM C Compiler
arm-none-eabi-gcc -mcpu=cortex-m4 -mthumb -mfloat-abi=hard -mfpu=fpv4-sp-d16 -O0 -fmessage-length=0 -fsigned-char -ffunction-sections -fdata-sections -flto  -g3 -D"CPU_MK64FN1M0VDC12" -I../freertos/Source/include -I../startup -I../board -I../utilities -I../freertos/Source/portable/GCC/ARM_CM4F -I../CMSIS -I../source -I../drivers -std=c99 -MMD -MP -MF"drivers/fsl_sim.d" -MT"drivers/fsl_sim.o" -c -o "drivers/fsl_sim.o" "../drivers/fsl_sim.c"
Finished building: ../drivers/fsl_pmc.c
Finished building: ../drivers/fsl_rcm.c
 
 
Building file: ../drivers/fsl_smc.c
Finished building: ../drivers/fsl_rnga.c
Building file: ../drivers/fsl_uart.c
Invoking: Cross ARM C Compiler
 
arm-none-eabi-gcc -mcpu=cortex-m4 -mthumb -mfloat-abi=hard -mfpu=fpv4-sp-d16 -O0 -fmessage-length=0 -fsigned-char -ffunction-sections -fdata-sections -flto  -g3 -D"CPU_MK64FN1M0VDC12" -I../freertos/Source/include -I../startup -I../board -I../utilities -I../freertos/Source/portable/GCC/ARM_CM4F -I../CMSIS -I../source -I../drivers -std=c99 -MMD -MP -MF"drivers/fsl_smc.d" -MT"drivers/fsl_smc.o" -c -o "drivers/fsl_smc.o" "../drivers/fsl_smc.c"
Invoking: Cross ARM C Compiler
arm-none-eabi-gcc -mcpu=cortex-m4 -mthumb -mfloat-abi=hard -mfpu=fpv4-sp-d16 -O0 -fmessage-length=0 -fsigned-char -ffunction-sections -fdata-sections -flto  -g3 -D"CPU_MK64FN1M0VDC12" -I../freertos/Source/include -I../startup -I../board -I../utilities -I../freertos/Source/portable/GCC/ARM_CM4F -I../CMSIS -I../source -I../drivers -std=c99 -MMD -MP -MF"drivers/fsl_uart.d" -MT"drivers/fsl_uart.o" -c -o "drivers/fsl_uart.o" "../drivers/fsl_uart.c"
Building file: ../drivers/fsl_uart_edma.c
Invoking: Cross ARM C Compiler
Finished building: ../drivers/fsl_rtc.c
arm-none-eabi-gcc -mcpu=cortex-m4 -mthumb -mfloat-abi=hard -mfpu=fpv4-sp-d16 -O0 -fmessage-length=0 -fsigned-char -ffunction-sections -fdata-sections -flto  -g3 -D"CPU_MK64FN1M0VDC12" -I../freertos/Source/include -I../startup -I../board -I../utilities -I../freertos/Source/portable/GCC/ARM_CM4F -I../CMSIS -I../source -I../drivers -std=c99 -MMD -MP -MF"drivers/fsl_uart_edma.d" -MT"drivers/fsl_uart_edma.o" -c -o "drivers/fsl_uart_edma.o" "../drivers/fsl_uart_edma.c"
 
Building file: ../drivers/fsl_uart_freertos.c
Invoking: Cross ARM C Compiler
arm-none-eabi-gcc -mcpu=cortex-m4 -mthumb -mfloat-abi=hard -mfpu=fpv4-sp-d16 -O0 -fmessage-length=0 -fsigned-char -ffunction-sections -fdata-sections -flto  -g3 -D"CPU_MK64FN1M0VDC12" -I../freertos/Source/include -I../startup -I../board -I../utilities -I../freertos/Source/portable/GCC/ARM_CM4F -I../CMSIS -I../source -I../drivers -std=c99 -MMD -MP -MF"drivers/fsl_uart_freertos.d" -MT"drivers/fsl_uart_freertos.o" -c -o "drivers/fsl_uart_freertos.o" "../drivers/fsl_uart_freertos.c"
Finished building: ../drivers/fsl_sim.c
 
Building file: ../drivers/fsl_vref.c
Finished building: ../drivers/fsl_sai_edma.c
Invoking: Cross ARM C Compiler
arm-none-eabi-gcc -mcpu=cortex-m4 -mthumb -mfloat-abi=hard -mfpu=fpv4-sp-d16 -O0 -fmessage-length=0 -fsigned-char -ffunction-sections -fdata-sections -flto  -g3 -D"CPU_MK64FN1M0VDC12" -I../freertos/Source/include -I../startup -I../board -I../utilities -I../freertos/Source/portable/GCC/ARM_CM4F -I../CMSIS -I../source -I../drivers -std=c99 -MMD -MP -MF"drivers/fsl_vref.d" -MT"drivers/fsl_vref.o" -c -o "drivers/fsl_vref.o" "../drivers/fsl_vref.c"
 
Building file: ../drivers/fsl_wdog.c
Finished building: ../drivers/fsl_sai.c
Invoking: Cross ARM C Compiler
arm-none-eabi-gcc -mcpu=cortex-m4 -mthumb -mfloat-abi=hard -mfpu=fpv4-sp-d16 -O0 -fmessage-length=0 -fsigned-char -ffunction-sections -fdata-sections -flto  -g3 -D"CPU_MK64FN1M0VDC12" -I../freertos/Source/include -I../startup -I../board -I../utilities -I../freertos/Source/portable/GCC/ARM_CM4F -I../CMSIS -I../source -I../drivers -std=c99 -MMD -MP -MF"drivers/fsl_wdog.d" -MT"drivers/fsl_wdog.o" -c -o "drivers/fsl_wdog.o" "../drivers/fsl_wdog.c"
 
Building file: ../board/board.c
Invoking: Cross ARM C Compiler
arm-none-eabi-gcc -mcpu=cortex-m4 -mthumb -mfloat-abi=hard -mfpu=fpv4-sp-d16 -O0 -fmessage-length=0 -fsigned-char -ffunction-sections -fdata-sections -flto  -g3 -D"CPU_MK64FN1M0VDC12" -I../freertos/Source/include -I../startup -I../board -I../utilities -I../freertos/Source/portable/GCC/ARM_CM4F -I../CMSIS -I../source -I../drivers -std=c99 -MMD -MP -MF"board/board.d" -MT"board/board.o" -c -o "board/board.o" "../board/board.c"
Finished building: ../drivers/fsl_smc.c
 
Building file: ../board/clock_config.c
Finished building: ../drivers/fsl_sdhc.c
Invoking: Cross ARM C Compiler
arm-none-eabi-gcc -mcpu=cortex-m4 -mthumb -mfloat-abi=hard -mfpu=fpv4-sp-d16 -O0 -fmessage-length=0 -fsigned-char -ffunction-sections -fdata-sections -flto  -g3 -D"CPU_MK64FN1M0VDC12" -I../freertos/Source/include -I../startup -I../board -I../utilities -I../freertos/Source/portable/GCC/ARM_CM4F -I../CMSIS -I../source -I../drivers -std=c99 -MMD -MP -MF"board/clock_config.d" -MT"board/clock_config.o" -c -o "board/clock_config.o" "../board/clock_config.c"
 
Finished building: ../drivers/fsl_uart_edma.c
Building file: ../board/pin_mux.c
 
Invoking: Cross ARM C Compiler
Finished building: ../drivers/fsl_uart_freertos.c
arm-none-eabi-gcc -mcpu=cortex-m4 -mthumb -mfloat-abi=hard -mfpu=fpv4-sp-d16 -O0 -fmessage-length=0 -fsigned-char -ffunction-sections -fdata-sections -flto  -g3 -D"CPU_MK64FN1M0VDC12" -I../freertos/Source/include -I../startup -I../board -I../utilities -I../freertos/Source/portable/GCC/ARM_CM4F -I../CMSIS -I../source -I../drivers -std=c99 -MMD -MP -MF"board/pin_mux.d" -MT"board/pin_mux.o" -c -o "board/pin_mux.o" "../board/pin_mux.c"
 
Finished building: ../drivers/fsl_uart.c
 
Finished building: ../drivers/fsl_vref.c
 
Finished building: ../drivers/fsl_wdog.c
Finished building: ../board/board.c
 
 
Finished building: ../board/clock_config.c
 
Finished building: ../board/pin_mux.c
 
Building target: TaskDelayASM.elf
Invoking: Cross ARM C++ Linker
arm-none-eabi-g++ -mcpu=cortex-m4 -mthumb -mfloat-abi=hard -mfpu=fpv4-sp-d16 -O0 -fmessage-length=0 -fsigned-char -ffunction-sections -fdata-sections -flto  -g3 -T "../MK64FN1M0xxx12_flash.ld" -Xlinker --gc-sections -Wl,-Map,"TaskDelayASM.map" --specs=nano.specs -specs=nosys.specs -Xlinker -z -Xlinker muldefs -o "TaskDelayASM.elf"  ./utilities/fsl_debug_console.o ./utilities/fsl_notifier.o ./utilities/fsl_sbrk.o ./utilities/fsl_shell.o  ./startup/startup_MK64F12.o ./startup/system_MK64F12.o  ./source/Delay.o ./source/main.o ./source/user.o  ./freertos/Source/portable/MemMang/heap_4.o  ./freertos/Source/portable/GCC/ARM_CM4F/fsl_tickless_lptmr.o ./freertos/Source/portable/GCC/ARM_CM4F/fsl_tickless_systick.o ./freertos/Source/portable/GCC/ARM_CM4F/port.o  ./freertos/Source/croutine.o ./freertos/Source/event_groups.o ./freertos/Source/list.o ./freertos/Source/queue.o ./freertos/Source/tasks.o ./freertos/Source/timers.o  ./drivers/fsl_adc16.o ./drivers/fsl_clock.o ./drivers/fsl_cmp.o ./drivers/fsl_cmt.o ./drivers/fsl_common.o ./drivers/fsl_crc.o ./drivers/fsl_dac.o ./drivers/fsl_dmamux.o ./drivers/fsl_dspi.o ./drivers/fsl_dspi_edma.o ./drivers/fsl_dspi_freertos.o ./drivers/fsl_edma.o ./drivers/fsl_enet.o ./drivers/fsl_ewm.o ./drivers/fsl_flash.o ./drivers/fsl_flexbus.o ./drivers/fsl_flexcan.o ./drivers/fsl_ftm.o ./drivers/fsl_gpio.o ./drivers/fsl_i2c.o ./drivers/fsl_i2c_edma.o ./drivers/fsl_i2c_freertos.o ./drivers/fsl_llwu.o ./drivers/fsl_lptmr.o ./drivers/fsl_mpu.o ./drivers/fsl_pdb.o ./drivers/fsl_pit.o ./drivers/fsl_pmc.o ./drivers/fsl_rcm.o ./drivers/fsl_rnga.o ./drivers/fsl_rtc.o ./drivers/fsl_sai.o ./drivers/fsl_sai_edma.o ./drivers/fsl_sdhc.o ./drivers/fsl_sim.o ./drivers/fsl_smc.o ./drivers/fsl_uart.o ./drivers/fsl_uart_edma.o ./drivers/fsl_uart_freertos.o ./drivers/fsl_vref.o ./drivers/fsl_wdog.o  ./board/board.o ./board/clock_config.o ./board/pin_mux.o   
Finished building target: TaskDelayASM.elf
 
Invoking: Cross ARM GNU Create Flash Image
arm-none-eabi-objcopy -O ihex "TaskDelayASM.elf"  "TaskDelayASM.hex"
Invoking: Cross ARM GNU Print Size
arm-none-eabi-size --format=berkeley "TaskDelayASM.elf"
Finished building: TaskDelayASM.hex
 
   text	   data	    bss	    dec	    hex	filename
  24224	    132	  13188	  37544	   92a8	TaskDelayASM.elf
Finished building: TaskDelayASM.siz
 
23:09:09 **** Incremental Build of configuration Debug for project TaskDelayASM ****
make -j8 all 
Invoking: Cross ARM GNU Print Size
arm-none-eabi-size --format=berkeley "TaskDelayASM.elf"
   text	   data	    bss	    dec	    hex	filename
  24224	    132	  13188	  37544	   92a8	TaskDelayASM.elf
Finished building: TaskDelayASM.siz
 
23:09:37 **** Incremental Build of configuration Debug for project TaskDelayASM ****
make -j8 all 
Invoking: Cross ARM GNU Print Size
arm-none-eabi-size --format=berkeley "TaskDelayASM.elf"
   text	   data	    bss	    dec	    hex	filename
  24224	    132	  13188	  37544	   92a8	TaskDelayASM.elf
Finished building: TaskDelayASM.siz
 
23:12:43 **** Incremental Build of configuration Debug for project TaskDelayASM ****
make -j8 all 
Building file: ../source/user.c
Invoking: Cross ARM C Compiler
arm-none-eabi-gcc -mcpu=cortex-m4 -mthumb -mfloat-abi=hard -mfpu=fpv4-sp-d16 -O0 -fmessage-length=0 -fsigned-char -ffunction-sections -fdata-sections -flto  -g3 -D"CPU_MK64FN1M0VDC12" -I../freertos/Source/include -I../startup -I../board -I../utilities -I../freertos/Source/portable/GCC/ARM_CM4F -I../CMSIS -I../source -I../drivers -std=c99 -MMD -MP -MF"source/user.d" -MT"source/user.o" -c -o "source/user.o" "../source/user.c"
Finished building: ../source/user.c
 
Building target: TaskDelayASM.elf
Invoking: Cross ARM C++ Linker
arm-none-eabi-g++ -mcpu=cortex-m4 -mthumb -mfloat-abi=hard -mfpu=fpv4-sp-d16 -O0 -fmessage-length=0 -fsigned-char -ffunction-sections -fdata-sections -flto  -g3 -T "../MK64FN1M0xxx12_flash.ld" -Xlinker --gc-sections -Wl,-Map,"TaskDelayASM.map" --specs=nano.specs -specs=nosys.specs -Xlinker -z -Xlinker muldefs -o "TaskDelayASM.elf"  ./utilities/fsl_debug_console.o ./utilities/fsl_notifier.o ./utilities/fsl_sbrk.o ./utilities/fsl_shell.o  ./startup/startup_MK64F12.o ./startup/system_MK64F12.o  ./source/Delay.o ./source/main.o ./source/user.o  ./freertos/Source/portable/MemMang/heap_4.o  ./freertos/Source/portable/GCC/ARM_CM4F/fsl_tickless_lptmr.o ./freertos/Source/portable/GCC/ARM_CM4F/fsl_tickless_systick.o ./freertos/Source/portable/GCC/ARM_CM4F/port.o  ./freertos/Source/croutine.o ./freertos/Source/event_groups.o ./freertos/Source/list.o ./freertos/Source/queue.o ./freertos/Source/tasks.o ./freertos/Source/timers.o  ./drivers/fsl_adc16.o ./drivers/fsl_clock.o ./drivers/fsl_cmp.o ./drivers/fsl_cmt.o ./drivers/fsl_common.o ./drivers/fsl_crc.o ./drivers/fsl_dac.o ./drivers/fsl_dmamux.o ./drivers/fsl_dspi.o ./drivers/fsl_dspi_edma.o ./drivers/fsl_dspi_freertos.o ./drivers/fsl_edma.o ./drivers/fsl_enet.o ./drivers/fsl_ewm.o ./drivers/fsl_flash.o ./drivers/fsl_flexbus.o ./drivers/fsl_flexcan.o ./drivers/fsl_ftm.o ./drivers/fsl_gpio.o ./drivers/fsl_i2c.o ./drivers/fsl_i2c_edma.o ./drivers/fsl_i2c_freertos.o ./drivers/fsl_llwu.o ./drivers/fsl_lptmr.o ./drivers/fsl_mpu.o ./drivers/fsl_pdb.o ./drivers/fsl_pit.o ./drivers/fsl_pmc.o ./drivers/fsl_rcm.o ./drivers/fsl_rnga.o ./drivers/fsl_rtc.o ./drivers/fsl_sai.o ./drivers/fsl_sai_edma.o ./drivers/fsl_sdhc.o ./drivers/fsl_sim.o ./drivers/fsl_smc.o ./drivers/fsl_uart.o ./drivers/fsl_uart_edma.o ./drivers/fsl_uart_freertos.o ./drivers/fsl_vref.o ./drivers/fsl_wdog.o  ./board/board.o ./board/clock_config.o ./board/pin_mux.o   
Finished building target: TaskDelayASM.elf
 
Invoking: Cross ARM GNU Create Flash Image
Invoking: Cross ARM GNU Print Size
arm-none-eabi-objcopy -O ihex "TaskDelayASM.elf"  "TaskDelayASM.hex"
arm-none-eabi-size --format=berkeley "TaskDelayASM.elf"
   text	   data	    bss	    dec	    hex	filename
  26560	    132	  13188	  39880	   9bc8	TaskDelayASM.elf
Finished building: TaskDelayASM.hex
Finished building: TaskDelayASM.siz
 
 
23:14:53 **** Incremental Build of configuration Debug for project TaskDelayASM ****
make -j8 all 
Building file: ../source/user.c
Invoking: Cross ARM C Compiler
arm-none-eabi-gcc -mcpu=cortex-m4 -mthumb -mfloat-abi=hard -mfpu=fpv4-sp-d16 -O0 -fmessage-length=0 -fsigned-char -ffunction-sections -fdata-sections -flto  -g3 -D"CPU_MK64FN1M0VDC12" -I../freertos/Source/include -I../startup -I../board -I../utilities -I../freertos/Source/portable/GCC/ARM_CM4F -I../CMSIS -I../source -I../drivers -std=c99 -MMD -MP -MF"source/user.d" -MT"source/user.o" -c -o "source/user.o" "../source/user.c"
Finished building: ../source/user.c
 
Building target: TaskDelayASM.elf
Invoking: Cross ARM C++ Linker
arm-none-eabi-g++ -mcpu=cortex-m4 -mthumb -mfloat-abi=hard -mfpu=fpv4-sp-d16 -O0 -fmessage-length=0 -fsigned-char -ffunction-sections -fdata-sections -flto  -g3 -T "../MK64FN1M0xxx12_flash.ld" -Xlinker --gc-sections -Wl,-Map,"TaskDelayASM.map" --specs=nano.specs -specs=nosys.specs -Xlinker -z -Xlinker muldefs -o "TaskDelayASM.elf"  ./utilities/fsl_debug_console.o ./utilities/fsl_notifier.o ./utilities/fsl_sbrk.o ./utilities/fsl_shell.o  ./startup/startup_MK64F12.o ./startup/system_MK64F12.o  ./source/Delay.o ./source/main.o ./source/user.o  ./freertos/Source/portable/MemMang/heap_4.o  ./freertos/Source/portable/GCC/ARM_CM4F/fsl_tickless_lptmr.o ./freertos/Source/portable/GCC/ARM_CM4F/fsl_tickless_systick.o ./freertos/Source/portable/GCC/ARM_CM4F/port.o  ./freertos/Source/croutine.o ./freertos/Source/event_groups.o ./freertos/Source/list.o ./freertos/Source/queue.o ./freertos/Source/tasks.o ./freertos/Source/timers.o  ./drivers/fsl_adc16.o ./drivers/fsl_clock.o ./drivers/fsl_cmp.o ./drivers/fsl_cmt.o ./drivers/fsl_common.o ./drivers/fsl_crc.o ./drivers/fsl_dac.o ./drivers/fsl_dmamux.o ./drivers/fsl_dspi.o ./drivers/fsl_dspi_edma.o ./drivers/fsl_dspi_freertos.o ./drivers/fsl_edma.o ./drivers/fsl_enet.o ./drivers/fsl_ewm.o ./drivers/fsl_flash.o ./drivers/fsl_flexbus.o ./drivers/fsl_flexcan.o ./drivers/fsl_ftm.o ./drivers/fsl_gpio.o ./drivers/fsl_i2c.o ./drivers/fsl_i2c_edma.o ./drivers/fsl_i2c_freertos.o ./drivers/fsl_llwu.o ./drivers/fsl_lptmr.o ./drivers/fsl_mpu.o ./drivers/fsl_pdb.o ./drivers/fsl_pit.o ./drivers/fsl_pmc.o ./drivers/fsl_rcm.o ./drivers/fsl_rnga.o ./drivers/fsl_rtc.o ./drivers/fsl_sai.o ./drivers/fsl_sai_edma.o ./drivers/fsl_sdhc.o ./drivers/fsl_sim.o ./drivers/fsl_smc.o ./drivers/fsl_uart.o ./drivers/fsl_uart_edma.o ./drivers/fsl_uart_freertos.o ./drivers/fsl_vref.o ./drivers/fsl_wdog.o  ./board/board.o ./board/clock_config.o ./board/pin_mux.o   
Finished building target: TaskDelayASM.elf
 
Invoking: Cross ARM GNU Create Flash Image
arm-none-eabi-objcopy -O ihex "TaskDelayASM.elf"  "TaskDelayASM.hex"
Invoking: Cross ARM GNU Print Size
arm-none-eabi-size --format=berkeley "TaskDelayASM.elf"
   text	   data	    bss	    dec	    hex	filename
  26560	    132	  13188	  39880	   9bc8	TaskDelayASM.elf
Finished building: TaskDelayASM.hex
Finished building: TaskDelayASM.siz
 
 
23:15:08 **** Incremental Build of configuration Debug for project TaskDelayASM ****
make -j8 all 
Invoking: Cross ARM GNU Print Size
arm-none-eabi-size --format=berkeley "TaskDelayASM.elf"
   text	   data	    bss	    dec	    hex	filename
  26560	    132	  13188	  39880	   9bc8	TaskDelayASM.elf
Finished building: TaskDelayASM.siz
 
23:21:09 **** Incremental Build of configuration Debug for project TaskDelayASM ****
make -j8 all 
Invoking: Cross ARM GNU Print Size
arm-none-eabi-size --format=berkeley "TaskDelayASM.elf"
   text	   data	    bss	    dec	    hex	filename
  26560	    132	  13188	  39880	   9bc8	TaskDelayASM.elf
Finished building: TaskDelayASM.siz
 
23:22:18 **** Incremental Build of configuration Debug for project TaskDelayASM ****
make -j8 all 
Building file: ../source/main.c
Invoking: Cross ARM C Compiler
arm-none-eabi-gcc -mcpu=cortex-m4 -mthumb -mfloat-abi=hard -mfpu=fpv4-sp-d16 -O0 -fmessage-length=0 -fsigned-char -ffunction-sections -fdata-sections -flto  -g3 -D"CPU_MK64FN1M0VDC12" -I../freertos/Source/include -I../startup -I../board -I../utilities -I../freertos/Source/portable/GCC/ARM_CM4F -I../CMSIS -I../source -I../drivers -std=c99 -MMD -MP -MF"source/main.d" -MT"source/main.o" -c -o "source/main.o" "../source/main.c"
Finished building: ../source/main.c
 
Building target: TaskDelayASM.elf
Invoking: Cross ARM C++ Linker
arm-none-eabi-g++ -mcpu=cortex-m4 -mthumb -mfloat-abi=hard -mfpu=fpv4-sp-d16 -O0 -fmessage-length=0 -fsigned-char -ffunction-sections -fdata-sections -flto  -g3 -T "../MK64FN1M0xxx12_flash.ld" -Xlinker --gc-sections -Wl,-Map,"TaskDelayASM.map" --specs=nano.specs -specs=nosys.specs -Xlinker -z -Xlinker muldefs -o "TaskDelayASM.elf"  ./utilities/fsl_debug_console.o ./utilities/fsl_notifier.o ./utilities/fsl_sbrk.o ./utilities/fsl_shell.o  ./startup/startup_MK64F12.o ./startup/system_MK64F12.o  ./source/Delay.o ./source/main.o ./source/user.o  ./freertos/Source/portable/MemMang/heap_4.o  ./freertos/Source/portable/GCC/ARM_CM4F/fsl_tickless_lptmr.o ./freertos/Source/portable/GCC/ARM_CM4F/fsl_tickless_systick.o ./freertos/Source/portable/GCC/ARM_CM4F/port.o  ./freertos/Source/croutine.o ./freertos/Source/event_groups.o ./freertos/Source/list.o ./freertos/Source/queue.o ./freertos/Source/tasks.o ./freertos/Source/timers.o  ./drivers/fsl_adc16.o ./drivers/fsl_clock.o ./drivers/fsl_cmp.o ./drivers/fsl_cmt.o ./drivers/fsl_common.o ./drivers/fsl_crc.o ./drivers/fsl_dac.o ./drivers/fsl_dmamux.o ./drivers/fsl_dspi.o ./drivers/fsl_dspi_edma.o ./drivers/fsl_dspi_freertos.o ./drivers/fsl_edma.o ./drivers/fsl_enet.o ./drivers/fsl_ewm.o ./drivers/fsl_flash.o ./drivers/fsl_flexbus.o ./drivers/fsl_flexcan.o ./drivers/fsl_ftm.o ./drivers/fsl_gpio.o ./drivers/fsl_i2c.o ./drivers/fsl_i2c_edma.o ./drivers/fsl_i2c_freertos.o ./drivers/fsl_llwu.o ./drivers/fsl_lptmr.o ./drivers/fsl_mpu.o ./drivers/fsl_pdb.o ./drivers/fsl_pit.o ./drivers/fsl_pmc.o ./drivers/fsl_rcm.o ./drivers/fsl_rnga.o ./drivers/fsl_rtc.o ./drivers/fsl_sai.o ./drivers/fsl_sai_edma.o ./drivers/fsl_sdhc.o ./drivers/fsl_sim.o ./drivers/fsl_smc.o ./drivers/fsl_uart.o ./drivers/fsl_uart_edma.o ./drivers/fsl_uart_freertos.o ./drivers/fsl_vref.o ./drivers/fsl_wdog.o  ./board/board.o ./board/clock_config.o ./board/pin_mux.o   
Finished building target: TaskDelayASM.elf
 
Invoking: Cross ARM GNU Create Flash Image
arm-none-eabi-objcopy -O ihex "TaskDelayASM.elf"  "TaskDelayASM.hex"
Invoking: Cross ARM GNU Print Size
arm-none-eabi-size --format=berkeley "TaskDelayASM.elf"
   text	   data	    bss	    dec	    hex	filename
  26568	    132	  13188	  39888	   9bd0	TaskDelayASM.elf
Finished building: TaskDelayASM.hex
Finished building: TaskDelayASM.siz
 
 
23:54:35 **** Build of configuration Debug for project 2TaskvTaskDelay ****
make -j8 all 
Building file: ../utilities/fsl_debug_console.c
Building file: ../utilities/fsl_notifier.c
Building file: ../utilities/fsl_sbrk.c
Building file: ../utilities/fsl_shell.c
Building file: ../startup/startup_MK64F12.S
Building file: ../startup/system_MK64F12.c
Invoking: Cross ARM C Compiler
Invoking: Cross ARM C Compiler
Invoking: Cross ARM C Compiler
Invoking: Cross ARM C Compiler
arm-none-eabi-gcc -mcpu=cortex-m4 -mthumb -mfloat-abi=hard -mfpu=fpv4-sp-d16 -O0 -fmessage-length=0 -fsigned-char -ffunction-sections -fdata-sections -flto  -g3 -D"CPU_MK64FN1M0VDC12" -I../freertos/Source/include -I../startup -I../board -I../utilities -I../freertos/Source/portable/GCC/ARM_CM4F -I../CMSIS -I../source -I../drivers -std=c99 -MMD -MP -MF"utilities/fsl_notifier.d" -MT"utilities/fsl_notifier.o" -c -o "utilities/fsl_notifier.o" "../utilities/fsl_notifier.c"
Invoking: Cross ARM GNU Assembler
Invoking: Cross ARM C Compiler
Building file: ../source/main.c
arm-none-eabi-gcc -mcpu=cortex-m4 -mthumb -mfloat-abi=hard -mfpu=fpv4-sp-d16 -O0 -fmessage-length=0 -fsigned-char -ffunction-sections -fdata-sections -flto  -g3 -D"CPU_MK64FN1M0VDC12" -I../freertos/Source/include -I../startup -I../board -I../utilities -I../freertos/Source/portable/GCC/ARM_CM4F -I../CMSIS -I../source -I../drivers -std=c99 -MMD -MP -MF"utilities/fsl_debug_console.d" -MT"utilities/fsl_debug_console.o" -c -o "utilities/fsl_debug_console.o" "../utilities/fsl_debug_console.c"
arm-none-eabi-gcc -mcpu=cortex-m4 -mthumb -mfloat-abi=hard -mfpu=fpv4-sp-d16 -O0 -fmessage-length=0 -fsigned-char -ffunction-sections -fdata-sections -flto  -g3 -D"CPU_MK64FN1M0VDC12" -I../freertos/Source/include -I../startup -I../board -I../utilities -I../freertos/Source/portable/GCC/ARM_CM4F -I../CMSIS -I../source -I../drivers -std=c99 -MMD -MP -MF"utilities/fsl_sbrk.d" -MT"utilities/fsl_sbrk.o" -c -o "utilities/fsl_sbrk.o" "../utilities/fsl_sbrk.c"
arm-none-eabi-gcc -mcpu=cortex-m4 -mthumb -mfloat-abi=hard -mfpu=fpv4-sp-d16 -O0 -fmessage-length=0 -fsigned-char -ffunction-sections -fdata-sections -flto  -g3 -D"CPU_MK64FN1M0VDC12" -I../freertos/Source/include -I../startup -I../board -I../utilities -I../freertos/Source/portable/GCC/ARM_CM4F -I../CMSIS -I../source -I../drivers -std=c99 -MMD -MP -MF"utilities/fsl_shell.d" -MT"utilities/fsl_shell.o" -c -o "utilities/fsl_shell.o" "../utilities/fsl_shell.c"
arm-none-eabi-gcc -mcpu=cortex-m4 -mthumb -mfloat-abi=hard -mfpu=fpv4-sp-d16 -O0 -fmessage-length=0 -fsigned-char -ffunction-sections -fdata-sections -flto  -g3 -x assembler-with-cpp -MMD -MP -MF"startup/startup_MK64F12.d" -MT"startup/startup_MK64F12.o" -c -o "startup/startup_MK64F12.o" "../startup/startup_MK64F12.S"
arm-none-eabi-gcc -mcpu=cortex-m4 -mthumb -mfloat-abi=hard -mfpu=fpv4-sp-d16 -O0 -fmessage-length=0 -fsigned-char -ffunction-sections -fdata-sections -flto  -g3 -D"CPU_MK64FN1M0VDC12" -I../freertos/Source/include -I../startup -I../board -I../utilities -I../freertos/Source/portable/GCC/ARM_CM4F -I../CMSIS -I../source -I../drivers -std=c99 -MMD -MP -MF"startup/system_MK64F12.d" -MT"startup/system_MK64F12.o" -c -o "startup/system_MK64F12.o" "../startup/system_MK64F12.c"
Invoking: Cross ARM C Compiler
Building file: ../source/user.c
arm-none-eabi-gcc -mcpu=cortex-m4 -mthumb -mfloat-abi=hard -mfpu=fpv4-sp-d16 -O0 -fmessage-length=0 -fsigned-char -ffunction-sections -fdata-sections -flto  -g3 -D"CPU_MK64FN1M0VDC12" -I../freertos/Source/include -I../startup -I../board -I../utilities -I../freertos/Source/portable/GCC/ARM_CM4F -I../CMSIS -I../source -I../drivers -std=c99 -MMD -MP -MF"source/main.d" -MT"source/main.o" -c -o "source/main.o" "../source/main.c"
Invoking: Cross ARM C Compiler
arm-none-eabi-gcc -mcpu=cortex-m4 -mthumb -mfloat-abi=hard -mfpu=fpv4-sp-d16 -O0 -fmessage-length=0 -fsigned-char -ffunction-sections -fdata-sections -flto  -g3 -D"CPU_MK64FN1M0VDC12" -I../freertos/Source/include -I../startup -I../board -I../utilities -I../freertos/Source/portable/GCC/ARM_CM4F -I../CMSIS -I../source -I../drivers -std=c99 -MMD -MP -MF"source/user.d" -MT"source/user.o" -c -o "source/user.o" "../source/user.c"
Finished building: ../startup/startup_MK64F12.S
 
Finished building: ../utilities/fsl_sbrk.c
Building file: ../freertos/Source/portable/MemMang/heap_4.c
 
../source/user.c:11:19: fatal error: Delay.h: No such file or directory
 #include "Delay.h"
                   ^
compilation terminated.
Invoking: Cross ARM C Compiler
arm-none-eabi-gcc -mcpu=cortex-m4 -mthumb -mfloat-abi=hard -mfpu=fpv4-sp-d16 -O0 -fmessage-length=0 -fsigned-char -ffunction-sections -fdata-sections -flto  -g3 -D"CPU_MK64FN1M0VDC12" -I../freertos/Source/include -I../startup -I../board -I../utilities -I../freertos/Source/portable/GCC/ARM_CM4F -I../CMSIS -I../source -I../drivers -std=c99 -MMD -MP -MF"freertos/Source/portable/MemMang/heap_4.d" -MT"freertos/Source/portable/MemMang/heap_4.o" -c -o "freertos/Source/portable/MemMang/heap_4.o" "../freertos/Source/portable/MemMang/heap_4.c"
Building file: ../freertos/Source/portable/GCC/ARM_CM4F/fsl_tickless_lptmr.c
source/subdir.mk:21: recipe for target 'source/user.o' failed
make: *** [source/user.o] Error 1
Invoking: Cross ARM C Compiler
make: *** Waiting for unfinished jobs....
arm-none-eabi-gcc -mcpu=cortex-m4 -mthumb -mfloat-abi=hard -mfpu=fpv4-sp-d16 -O0 -fmessage-length=0 -fsigned-char -ffunction-sections -fdata-sections -flto  -g3 -D"CPU_MK64FN1M0VDC12" -I../freertos/Source/include -I../startup -I../board -I../utilities -I../freertos/Source/portable/GCC/ARM_CM4F -I../CMSIS -I../source -I../drivers -std=c99 -MMD -MP -MF"freertos/Source/portable/GCC/ARM_CM4F/fsl_tickless_lptmr.d" -MT"freertos/Source/portable/GCC/ARM_CM4F/fsl_tickless_lptmr.o" -c -o "freertos/Source/portable/GCC/ARM_CM4F/fsl_tickless_lptmr.o" "../freertos/Source/portable/GCC/ARM_CM4F/fsl_tickless_lptmr.c"
Finished building: ../startup/system_MK64F12.c
 
Finished building: ../utilities/fsl_notifier.c
 
Finished building: ../source/main.c
 
Finished building: ../freertos/Source/portable/GCC/ARM_CM4F/fsl_tickless_lptmr.c
Finished building: ../utilities/fsl_shell.c
 
Finished building: ../freertos/Source/portable/MemMang/heap_4.c
 
 
Finished building: ../utilities/fsl_debug_console.c
 
23:54:37 **** Incremental Build of configuration Debug for project TaskDelayASM ****
make -j8 all 
Building file: ../source/main.c
Invoking: Cross ARM C Compiler
arm-none-eabi-gcc -mcpu=cortex-m4 -mthumb -mfloat-abi=hard -mfpu=fpv4-sp-d16 -O0 -fmessage-length=0 -fsigned-char -ffunction-sections -fdata-sections -flto  -g3 -D"CPU_MK64FN1M0VDC12" -I../freertos/Source/include -I../startup -I../board -I../utilities -I../freertos/Source/portable/GCC/ARM_CM4F -I../CMSIS -I../source -I../drivers -std=c99 -MMD -MP -MF"source/main.d" -MT"source/main.o" -c -o "source/main.o" "../source/main.c"
Finished building: ../source/main.c
 
Building target: TaskDelayASM.elf
Invoking: Cross ARM C++ Linker
arm-none-eabi-g++ -mcpu=cortex-m4 -mthumb -mfloat-abi=hard -mfpu=fpv4-sp-d16 -O0 -fmessage-length=0 -fsigned-char -ffunction-sections -fdata-sections -flto  -g3 -T "../MK64FN1M0xxx12_flash.ld" -Xlinker --gc-sections -Wl,-Map,"TaskDelayASM.map" --specs=nano.specs -specs=nosys.specs -Xlinker -z -Xlinker muldefs -o "TaskDelayASM.elf"  ./utilities/fsl_debug_console.o ./utilities/fsl_notifier.o ./utilities/fsl_sbrk.o ./utilities/fsl_shell.o  ./startup/startup_MK64F12.o ./startup/system_MK64F12.o  ./source/Delay.o ./source/main.o ./source/user.o  ./freertos/Source/portable/MemMang/heap_4.o  ./freertos/Source/portable/GCC/ARM_CM4F/fsl_tickless_lptmr.o ./freertos/Source/portable/GCC/ARM_CM4F/fsl_tickless_systick.o ./freertos/Source/portable/GCC/ARM_CM4F/port.o  ./freertos/Source/croutine.o ./freertos/Source/event_groups.o ./freertos/Source/list.o ./freertos/Source/queue.o ./freertos/Source/tasks.o ./freertos/Source/timers.o  ./drivers/fsl_adc16.o ./drivers/fsl_clock.o ./drivers/fsl_cmp.o ./drivers/fsl_cmt.o ./drivers/fsl_common.o ./drivers/fsl_crc.o ./drivers/fsl_dac.o ./drivers/fsl_dmamux.o ./drivers/fsl_dspi.o ./drivers/fsl_dspi_edma.o ./drivers/fsl_dspi_freertos.o ./drivers/fsl_edma.o ./drivers/fsl_enet.o ./drivers/fsl_ewm.o ./drivers/fsl_flash.o ./drivers/fsl_flexbus.o ./drivers/fsl_flexcan.o ./drivers/fsl_ftm.o ./drivers/fsl_gpio.o ./drivers/fsl_i2c.o ./drivers/fsl_i2c_edma.o ./drivers/fsl_i2c_freertos.o ./drivers/fsl_llwu.o ./drivers/fsl_lptmr.o ./drivers/fsl_mpu.o ./drivers/fsl_pdb.o ./drivers/fsl_pit.o ./drivers/fsl_pmc.o ./drivers/fsl_rcm.o ./drivers/fsl_rnga.o ./drivers/fsl_rtc.o ./drivers/fsl_sai.o ./drivers/fsl_sai_edma.o ./drivers/fsl_sdhc.o ./drivers/fsl_sim.o ./drivers/fsl_smc.o ./drivers/fsl_uart.o ./drivers/fsl_uart_edma.o ./drivers/fsl_uart_freertos.o ./drivers/fsl_vref.o ./drivers/fsl_wdog.o  ./board/board.o ./board/clock_config.o ./board/pin_mux.o   
Finished building target: TaskDelayASM.elf
 
Invoking: Cross ARM GNU Create Flash Image
arm-none-eabi-objcopy -O ihex "TaskDelayASM.elf"  "TaskDelayASM.hex"
Invoking: Cross ARM GNU Print Size
arm-none-eabi-size --format=berkeley "TaskDelayASM.elf"
   text	   data	    bss	    dec	    hex	filename
  26548	    132	  13188	  39868	   9bbc	TaskDelayASM.elf
Finished building: TaskDelayASM.hex
Finished building: TaskDelayASM.siz
 
 
23:54:50 **** Incremental Build of configuration Debug for project 2TaskvTaskDelay ****
make -j8 all 
Building file: ../source/user.c
Building file: ../freertos/Source/portable/GCC/ARM_CM4F/fsl_tickless_systick.c
Building file: ../freertos/Source/portable/GCC/ARM_CM4F/port.c
Building file: ../freertos/Source/croutine.c
Invoking: Cross ARM C Compiler
Building file: ../freertos/Source/event_groups.c
Building file: ../freertos/Source/list.c
arm-none-eabi-gcc -mcpu=cortex-m4 -mthumb -mfloat-abi=hard -mfpu=fpv4-sp-d16 -O0 -fmessage-length=0 -fsigned-char -ffunction-sections -fdata-sections -flto  -g3 -D"CPU_MK64FN1M0VDC12" -I../freertos/Source/include -I../startup -I../board -I../utilities -I../freertos/Source/portable/GCC/ARM_CM4F -I../CMSIS -I../source -I../drivers -std=c99 -MMD -MP -MF"source/user.d" -MT"source/user.o" -c -o "source/user.o" "../source/user.c"
Invoking: Cross ARM C Compiler
Invoking: Cross ARM C Compiler
Invoking: Cross ARM C Compiler
arm-none-eabi-gcc -mcpu=cortex-m4 -mthumb -mfloat-abi=hard -mfpu=fpv4-sp-d16 -O0 -fmessage-length=0 -fsigned-char -ffunction-sections -fdata-sections -flto  -g3 -D"CPU_MK64FN1M0VDC12" -I../freertos/Source/include -I../startup -I../board -I../utilities -I../freertos/Source/portable/GCC/ARM_CM4F -I../CMSIS -I../source -I../drivers -std=c99 -MMD -MP -MF"freertos/Source/portable/GCC/ARM_CM4F/fsl_tickless_systick.d" -MT"freertos/Source/portable/GCC/ARM_CM4F/fsl_tickless_systick.o" -c -o "freertos/Source/portable/GCC/ARM_CM4F/fsl_tickless_systick.o" "../freertos/Source/portable/GCC/ARM_CM4F/fsl_tickless_systick.c"
arm-none-eabi-gcc -mcpu=cortex-m4 -mthumb -mfloat-abi=hard -mfpu=fpv4-sp-d16 -O0 -fmessage-length=0 -fsigned-char -ffunction-sections -fdata-sections -flto  -g3 -D"CPU_MK64FN1M0VDC12" -I../freertos/Source/include -I../startup -I../board -I../utilities -I../freertos/Source/portable/GCC/ARM_CM4F -I../CMSIS -I../source -I../drivers -std=c99 -MMD -MP -MF"freertos/Source/portable/GCC/ARM_CM4F/port.d" -MT"freertos/Source/portable/GCC/ARM_CM4F/port.o" -c -o "freertos/Source/portable/GCC/ARM_CM4F/port.o" "../freertos/Source/portable/GCC/ARM_CM4F/port.c"
Invoking: Cross ARM C Compiler
arm-none-eabi-gcc -mcpu=cortex-m4 -mthumb -mfloat-abi=hard -mfpu=fpv4-sp-d16 -O0 -fmessage-length=0 -fsigned-char -ffunction-sections -fdata-sections -flto  -g3 -D"CPU_MK64FN1M0VDC12" -I../freertos/Source/include -I../startup -I../board -I../utilities -I../freertos/Source/portable/GCC/ARM_CM4F -I../CMSIS -I../source -I../drivers -std=c99 -MMD -MP -MF"freertos/Source/croutine.d" -MT"freertos/Source/croutine.o" -c -o "freertos/Source/croutine.o" "../freertos/Source/croutine.c"
arm-none-eabi-gcc -mcpu=cortex-m4 -mthumb -mfloat-abi=hard -mfpu=fpv4-sp-d16 -O0 -fmessage-length=0 -fsigned-char -ffunction-sections -fdata-sections -flto  -g3 -D"CPU_MK64FN1M0VDC12" -I../freertos/Source/include -I../startup -I../board -I../utilities -I../freertos/Source/portable/GCC/ARM_CM4F -I../CMSIS -I../source -I../drivers -std=c99 -MMD -MP -MF"freertos/Source/event_groups.d" -MT"freertos/Source/event_groups.o" -c -o "freertos/Source/event_groups.o" "../freertos/Source/event_groups.c"
Invoking: Cross ARM C Compiler
arm-none-eabi-gcc -mcpu=cortex-m4 -mthumb -mfloat-abi=hard -mfpu=fpv4-sp-d16 -O0 -fmessage-length=0 -fsigned-char -ffunction-sections -fdata-sections -flto  -g3 -D"CPU_MK64FN1M0VDC12" -I../freertos/Source/include -I../startup -I../board -I../utilities -I../freertos/Source/portable/GCC/ARM_CM4F -I../CMSIS -I../source -I../drivers -std=c99 -MMD -MP -MF"freertos/Source/list.d" -MT"freertos/Source/list.o" -c -o "freertos/Source/list.o" "../freertos/Source/list.c"
Building file: ../freertos/Source/queue.c
Building file: ../freertos/Source/tasks.c
Invoking: Cross ARM C Compiler
arm-none-eabi-gcc -mcpu=cortex-m4 -mthumb -mfloat-abi=hard -mfpu=fpv4-sp-d16 -O0 -fmessage-length=0 -fsigned-char -ffunction-sections -fdata-sections -flto  -g3 -D"CPU_MK64FN1M0VDC12" -I../freertos/Source/include -I../startup -I../board -I../utilities -I../freertos/Source/portable/GCC/ARM_CM4F -I../CMSIS -I../source -I../drivers -std=c99 -MMD -MP -MF"freertos/Source/queue.d" -MT"freertos/Source/queue.o" -c -o "freertos/Source/queue.o" "../freertos/Source/queue.c"
Invoking: Cross ARM C Compiler
arm-none-eabi-gcc -mcpu=cortex-m4 -mthumb -mfloat-abi=hard -mfpu=fpv4-sp-d16 -O0 -fmessage-length=0 -fsigned-char -ffunction-sections -fdata-sections -flto  -g3 -D"CPU_MK64FN1M0VDC12" -I../freertos/Source/include -I../startup -I../board -I../utilities -I../freertos/Source/portable/GCC/ARM_CM4F -I../CMSIS -I../source -I../drivers -std=c99 -MMD -MP -MF"freertos/Source/tasks.d" -MT"freertos/Source/tasks.o" -c -o "freertos/Source/tasks.o" "../freertos/Source/tasks.c"
../source/user.c:11:19: fatal error: Delay.h: No such file or directory
 #include "Delay.h"
                   ^
compilation terminated.
source/subdir.mk:21: recipe for target 'source/user.o' failed
make: *** [source/user.o] Error 1
make: *** Waiting for unfinished jobs....
Finished building: ../freertos/Source/croutine.c
Finished building: ../freertos/Source/portable/GCC/ARM_CM4F/fsl_tickless_systick.c
 
 
Finished building: ../freertos/Source/portable/GCC/ARM_CM4F/port.c
Finished building: ../freertos/Source/list.c
 
 
Finished building: ../freertos/Source/event_groups.c
 
Finished building: ../freertos/Source/queue.c
 
Finished building: ../freertos/Source/tasks.c
 
23:54:51 **** Incremental Build of configuration Debug for project TaskDelayASM ****
make -j8 all 
Invoking: Cross ARM GNU Print Size
arm-none-eabi-size --format=berkeley "TaskDelayASM.elf"
   text	   data	    bss	    dec	    hex	filename
  26548	    132	  13188	  39868	   9bbc	TaskDelayASM.elf
Finished building: TaskDelayASM.siz
 
23:55:48 **** Incremental Build of configuration Debug for project 2TaskvTaskDelay ****
make -j8 all 
Building file: ../source/user.c
Invoking: Cross ARM C Compiler
Building file: ../freertos/Source/timers.c
arm-none-eabi-gcc -mcpu=cortex-m4 -mthumb -mfloat-abi=hard -mfpu=fpv4-sp-d16 -O0 -fmessage-length=0 -fsigned-char -ffunction-sections -fdata-sections -flto  -g3 -D"CPU_MK64FN1M0VDC12" -I../freertos/Source/include -I../startup -I../board -I../utilities -I../freertos/Source/portable/GCC/ARM_CM4F -I../CMSIS -I../source -I../drivers -std=c99 -MMD -MP -MF"source/user.d" -MT"source/user.o" -c -o "source/user.o" "../source/user.c"
Building file: ../drivers/fsl_adc16.c
Building file: ../drivers/fsl_clock.c
Building file: ../drivers/fsl_cmp.c
Invoking: Cross ARM C Compiler
Invoking: Cross ARM C Compiler
arm-none-eabi-gcc -mcpu=cortex-m4 -mthumb -mfloat-abi=hard -mfpu=fpv4-sp-d16 -O0 -fmessage-length=0 -fsigned-char -ffunction-sections -fdata-sections -flto  -g3 -D"CPU_MK64FN1M0VDC12" -I../freertos/Source/include -I../startup -I../board -I../utilities -I../freertos/Source/portable/GCC/ARM_CM4F -I../CMSIS -I../source -I../drivers -std=c99 -MMD -MP -MF"freertos/Source/timers.d" -MT"freertos/Source/timers.o" -c -o "freertos/Source/timers.o" "../freertos/Source/timers.c"
Invoking: Cross ARM C Compiler
arm-none-eabi-gcc -mcpu=cortex-m4 -mthumb -mfloat-abi=hard -mfpu=fpv4-sp-d16 -O0 -fmessage-length=0 -fsigned-char -ffunction-sections -fdata-sections -flto  -g3 -D"CPU_MK64FN1M0VDC12" -I../freertos/Source/include -I../startup -I../board -I../utilities -I../freertos/Source/portable/GCC/ARM_CM4F -I../CMSIS -I../source -I../drivers -std=c99 -MMD -MP -MF"drivers/fsl_adc16.d" -MT"drivers/fsl_adc16.o" -c -o "drivers/fsl_adc16.o" "../drivers/fsl_adc16.c"
Invoking: Cross ARM C Compiler
arm-none-eabi-gcc -mcpu=cortex-m4 -mthumb -mfloat-abi=hard -mfpu=fpv4-sp-d16 -O0 -fmessage-length=0 -fsigned-char -ffunction-sections -fdata-sections -flto  -g3 -D"CPU_MK64FN1M0VDC12" -I../freertos/Source/include -I../startup -I../board -I../utilities -I../freertos/Source/portable/GCC/ARM_CM4F -I../CMSIS -I../source -I../drivers -std=c99 -MMD -MP -MF"drivers/fsl_clock.d" -MT"drivers/fsl_clock.o" -c -o "drivers/fsl_clock.o" "../drivers/fsl_clock.c"
Building file: ../drivers/fsl_cmt.c
arm-none-eabi-gcc -mcpu=cortex-m4 -mthumb -mfloat-abi=hard -mfpu=fpv4-sp-d16 -O0 -fmessage-length=0 -fsigned-char -ffunction-sections -fdata-sections -flto  -g3 -D"CPU_MK64FN1M0VDC12" -I../freertos/Source/include -I../startup -I../board -I../utilities -I../freertos/Source/portable/GCC/ARM_CM4F -I../CMSIS -I../source -I../drivers -std=c99 -MMD -MP -MF"drivers/fsl_cmp.d" -MT"drivers/fsl_cmp.o" -c -o "drivers/fsl_cmp.o" "../drivers/fsl_cmp.c"
Invoking: Cross ARM C Compiler
Building file: ../drivers/fsl_common.c
Building file: ../drivers/fsl_crc.c
arm-none-eabi-gcc -mcpu=cortex-m4 -mthumb -mfloat-abi=hard -mfpu=fpv4-sp-d16 -O0 -fmessage-length=0 -fsigned-char -ffunction-sections -fdata-sections -flto  -g3 -D"CPU_MK64FN1M0VDC12" -I../freertos/Source/include -I../startup -I../board -I../utilities -I../freertos/Source/portable/GCC/ARM_CM4F -I../CMSIS -I../source -I../drivers -std=c99 -MMD -MP -MF"drivers/fsl_cmt.d" -MT"drivers/fsl_cmt.o" -c -o "drivers/fsl_cmt.o" "../drivers/fsl_cmt.c"
Invoking: Cross ARM C Compiler
Invoking: Cross ARM C Compiler
arm-none-eabi-gcc -mcpu=cortex-m4 -mthumb -mfloat-abi=hard -mfpu=fpv4-sp-d16 -O0 -fmessage-length=0 -fsigned-char -ffunction-sections -fdata-sections -flto  -g3 -D"CPU_MK64FN1M0VDC12" -I../freertos/Source/include -I../startup -I../board -I../utilities -I../freertos/Source/portable/GCC/ARM_CM4F -I../CMSIS -I../source -I../drivers -std=c99 -MMD -MP -MF"drivers/fsl_common.d" -MT"drivers/fsl_common.o" -c -o "drivers/fsl_common.o" "../drivers/fsl_common.c"
arm-none-eabi-gcc -mcpu=cortex-m4 -mthumb -mfloat-abi=hard -mfpu=fpv4-sp-d16 -O0 -fmessage-length=0 -fsigned-char -ffunction-sections -fdata-sections -flto  -g3 -D"CPU_MK64FN1M0VDC12" -I../freertos/Source/include -I../startup -I../board -I../utilities -I../freertos/Source/portable/GCC/ARM_CM4F -I../CMSIS -I../source -I../drivers -std=c99 -MMD -MP -MF"drivers/fsl_crc.d" -MT"drivers/fsl_crc.o" -c -o "drivers/fsl_crc.o" "../drivers/fsl_crc.c"
Finished building: ../freertos/Source/timers.c
 
Building file: ../drivers/fsl_dac.c
Finished building: ../source/user.c
Invoking: Cross ARM C Compiler
arm-none-eabi-gcc -mcpu=cortex-m4 -mthumb -mfloat-abi=hard -mfpu=fpv4-sp-d16 -O0 -fmessage-length=0 -fsigned-char -ffunction-sections -fdata-sections -flto  -g3 -D"CPU_MK64FN1M0VDC12" -I../freertos/Source/include -I../startup -I../board -I../utilities -I../freertos/Source/portable/GCC/ARM_CM4F -I../CMSIS -I../source -I../drivers -std=c99 -MMD -MP -MF"drivers/fsl_dac.d" -MT"drivers/fsl_dac.o" -c -o "drivers/fsl_dac.o" "../drivers/fsl_dac.c"
 
Finished building: ../drivers/fsl_cmp.c
Building file: ../drivers/fsl_dmamux.c
 
Finished building: ../drivers/fsl_cmt.c
Finished building: ../drivers/fsl_adc16.c
Finished building: ../drivers/fsl_common.c
Invoking: Cross ARM C Compiler
Building file: ../drivers/fsl_dspi.c
 
arm-none-eabi-gcc -mcpu=cortex-m4 -mthumb -mfloat-abi=hard -mfpu=fpv4-sp-d16 -O0 -fmessage-length=0 -fsigned-char -ffunction-sections -fdata-sections -flto  -g3 -D"CPU_MK64FN1M0VDC12" -I../freertos/Source/include -I../startup -I../board -I../utilities -I../freertos/Source/portable/GCC/ARM_CM4F -I../CMSIS -I../source -I../drivers -std=c99 -MMD -MP -MF"drivers/fsl_dmamux.d" -MT"drivers/fsl_dmamux.o" -c -o "drivers/fsl_dmamux.o" "../drivers/fsl_dmamux.c"
 
 
Invoking: Cross ARM C Compiler
Building file: ../drivers/fsl_dspi_edma.c
arm-none-eabi-gcc -mcpu=cortex-m4 -mthumb -mfloat-abi=hard -mfpu=fpv4-sp-d16 -O0 -fmessage-length=0 -fsigned-char -ffunction-sections -fdata-sections -flto  -g3 -D"CPU_MK64FN1M0VDC12" -I../freertos/Source/include -I../startup -I../board -I../utilities -I../freertos/Source/portable/GCC/ARM_CM4F -I../CMSIS -I../source -I../drivers -std=c99 -MMD -MP -MF"drivers/fsl_dspi.d" -MT"drivers/fsl_dspi.o" -c -o "drivers/fsl_dspi.o" "../drivers/fsl_dspi.c"
Building file: ../drivers/fsl_dspi_freertos.c
Finished building: ../drivers/fsl_crc.c
Invoking: Cross ARM C Compiler
arm-none-eabi-gcc -mcpu=cortex-m4 -mthumb -mfloat-abi=hard -mfpu=fpv4-sp-d16 -O0 -fmessage-length=0 -fsigned-char -ffunction-sections -fdata-sections -flto  -g3 -D"CPU_MK64FN1M0VDC12" -I../freertos/Source/include -I../startup -I../board -I../utilities -I../freertos/Source/portable/GCC/ARM_CM4F -I../CMSIS -I../source -I../drivers -std=c99 -MMD -MP -MF"drivers/fsl_dspi_edma.d" -MT"drivers/fsl_dspi_edma.o" -c -o "drivers/fsl_dspi_edma.o" "../drivers/fsl_dspi_edma.c"
Building file: ../drivers/fsl_edma.c
Invoking: Cross ARM C Compiler
 
arm-none-eabi-gcc -mcpu=cortex-m4 -mthumb -mfloat-abi=hard -mfpu=fpv4-sp-d16 -O0 -fmessage-length=0 -fsigned-char -ffunction-sections -fdata-sections -flto  -g3 -D"CPU_MK64FN1M0VDC12" -I../freertos/Source/include -I../startup -I../board -I../utilities -I../freertos/Source/portable/GCC/ARM_CM4F -I../CMSIS -I../source -I../drivers -std=c99 -MMD -MP -MF"drivers/fsl_dspi_freertos.d" -MT"drivers/fsl_dspi_freertos.o" -c -o "drivers/fsl_dspi_freertos.o" "../drivers/fsl_dspi_freertos.c"
Invoking: Cross ARM C Compiler
arm-none-eabi-gcc -mcpu=cortex-m4 -mthumb -mfloat-abi=hard -mfpu=fpv4-sp-d16 -O0 -fmessage-length=0 -fsigned-char -ffunction-sections -fdata-sections -flto  -g3 -D"CPU_MK64FN1M0VDC12" -I../freertos/Source/include -I../startup -I../board -I../utilities -I../freertos/Source/portable/GCC/ARM_CM4F -I../CMSIS -I../source -I../drivers -std=c99 -MMD -MP -MF"drivers/fsl_edma.d" -MT"drivers/fsl_edma.o" -c -o "drivers/fsl_edma.o" "../drivers/fsl_edma.c"
Building file: ../drivers/fsl_enet.c
Invoking: Cross ARM C Compiler
arm-none-eabi-gcc -mcpu=cortex-m4 -mthumb -mfloat-abi=hard -mfpu=fpv4-sp-d16 -O0 -fmessage-length=0 -fsigned-char -ffunction-sections -fdata-sections -flto  -g3 -D"CPU_MK64FN1M0VDC12" -I../freertos/Source/include -I../startup -I../board -I../utilities -I../freertos/Source/portable/GCC/ARM_CM4F -I../CMSIS -I../source -I../drivers -std=c99 -MMD -MP -MF"drivers/fsl_enet.d" -MT"drivers/fsl_enet.o" -c -o "drivers/fsl_enet.o" "../drivers/fsl_enet.c"
Finished building: ../drivers/fsl_clock.c
 
Building file: ../drivers/fsl_ewm.c
Invoking: Cross ARM C Compiler
arm-none-eabi-gcc -mcpu=cortex-m4 -mthumb -mfloat-abi=hard -mfpu=fpv4-sp-d16 -O0 -fmessage-length=0 -fsigned-char -ffunction-sections -fdata-sections -flto  -g3 -D"CPU_MK64FN1M0VDC12" -I../freertos/Source/include -I../startup -I../board -I../utilities -I../freertos/Source/portable/GCC/ARM_CM4F -I../CMSIS -I../source -I../drivers -std=c99 -MMD -MP -MF"drivers/fsl_ewm.d" -MT"drivers/fsl_ewm.o" -c -o "drivers/fsl_ewm.o" "../drivers/fsl_ewm.c"
Finished building: ../drivers/fsl_dac.c
Finished building: ../drivers/fsl_dmamux.c
 
 
Building file: ../drivers/fsl_flash.c
Building file: ../drivers/fsl_flexbus.c
Invoking: Cross ARM C Compiler
arm-none-eabi-gcc -mcpu=cortex-m4 -mthumb -mfloat-abi=hard -mfpu=fpv4-sp-d16 -O0 -fmessage-length=0 -fsigned-char -ffunction-sections -fdata-sections -flto  -g3 -D"CPU_MK64FN1M0VDC12" -I../freertos/Source/include -I../startup -I../board -I../utilities -I../freertos/Source/portable/GCC/ARM_CM4F -I../CMSIS -I../source -I../drivers -std=c99 -MMD -MP -MF"drivers/fsl_flash.d" -MT"drivers/fsl_flash.o" -c -o "drivers/fsl_flash.o" "../drivers/fsl_flash.c"
Invoking: Cross ARM C Compiler
arm-none-eabi-gcc -mcpu=cortex-m4 -mthumb -mfloat-abi=hard -mfpu=fpv4-sp-d16 -O0 -fmessage-length=0 -fsigned-char -ffunction-sections -fdata-sections -flto  -g3 -D"CPU_MK64FN1M0VDC12" -I../freertos/Source/include -I../startup -I../board -I../utilities -I../freertos/Source/portable/GCC/ARM_CM4F -I../CMSIS -I../source -I../drivers -std=c99 -MMD -MP -MF"drivers/fsl_flexbus.d" -MT"drivers/fsl_flexbus.o" -c -o "drivers/fsl_flexbus.o" "../drivers/fsl_flexbus.c"
Finished building: ../drivers/fsl_dspi_freertos.c
 
Building file: ../drivers/fsl_flexcan.c
Finished building: ../drivers/fsl_dspi_edma.c
Invoking: Cross ARM C Compiler
 
arm-none-eabi-gcc -mcpu=cortex-m4 -mthumb -mfloat-abi=hard -mfpu=fpv4-sp-d16 -O0 -fmessage-length=0 -fsigned-char -ffunction-sections -fdata-sections -flto  -g3 -D"CPU_MK64FN1M0VDC12" -I../freertos/Source/include -I../startup -I../board -I../utilities -I../freertos/Source/portable/GCC/ARM_CM4F -I../CMSIS -I../source -I../drivers -std=c99 -MMD -MP -MF"drivers/fsl_flexcan.d" -MT"drivers/fsl_flexcan.o" -c -o "drivers/fsl_flexcan.o" "../drivers/fsl_flexcan.c"
Building file: ../drivers/fsl_ftm.c
Invoking: Cross ARM C Compiler
arm-none-eabi-gcc -mcpu=cortex-m4 -mthumb -mfloat-abi=hard -mfpu=fpv4-sp-d16 -O0 -fmessage-length=0 -fsigned-char -ffunction-sections -fdata-sections -flto  -g3 -D"CPU_MK64FN1M0VDC12" -I../freertos/Source/include -I../startup -I../board -I../utilities -I../freertos/Source/portable/GCC/ARM_CM4F -I../CMSIS -I../source -I../drivers -std=c99 -MMD -MP -MF"drivers/fsl_ftm.d" -MT"drivers/fsl_ftm.o" -c -o "drivers/fsl_ftm.o" "../drivers/fsl_ftm.c"
Finished building: ../drivers/fsl_dspi.c
 
Building file: ../drivers/fsl_gpio.c
Finished building: ../drivers/fsl_enet.c
Invoking: Cross ARM C Compiler
arm-none-eabi-gcc -mcpu=cortex-m4 -mthumb -mfloat-abi=hard -mfpu=fpv4-sp-d16 -O0 -fmessage-length=0 -fsigned-char -ffunction-sections -fdata-sections -flto  -g3 -D"CPU_MK64FN1M0VDC12" -I../freertos/Source/include -I../startup -I../board -I../utilities -I../freertos/Source/portable/GCC/ARM_CM4F -I../CMSIS -I../source -I../drivers -std=c99 -MMD -MP -MF"drivers/fsl_gpio.d" -MT"drivers/fsl_gpio.o" -c -o "drivers/fsl_gpio.o" "../drivers/fsl_gpio.c"
 
Finished building: ../drivers/fsl_ewm.c
Building file: ../drivers/fsl_i2c.c
 
Invoking: Cross ARM C Compiler
arm-none-eabi-gcc -mcpu=cortex-m4 -mthumb -mfloat-abi=hard -mfpu=fpv4-sp-d16 -O0 -fmessage-length=0 -fsigned-char -ffunction-sections -fdata-sections -flto  -g3 -D"CPU_MK64FN1M0VDC12" -I../freertos/Source/include -I../startup -I../board -I../utilities -I../freertos/Source/portable/GCC/ARM_CM4F -I../CMSIS -I../source -I../drivers -std=c99 -MMD -MP -MF"drivers/fsl_i2c.d" -MT"drivers/fsl_i2c.o" -c -o "drivers/fsl_i2c.o" "../drivers/fsl_i2c.c"
Finished building: ../drivers/fsl_edma.c
Building file: ../drivers/fsl_i2c_edma.c
 
Invoking: Cross ARM C Compiler
arm-none-eabi-gcc -mcpu=cortex-m4 -mthumb -mfloat-abi=hard -mfpu=fpv4-sp-d16 -O0 -fmessage-length=0 -fsigned-char -ffunction-sections -fdata-sections -flto  -g3 -D"CPU_MK64FN1M0VDC12" -I../freertos/Source/include -I../startup -I../board -I../utilities -I../freertos/Source/portable/GCC/ARM_CM4F -I../CMSIS -I../source -I../drivers -std=c99 -MMD -MP -MF"drivers/fsl_i2c_edma.d" -MT"drivers/fsl_i2c_edma.o" -c -o "drivers/fsl_i2c_edma.o" "../drivers/fsl_i2c_edma.c"
Building file: ../drivers/fsl_i2c_freertos.c
[...]
Finished building target: 3TaskvTaskDelay.elf
 
Invoking: Cross ARM GNU Create Flash Image
arm-none-eabi-objcopy -O ihex "3TaskvTaskDelay.elf"  "3TaskvTaskDelay.hex"
Invoking: Cross ARM GNU Print Size
arm-none-eabi-size --format=berkeley "3TaskvTaskDelay.elf"
   text	   data	    bss	    dec	    hex	filename
  24400	    136	  13184	  37720	   9358	3TaskvTaskDelay.elf
Finished building: 3TaskvTaskDelay.siz
Finished building: 3TaskvTaskDelay.hex
 
 
11:36:09 **** Incremental Build of configuration Debug for project 3TaskvTaskDelay ****
make -j8 all 
Building file: ../source/user.c
Invoking: Cross ARM C Compiler
arm-none-eabi-gcc -mcpu=cortex-m4 -mthumb -mfloat-abi=hard -mfpu=fpv4-sp-d16 -O0 -fmessage-length=0 -fsigned-char -ffunction-sections -fdata-sections -flto  -g3 -D"CPU_MK64FN1M0VDC12" -I../freertos/Source/include -I../startup -I../board -I../utilities -I../freertos/Source/portable/GCC/ARM_CM4F -I../CMSIS -I../source -I../drivers -std=c99 -MMD -MP -MF"source/user.d" -MT"source/user.o" -c -o "source/user.o" "../source/user.c"
Finished building: ../source/user.c
 
Building target: 3TaskvTaskDelay.elf
Invoking: Cross ARM C++ Linker
arm-none-eabi-g++ -mcpu=cortex-m4 -mthumb -mfloat-abi=hard -mfpu=fpv4-sp-d16 -O0 -fmessage-length=0 -fsigned-char -ffunction-sections -fdata-sections -flto  -g3 -T "../MK64FN1M0xxx12_flash.ld" -Xlinker --gc-sections -Wl,-Map,"3TaskvTaskDelay.map" --specs=nano.specs -specs=nosys.specs -Xlinker -z -Xlinker muldefs -o "3TaskvTaskDelay.elf"  ./utilities/fsl_debug_console.o ./utilities/fsl_notifier.o ./utilities/fsl_sbrk.o ./utilities/fsl_shell.o  ./startup/startup_MK64F12.o ./startup/system_MK64F12.o  ./source/main.o ./source/user.o  ./freertos/Source/portable/MemMang/heap_4.o  ./freertos/Source/portable/GCC/ARM_CM4F/fsl_tickless_lptmr.o ./freertos/Source/portable/GCC/ARM_CM4F/fsl_tickless_systick.o ./freertos/Source/portable/GCC/ARM_CM4F/port.o  ./freertos/Source/croutine.o ./freertos/Source/event_groups.o ./freertos/Source/list.o ./freertos/Source/queue.o ./freertos/Source/tasks.o ./freertos/Source/timers.o  ./drivers/fsl_adc16.o ./drivers/fsl_clock.o ./drivers/fsl_cmp.o ./drivers/fsl_cmt.o ./drivers/fsl_common.o ./drivers/fsl_crc.o ./drivers/fsl_dac.o ./drivers/fsl_dmamux.o ./drivers/fsl_dspi.o ./drivers/fsl_dspi_edma.o ./drivers/fsl_dspi_freertos.o ./drivers/fsl_edma.o ./drivers/fsl_enet.o ./drivers/fsl_ewm.o ./drivers/fsl_flash.o ./drivers/fsl_flexbus.o ./drivers/fsl_flexcan.o ./drivers/fsl_ftm.o ./drivers/fsl_gpio.o ./drivers/fsl_i2c.o ./drivers/fsl_i2c_edma.o ./drivers/fsl_i2c_freertos.o ./drivers/fsl_llwu.o ./drivers/fsl_lptmr.o ./drivers/fsl_mpu.o ./drivers/fsl_pdb.o ./drivers/fsl_pit.o ./drivers/fsl_pmc.o ./drivers/fsl_rcm.o ./drivers/fsl_rnga.o ./drivers/fsl_rtc.o ./drivers/fsl_sai.o ./drivers/fsl_sai_edma.o ./drivers/fsl_sdhc.o ./drivers/fsl_sim.o ./drivers/fsl_smc.o ./drivers/fsl_uart.o ./drivers/fsl_uart_edma.o ./drivers/fsl_uart_freertos.o ./drivers/fsl_vref.o ./drivers/fsl_wdog.o  ./board/board.o ./board/clock_config.o ./board/pin_mux.o   
Finished building target: 3TaskvTaskDelay.elf
 
Invoking: Cross ARM GNU Create Flash Image
arm-none-eabi-objcopy -O ihex "3TaskvTaskDelay.elf"  "3TaskvTaskDelay.hex"
Invoking: Cross ARM GNU Print Size
arm-none-eabi-size --format=berkeley "3TaskvTaskDelay.elf"
   text	   data	    bss	    dec	    hex	filename
  24368	    136	  13184	  37688	   9338	3TaskvTaskDelay.elf
Finished building: 3TaskvTaskDelay.hex
Finished building: 3TaskvTaskDelay.siz
 
 
11:38:37 **** Incremental Build of configuration Debug for project 3TaskvTaskDelay ****
make -j8 all 
Building file: ../source/user.c
Invoking: Cross ARM C Compiler
arm-none-eabi-gcc -mcpu=cortex-m4 -mthumb -mfloat-abi=hard -mfpu=fpv4-sp-d16 -O0 -fmessage-length=0 -fsigned-char -ffunction-sections -fdata-sections -flto  -g3 -D"CPU_MK64FN1M0VDC12" -I../freertos/Source/include -I../startup -I../board -I../utilities -I../freertos/Source/portable/GCC/ARM_CM4F -I../CMSIS -I../source -I../drivers -std=c99 -MMD -MP -MF"source/user.d" -MT"source/user.o" -c -o "source/user.o" "../source/user.c"
Finished building: ../source/user.c
 
Building target: 3TaskvTaskDelay.elf
Invoking: Cross ARM C++ Linker
arm-none-eabi-g++ -mcpu=cortex-m4 -mthumb -mfloat-abi=hard -mfpu=fpv4-sp-d16 -O0 -fmessage-length=0 -fsigned-char -ffunction-sections -fdata-sections -flto  -g3 -T "../MK64FN1M0xxx12_flash.ld" -Xlinker --gc-sections -Wl,-Map,"3TaskvTaskDelay.map" --specs=nano.specs -specs=nosys.specs -Xlinker -z -Xlinker muldefs -o "3TaskvTaskDelay.elf"  ./utilities/fsl_debug_console.o ./utilities/fsl_notifier.o ./utilities/fsl_sbrk.o ./utilities/fsl_shell.o  ./startup/startup_MK64F12.o ./startup/system_MK64F12.o  ./source/main.o ./source/user.o  ./freertos/Source/portable/MemMang/heap_4.o  ./freertos/Source/portable/GCC/ARM_CM4F/fsl_tickless_lptmr.o ./freertos/Source/portable/GCC/ARM_CM4F/fsl_tickless_systick.o ./freertos/Source/portable/GCC/ARM_CM4F/port.o  ./freertos/Source/croutine.o ./freertos/Source/event_groups.o ./freertos/Source/list.o ./freertos/Source/queue.o ./freertos/Source/tasks.o ./freertos/Source/timers.o  ./drivers/fsl_adc16.o ./drivers/fsl_clock.o ./drivers/fsl_cmp.o ./drivers/fsl_cmt.o ./drivers/fsl_common.o ./drivers/fsl_crc.o ./drivers/fsl_dac.o ./drivers/fsl_dmamux.o ./drivers/fsl_dspi.o ./drivers/fsl_dspi_edma.o ./drivers/fsl_dspi_freertos.o ./drivers/fsl_edma.o ./drivers/fsl_enet.o ./drivers/fsl_ewm.o ./drivers/fsl_flash.o ./drivers/fsl_flexbus.o ./drivers/fsl_flexcan.o ./drivers/fsl_ftm.o ./drivers/fsl_gpio.o ./drivers/fsl_i2c.o ./drivers/fsl_i2c_edma.o ./drivers/fsl_i2c_freertos.o ./drivers/fsl_llwu.o ./drivers/fsl_lptmr.o ./drivers/fsl_mpu.o ./drivers/fsl_pdb.o ./drivers/fsl_pit.o ./drivers/fsl_pmc.o ./drivers/fsl_rcm.o ./drivers/fsl_rnga.o ./drivers/fsl_rtc.o ./drivers/fsl_sai.o ./drivers/fsl_sai_edma.o ./drivers/fsl_sdhc.o ./drivers/fsl_sim.o ./drivers/fsl_smc.o ./drivers/fsl_uart.o ./drivers/fsl_uart_edma.o ./drivers/fsl_uart_freertos.o ./drivers/fsl_vref.o ./drivers/fsl_wdog.o  ./board/board.o ./board/clock_config.o ./board/pin_mux.o   
Finished building target: 3TaskvTaskDelay.elf
 
Invoking: Cross ARM GNU Create Flash Image
arm-none-eabi-objcopy -O ihex "3TaskvTaskDelay.elf"  "3TaskvTaskDelay.hex"
Invoking: Cross ARM GNU Print Size
arm-none-eabi-size --format=berkeley "3TaskvTaskDelay.elf"
   text	   data	    bss	    dec	    hex	filename
  24368	    136	  13184	  37688	   9338	3TaskvTaskDelay.elf
Finished building: 3TaskvTaskDelay.siz
Finished building: 3TaskvTaskDelay.hex
 
 
11:39:34 **** Incremental Build of configuration Debug for project 3TaskvTaskDelay ****
make -j8 all 
Building file: ../source/user.c
Invoking: Cross ARM C Compiler
arm-none-eabi-gcc -mcpu=cortex-m4 -mthumb -mfloat-abi=hard -mfpu=fpv4-sp-d16 -O0 -fmessage-length=0 -fsigned-char -ffunction-sections -fdata-sections -flto  -g3 -D"CPU_MK64FN1M0VDC12" -I../freertos/Source/include -I../startup -I../board -I../utilities -I../freertos/Source/portable/GCC/ARM_CM4F -I../CMSIS -I../source -I../drivers -std=c99 -MMD -MP -MF"source/user.d" -MT"source/user.o" -c -o "source/user.o" "../source/user.c"
Finished building: ../source/user.c
 
Building target: 3TaskvTaskDelay.elf
Invoking: Cross ARM C++ Linker
arm-none-eabi-g++ -mcpu=cortex-m4 -mthumb -mfloat-abi=hard -mfpu=fpv4-sp-d16 -O0 -fmessage-length=0 -fsigned-char -ffunction-sections -fdata-sections -flto  -g3 -T "../MK64FN1M0xxx12_flash.ld" -Xlinker --gc-sections -Wl,-Map,"3TaskvTaskDelay.map" --specs=nano.specs -specs=nosys.specs -Xlinker -z -Xlinker muldefs -o "3TaskvTaskDelay.elf"  ./utilities/fsl_debug_console.o ./utilities/fsl_notifier.o ./utilities/fsl_sbrk.o ./utilities/fsl_shell.o  ./startup/startup_MK64F12.o ./startup/system_MK64F12.o  ./source/main.o ./source/user.o  ./freertos/Source/portable/MemMang/heap_4.o  ./freertos/Source/portable/GCC/ARM_CM4F/fsl_tickless_lptmr.o ./freertos/Source/portable/GCC/ARM_CM4F/fsl_tickless_systick.o ./freertos/Source/portable/GCC/ARM_CM4F/port.o  ./freertos/Source/croutine.o ./freertos/Source/event_groups.o ./freertos/Source/list.o ./freertos/Source/queue.o ./freertos/Source/tasks.o ./freertos/Source/timers.o  ./drivers/fsl_adc16.o ./drivers/fsl_clock.o ./drivers/fsl_cmp.o ./drivers/fsl_cmt.o ./drivers/fsl_common.o ./drivers/fsl_crc.o ./drivers/fsl_dac.o ./drivers/fsl_dmamux.o ./drivers/fsl_dspi.o ./drivers/fsl_dspi_edma.o ./drivers/fsl_dspi_freertos.o ./drivers/fsl_edma.o ./drivers/fsl_enet.o ./drivers/fsl_ewm.o ./drivers/fsl_flash.o ./drivers/fsl_flexbus.o ./drivers/fsl_flexcan.o ./drivers/fsl_ftm.o ./drivers/fsl_gpio.o ./drivers/fsl_i2c.o ./drivers/fsl_i2c_edma.o ./drivers/fsl_i2c_freertos.o ./drivers/fsl_llwu.o ./drivers/fsl_lptmr.o ./drivers/fsl_mpu.o ./drivers/fsl_pdb.o ./drivers/fsl_pit.o ./drivers/fsl_pmc.o ./drivers/fsl_rcm.o ./drivers/fsl_rnga.o ./drivers/fsl_rtc.o ./drivers/fsl_sai.o ./drivers/fsl_sai_edma.o ./drivers/fsl_sdhc.o ./drivers/fsl_sim.o ./drivers/fsl_smc.o ./drivers/fsl_uart.o ./drivers/fsl_uart_edma.o ./drivers/fsl_uart_freertos.o ./drivers/fsl_vref.o ./drivers/fsl_wdog.o  ./board/board.o ./board/clock_config.o ./board/pin_mux.o   
Finished building target: 3TaskvTaskDelay.elf
 
Invoking: Cross ARM GNU Create Flash Image
arm-none-eabi-objcopy -O ihex "3TaskvTaskDelay.elf"  "3TaskvTaskDelay.hex"
Invoking: Cross ARM GNU Print Size
arm-none-eabi-size --format=berkeley "3TaskvTaskDelay.elf"
   text	   data	    bss	    dec	    hex	filename
  24352	    136	  13184	  37672	   9328	3TaskvTaskDelay.elf
Finished building: 3TaskvTaskDelay.hex
Finished building: 3TaskvTaskDelay.siz
 
 
11:41:42 **** Incremental Build of configuration Debug for project 3TaskvTaskDelay ****
make -j8 all 
Building file: ../source/user.c
Invoking: Cross ARM C Compiler
arm-none-eabi-gcc -mcpu=cortex-m4 -mthumb -mfloat-abi=hard -mfpu=fpv4-sp-d16 -O0 -fmessage-length=0 -fsigned-char -ffunction-sections -fdata-sections -flto  -g3 -D"CPU_MK64FN1M0VDC12" -I../freertos/Source/include -I../startup -I../board -I../utilities -I../freertos/Source/portable/GCC/ARM_CM4F -I../CMSIS -I../source -I../drivers -std=c99 -MMD -MP -MF"source/user.d" -MT"source/user.o" -c -o "source/user.o" "../source/user.c"
Finished building: ../source/user.c
 
Building target: 3TaskvTaskDelay.elf
Invoking: Cross ARM C++ Linker
arm-none-eabi-g++ -mcpu=cortex-m4 -mthumb -mfloat-abi=hard -mfpu=fpv4-sp-d16 -O0 -fmessage-length=0 -fsigned-char -ffunction-sections -fdata-sections -flto  -g3 -T "../MK64FN1M0xxx12_flash.ld" -Xlinker --gc-sections -Wl,-Map,"3TaskvTaskDelay.map" --specs=nano.specs -specs=nosys.specs -Xlinker -z -Xlinker muldefs -o "3TaskvTaskDelay.elf"  ./utilities/fsl_debug_console.o ./utilities/fsl_notifier.o ./utilities/fsl_sbrk.o ./utilities/fsl_shell.o  ./startup/startup_MK64F12.o ./startup/system_MK64F12.o  ./source/main.o ./source/user.o  ./freertos/Source/portable/MemMang/heap_4.o  ./freertos/Source/portable/GCC/ARM_CM4F/fsl_tickless_lptmr.o ./freertos/Source/portable/GCC/ARM_CM4F/fsl_tickless_systick.o ./freertos/Source/portable/GCC/ARM_CM4F/port.o  ./freertos/Source/croutine.o ./freertos/Source/event_groups.o ./freertos/Source/list.o ./freertos/Source/queue.o ./freertos/Source/tasks.o ./freertos/Source/timers.o  ./drivers/fsl_adc16.o ./drivers/fsl_clock.o ./drivers/fsl_cmp.o ./drivers/fsl_cmt.o ./drivers/fsl_common.o ./drivers/fsl_crc.o ./drivers/fsl_dac.o ./drivers/fsl_dmamux.o ./drivers/fsl_dspi.o ./drivers/fsl_dspi_edma.o ./drivers/fsl_dspi_freertos.o ./drivers/fsl_edma.o ./drivers/fsl_enet.o ./drivers/fsl_ewm.o ./drivers/fsl_flash.o ./drivers/fsl_flexbus.o ./drivers/fsl_flexcan.o ./drivers/fsl_ftm.o ./drivers/fsl_gpio.o ./drivers/fsl_i2c.o ./drivers/fsl_i2c_edma.o ./drivers/fsl_i2c_freertos.o ./drivers/fsl_llwu.o ./drivers/fsl_lptmr.o ./drivers/fsl_mpu.o ./drivers/fsl_pdb.o ./drivers/fsl_pit.o ./drivers/fsl_pmc.o ./drivers/fsl_rcm.o ./drivers/fsl_rnga.o ./drivers/fsl_rtc.o ./drivers/fsl_sai.o ./drivers/fsl_sai_edma.o ./drivers/fsl_sdhc.o ./drivers/fsl_sim.o ./drivers/fsl_smc.o ./drivers/fsl_uart.o ./drivers/fsl_uart_edma.o ./drivers/fsl_uart_freertos.o ./drivers/fsl_vref.o ./drivers/fsl_wdog.o  ./board/board.o ./board/clock_config.o ./board/pin_mux.o   
Finished building target: 3TaskvTaskDelay.elf
 
Invoking: Cross ARM GNU Create Flash Image
arm-none-eabi-objcopy -O ihex "3TaskvTaskDelay.elf"  "3TaskvTaskDelay.hex"
Invoking: Cross ARM GNU Print Size
arm-none-eabi-size --format=berkeley "3TaskvTaskDelay.elf"
   text	   data	    bss	    dec	    hex	filename
  24368	    136	  13184	  37688	   9338	3TaskvTaskDelay.elf
Finished building: 3TaskvTaskDelay.hex
Finished building: 3TaskvTaskDelay.siz
 
 
11:42:47 **** Incremental Build of configuration Debug for project 3TaskvTaskDelay ****
make -j8 all 
Building file: ../source/user.c
Invoking: Cross ARM C Compiler
arm-none-eabi-gcc -mcpu=cortex-m4 -mthumb -mfloat-abi=hard -mfpu=fpv4-sp-d16 -O0 -fmessage-length=0 -fsigned-char -ffunction-sections -fdata-sections -flto  -g3 -D"CPU_MK64FN1M0VDC12" -I../freertos/Source/include -I../startup -I../board -I../utilities -I../freertos/Source/portable/GCC/ARM_CM4F -I../CMSIS -I../source -I../drivers -std=c99 -MMD -MP -MF"source/user.d" -MT"source/user.o" -c -o "source/user.o" "../source/user.c"
Finished building: ../source/user.c
 
Building target: 3TaskvTaskDelay.elf
Invoking: Cross ARM C++ Linker
arm-none-eabi-g++ -mcpu=cortex-m4 -mthumb -mfloat-abi=hard -mfpu=fpv4-sp-d16 -O0 -fmessage-length=0 -fsigned-char -ffunction-sections -fdata-sections -flto  -g3 -T "../MK64FN1M0xxx12_flash.ld" -Xlinker --gc-sections -Wl,-Map,"3TaskvTaskDelay.map" --specs=nano.specs -specs=nosys.specs -Xlinker -z -Xlinker muldefs -o "3TaskvTaskDelay.elf"  ./utilities/fsl_debug_console.o ./utilities/fsl_notifier.o ./utilities/fsl_sbrk.o ./utilities/fsl_shell.o  ./startup/startup_MK64F12.o ./startup/system_MK64F12.o  ./source/main.o ./source/user.o  ./freertos/Source/portable/MemMang/heap_4.o  ./freertos/Source/portable/GCC/ARM_CM4F/fsl_tickless_lptmr.o ./freertos/Source/portable/GCC/ARM_CM4F/fsl_tickless_systick.o ./freertos/Source/portable/GCC/ARM_CM4F/port.o  ./freertos/Source/croutine.o ./freertos/Source/event_groups.o ./freertos/Source/list.o ./freertos/Source/queue.o ./freertos/Source/tasks.o ./freertos/Source/timers.o  ./drivers/fsl_adc16.o ./drivers/fsl_clock.o ./drivers/fsl_cmp.o ./drivers/fsl_cmt.o ./drivers/fsl_common.o ./drivers/fsl_crc.o ./drivers/fsl_dac.o ./drivers/fsl_dmamux.o ./drivers/fsl_dspi.o ./drivers/fsl_dspi_edma.o ./drivers/fsl_dspi_freertos.o ./drivers/fsl_edma.o ./drivers/fsl_enet.o ./drivers/fsl_ewm.o ./drivers/fsl_flash.o ./drivers/fsl_flexbus.o ./drivers/fsl_flexcan.o ./drivers/fsl_ftm.o ./drivers/fsl_gpio.o ./drivers/fsl_i2c.o ./drivers/fsl_i2c_edma.o ./drivers/fsl_i2c_freertos.o ./drivers/fsl_llwu.o ./drivers/fsl_lptmr.o ./drivers/fsl_mpu.o ./drivers/fsl_pdb.o ./drivers/fsl_pit.o ./drivers/fsl_pmc.o ./drivers/fsl_rcm.o ./drivers/fsl_rnga.o ./drivers/fsl_rtc.o ./drivers/fsl_sai.o ./drivers/fsl_sai_edma.o ./drivers/fsl_sdhc.o ./drivers/fsl_sim.o ./drivers/fsl_smc.o ./drivers/fsl_uart.o ./drivers/fsl_uart_edma.o ./drivers/fsl_uart_freertos.o ./drivers/fsl_vref.o ./drivers/fsl_wdog.o  ./board/board.o ./board/clock_config.o ./board/pin_mux.o   
Finished building target: 3TaskvTaskDelay.elf
 
Invoking: Cross ARM GNU Create Flash Image
Invoking: Cross ARM GNU Print Size
arm-none-eabi-objcopy -O ihex "3TaskvTaskDelay.elf"  "3TaskvTaskDelay.hex"
arm-none-eabi-size --format=berkeley "3TaskvTaskDelay.elf"
   text	   data	    bss	    dec	    hex	filename
  24368	    136	  13184	  37688	   9338	3TaskvTaskDelay.elf
Finished building: 3TaskvTaskDelay.hex
Finished building: 3TaskvTaskDelay.siz
 
 
11:50:01 **** Incremental Build of configuration Debug for project 3TaskvTaskDelay ****
make -j8 all 
Building file: ../source/user.c
Invoking: Cross ARM C Compiler
arm-none-eabi-gcc -mcpu=cortex-m4 -mthumb -mfloat-abi=hard -mfpu=fpv4-sp-d16 -O0 -fmessage-length=0 -fsigned-char -ffunction-sections -fdata-sections -flto  -g3 -D"CPU_MK64FN1M0VDC12" -I../freertos/Source/include -I../startup -I../board -I../utilities -I../freertos/Source/portable/GCC/ARM_CM4F -I../CMSIS -I../source -I../drivers -std=c99 -MMD -MP -MF"source/user.d" -MT"source/user.o" -c -o "source/user.o" "../source/user.c"
Finished building: ../source/user.c
 
Building target: 3TaskvTaskDelay.elf
Invoking: Cross ARM C++ Linker
arm-none-eabi-g++ -mcpu=cortex-m4 -mthumb -mfloat-abi=hard -mfpu=fpv4-sp-d16 -O0 -fmessage-length=0 -fsigned-char -ffunction-sections -fdata-sections -flto  -g3 -T "../MK64FN1M0xxx12_flash.ld" -Xlinker --gc-sections -Wl,-Map,"3TaskvTaskDelay.map" --specs=nano.specs -specs=nosys.specs -Xlinker -z -Xlinker muldefs -o "3TaskvTaskDelay.elf"  ./utilities/fsl_debug_console.o ./utilities/fsl_notifier.o ./utilities/fsl_sbrk.o ./utilities/fsl_shell.o  ./startup/startup_MK64F12.o ./startup/system_MK64F12.o  ./source/main.o ./source/user.o  ./freertos/Source/portable/MemMang/heap_4.o  ./freertos/Source/portable/GCC/ARM_CM4F/fsl_tickless_lptmr.o ./freertos/Source/portable/GCC/ARM_CM4F/fsl_tickless_systick.o ./freertos/Source/portable/GCC/ARM_CM4F/port.o  ./freertos/Source/croutine.o ./freertos/Source/event_groups.o ./freertos/Source/list.o ./freertos/Source/queue.o ./freertos/Source/tasks.o ./freertos/Source/timers.o  ./drivers/fsl_adc16.o ./drivers/fsl_clock.o ./drivers/fsl_cmp.o ./drivers/fsl_cmt.o ./drivers/fsl_common.o ./drivers/fsl_crc.o ./drivers/fsl_dac.o ./drivers/fsl_dmamux.o ./drivers/fsl_dspi.o ./drivers/fsl_dspi_edma.o ./drivers/fsl_dspi_freertos.o ./drivers/fsl_edma.o ./drivers/fsl_enet.o ./drivers/fsl_ewm.o ./drivers/fsl_flash.o ./drivers/fsl_flexbus.o ./drivers/fsl_flexcan.o ./drivers/fsl_ftm.o ./drivers/fsl_gpio.o ./drivers/fsl_i2c.o ./drivers/fsl_i2c_edma.o ./drivers/fsl_i2c_freertos.o ./drivers/fsl_llwu.o ./drivers/fsl_lptmr.o ./drivers/fsl_mpu.o ./drivers/fsl_pdb.o ./drivers/fsl_pit.o ./drivers/fsl_pmc.o ./drivers/fsl_rcm.o ./drivers/fsl_rnga.o ./drivers/fsl_rtc.o ./drivers/fsl_sai.o ./drivers/fsl_sai_edma.o ./drivers/fsl_sdhc.o ./drivers/fsl_sim.o ./drivers/fsl_smc.o ./drivers/fsl_uart.o ./drivers/fsl_uart_edma.o ./drivers/fsl_uart_freertos.o ./drivers/fsl_vref.o ./drivers/fsl_wdog.o  ./board/board.o ./board/clock_config.o ./board/pin_mux.o   
Finished building target: 3TaskvTaskDelay.elf
 
Invoking: Cross ARM GNU Create Flash Image
arm-none-eabi-objcopy -O ihex "3TaskvTaskDelay.elf"  "3TaskvTaskDelay.hex"
Invoking: Cross ARM GNU Print Size
arm-none-eabi-size --format=berkeley "3TaskvTaskDelay.elf"
   text	   data	    bss	    dec	    hex	filename
  24368	    136	  13184	  37688	   9338	3TaskvTaskDelay.elf
Finished building: 3TaskvTaskDelay.siz
Finished building: 3TaskvTaskDelay.hex
 
 
