Archive member included because of file (symbol)

c:/freescale/kds_v3/toolchain/bin/../lib/gcc/arm-none-eabi/4.8.4/../../../../arm-none-eabi/lib/armv7e-m/fpu\libg_s.a(lib_a-errno.o)
                              ./utilities/fsl_sbrk.o (symbol from plugin) (__errno)
c:/freescale/kds_v3/toolchain/bin/../lib/gcc/arm-none-eabi/4.8.4/../../../../arm-none-eabi/lib/armv7e-m/fpu\libg_s.a(lib_a-exit.o)
                              c:/freescale/kds_v3/toolchain/bin/../lib/gcc/arm-none-eabi/4.8.4/../../../../arm-none-eabi/lib/armv7e-m/fpu/crt0.o (exit)
c:/freescale/kds_v3/toolchain/bin/../lib/gcc/arm-none-eabi/4.8.4/../../../../arm-none-eabi/lib/armv7e-m/fpu\libg_s.a(lib_a-impure.o)
                              c:/freescale/kds_v3/toolchain/bin/../lib/gcc/arm-none-eabi/4.8.4/../../../../arm-none-eabi/lib/armv7e-m/fpu\libg_s.a(lib_a-exit.o) (_global_impure_ptr)
c:/freescale/kds_v3/toolchain/bin/../lib/gcc/arm-none-eabi/4.8.4/../../../../arm-none-eabi/lib/armv7e-m/fpu\libg_s.a(lib_a-init.o)
                              c:/freescale/kds_v3/toolchain/bin/../lib/gcc/arm-none-eabi/4.8.4/../../../../arm-none-eabi/lib/armv7e-m/fpu/crt0.o (__libc_init_array)
c:/freescale/kds_v3/toolchain/bin/../lib/gcc/arm-none-eabi/4.8.4/../../../../arm-none-eabi/lib/armv7e-m/fpu\libg_s.a(lib_a-memset.o)
                              c:/freescale/kds_v3/toolchain/bin/../lib/gcc/arm-none-eabi/4.8.4/../../../../arm-none-eabi/lib/armv7e-m/fpu/crt0.o (memset)
c:/freescale/kds_v3/toolchain/bin/../lib/gcc/arm-none-eabi/4.8.4/../../../../arm-none-eabi/lib/armv7e-m/fpu\libnosys.a(_exit.o)
                              c:/freescale/kds_v3/toolchain/bin/../lib/gcc/arm-none-eabi/4.8.4/../../../../arm-none-eabi/lib/armv7e-m/fpu\libg_s.a(lib_a-exit.o) (_exit)
c:/freescale/kds_v3/toolchain/bin/../lib/gcc/arm-none-eabi/4.8.4/armv7e-m/fpu\libgcc.a(_arm_addsubdf3.o)
                              C:\Users\ALEJAN~1\AppData\Local\Temp\ccW13HOs.ltrans25.ltrans.o (__aeabi_ui2d)
c:/freescale/kds_v3/toolchain/bin/../lib/gcc/arm-none-eabi/4.8.4/armv7e-m/fpu\libgcc.a(_arm_muldivdf3.o)
                              C:\Users\ALEJAN~1\AppData\Local\Temp\ccW13HOs.ltrans25.ltrans.o (__aeabi_dmul)
c:/freescale/kds_v3/toolchain/bin/../lib/gcc/arm-none-eabi/4.8.4/armv7e-m/fpu\libgcc.a(_arm_fixunsdfsi.o)
                              C:\Users\ALEJAN~1\AppData\Local\Temp\ccW13HOs.ltrans25.ltrans.o (__aeabi_d2uiz)
c:/freescale/kds_v3/toolchain/bin/../lib/gcc/arm-none-eabi/4.8.4/../../../../arm-none-eabi/lib/armv7e-m/fpu\libg_s.a(lib_a-memcpy-stub.o)
                              C:\Users\ALEJAN~1\AppData\Local\Temp\ccW13HOs.ltrans10.ltrans.o (memcpy)
c:/freescale/kds_v3/toolchain/bin/../lib/gcc/arm-none-eabi/4.8.4/../../../../arm-none-eabi/lib/armv7e-m/fpu\libg_s.a(lib_a-memmove.o)
                              C:\Users\ALEJAN~1\AppData\Local\Temp\ccW13HOs.ltrans28.ltrans.o (memmove)
c:/freescale/kds_v3/toolchain/bin/../lib/gcc/arm-none-eabi/4.8.4/../../../../arm-none-eabi/lib/armv7e-m/fpu\libg_s.a(lib_a-strlen.o)
                              C:\Users\ALEJAN~1\AppData\Local\Temp\ccW13HOs.ltrans28.ltrans.o (strlen)
c:/freescale/kds_v3/toolchain/bin/../lib/gcc/arm-none-eabi/4.8.4/../../../../arm-none-eabi/lib/armv7e-m/fpu\libm.a(lib_a-w_pow.o)
                              C:\Users\ALEJAN~1\AppData\Local\Temp\ccW13HOs.ltrans25.ltrans.o (pow)
c:/freescale/kds_v3/toolchain/bin/../lib/gcc/arm-none-eabi/4.8.4/../../../../arm-none-eabi/lib/armv7e-m/fpu\libm.a(lib_a-e_pow.o)
                              c:/freescale/kds_v3/toolchain/bin/../lib/gcc/arm-none-eabi/4.8.4/../../../../arm-none-eabi/lib/armv7e-m/fpu\libm.a(lib_a-w_pow.o) (__ieee754_pow)
c:/freescale/kds_v3/toolchain/bin/../lib/gcc/arm-none-eabi/4.8.4/../../../../arm-none-eabi/lib/armv7e-m/fpu\libm.a(lib_a-e_sqrt.o)
                              c:/freescale/kds_v3/toolchain/bin/../lib/gcc/arm-none-eabi/4.8.4/../../../../arm-none-eabi/lib/armv7e-m/fpu\libm.a(lib_a-e_pow.o) (__ieee754_sqrt)
c:/freescale/kds_v3/toolchain/bin/../lib/gcc/arm-none-eabi/4.8.4/../../../../arm-none-eabi/lib/armv7e-m/fpu\libm.a(lib_a-s_fabs.o)
                              c:/freescale/kds_v3/toolchain/bin/../lib/gcc/arm-none-eabi/4.8.4/../../../../arm-none-eabi/lib/armv7e-m/fpu\libm.a(lib_a-e_pow.o) (fabs)
c:/freescale/kds_v3/toolchain/bin/../lib/gcc/arm-none-eabi/4.8.4/../../../../arm-none-eabi/lib/armv7e-m/fpu\libm.a(lib_a-s_finite.o)
                              c:/freescale/kds_v3/toolchain/bin/../lib/gcc/arm-none-eabi/4.8.4/../../../../arm-none-eabi/lib/armv7e-m/fpu\libm.a(lib_a-w_pow.o) (finite)
c:/freescale/kds_v3/toolchain/bin/../lib/gcc/arm-none-eabi/4.8.4/../../../../arm-none-eabi/lib/armv7e-m/fpu\libm.a(lib_a-s_fpclassify.o)
                              c:/freescale/kds_v3/toolchain/bin/../lib/gcc/arm-none-eabi/4.8.4/../../../../arm-none-eabi/lib/armv7e-m/fpu\libm.a(lib_a-w_pow.o) (__fpclassifyd)
c:/freescale/kds_v3/toolchain/bin/../lib/gcc/arm-none-eabi/4.8.4/../../../../arm-none-eabi/lib/armv7e-m/fpu\libm.a(lib_a-s_lib_ver.o)
[...]
Memory Configuration

Name             Origin             Length             Attributes
m_interrupts     0x00000000         0x00000400         xr
m_flash_config   0x00000400         0x00000010         xr
m_text           0x00000410         0x000ffbf0         xr
m_data           0x1fff0000         0x00010000         rw
m_data_2         0x20000000         0x00030000         rw
*default*        0x00000000         0xffffffff

Linker script and memory map

LOAD c:/freescale/kds_v3/toolchain/bin/../lib/gcc/arm-none-eabi/4.8.4/armv7e-m/fpu/crti.o
LOAD c:/freescale/kds_v3/toolchain/bin/../lib/gcc/arm-none-eabi/4.8.4/armv7e-m/fpu/crtbegin.o
LOAD c:/freescale/kds_v3/toolchain/bin/../lib/gcc/arm-none-eabi/4.8.4/../../../../arm-none-eabi/lib/armv7e-m/fpu/crt0.o
LOAD ./utilities/fsl_debug_console.o
LOAD C:\Users\ALEJAN~1\AppData\Local\Temp\ccW13HOs.ltrans0.ltrans.o
LOAD C:\Users\ALEJAN~1\AppData\Local\Temp\ccW13HOs.ltrans1.ltrans.o
LOAD C:\Users\ALEJAN~1\AppData\Local\Temp\ccW13HOs.ltrans2.ltrans.o
LOAD C:\Users\ALEJAN~1\AppData\Local\Temp\ccW13HOs.ltrans3.ltrans.o
LOAD C:\Users\ALEJAN~1\AppData\Local\Temp\ccW13HOs.ltrans4.ltrans.o
LOAD C:\Users\ALEJAN~1\AppData\Local\Temp\ccW13HOs.ltrans5.ltrans.o
LOAD C:\Users\ALEJAN~1\AppData\Local\Temp\ccW13HOs.ltrans6.ltrans.o
LOAD C:\Users\ALEJAN~1\AppData\Local\Temp\ccW13HOs.ltrans7.ltrans.o
LOAD C:\Users\ALEJAN~1\AppData\Local\Temp\ccW13HOs.ltrans8.ltrans.o
LOAD C:\Users\ALEJAN~1\AppData\Local\Temp\ccW13HOs.ltrans9.ltrans.o
LOAD C:\Users\ALEJAN~1\AppData\Local\Temp\ccW13HOs.ltrans10.ltrans.o
LOAD C:\Users\ALEJAN~1\AppData\Local\Temp\ccW13HOs.ltrans11.ltrans.o
LOAD C:\Users\ALEJAN~1\AppData\Local\Temp\ccW13HOs.ltrans12.ltrans.o
LOAD C:\Users\ALEJAN~1\AppData\Local\Temp\ccW13HOs.ltrans13.ltrans.o
LOAD C:\Users\ALEJAN~1\AppData\Local\Temp\ccW13HOs.ltrans14.ltrans.o
LOAD C:\Users\ALEJAN~1\AppData\Local\Temp\ccW13HOs.ltrans15.ltrans.o
LOAD C:\Users\ALEJAN~1\AppData\Local\Temp\ccW13HOs.ltrans16.ltrans.o
LOAD C:\Users\ALEJAN~1\AppData\Local\Temp\ccW13HOs.ltrans17.ltrans.o
LOAD C:\Users\ALEJAN~1\AppData\Local\Temp\ccW13HOs.ltrans18.ltrans.o
LOAD C:\Users\ALEJAN~1\AppData\Local\Temp\ccW13HOs.ltrans19.ltrans.o
LOAD C:\Users\ALEJAN~1\AppData\Local\Temp\ccW13HOs.ltrans20.ltrans.o
LOAD C:\Users\ALEJAN~1\AppData\Local\Temp\ccW13HOs.ltrans21.ltrans.o
LOAD C:\Users\ALEJAN~1\AppData\Local\Temp\ccW13HOs.ltrans22.ltrans.o
LOAD C:\Users\ALEJAN~1\AppData\Local\Temp\ccW13HOs.ltrans23.ltrans.o
LOAD C:\Users\ALEJAN~1\AppData\Local\Temp\ccW13HOs.ltrans24.ltrans.o
LOAD C:\Users\ALEJAN~1\AppData\Local\Temp\ccW13HOs.ltrans25.ltrans.o
LOAD C:\Users\ALEJAN~1\AppData\Local\Temp\ccW13HOs.ltrans26.ltrans.o
LOAD C:\Users\ALEJAN~1\AppData\Local\Temp\ccW13HOs.ltrans27.ltrans.o
LOAD C:\Users\ALEJAN~1\AppData\Local\Temp\ccW13HOs.ltrans28.ltrans.o
LOAD c:/freescale/kds_v3/toolchain/bin/../lib/gcc/arm-none-eabi/4.8.4/armv7e-m/fpu\libgcc.a
LOAD c:/freescale/kds_v3/toolchain/bin/../lib/gcc/arm-none-eabi/4.8.4/../../../../arm-none-eabi/lib/armv7e-m/fpu\libg_s.a
LOAD c:/freescale/kds_v3/toolchain/bin/../lib/gcc/arm-none-eabi/4.8.4/../../../../arm-none-eabi/lib/armv7e-m/fpu\libc_s.a
LOAD c:/freescale/kds_v3/toolchain/bin/../lib/gcc/arm-none-eabi/4.8.4/armv7e-m/fpu\libgcc.a
LOAD c:/freescale/kds_v3/toolchain/bin/../lib/gcc/arm-none-eabi/4.8.4/../../../../arm-none-eabi/lib/armv7e-m/fpu\libc_s.a
LOAD c:/freescale/kds_v3/toolchain/bin/../lib/gcc/arm-none-eabi/4.8.4/../../../../arm-none-eabi/lib/armv7e-m/fpu\libnosys.a
LOAD c:/freescale/kds_v3/toolchain/bin/../lib/gcc/arm-none-eabi/4.8.4/armv7e-m/fpu\libgcc.a
LOAD c:/freescale/kds_v3/toolchain/bin/../lib/gcc/arm-none-eabi/4.8.4/../../../../arm-none-eabi/lib/armv7e-m/fpu\libc_s.a
LOAD c:/freescale/kds_v3/toolchain/bin/../lib/gcc/arm-none-eabi/4.8.4/../../../../arm-none-eabi/lib/armv7e-m/fpu\libnosys.a
LOAD ./utilities/fsl_notifier.o
LOAD ./utilities/fsl_sbrk.o
LOAD ./utilities/fsl_shell.o
LOAD ./startup/startup_MK64F12.o
LOAD ./startup/system_MK64F12.o
LOAD ./source/I2C.o
LOAD ./source/UART.o
LOAD ./source/main.o
LOAD ./source/user.o
LOAD ./freertos/Source/portable/MemMang/heap_4.o
LOAD ./freertos/Source/portable/GCC/ARM_CM4F/fsl_tickless_lptmr.o
LOAD ./freertos/Source/portable/GCC/ARM_CM4F/fsl_tickless_systick.o
LOAD ./freertos/Source/portable/GCC/ARM_CM4F/port.o
LOAD ./freertos/Source/croutine.o
LOAD ./freertos/Source/event_groups.o
LOAD ./freertos/Source/list.o
LOAD ./freertos/Source/queue.o
LOAD ./freertos/Source/tasks.o
LOAD ./freertos/Source/timers.o
LOAD ./drivers/fsl_adc16.o
LOAD ./drivers/fsl_clock.o
LOAD ./drivers/fsl_cmp.o
LOAD ./drivers/fsl_cmt.o
LOAD ./drivers/fsl_common.o
LOAD ./drivers/fsl_crc.o
LOAD ./drivers/fsl_dac.o
LOAD ./drivers/fsl_dmamux.o
LOAD ./drivers/fsl_dspi.o
LOAD ./drivers/fsl_dspi_edma.o
LOAD ./drivers/fsl_dspi_freertos.o
LOAD ./drivers/fsl_edma.o
LOAD ./drivers/fsl_enet.o
LOAD ./drivers/fsl_ewm.o
LOAD ./drivers/fsl_flash.o
LOAD ./drivers/fsl_flexbus.o
LOAD ./drivers/fsl_flexcan.o
LOAD ./drivers/fsl_ftm.o
LOAD ./drivers/fsl_gpio.o
LOAD ./drivers/fsl_i2c.o
LOAD ./drivers/fsl_i2c_edma.o
LOAD ./drivers/fsl_i2c_freertos.o
LOAD ./drivers/fsl_llwu.o
LOAD ./drivers/fsl_lptmr.o
LOAD ./drivers/fsl_mpu.o
LOAD ./drivers/fsl_pdb.o
LOAD ./drivers/fsl_pit.o
LOAD ./drivers/fsl_pmc.o
LOAD ./drivers/fsl_rcm.o
LOAD ./drivers/fsl_rnga.o
LOAD ./drivers/fsl_rtc.o
LOAD ./drivers/fsl_sai.o
LOAD ./drivers/fsl_sai_edma.o
LOAD ./drivers/fsl_sdhc.o
LOAD ./drivers/fsl_sim.o
LOAD ./drivers/fsl_smc.o
LOAD ./drivers/fsl_uart.o
LOAD ./drivers/fsl_uart_edma.o
LOAD ./drivers/fsl_uart_freertos.o
LOAD ./drivers/fsl_vref.o
LOAD ./drivers/fsl_wdog.o
LOAD ./board/board.o
LOAD ./board/clock_config.o
LOAD ./board/pin_mux.o
LOAD ./.metadata/.plugins/org.eclipse.cdt.make.core/specs.o
LOAD c:/freescale/kds_v3/toolchain/bin/../lib/gcc/arm-none-eabi/4.8.4/../../../../arm-none-eabi/lib/armv7e-m/fpu\libstdc++_s.a
LOAD c:/freescale/kds_v3/toolchain/bin/../lib/gcc/arm-none-eabi/4.8.4/../../../../arm-none-eabi/lib/armv7e-m/fpu\libm.a
START GROUP
LOAD c:/freescale/kds_v3/toolchain/bin/../lib/gcc/arm-none-eabi/4.8.4/armv7e-m/fpu\libgcc.a
LOAD c:/freescale/kds_v3/toolchain/bin/../lib/gcc/arm-none-eabi/4.8.4/../../../../arm-none-eabi/lib/armv7e-m/fpu\libg_s.a
LOAD c:/freescale/kds_v3/toolchain/bin/../lib/gcc/arm-none-eabi/4.8.4/../../../../arm-none-eabi/lib/armv7e-m/fpu\libc_s.a
END GROUP
START GROUP
LOAD c:/freescale/kds_v3/toolchain/bin/../lib/gcc/arm-none-eabi/4.8.4/armv7e-m/fpu\libgcc.a
LOAD c:/freescale/kds_v3/toolchain/bin/../lib/gcc/arm-none-eabi/4.8.4/../../../../arm-none-eabi/lib/armv7e-m/fpu\libc_s.a
LOAD c:/freescale/kds_v3/toolchain/bin/../lib/gcc/arm-none-eabi/4.8.4/../../../../arm-none-eabi/lib/armv7e-m/fpu\libnosys.a
END GROUP
START GROUP
LOAD c:/freescale/kds_v3/toolchain/bin/../lib/gcc/arm-none-eabi/4.8.4/armv7e-m/fpu\libgcc.a
LOAD c:/freescale/kds_v3/toolchain/bin/../lib/gcc/arm-none-eabi/4.8.4/../../../../arm-none-eabi/lib/armv7e-m/fpu\libc_s.a
LOAD c:/freescale/kds_v3/toolchain/bin/../lib/gcc/arm-none-eabi/4.8.4/../../../../arm-none-eabi/lib/armv7e-m/fpu\libnosys.a
END GROUP
LOAD c:/freescale/kds_v3/toolchain/bin/../lib/gcc/arm-none-eabi/4.8.4/armv7e-m/fpu/crtend.o
LOAD c:/freescale/kds_v3/toolchain/bin/../lib/gcc/arm-none-eabi/4.8.4/armv7e-m/fpu/crtn.o
                0x00000400                HEAP_SIZE = DEFINED (__heap_size__)?__heap_size__:0x400
                0x00000400                STACK_SIZE = DEFINED (__stack_size__)?__stack_size__:0x400
                0x00000000                M_VECTOR_RAM_SIZE = DEFINED (__ram_vector_table__)?0x400:0x0

.interrupts     0x00000000      0x400
                0x00000000                __VECTOR_TABLE = .
                0x00000000                . = ALIGN (0x4)
 *(.isr_vector)
 .isr_vector    0x00000000      0x400 ./startup/startup_MK64F12.o
                0x00000000                __isr_vector
                0x00000400                . = ALIGN (0x4)

.flash_config   0x00000400       0x10
                0x00000400                . = ALIGN (0x4)
 *(.FlashConfig)
 .FlashConfig   0x00000400       0x10 ./startup/startup_MK64F12.o
                0x00000410                . = ALIGN (0x4)

.text           0x00000410     0xd7d0
                0x00000410                . = ALIGN (0x4)
 *(.text)
 .text          0x00000410       0x54 c:/freescale/kds_v3/toolchain/bin/../lib/gcc/arm-none-eabi/4.8.4/armv7e-m/fpu/crtbegin.o
 .text          0x00000464       0x74 c:/freescale/kds_v3/toolchain/bin/../lib/gcc/arm-none-eabi/4.8.4/../../../../arm-none-eabi/lib/armv7e-m/fpu/crt0.o
                0x00000464                _start
                0x00000464                _mainCRTStartup
 .text          0x000004d8      0x370 c:/freescale/kds_v3/toolchain/bin/../lib/gcc/arm-none-eabi/4.8.4/armv7e-m/fpu\libgcc.a(_arm_addsubdf3.o)
                0x000004d8                __aeabi_drsub
                0x000004e0                __aeabi_dsub
                0x000004e0                __subdf3
                0x000004e4                __aeabi_dadd
                0x000004e4                __adddf3
                0x0000075c                __floatunsidf
                0x0000075c                __aeabi_ui2d
                0x0000077c                __floatsidf
                0x0000077c                __aeabi_i2d
                0x000007a0                __aeabi_f2d
                0x000007a0                __extendsfdf2
                0x000007dc                __floatundidf
                0x000007dc                __aeabi_ul2d
                0x000007ec                __floatdidf
                0x000007ec                __aeabi_l2d
 .text          0x00000848      0x424 c:/freescale/kds_v3/toolchain/bin/../lib/gcc/arm-none-eabi/4.8.4/armv7e-m/fpu\libgcc.a(_arm_muldivdf3.o)
                0x00000848                __aeabi_dmul
                0x00000848                __muldf3
                0x00000a9c                __divdf3
                0x00000a9c                __aeabi_ddiv
 .text          0x00000c6c       0x40 c:/freescale/kds_v3/toolchain/bin/../lib/gcc/arm-none-eabi/4.8.4/armv7e-m/fpu\libgcc.a(_arm_fixunsdfsi.o)
                0x00000c6c                __aeabi_d2uiz
                0x00000c6c                __fixunsdfsi
 .text          0x00000cac      0x1e4 ./startup/startup_MK64F12.o
                0x00000cac                Reset_Handler
                0x00000cf0                DebugMon_Handler
                0x00000cf0                PORTC_IRQHandler
                0x00000cf0                USB0_IRQHandler
                0x00000cf0                DMA_Error_DriverIRQHandler
                0x00000cf0                CMP0_IRQHandler
                0x00000cf0                Read_Collision_IRQHandler
                0x00000cf0                ENET_Transmit_DriverIRQHandler
                0x00000cf0                UART1_ERR_DriverIRQHandler
                0x00000cf0                BusFault_Handler
                0x00000cf0                LPTMR0_IRQHandler
                0x00000cf0                PIT0_IRQHandler
                0x00000cf0                FTM2_IRQHandler
                0x00000cf0                CMP2_IRQHandler
                0x00000cf0                LLWU_IRQHandler
                0x00000cf0                PORTE_IRQHandler
                0x00000cf0                FTM3_IRQHandler
                0x00000cf0                ENET_1588_Timer_DriverIRQHandler
                0x00000cf0                SWI_IRQHandler
                0x00000cf0                ADC0_IRQHandler
                0x00000cf0                UsageFault_Handler
                0x00000cf0                MCM_IRQHandler
                0x00000cf0                CMT_IRQHandler
                0x00000cf0                DAC1_IRQHandler
                0x00000cf0                PORTA_IRQHandler
                0x00000cf0                DefaultISR
                0x00000cf0                FTM0_IRQHandler
                0x00000cf0                UART5_ERR_DriverIRQHandler
                0x00000cf0                LVD_LVW_IRQHandler
                0x00000cf0                CMP1_IRQHandler
                0x00000cf0                Reserved71_IRQHandler
                0x00000cf0                PORTD_IRQHandler
                0x00000cf0                PORTB_IRQHandler
                0x00000cf0                PIT1_IRQHandler
                0x00000cf0                UART2_ERR_DriverIRQHandler
                0x00000cf0                ADC1_IRQHandler
                0x00000cf0                ENET_Error_DriverIRQHandler
                0x00000cf0                PIT2_IRQHandler
                0x00000cf0                DAC0_IRQHandler
                0x00000cf0                ENET_Receive_DriverIRQHandler
                0x00000cf0                RTC_IRQHandler
                0x00000cf0                UART3_ERR_DriverIRQHandler
                0x00000cf0                PDB0_IRQHandler
                0x00000cf0                FTFE_IRQHandler
                0x00000cf0                FTM1_IRQHandler
                0x00000cf0                UART4_ERR_DriverIRQHandler
                0x00000cf0                RNG_IRQHandler
                0x00000cf0                PIT3_IRQHandler
                0x00000cf0                UART0_LON_DriverIRQHandler
                0x00000cf0                RTC_Seconds_IRQHandler
                0x00000cf0                MCG_IRQHandler
                0x00000cf0                WDOG_EWM_IRQHandler
                0x00000cf0                UART0_ERR_DriverIRQHandler
                0x00000cf0                MemManage_Handler
                0x00000cf0                USBDCD_IRQHandler
                0x00000cf4                NMI_Handler
                0x00000cf8                HardFault_Handler
                0x00000d08                DMA0_IRQHandler
                0x00000d0c                DMA1_IRQHandler
                0x00000d10                DMA2_IRQHandler
                0x00000d14                DMA3_IRQHandler
                0x00000d18                DMA4_IRQHandler
                0x00000d1c                DMA5_IRQHandler
                0x00000d20                DMA6_IRQHandler
                0x00000d24                DMA7_IRQHandler
                0x00000d28                DMA8_IRQHandler
                0x00000d2c                DMA9_IRQHandler
                0x00000d30                DMA10_IRQHandler
                0x00000d34                DMA11_IRQHandler
                0x00000d38                DMA12_IRQHandler
                0x00000d3c                DMA13_IRQHandler
                0x00000d40                DMA14_IRQHandler
                0x00000d44                DMA15_IRQHandler
                0x00000d48                DMA_Error_IRQHandler
                0x00000d4c                I2C0_IRQHandler
                0x00000d50                I2C1_IRQHandler
                0x00000d54                SPI0_IRQHandler
                0x00000d58                SPI1_IRQHandler
                0x00000d5c                I2S0_Tx_IRQHandler
                0x00000d60                I2S0_Rx_IRQHandler
                0x00000d64                UART0_LON_IRQHandler
                0x00000d68                UART0_RX_TX_IRQHandler
                0x00000d6c                UART0_ERR_IRQHandler
                0x00000d70                UART1_RX_TX_IRQHandler
                0x00000d74                UART1_ERR_IRQHandler
                0x00000d78                UART2_RX_TX_IRQHandler
                0x00000d7c                UART2_ERR_IRQHandler
                0x00000d80                UART3_RX_TX_IRQHandler
                0x00000d84                UART3_ERR_IRQHandler
                0x00000d88                SPI2_IRQHandler
                0x00000d8c                UART4_RX_TX_IRQHandler
                0x00000d90                UART4_ERR_IRQHandler
                0x00000d94                UART5_RX_TX_IRQHandler
                0x00000d98                UART5_ERR_IRQHandler
                0x00000d9c                I2C2_IRQHandler
                0x00000da0                CAN0_ORed_Message_buffer_IRQHandler
                0x00000da4                CAN0_Bus_Off_IRQHandler
                0x00000da8                CAN0_Error_IRQHandler
                0x00000dac                CAN0_Tx_Warning_IRQHandler
                0x00000db0                CAN0_Rx_Warning_IRQHandler
                0x00000db4                CAN0_Wake_Up_IRQHandler
                0x00000db8                SDHC_IRQHandler
                0x00000dbc                ENET_1588_Timer_IRQHandler
 .text          0x00000e90      0x110 c:/freescale/kds_v3/toolchain/bin/../lib/gcc/arm-none-eabi/4.8.4/armv7e-m/fpu\libgcc.a(_arm_cmpdf2.o)
                0x00000e90                __gtdf2
                0x00000e90                __gedf2
                0x00000e98                __ltdf2
                0x00000e98                __ledf2
                0x00000ea0                __nedf2
                0x00000ea0                __eqdf2
                0x00000ea0                __cmpdf2
                0x00000f1c                __aeabi_cdrcmple
                0x00000f2c                __aeabi_cdcmpeq
                0x00000f2c                __aeabi_cdcmple
                0x00000f3c                __aeabi_dcmpeq
                0x00000f50                __aeabi_dcmplt
                0x00000f64                __aeabi_dcmple
                0x00000f78                __aeabi_dcmpge
                0x00000f8c                __aeabi_dcmpgt
 *(.text*)
 .text.UART_EnableTx.13330.4340
                0x00000fa0       0x40 C:\Users\ALEJAN~1\AppData\Local\Temp\ccW13HOs.ltrans0.ltrans.o
 .text.UART_EnableRx.13375.4336
                0x00000fe0       0x40 C:\Users\ALEJAN~1\AppData\Local\Temp\ccW13HOs.ltrans0.ltrans.o
 .text.UART_RTOS_Callback.13379.4330
                0x00001020       0xc4 C:\Users\ALEJAN~1\AppData\Local\Temp\ccW13HOs.ltrans0.ltrans.o
 .text.UART_RTOS_Init
                0x000010e4      0x174 C:\Users\ALEJAN~1\AppData\Local\Temp\ccW13HOs.ltrans0.ltrans.o
                0x000010e4                UART_RTOS_Init
 .text.UART_RTOS_Send
                0x00001258       0xb8 C:\Users\ALEJAN~1\AppData\Local\Temp\ccW13HOs.ltrans0.ltrans.o
                0x00001258                UART_RTOS_Send
 .text.UART_RTOS_Receive
                0x00001310      0x144 C:\Users\ALEJAN~1\AppData\Local\Temp\ccW13HOs.ltrans0.ltrans.o
                0x00001310                UART_RTOS_Receive
 .text.BOARD_InitDebugConsole
                0x00001454       0x24 C:\Users\ALEJAN~1\AppData\Local\Temp\ccW13HOs.ltrans0.ltrans.o
                0x00001454                BOARD_InitDebugConsole
 .text.CLOCK_SetSimSafeDivs.13654.4097
                0x00001478       0x20 C:\Users\ALEJAN~1\AppData\Local\Temp\ccW13HOs.ltrans0.ltrans.o
 .text.CLOCK_SetXtal0Freq.13657.4094
                0x00001498       0x1c C:\Users\ALEJAN~1\AppData\Local\Temp\ccW13HOs.ltrans0.ltrans.o
 .text.BOARD_BootClockRUN
                0x000014b4       0x64 C:\Users\ALEJAN~1\AppData\Local\Temp\ccW13HOs.ltrans0.ltrans.o
                0x000014b4                BOARD_BootClockRUN
 .text.BOARD_InitOsc0.4071
                0x00001518       0x30 C:\Users\ALEJAN~1\AppData\Local\Temp\ccW13HOs.ltrans0.ltrans.o
 .text.CLOCK_EnableClock.13761.4065
                0x00001548       0x34 C:\Users\ALEJAN~1\AppData\Local\Temp\ccW13HOs.ltrans0.ltrans.o
 .text.PORT_SetPinConfig.13789.4044
                0x0000157c       0x44 C:\Users\ALEJAN~1\AppData\Local\Temp\ccW13HOs.ltrans0.ltrans.o
 .text.PORT_SetPinMux.13767.4018
                0x000015c0       0x38 C:\Users\ALEJAN~1\AppData\Local\Temp\ccW13HOs.ltrans0.ltrans.o
 .text.BOARD_InitPins
                0x000015f8       0x7c C:\Users\ALEJAN~1\AppData\Local\Temp\ccW13HOs.ltrans0.ltrans.o
                0x000015f8                BOARD_InitPins
 .text.BOARD_I2C_ConfigurePins
                0x00001674       0x70 C:\Users\ALEJAN~1\AppData\Local\Temp\ccW13HOs.ltrans0.ltrans.o
                0x00001674                BOARD_I2C_ConfigurePins
 .text.UART_ClearStatusFlags
                0x000016e4       0x8c C:\Users\ALEJAN~1\AppData\Local\Temp\ccW13HOs.ltrans1.ltrans.o
                0x000016e4                UART_ClearStatusFlags
 .text.UART_WriteBlocking
                0x00001770       0x3c C:\Users\ALEJAN~1\AppData\Local\Temp\ccW13HOs.ltrans1.ltrans.o
                0x00001770                UART_WriteBlocking
 .text.UART_WriteNonBlocking.12917.4296
                0x000017ac       0x54 C:\Users\ALEJAN~1\AppData\Local\Temp\ccW13HOs.ltrans1.ltrans.o
 .text.UART_ReadBlocking
                0x00001800       0xa0 C:\Users\ALEJAN~1\AppData\Local\Temp\ccW13HOs.ltrans1.ltrans.o
                0x00001800                UART_ReadBlocking
 .text.UART_ReadNonBlocking.12927.4286
                0x000018a0       0x54 C:\Users\ALEJAN~1\AppData\Local\Temp\ccW13HOs.ltrans1.ltrans.o
 .text.UART_TransferCreateHandle
                0x000018f4       0x98 C:\Users\ALEJAN~1\AppData\Local\Temp\ccW13HOs.ltrans1.ltrans.o
                0x000018f4                UART_TransferCreateHandle
 .text.UART_TransferStartRingBuffer
                0x0000198c       0x88 C:\Users\ALEJAN~1\AppData\Local\Temp\ccW13HOs.ltrans1.ltrans.o
                0x0000198c                UART_TransferStartRingBuffer
 .text.UART_TransferSendNonBlocking
                0x00001a14       0xc4 C:\Users\ALEJAN~1\AppData\Local\Temp\ccW13HOs.ltrans1.ltrans.o
                0x00001a14                UART_TransferSendNonBlocking
 .text.UART_TransferReceiveNonBlocking
                0x00001ad8      0x1d8 C:\Users\ALEJAN~1\AppData\Local\Temp\ccW13HOs.ltrans1.ltrans.o
                0x00001ad8                UART_TransferReceiveNonBlocking
 .text.UART_TransferAbortReceive
                0x00001cb0       0x6c C:\Users\ALEJAN~1\AppData\Local\Temp\ccW13HOs.ltrans1.ltrans.o
                0x00001cb0                UART_TransferAbortReceive
 .text.UART_TransferHandleIRQ.4233
                0x00001d1c      0x414 C:\Users\ALEJAN~1\AppData\Local\Temp\ccW13HOs.ltrans1.ltrans.o
 .text.UART0_DriverIRQHandler.4203
                0x00002130       0x20 C:\Users\ALEJAN~1\AppData\Local\Temp\ccW13HOs.ltrans1.ltrans.o
 .text.UART0_RX_TX_DriverIRQHandler
                0x00002150        0xc C:\Users\ALEJAN~1\AppData\Local\Temp\ccW13HOs.ltrans1.ltrans.o
                0x00002150                UART0_RX_TX_DriverIRQHandler
 .text.UART1_DriverIRQHandler.4199
                0x0000215c       0x20 C:\Users\ALEJAN~1\AppData\Local\Temp\ccW13HOs.ltrans1.ltrans.o
 .text.UART1_RX_TX_DriverIRQHandler
                0x0000217c        0xc C:\Users\ALEJAN~1\AppData\Local\Temp\ccW13HOs.ltrans1.ltrans.o
                0x0000217c                UART1_RX_TX_DriverIRQHandler
 .text.UART2_DriverIRQHandler.4195
                0x00002188       0x20 C:\Users\ALEJAN~1\AppData\Local\Temp\ccW13HOs.ltrans1.ltrans.o
 .text.UART2_RX_TX_DriverIRQHandler
                0x000021a8        0xc C:\Users\ALEJAN~1\AppData\Local\Temp\ccW13HOs.ltrans1.ltrans.o
                0x000021a8                UART2_RX_TX_DriverIRQHandler
 .text.UART3_DriverIRQHandler.4191
                0x000021b4       0x20 C:\Users\ALEJAN~1\AppData\Local\Temp\ccW13HOs.ltrans1.ltrans.o
 .text.UART3_RX_TX_DriverIRQHandler
                0x000021d4        0xc C:\Users\ALEJAN~1\AppData\Local\Temp\ccW13HOs.ltrans1.ltrans.o
                0x000021d4                UART3_RX_TX_DriverIRQHandler
 .text.UART4_DriverIRQHandler.4187
                0x000021e0       0x20 C:\Users\ALEJAN~1\AppData\Local\Temp\ccW13HOs.ltrans1.ltrans.o
 .text.UART4_RX_TX_DriverIRQHandler
                0x00002200        0xc C:\Users\ALEJAN~1\AppData\Local\Temp\ccW13HOs.ltrans1.ltrans.o
                0x00002200                UART4_RX_TX_DriverIRQHandler
 .text.UART5_DriverIRQHandler.4183
                0x0000220c       0x20 C:\Users\ALEJAN~1\AppData\Local\Temp\ccW13HOs.ltrans1.ltrans.o
 .text.UART5_RX_TX_DriverIRQHandler
                0x0000222c        0xc C:\Users\ALEJAN~1\AppData\Local\Temp\ccW13HOs.ltrans1.ltrans.o
                0x0000222c                UART5_RX_TX_DriverIRQHandler
 .text.SDHC_DriverIRQHandler
                0x00002238       0x44 C:\Users\ALEJAN~1\AppData\Local\Temp\ccW13HOs.ltrans2.ltrans.o
                0x00002238                SDHC_DriverIRQHandler
 .text.NVIC_EnableIRQ.12774.4153
                0x0000227c       0x30 C:\Users\ALEJAN~1\AppData\Local\Temp\ccW13HOs.ltrans2.ltrans.o
 .text.CLOCK_EnableClock.12780.4150
                0x000022ac       0x34 C:\Users\ALEJAN~1\AppData\Local\Temp\ccW13HOs.ltrans2.ltrans.o
 .text.EnableIRQ.12788
                0x000022e0       0x24 C:\Users\ALEJAN~1\AppData\Local\Temp\ccW13HOs.ltrans2.ltrans.o
                0x000022e0                EnableIRQ.12788
 .text.UART_GetInstance
                0x00002304       0x5c C:\Users\ALEJAN~1\AppData\Local\Temp\ccW13HOs.ltrans2.ltrans.o
                0x00002304                UART_GetInstance
 .text.UART_TransferGetRxRingBufferLength.12835
                0x00002360       0x6c C:\Users\ALEJAN~1\AppData\Local\Temp\ccW13HOs.ltrans2.ltrans.o
                0x00002360                UART_TransferGetRxRingBufferLength.12835
 .text.UART_TransferIsRxRingBufferFull.12861
                0x000023cc       0x4c C:\Users\ALEJAN~1\AppData\Local\Temp\ccW13HOs.ltrans2.ltrans.o
                0x000023cc                UART_TransferIsRxRingBufferFull.12861
 .text.UART_Init
                0x00002418      0x2d8 C:\Users\ALEJAN~1\AppData\Local\Temp\ccW13HOs.ltrans2.ltrans.o
                0x00002418                UART_Init
 .text.UART_GetDefaultConfig
                0x000026f0       0x5c C:\Users\ALEJAN~1\AppData\Local\Temp\ccW13HOs.ltrans2.ltrans.o
                0x000026f0                UART_GetDefaultConfig
 .text.UART_EnableInterrupts
                0x0000274c       0x70 C:\Users\ALEJAN~1\AppData\Local\Temp\ccW13HOs.ltrans2.ltrans.o
                0x0000274c                UART_EnableInterrupts
 .text.UART_DisableInterrupts
                0x000027bc       0x80 C:\Users\ALEJAN~1\AppData\Local\Temp\ccW13HOs.ltrans2.ltrans.o
                0x000027bc                UART_DisableInterrupts
 .text.UART_GetStatusFlags
                0x0000283c       0x48 C:\Users\ALEJAN~1\AppData\Local\Temp\ccW13HOs.ltrans2.ltrans.o
                0x0000283c                UART_GetStatusFlags
 .text.I2S0_Tx_DriverIRQHandler
                0x00002884       0x44 C:\Users\ALEJAN~1\AppData\Local\Temp\ccW13HOs.ltrans4.ltrans.o
                0x00002884                I2S0_Tx_DriverIRQHandler
 .text.I2S0_Rx_DriverIRQHandler
                0x000028c8       0x44 C:\Users\ALEJAN~1\AppData\Local\Temp\ccW13HOs.ltrans4.ltrans.o
                0x000028c8                I2S0_Rx_DriverIRQHandler
 .text.I2C_MasterGetStatusFlags
                0x0000290c       0x4c C:\Users\ALEJAN~1\AppData\Local\Temp\ccW13HOs.ltrans7.ltrans.o
                0x0000290c                I2C_MasterGetStatusFlags
 .text.I2C_MasterTransferCreateHandle
                0x00002958       0x84 C:\Users\ALEJAN~1\AppData\Local\Temp\ccW13HOs.ltrans7.ltrans.o
                0x00002958                I2C_MasterTransferCreateHandle
 .text.I2C_MasterTransferHandleIRQ.4244
                0x000029dc       0xc0 C:\Users\ALEJAN~1\AppData\Local\Temp\ccW13HOs.ltrans7.ltrans.o
 .text.I2C0_DriverIRQHandler
                0x00002a9c       0x1c C:\Users\ALEJAN~1\AppData\Local\Temp\ccW13HOs.ltrans7.ltrans.o
                0x00002a9c                I2C0_DriverIRQHandler
 .text.I2C1_DriverIRQHandler
                0x00002ab8       0x1c C:\Users\ALEJAN~1\AppData\Local\Temp\ccW13HOs.ltrans7.ltrans.o
                0x00002ab8                I2C1_DriverIRQHandler
 .text.I2C2_DriverIRQHandler
                0x00002ad4       0x1c C:\Users\ALEJAN~1\AppData\Local\Temp\ccW13HOs.ltrans7.ltrans.o
                0x00002ad4                I2C2_DriverIRQHandler
 .text.NVIC_EnableIRQ.10291.4159
                0x00002af0       0x30 C:\Users\ALEJAN~1\AppData\Local\Temp\ccW13HOs.ltrans8.ltrans.o
 .text.CLOCK_EnableClock.10297
                0x00002b20       0x34 C:\Users\ALEJAN~1\AppData\Local\Temp\ccW13HOs.ltrans8.ltrans.o
                0x00002b20                CLOCK_EnableClock.10297
 .text.EnableIRQ.10305
                0x00002b54       0x24 C:\Users\ALEJAN~1\AppData\Local\Temp\ccW13HOs.ltrans8.ltrans.o
                0x00002b54                EnableIRQ.10305
 .text.I2C_MasterClearStatusFlags.10329
                0x00002b78       0x58 C:\Users\ALEJAN~1\AppData\Local\Temp\ccW13HOs.ltrans8.ltrans.o
                0x00002b78                I2C_MasterClearStatusFlags.10329
 .text.I2C_GetInstance
                0x00002bd0       0x54 C:\Users\ALEJAN~1\AppData\Local\Temp\ccW13HOs.ltrans8.ltrans.o
                0x00002bd0                I2C_GetInstance
 .text.I2C_CheckAndClearError.10347
                0x00002c24       0x44 C:\Users\ALEJAN~1\AppData\Local\Temp\ccW13HOs.ltrans8.ltrans.o
                0x00002c24                I2C_CheckAndClearError.10347
 .text.I2C_MasterTransferRunStateMachine.10430
                0x00002c68      0x24c C:\Users\ALEJAN~1\AppData\Local\Temp\ccW13HOs.ltrans8.ltrans.o
                0x00002c68                I2C_MasterTransferRunStateMachine.10430
 .text.I2C_TransferCommonIRQHandler.10354
                0x00002eb4       0x50 C:\Users\ALEJAN~1\AppData\Local\Temp\ccW13HOs.ltrans8.ltrans.o
                0x00002eb4                I2C_TransferCommonIRQHandler.10354
 .text.I2C_MasterInit
                0x00002f04       0xe8 C:\Users\ALEJAN~1\AppData\Local\Temp\ccW13HOs.ltrans8.ltrans.o
                0x00002f04                I2C_MasterInit
 .text.I2C_MasterGetDefaultConfig
                0x00002fec       0x50 C:\Users\ALEJAN~1\AppData\Local\Temp\ccW13HOs.ltrans8.ltrans.o
                0x00002fec                I2C_MasterGetDefaultConfig
 .text.I2C_DisableInterrupts
                0x0000303c       0x48 C:\Users\ALEJAN~1\AppData\Local\Temp\ccW13HOs.ltrans8.ltrans.o
                0x0000303c                I2C_DisableInterrupts
 .text.I2C_MasterSetBaudRate.4050
                0x00003084       0xd8 C:\Users\ALEJAN~1\AppData\Local\Temp\ccW13HOs.ltrans8.ltrans.o
 .text.I2C_MasterRepeatedStart
                0x0000315c       0x9c C:\Users\ALEJAN~1\AppData\Local\Temp\ccW13HOs.ltrans8.ltrans.o
                0x0000315c                I2C_MasterRepeatedStart
 .text.I2C_MasterStop
                0x000031f8       0x58 C:\Users\ALEJAN~1\AppData\Local\Temp\ccW13HOs.ltrans8.ltrans.o
                0x000031f8                I2C_MasterStop
 .text.CAN0_DriverIRQHandler
                0x00003250       0x44 C:\Users\ALEJAN~1\AppData\Local\Temp\ccW13HOs.ltrans9.ltrans.o
                0x00003250                CAN0_DriverIRQHandler
 .text.ENET_Transmit_IRQHandler
                0x00003294       0x20 C:\Users\ALEJAN~1\AppData\Local\Temp\ccW13HOs.ltrans11.ltrans.o
                0x00003294                ENET_Transmit_IRQHandler
 .text.ENET_Receive_IRQHandler
                0x000032b4       0x20 C:\Users\ALEJAN~1\AppData\Local\Temp\ccW13HOs.ltrans11.ltrans.o
                0x000032b4                ENET_Receive_IRQHandler
 .text.ENET_Error_IRQHandler
                0x000032d4       0x20 C:\Users\ALEJAN~1\AppData\Local\Temp\ccW13HOs.ltrans11.ltrans.o
                0x000032d4                ENET_Error_IRQHandler
 .text.DMA0_DriverIRQHandler
                0x000032f4       0x14 C:\Users\ALEJAN~1\AppData\Local\Temp\ccW13HOs.ltrans12.ltrans.o
                0x000032f4                DMA0_DriverIRQHandler
 .text.DMA1_DriverIRQHandler
                0x00003308       0x14 C:\Users\ALEJAN~1\AppData\Local\Temp\ccW13HOs.ltrans12.ltrans.o
                0x00003308                DMA1_DriverIRQHandler
 .text.DMA2_DriverIRQHandler
                0x0000331c       0x14 C:\Users\ALEJAN~1\AppData\Local\Temp\ccW13HOs.ltrans12.ltrans.o
                0x0000331c                DMA2_DriverIRQHandler
 .text.DMA3_DriverIRQHandler
                0x00003330       0x14 C:\Users\ALEJAN~1\AppData\Local\Temp\ccW13HOs.ltrans12.ltrans.o
                0x00003330                DMA3_DriverIRQHandler
 .text.DMA4_DriverIRQHandler
                0x00003344       0x14 C:\Users\ALEJAN~1\AppData\Local\Temp\ccW13HOs.ltrans12.ltrans.o
                0x00003344                DMA4_DriverIRQHandler
 .text.DMA5_DriverIRQHandler
                0x00003358       0x14 C:\Users\ALEJAN~1\AppData\Local\Temp\ccW13HOs.ltrans12.ltrans.o
                0x00003358                DMA5_DriverIRQHandler
 .text.DMA6_DriverIRQHandler
                0x0000336c       0x14 C:\Users\ALEJAN~1\AppData\Local\Temp\ccW13HOs.ltrans12.ltrans.o
                0x0000336c                DMA6_DriverIRQHandler
 .text.DMA7_DriverIRQHandler
                0x00003380       0x14 C:\Users\ALEJAN~1\AppData\Local\Temp\ccW13HOs.ltrans12.ltrans.o
                0x00003380                DMA7_DriverIRQHandler
 .text.DMA8_DriverIRQHandler
                0x00003394       0x14 C:\Users\ALEJAN~1\AppData\Local\Temp\ccW13HOs.ltrans12.ltrans.o
                0x00003394                DMA8_DriverIRQHandler
 .text.DMA9_DriverIRQHandler
                0x000033a8       0x14 C:\Users\ALEJAN~1\AppData\Local\Temp\ccW13HOs.ltrans12.ltrans.o
                0x000033a8                DMA9_DriverIRQHandler
 .text.DMA10_DriverIRQHandler
                0x000033bc       0x14 C:\Users\ALEJAN~1\AppData\Local\Temp\ccW13HOs.ltrans12.ltrans.o
                0x000033bc                DMA10_DriverIRQHandler
 .text.DMA11_DriverIRQHandler
                0x000033d0       0x14 C:\Users\ALEJAN~1\AppData\Local\Temp\ccW13HOs.ltrans12.ltrans.o
                0x000033d0                DMA11_DriverIRQHandler
 .text.DMA12_DriverIRQHandler
                0x000033e4       0x14 C:\Users\ALEJAN~1\AppData\Local\Temp\ccW13HOs.ltrans12.ltrans.o
                0x000033e4                DMA12_DriverIRQHandler
 .text.DMA13_DriverIRQHandler
                0x000033f8       0x14 C:\Users\ALEJAN~1\AppData\Local\Temp\ccW13HOs.ltrans12.ltrans.o
                0x000033f8                DMA13_DriverIRQHandler
 .text.DMA14_DriverIRQHandler
                0x0000340c       0x14 C:\Users\ALEJAN~1\AppData\Local\Temp\ccW13HOs.ltrans12.ltrans.o
                0x0000340c                DMA14_DriverIRQHandler
 .text.DMA15_DriverIRQHandler
                0x00003420       0x14 C:\Users\ALEJAN~1\AppData\Local\Temp\ccW13HOs.ltrans12.ltrans.o
                0x00003420                DMA15_DriverIRQHandler
 .text.EDMA_HandleIRQ
                0x00003434      0x15c C:\Users\ALEJAN~1\AppData\Local\Temp\ccW13HOs.ltrans13.ltrans.o
                0x00003434                EDMA_HandleIRQ
 .text.DSPI_CommonIRQHandler.7653.4272
                0x00003590       0x3c C:\Users\ALEJAN~1\AppData\Local\Temp\ccW13HOs.ltrans15.ltrans.o
 .text.SPI0_DriverIRQHandler
                0x000035cc       0x3c C:\Users\ALEJAN~1\AppData\Local\Temp\ccW13HOs.ltrans15.ltrans.o
                0x000035cc                SPI0_DriverIRQHandler
 .text.SPI1_DriverIRQHandler
                0x00003608       0x3c C:\Users\ALEJAN~1\AppData\Local\Temp\ccW13HOs.ltrans15.ltrans.o
                0x00003608                SPI1_DriverIRQHandler
 .text.SPI2_DriverIRQHandler
                0x00003644       0x3c C:\Users\ALEJAN~1\AppData\Local\Temp\ccW13HOs.ltrans15.ltrans.o
                0x00003644                SPI2_DriverIRQHandler
 .text.__assert_func
                0x00003680       0x28 C:\Users\ALEJAN~1\AppData\Local\Temp\ccW13HOs.ltrans17.ltrans.o
                0x00003680                __assert_func
 .text.DSPI_IsMaster.7395
                0x000036a8       0x1c C:\Users\ALEJAN~1\AppData\Local\Temp\ccW13HOs.ltrans17.ltrans.o
                0x000036a8                DSPI_IsMaster.7395
 .text.CLOCK_BootToPeeMode
                0x000036c4       0x70 C:\Users\ALEJAN~1\AppData\Local\Temp\ccW13HOs.ltrans18.ltrans.o
                0x000036c4                CLOCK_BootToPeeMode
 .text.CLOCK_SetSimConfig
                0x00003734       0x34 C:\Users\ALEJAN~1\AppData\Local\Temp\ccW13HOs.ltrans19.ltrans.o
                0x00003734                CLOCK_SetSimConfig
 .text.CLOCK_GetOutClkFreq
                0x00003768       0x64 C:\Users\ALEJAN~1\AppData\Local\Temp\ccW13HOs.ltrans19.ltrans.o
                0x00003768                CLOCK_GetOutClkFreq
 .text.CLOCK_GetFllFreq
                0x000037cc       0x74 C:\Users\ALEJAN~1\AppData\Local\Temp\ccW13HOs.ltrans19.ltrans.o
                0x000037cc                CLOCK_GetFllFreq
 .text.CLOCK_GetInternalRefClkFreq
                0x00003840       0x24 C:\Users\ALEJAN~1\AppData\Local\Temp\ccW13HOs.ltrans19.ltrans.o
                0x00003840                CLOCK_GetInternalRefClkFreq
 .text.CLOCK_GetFixedFreqClkFreq
                0x00003864       0x30 C:\Users\ALEJAN~1\AppData\Local\Temp\ccW13HOs.ltrans19.ltrans.o
                0x00003864                CLOCK_GetFixedFreqClkFreq
 .text.CLOCK_GetPll0Freq
                0x00003894       0x78 C:\Users\ALEJAN~1\AppData\Local\Temp\ccW13HOs.ltrans19.ltrans.o
                0x00003894                CLOCK_GetPll0Freq
 .text.CLOCK_SetExternalRefClkConfig
                0x0000390c       0x90 C:\Users\ALEJAN~1\AppData\Local\Temp\ccW13HOs.ltrans19.ltrans.o
                0x0000390c                CLOCK_SetExternalRefClkConfig
 .text.CLOCK_SetInternalRefClkConfig
                0x0000399c      0x100 C:\Users\ALEJAN~1\AppData\Local\Temp\ccW13HOs.ltrans19.ltrans.o
                0x0000399c                CLOCK_SetInternalRefClkConfig
 .text.CLOCK_EnablePll0
                0x00003a9c       0x90 C:\Users\ALEJAN~1\AppData\Local\Temp\ccW13HOs.ltrans19.ltrans.o
                0x00003a9c                CLOCK_EnablePll0
 .text.CLOCK_InitOsc0
                0x00003b2c       0x88 C:\Users\ALEJAN~1\AppData\Local\Temp\ccW13HOs.ltrans19.ltrans.o
                0x00003b2c                CLOCK_InitOsc0
 .text.CLOCK_SetPbeMode
                0x00003bb4       0xb0 C:\Users\ALEJAN~1\AppData\Local\Temp\ccW13HOs.ltrans19.ltrans.o
                0x00003bb4                CLOCK_SetPbeMode
 .text.prvProcessTimerOrBlockTask.6020
                0x00003c64       0x9c C:\Users\ALEJAN~1\AppData\Local\Temp\ccW13HOs.ltrans20.ltrans.o
                0x00003c64                prvProcessTimerOrBlockTask.6020
 .text.prvGetNextExpireTime.5983
                0x00003d00       0x48 C:\Users\ALEJAN~1\AppData\Local\Temp\ccW13HOs.ltrans20.ltrans.o
                0x00003d00                prvGetNextExpireTime.5983
 .text.prvSampleTimeNow.6017.4270
                0x00003d48       0x40 C:\Users\ALEJAN~1\AppData\Local\Temp\ccW13HOs.ltrans20.ltrans.o
 .text.prvInsertTimerInActiveList.5986
                0x00003d88       0x84 C:\Users\ALEJAN~1\AppData\Local\Temp\ccW13HOs.ltrans20.ltrans.o
                0x00003d88                prvInsertTimerInActiveList.5986
 .text.prvProcessReceivedCommands.6024
                0x00003e0c      0x15c C:\Users\ALEJAN~1\AppData\Local\Temp\ccW13HOs.ltrans20.ltrans.o
                0x00003e0c                prvProcessReceivedCommands.6024
 .text.prvSwitchTimerLists.6015.4240
                0x00003f68       0xc0 C:\Users\ALEJAN~1\AppData\Local\Temp\ccW13HOs.ltrans20.ltrans.o
 .text.prvCheckForValidListAndQueue.6029
                0x00004028       0x6c C:\Users\ALEJAN~1\AppData\Local\Temp\ccW13HOs.ltrans20.ltrans.o
                0x00004028                prvCheckForValidListAndQueue.6029
 .text.xTimerPendFunctionCallFromISR
                0x00004094       0x44 C:\Users\ALEJAN~1\AppData\Local\Temp\ccW13HOs.ltrans20.ltrans.o
                0x00004094                xTimerPendFunctionCallFromISR
 .text.CLOCK_SetEr32kClock.6308
                0x000040d8       0x2c C:\Users\ALEJAN~1\AppData\Local\Temp\ccW13HOs.ltrans20.ltrans.o
                0x000040d8                CLOCK_SetEr32kClock.6308
 .text.CLOCK_SetPllFllSelClock.6313
                0x00004104       0x38 C:\Users\ALEJAN~1\AppData\Local\Temp\ccW13HOs.ltrans20.ltrans.o
                0x00004104                CLOCK_SetPllFllSelClock.6313
 .text.OSC_SetExtRefClkConfig.6316
                0x0000413c       0x34 C:\Users\ALEJAN~1\AppData\Local\Temp\ccW13HOs.ltrans20.ltrans.o
                0x0000413c                OSC_SetExtRefClkConfig.6316
 .text.OSC_SetCapLoad.6328
                0x00004170       0x34 C:\Users\ALEJAN~1\AppData\Local\Temp\ccW13HOs.ltrans20.ltrans.o
                0x00004170                OSC_SetCapLoad.6328
 .text.CLOCK_GetMcgExtClkFreq.6334
                0x000041a4       0x8c C:\Users\ALEJAN~1\AppData\Local\Temp\ccW13HOs.ltrans20.ltrans.o
                0x000041a4                CLOCK_GetMcgExtClkFreq.6334
 .text.CLOCK_GetFllExtRefClkFreq.6336.4052
                0x00004230       0xc8 C:\Users\ALEJAN~1\AppData\Local\Temp\ccW13HOs.ltrans20.ltrans.o
 .text.CLOCK_GetInternalRefClkSelectFreq.6338
                0x000042f8       0x44 C:\Users\ALEJAN~1\AppData\Local\Temp\ccW13HOs.ltrans20.ltrans.o
                0x000042f8                CLOCK_GetInternalRefClkSelectFreq.6338
 .text.CLOCK_GetFllRefClkFreq.6340
                0x0000433c       0x2c C:\Users\ALEJAN~1\AppData\Local\Temp\ccW13HOs.ltrans20.ltrans.o
                0x0000433c                CLOCK_GetFllRefClkFreq.6340
 .text.CLOCK_GetPll0RefFreq.6342
                0x00004368       0x10 C:\Users\ALEJAN~1\AppData\Local\Temp\ccW13HOs.ltrans20.ltrans.o
                0x00004368                CLOCK_GetPll0RefFreq.6342
 .text.CLOCK_GetOscRangeFromFreq.6344
                0x00004378       0x3c C:\Users\ALEJAN~1\AppData\Local\Temp\ccW13HOs.ltrans20.ltrans.o
                0x00004378                CLOCK_GetOscRangeFromFreq.6344
 .text.CLOCK_GetOsc0ErClkFreq.4037
                0x000043b4       0x48 C:\Users\ALEJAN~1\AppData\Local\Temp\ccW13HOs.ltrans20.ltrans.o
 .text.CLOCK_GetEr32kClkFreq.4035
                0x000043fc       0x7c C:\Users\ALEJAN~1\AppData\Local\Temp\ccW13HOs.ltrans20.ltrans.o
 .text.CLOCK_GetPllFllSelClkFreq.4033
                0x00004478       0x50 C:\Users\ALEJAN~1\AppData\Local\Temp\ccW13HOs.ltrans20.ltrans.o
 .text.CLOCK_GetCoreSysClkFreq
                0x000044c8       0x24 C:\Users\ALEJAN~1\AppData\Local\Temp\ccW13HOs.ltrans20.ltrans.o
                0x000044c8                CLOCK_GetCoreSysClkFreq
 .text.CLOCK_GetFreq
                0x000044ec      0x140 C:\Users\ALEJAN~1\AppData\Local\Temp\ccW13HOs.ltrans20.ltrans.o
                0x000044ec                CLOCK_GetFreq
 .text.xTaskIncrementTick
                0x0000462c      0x160 C:\Users\ALEJAN~1\AppData\Local\Temp\ccW13HOs.ltrans21.ltrans.o
                0x0000462c                xTaskIncrementTick
 .text.vTaskSwitchContext
                0x0000478c       0xb4 C:\Users\ALEJAN~1\AppData\Local\Temp\ccW13HOs.ltrans21.ltrans.o
                0x0000478c                vTaskSwitchContext
 .text.vTaskPlaceOnEventList
                0x00004840       0x44 C:\Users\ALEJAN~1\AppData\Local\Temp\ccW13HOs.ltrans21.ltrans.o
                0x00004840                vTaskPlaceOnEventList
 .text.vTaskPlaceOnUnorderedEventList
                0x00004884       0x74 C:\Users\ALEJAN~1\AppData\Local\Temp\ccW13HOs.ltrans21.ltrans.o
                0x00004884                vTaskPlaceOnUnorderedEventList
 .text.vTaskPlaceOnEventListRestricted
                0x000048f8       0x54 C:\Users\ALEJAN~1\AppData\Local\Temp\ccW13HOs.ltrans21.ltrans.o
                0x000048f8                vTaskPlaceOnEventListRestricted
 .text.xTaskRemoveFromEventList
                0x0000494c       0xc4 C:\Users\ALEJAN~1\AppData\Local\Temp\ccW13HOs.ltrans21.ltrans.o
                0x0000494c                xTaskRemoveFromEventList
 .text.xTaskRemoveFromUnorderedEventList
                0x00004a10       0xcc C:\Users\ALEJAN~1\AppData\Local\Temp\ccW13HOs.ltrans21.ltrans.o
                0x00004a10                xTaskRemoveFromUnorderedEventList
 .text.vTaskSetTimeOutState
                0x00004adc       0x44 C:\Users\ALEJAN~1\AppData\Local\Temp\ccW13HOs.ltrans21.ltrans.o
                0x00004adc                vTaskSetTimeOutState
 .text.xTaskCheckForTimeOut
                0x00004b20       0xbc C:\Users\ALEJAN~1\AppData\Local\Temp\ccW13HOs.ltrans21.ltrans.o
                0x00004b20                xTaskCheckForTimeOut
 .text.vTaskMissedYield
                0x00004bdc       0x18 C:\Users\ALEJAN~1\AppData\Local\Temp\ccW13HOs.ltrans21.ltrans.o
                0x00004bdc                vTaskMissedYield
 .text.prvIdleTask.5741
                0x00004bf4       0x30 C:\Users\ALEJAN~1\AppData\Local\Temp\ccW13HOs.ltrans21.ltrans.o
                0x00004bf4                prvIdleTask.5741
 .text.prvInitialiseTaskLists.5724
                0x00004c24       0x7c C:\Users\ALEJAN~1\AppData\Local\Temp\ccW13HOs.ltrans21.ltrans.o
                0x00004c24                prvInitialiseTaskLists.5724
 .text.prvCheckTasksWaitingTermination.5762.4209
                0x00004ca0       0x74 C:\Users\ALEJAN~1\AppData\Local\Temp\ccW13HOs.ltrans21.ltrans.o
 .text.prvDeleteTCB.5747
                0x00004d14       0x20 C:\Users\ALEJAN~1\AppData\Local\Temp\ccW13HOs.ltrans21.ltrans.o
                0x00004d14                prvDeleteTCB.5747
 .text.prvResetNextTaskUnblockTime.5750
                0x00004d34       0x48 C:\Users\ALEJAN~1\AppData\Local\Temp\ccW13HOs.ltrans21.ltrans.o
                0x00004d34                prvResetNextTaskUnblockTime.5750
 .text.xTaskGetCurrentTaskHandle
                0x00004d7c       0x20 C:\Users\ALEJAN~1\AppData\Local\Temp\ccW13HOs.ltrans21.ltrans.o
                0x00004d7c                xTaskGetCurrentTaskHandle
 .text.xTaskGetSchedulerState
                0x00004d9c       0x3c C:\Users\ALEJAN~1\AppData\Local\Temp\ccW13HOs.ltrans21.ltrans.o
                0x00004d9c                xTaskGetSchedulerState
 .text.vTaskPriorityInherit
                0x00004dd8       0xec C:\Users\ALEJAN~1\AppData\Local\Temp\ccW13HOs.ltrans21.ltrans.o
                0x00004dd8                vTaskPriorityInherit
 .text.xTaskPriorityDisinherit
                0x00004ec4      0x108 C:\Users\ALEJAN~1\AppData\Local\Temp\ccW13HOs.ltrans21.ltrans.o
                0x00004ec4                xTaskPriorityDisinherit
 .text.uxTaskResetEventItemValue
                0x00004fcc       0x30 C:\Users\ALEJAN~1\AppData\Local\Temp\ccW13HOs.ltrans21.ltrans.o
                0x00004fcc                uxTaskResetEventItemValue
 .text.pvTaskIncrementMutexHeldCount
                0x00004ffc       0x28 C:\Users\ALEJAN~1\AppData\Local\Temp\ccW13HOs.ltrans21.ltrans.o
                0x00004ffc                pvTaskIncrementMutexHeldCount
 .text.prvAddCurrentTaskToDelayedList.5827
                0x00005024       0xc8 C:\Users\ALEJAN~1\AppData\Local\Temp\ccW13HOs.ltrans21.ltrans.o
                0x00005024                prvAddCurrentTaskToDelayedList.5827
 .text.xTimerCreateTimerTask
                0x000050ec       0x64 C:\Users\ALEJAN~1\AppData\Local\Temp\ccW13HOs.ltrans21.ltrans.o
                0x000050ec                xTimerCreateTimerTask
 .text.xTimerGenericCommand
                0x00005150       0xa4 C:\Users\ALEJAN~1\AppData\Local\Temp\ccW13HOs.ltrans21.ltrans.o
                0x00005150                xTimerGenericCommand
 .text.prvProcessExpiredTimer.6011
                0x000051f4       0x80 C:\Users\ALEJAN~1\AppData\Local\Temp\ccW13HOs.ltrans21.ltrans.o
                0x000051f4                prvProcessExpiredTimer.6011
 .text.prvTimerTask.6026.4013
                0x00005274       0x24 C:\Users\ALEJAN~1\AppData\Local\Temp\ccW13HOs.ltrans21.ltrans.o
 .text.vQueueDelete
                0x00005298       0x38 C:\Users\ALEJAN~1\AppData\Local\Temp\ccW13HOs.ltrans22.ltrans.o
                0x00005298                vQueueDelete
 .text.prvCopyDataToQueue.5440
                0x000052d0       0xd8 C:\Users\ALEJAN~1\AppData\Local\Temp\ccW13HOs.ltrans22.ltrans.o
                0x000052d0                prvCopyDataToQueue.5440
 .text.prvCopyDataFromQueue.5451
                0x000053a8       0x4c C:\Users\ALEJAN~1\AppData\Local\Temp\ccW13HOs.ltrans22.ltrans.o
                0x000053a8                prvCopyDataFromQueue.5451
 .text.prvUnlockQueue.5464
                0x000053f4       0x98 C:\Users\ALEJAN~1\AppData\Local\Temp\ccW13HOs.ltrans22.ltrans.o
                0x000053f4                prvUnlockQueue.5464
 .text.prvIsQueueEmpty.5467
                0x0000548c       0x2c C:\Users\ALEJAN~1\AppData\Local\Temp\ccW13HOs.ltrans22.ltrans.o
                0x0000548c                prvIsQueueEmpty.5467
 .text.prvIsQueueFull.5483
                0x000054b8       0x30 C:\Users\ALEJAN~1\AppData\Local\Temp\ccW13HOs.ltrans22.ltrans.o
                0x000054b8                prvIsQueueFull.5483
 .text.vQueueAddToRegistry
                0x000054e8       0x50 C:\Users\ALEJAN~1\AppData\Local\Temp\ccW13HOs.ltrans22.ltrans.o
                0x000054e8                vQueueAddToRegistry
 .text.vQueueUnregisterQueue.4171
                0x00005538       0x50 C:\Users\ALEJAN~1\AppData\Local\Temp\ccW13HOs.ltrans22.ltrans.o
 .text.vQueueWaitForMessageRestricted
                0x00005588       0x6c C:\Users\ALEJAN~1\AppData\Local\Temp\ccW13HOs.ltrans22.ltrans.o
                0x00005588                vQueueWaitForMessageRestricted
 .text.xTaskCreate
                0x000055f4       0x84 C:\Users\ALEJAN~1\AppData\Local\Temp\ccW13HOs.ltrans22.ltrans.o
                0x000055f4                xTaskCreate
 .text.prvInitialiseNewTask.5589.4136
                0x00005678      0x124 C:\Users\ALEJAN~1\AppData\Local\Temp\ccW13HOs.ltrans22.ltrans.o
 .text.prvAddNewTaskToReadyList.5726.4104
                0x0000579c       0xdc C:\Users\ALEJAN~1\AppData\Local\Temp\ccW13HOs.ltrans22.ltrans.o
 .text.vTaskDelete
                0x00005878      0x11c C:\Users\ALEJAN~1\AppData\Local\Temp\ccW13HOs.ltrans22.ltrans.o
                0x00005878                vTaskDelete
 .text.vTaskDelay
                0x00005994       0x64 C:\Users\ALEJAN~1\AppData\Local\Temp\ccW13HOs.ltrans22.ltrans.o
                0x00005994                vTaskDelay
 .text.vTaskSuspend
                0x000059f8      0x10c C:\Users\ALEJAN~1\AppData\Local\Temp\ccW13HOs.ltrans22.ltrans.o
                0x000059f8                vTaskSuspend
 .text.prvTaskIsTaskSuspended.5653.4074
                0x00005b04       0x74 C:\Users\ALEJAN~1\AppData\Local\Temp\ccW13HOs.ltrans22.ltrans.o
 .text.vTaskResume
                0x00005b78       0xb8 C:\Users\ALEJAN~1\AppData\Local\Temp\ccW13HOs.ltrans22.ltrans.o
                0x00005b78                vTaskResume
 .text.vTaskStartScheduler
                0x00005c30       0x94 C:\Users\ALEJAN~1\AppData\Local\Temp\ccW13HOs.ltrans22.ltrans.o
                0x00005c30                vTaskStartScheduler
 .text.vTaskSuspendAll
                0x00005cc4       0x1c C:\Users\ALEJAN~1\AppData\Local\Temp\ccW13HOs.ltrans22.ltrans.o
                0x00005cc4                vTaskSuspendAll
 .text.xTaskResumeAll
                0x00005ce0      0x138 C:\Users\ALEJAN~1\AppData\Local\Temp\ccW13HOs.ltrans22.ltrans.o
                0x00005ce0                xTaskResumeAll
 .text.xTaskGetTickCount
                0x00005e18       0x20 C:\Users\ALEJAN~1\AppData\Local\Temp\ccW13HOs.ltrans22.ltrans.o
                0x00005e18                xTaskGetTickCount
 .text.vPortEnterCritical
                0x00005e38       0x5c C:\Users\ALEJAN~1\AppData\Local\Temp\ccW13HOs.ltrans23.ltrans.o
                0x00005e38                vPortEnterCritical
 .text.vPortExitCritical
                0x00005e94       0x4c C:\Users\ALEJAN~1\AppData\Local\Temp\ccW13HOs.ltrans23.ltrans.o
                0x00005e94                vPortExitCritical
 .text.PendSV_Handler
                0x00005ee0       0x70 C:\Users\ALEJAN~1\AppData\Local\Temp\ccW13HOs.ltrans23.ltrans.o
                0x00005ee0                PendSV_Handler
 .text.SysTick_Handler
                0x00005f50       0x40 C:\Users\ALEJAN~1\AppData\Local\Temp\ccW13HOs.ltrans23.ltrans.o
                0x00005f50                SysTick_Handler
 .text.vPortEnableVFP.5169
                0x00005f90       0x14 C:\Users\ALEJAN~1\AppData\Local\Temp\ccW13HOs.ltrans23.ltrans.o
                0x00005f90                vPortEnableVFP.5169
 .text.vPortValidateInterruptPriority
                0x00005fa4       0x78 C:\Users\ALEJAN~1\AppData\Local\Temp\ccW13HOs.ltrans23.ltrans.o
                0x00005fa4                vPortValidateInterruptPriority
 .text.xEventGroupCreate
                0x0000601c       0x30 C:\Users\ALEJAN~1\AppData\Local\Temp\ccW13HOs.ltrans23.ltrans.o
                0x0000601c                xEventGroupCreate
 .text.xEventGroupWaitBits
                0x0000604c      0x194 C:\Users\ALEJAN~1\AppData\Local\Temp\ccW13HOs.ltrans23.ltrans.o
                0x0000604c                xEventGroupWaitBits
 .text.xEventGroupClearBits
                0x000061e0       0x6c C:\Users\ALEJAN~1\AppData\Local\Temp\ccW13HOs.ltrans23.ltrans.o
                0x000061e0                xEventGroupClearBits
 .text.xEventGroupSetBits.4178
                0x0000624c      0x114 C:\Users\ALEJAN~1\AppData\Local\Temp\ccW13HOs.ltrans23.ltrans.o
 .text.vEventGroupDelete
                0x00006360       0x60 C:\Users\ALEJAN~1\AppData\Local\Temp\ccW13HOs.ltrans23.ltrans.o
                0x00006360                vEventGroupDelete
 .text.vEventGroupSetBitsCallback.4161
                0x000063c0       0x18 C:\Users\ALEJAN~1\AppData\Local\Temp\ccW13HOs.ltrans23.ltrans.o
 .text.prvTestWaitCondition.5234.4166
                0x000063d8       0x44 C:\Users\ALEJAN~1\AppData\Local\Temp\ccW13HOs.ltrans23.ltrans.o
 .text.xEventGroupSetBitsFromISR
                0x0000641c       0x28 C:\Users\ALEJAN~1\AppData\Local\Temp\ccW13HOs.ltrans23.ltrans.o
                0x0000641c                xEventGroupSetBitsFromISR
 .text.vListInitialise
                0x00006444       0x40 C:\Users\ALEJAN~1\AppData\Local\Temp\ccW13HOs.ltrans23.ltrans.o
                0x00006444                vListInitialise
 .text.vListInitialiseItem
                0x00006484       0x18 C:\Users\ALEJAN~1\AppData\Local\Temp\ccW13HOs.ltrans23.ltrans.o
                0x00006484                vListInitialiseItem
 .text.vListInsertEnd
                0x0000649c       0x48 C:\Users\ALEJAN~1\AppData\Local\Temp\ccW13HOs.ltrans23.ltrans.o
                0x0000649c                vListInsertEnd
 .text.vListInsert
                0x000064e4       0x70 C:\Users\ALEJAN~1\AppData\Local\Temp\ccW13HOs.ltrans23.ltrans.o
                0x000064e4                vListInsert
 .text.uxListRemove
                0x00006554       0x54 C:\Users\ALEJAN~1\AppData\Local\Temp\ccW13HOs.ltrans23.ltrans.o
                0x00006554                uxListRemove
 .text.xQueueGenericReset.4129
                0x000065a8       0xd0 C:\Users\ALEJAN~1\AppData\Local\Temp\ccW13HOs.ltrans23.ltrans.o
 .text.xQueueGenericCreate
                0x00006678       0x70 C:\Users\ALEJAN~1\AppData\Local\Temp\ccW13HOs.ltrans23.ltrans.o
                0x00006678                xQueueGenericCreate
 .text.prvInitialiseNewQueue.5357.4117
                0x000066e8       0x44 C:\Users\ALEJAN~1\AppData\Local\Temp\ccW13HOs.ltrans23.ltrans.o
 .text.prvInitialiseMutex.5492.4074
                0x0000672c       0x34 C:\Users\ALEJAN~1\AppData\Local\Temp\ccW13HOs.ltrans23.ltrans.o
 .text.xQueueCreateMutex
                0x00006760       0x30 C:\Users\ALEJAN~1\AppData\Local\Temp\ccW13HOs.ltrans23.ltrans.o
                0x00006760                xQueueCreateMutex
 .text.xQueueGenericSend
                0x00006790      0x1fc C:\Users\ALEJAN~1\AppData\Local\Temp\ccW13HOs.ltrans23.ltrans.o
                0x00006790                xQueueGenericSend
 .text.xQueueGenericSendFromISR
                0x0000698c      0x128 C:\Users\ALEJAN~1\AppData\Local\Temp\ccW13HOs.ltrans23.ltrans.o
                0x0000698c                xQueueGenericSendFromISR
 .text.xQueueGenericReceive
                0x00006ab4      0x22c C:\Users\ALEJAN~1\AppData\Local\Temp\ccW13HOs.ltrans23.ltrans.o
                0x00006ab4                xQueueGenericReceive
 .text.format_hour_Task
                0x00006ce0      0x230 C:\Users\ALEJAN~1\AppData\Local\Temp\ccW13HOs.ltrans24.ltrans.o
                0x00006ce0                format_hour_Task
 .text.format_hour_Task_b
                0x00006f10      0x238 C:\Users\ALEJAN~1\AppData\Local\Temp\ccW13HOs.ltrans24.ltrans.o
                0x00006f10                format_hour_Task_b
 .text.read_hour_Task
                0x00007148       0xd4 C:\Users\ALEJAN~1\AppData\Local\Temp\ccW13HOs.ltrans24.ltrans.o
                0x00007148                read_hour_Task
 .text.read_hour_Task_b
                0x0000721c       0xd4 C:\Users\ALEJAN~1\AppData\Local\Temp\ccW13HOs.ltrans24.ltrans.o
                0x0000721c                read_hour_Task_b
 .text.read_date_Task
                0x000072f0       0xd8 C:\Users\ALEJAN~1\AppData\Local\Temp\ccW13HOs.ltrans24.ltrans.o
                0x000072f0                read_date_Task
 .text.read_date_Task_b
                0x000073c8       0xd4 C:\Users\ALEJAN~1\AppData\Local\Temp\ccW13HOs.ltrans24.ltrans.o
                0x000073c8                read_date_Task_b
 .text.chat_Task
                0x0000749c      0x18c C:\Users\ALEJAN~1\AppData\Local\Temp\ccW13HOs.ltrans24.ltrans.o
                0x0000749c                chat_Task
 .text.chat_Task_b
                0x00007628      0x18c C:\Users\ALEJAN~1\AppData\Local\Temp\ccW13HOs.ltrans24.ltrans.o
                0x00007628                chat_Task_b
 .text.echo_Task
                0x000077b4       0x28 C:\Users\ALEJAN~1\AppData\Local\Temp\ccW13HOs.ltrans24.ltrans.o
                0x000077b4                echo_Task
 .text.echo_Task_b
                0x000077dc       0x28 C:\Users\ALEJAN~1\AppData\Local\Temp\ccW13HOs.ltrans24.ltrans.o
                0x000077dc                echo_Task_b
 .text.pvPortMalloc
                0x00007804      0x184 C:\Users\ALEJAN~1\AppData\Local\Temp\ccW13HOs.ltrans24.ltrans.o
                0x00007804                pvPortMalloc
 .text.vPortFree
                0x00007988       0xb0 C:\Users\ALEJAN~1\AppData\Local\Temp\ccW13HOs.ltrans24.ltrans.o
                0x00007988                vPortFree
 .text.prvHeapInit.5096.4046
                0x00007a38       0xc4 C:\Users\ALEJAN~1\AppData\Local\Temp\ccW13HOs.ltrans24.ltrans.o
 .text.prvInsertBlockIntoFreeList.5098.4037
                0x00007afc       0xb0 C:\Users\ALEJAN~1\AppData\Local\Temp\ccW13HOs.ltrans24.ltrans.o
 .text.vPortSetupTimerInterrupt.4034
                0x00007bac       0x40 C:\Users\ALEJAN~1\AppData\Local\Temp\ccW13HOs.ltrans24.ltrans.o
 .text.pxPortInitialiseStack
                0x00007bec       0x68 C:\Users\ALEJAN~1\AppData\Local\Temp\ccW13HOs.ltrans24.ltrans.o
                0x00007bec                pxPortInitialiseStack
 .text.prvTaskExitError.5143.4022
                0x00007c54       0x3c C:\Users\ALEJAN~1\AppData\Local\Temp\ccW13HOs.ltrans24.ltrans.o
 .text.SVC_Handler
                0x00007c90       0x30 C:\Users\ALEJAN~1\AppData\Local\Temp\ccW13HOs.ltrans24.ltrans.o
                0x00007c90                SVC_Handler
 .text.prvPortStartFirstTask.5157.4018
                0x00007cc0       0x20 C:\Users\ALEJAN~1\AppData\Local\Temp\ccW13HOs.ltrans24.ltrans.o
 .text.xPortStartScheduler
                0x00007ce0      0x118 C:\Users\ALEJAN~1\AppData\Local\Temp\ccW13HOs.ltrans24.ltrans.o
                0x00007ce0                xPortStartScheduler
 .text.write_Mem_Task
                0x00007df8      0x420 C:\Users\ALEJAN~1\AppData\Local\Temp\ccW13HOs.ltrans25.ltrans.o
                0x00007df8                write_Mem_Task
 .text.write_Mem_Task_b
                0x00008218      0x418 C:\Users\ALEJAN~1\AppData\Local\Temp\ccW13HOs.ltrans25.ltrans.o
                0x00008218                write_Mem_Task_b
 .text.set_hour_Task
                0x00008630      0x2a8 C:\Users\ALEJAN~1\AppData\Local\Temp\ccW13HOs.ltrans25.ltrans.o
                0x00008630                set_hour_Task
 .text.set_hour_Task_b
                0x000088d8      0x2a8 C:\Users\ALEJAN~1\AppData\Local\Temp\ccW13HOs.ltrans25.ltrans.o
                0x000088d8                set_hour_Task_b
 .text.set_date_Task
                0x00008b80      0x2a8 C:\Users\ALEJAN~1\AppData\Local\Temp\ccW13HOs.ltrans25.ltrans.o
                0x00008b80                set_date_Task
 .text.set_date_Task_b
                0x00008e28      0x2a8 C:\Users\ALEJAN~1\AppData\Local\Temp\ccW13HOs.ltrans25.ltrans.o
                0x00008e28                set_date_Task_b
 .text.menu_Task
                0x000090d0      0x490 C:\Users\ALEJAN~1\AppData\Local\Temp\ccW13HOs.ltrans26.ltrans.o
                0x000090d0                menu_Task
 .text.menu_Task_b
                0x00009560      0x494 C:\Users\ALEJAN~1\AppData\Local\Temp\ccW13HOs.ltrans26.ltrans.o
                0x00009560                menu_Task_b
 *fill*         0x000099f4        0x4 
 .text.read_Mem_Task.4017
                0x000099f8      0x538 C:\Users\ALEJAN~1\AppData\Local\Temp\ccW13HOs.ltrans26.ltrans.o
 .text.read_Mem_Task_b.4013
                0x00009f30      0x530 C:\Users\ALEJAN~1\AppData\Local\Temp\ccW13HOs.ltrans26.ltrans.o
 .text.SystemInit
                0x0000a460       0x3c C:\Users\ALEJAN~1\AppData\Local\Temp\ccW13HOs.ltrans27.ltrans.o
                0x0000a460                SystemInit
 .text.i2c_master_callback.4141
                0x0000a49c       0x48 C:\Users\ALEJAN~1\AppData\Local\Temp\ccW13HOs.ltrans27.ltrans.o
 .text.i2c_init.4139
                0x0000a4e4       0x4c C:\Users\ALEJAN~1\AppData\Local\Temp\ccW13HOs.ltrans27.ltrans.o
 .text.uart_init.4108
                0x0000a530       0x4c C:\Users\ALEJAN~1\AppData\Local\Temp\ccW13HOs.ltrans27.ltrans.o
 .text.getHandleTeraTerm
                0x0000a57c       0x14 C:\Users\ALEJAN~1\AppData\Local\Temp\ccW13HOs.ltrans27.ltrans.o
                0x0000a57c                getHandleTeraTerm
 .text.getHandleBlueTerm
                0x0000a590       0x14 C:\Users\ALEJAN~1\AppData\Local\Temp\ccW13HOs.ltrans27.ltrans.o
                0x0000a590                getHandleBlueTerm
 .text.NVIC_SetPriority.4717.4031
                0x0000a5a4       0x54 C:\Users\ALEJAN~1\AppData\Local\Temp\ccW13HOs.ltrans27.ltrans.o
 .text.main     0x0000a5f8       0x78 C:\Users\ALEJAN~1\AppData\Local\Temp\ccW13HOs.ltrans27.ltrans.o
                0x0000a5f8                main
 .text.createQueues.4020
                0x0000a670       0x2c C:\Users\ALEJAN~1\AppData\Local\Temp\ccW13HOs.ltrans27.ltrans.o
 .text.UART_EnableTx.4013.4234
                0x0000a69c       0x40 C:\Users\ALEJAN~1\AppData\Local\Temp\ccW13HOs.ltrans28.ltrans.o
 .text.UART_EnableRx.4058.4230
                0x0000a6dc       0x40 C:\Users\ALEJAN~1\AppData\Local\Temp\ccW13HOs.ltrans28.ltrans.o
 .text.DbgConsole_Init
                0x0000a71c       0x8c C:\Users\ALEJAN~1\AppData\Local\Temp\ccW13HOs.ltrans28.ltrans.o
                0x0000a71c                DbgConsole_Init
 .text.DbgConsole_Printf
                0x0000a7a8       0x40 C:\Users\ALEJAN~1\AppData\Local\Temp\ccW13HOs.ltrans28.ltrans.o
                0x0000a7a8                DbgConsole_Printf
 .text.DbgConsole_Putchar.4167
                0x0000a7e8       0x38 C:\Users\ALEJAN~1\AppData\Local\Temp\ccW13HOs.ltrans28.ltrans.o
 .text.DbgConsole_PrintfPaddingCharacter.4087.4152
                0x0000a820       0x40 C:\Users\ALEJAN~1\AppData\Local\Temp\ccW13HOs.ltrans28.ltrans.o
 .text.DbgConsole_ConvertRadixNumToString.4095.4145
                0x0000a860      0x114 C:\Users\ALEJAN~1\AppData\Local\Temp\ccW13HOs.ltrans28.ltrans.o
 .text.DbgConsole_PrintfFormattedData.4102.4139
                0x0000a974      0x368 C:\Users\ALEJAN~1\AppData\Local\Temp\ccW13HOs.ltrans28.ltrans.o
 .text.memcpy   0x0000acdc       0x12 c:/freescale/kds_v3/toolchain/bin/../lib/gcc/arm-none-eabi/4.8.4/../../../../arm-none-eabi/lib/armv7e-m/fpu\libg_s.a(lib_a-memcpy-stub.o)
                0x0000acdc                memcpy
 .text.strlen   0x0000acee       0x10 c:/freescale/kds_v3/toolchain/bin/../lib/gcc/arm-none-eabi/4.8.4/../../../../arm-none-eabi/lib/armv7e-m/fpu\libg_s.a(lib_a-strlen.o)
                0x0000acee                strlen
 *fill*         0x0000acfe        0x2 
 .text.__errno  0x0000ad00        0xc c:/freescale/kds_v3/toolchain/bin/../lib/gcc/arm-none-eabi/4.8.4/../../../../arm-none-eabi/lib/armv7e-m/fpu\libg_s.a(lib_a-errno.o)
                0x0000ad00                __errno
 .text.exit     0x0000ad0c       0x28 c:/freescale/kds_v3/toolchain/bin/../lib/gcc/arm-none-eabi/4.8.4/../../../../arm-none-eabi/lib/armv7e-m/fpu\libg_s.a(lib_a-exit.o)
                0x0000ad0c                exit
 .text.__libc_init_array
                0x0000ad34       0x4c c:/freescale/kds_v3/toolchain/bin/../lib/gcc/arm-none-eabi/4.8.4/../../../../arm-none-eabi/lib/armv7e-m/fpu\libg_s.a(lib_a-init.o)
                0x0000ad34                __libc_init_array
 .text.memset   0x0000ad80       0x10 c:/freescale/kds_v3/toolchain/bin/../lib/gcc/arm-none-eabi/4.8.4/../../../../arm-none-eabi/lib/armv7e-m/fpu\libg_s.a(lib_a-memset.o)
                0x0000ad80                memset
 .text._exit    0x0000ad90        0x4 c:/freescale/kds_v3/toolchain/bin/../lib/gcc/arm-none-eabi/4.8.4/../../../../arm-none-eabi/lib/armv7e-m/fpu\libnosys.a(_exit.o)
                0x0000ad90                _exit
 .text.pow      0x0000ad94      0x340 c:/freescale/kds_v3/toolchain/bin/../lib/gcc/arm-none-eabi/4.8.4/../../../../arm-none-eabi/lib/armv7e-m/fpu\libm.a(lib_a-w_pow.o)
                0x0000ad94                pow
 *fill*         0x0000b0d4        0x4 
 .text.__ieee754_pow
                0x0000b0d8      0xae8 c:/freescale/kds_v3/toolchain/bin/../lib/gcc/arm-none-eabi/4.8.4/../../../../arm-none-eabi/lib/armv7e-m/fpu\libm.a(lib_a-e_pow.o)
                0x0000b0d8                __ieee754_pow
 .text.__ieee754_sqrt
                0x0000bbc0      0x198 c:/freescale/kds_v3/toolchain/bin/../lib/gcc/arm-none-eabi/4.8.4/../../../../arm-none-eabi/lib/armv7e-m/fpu\libm.a(lib_a-e_sqrt.o)
                0x0000bbc0                __ieee754_sqrt
 .text.fabs     0x0000bd58       0x14 c:/freescale/kds_v3/toolchain/bin/../lib/gcc/arm-none-eabi/4.8.4/../../../../arm-none-eabi/lib/armv7e-m/fpu\libm.a(lib_a-s_fabs.o)
                0x0000bd58                fabs
 .text.finite   0x0000bd6c       0x10 c:/freescale/kds_v3/toolchain/bin/../lib/gcc/arm-none-eabi/4.8.4/../../../../arm-none-eabi/lib/armv7e-m/fpu\libm.a(lib_a-s_finite.o)
                0x0000bd6c                finite
 .text.__fpclassifyd
                0x0000bd7c       0x54 c:/freescale/kds_v3/toolchain/bin/../lib/gcc/arm-none-eabi/4.8.4/../../../../arm-none-eabi/lib/armv7e-m/fpu\libm.a(lib_a-s_fpclassify.o)
                0x0000bd7c                __fpclassifyd
 .text.matherr  0x0000bdd0        0x4 c:/freescale/kds_v3/toolchain/bin/../lib/gcc/arm-none-eabi/4.8.4/../../../../arm-none-eabi/lib/armv7e-m/fpu\libm.a(lib_a-s_matherr.o)
                0x0000bdd0                matherr
 *fill*         0x0000bdd4        0x4 
 .text.nan      0x0000bdd8       0x10 c:/freescale/kds_v3/toolchain/bin/../lib/gcc/arm-none-eabi/4.8.4/../../../../arm-none-eabi/lib/armv7e-m/fpu\libm.a(lib_a-s_nan.o)
                0x0000bdd8                nan
 .text.rint     0x0000bde8      0x120 c:/freescale/kds_v3/toolchain/bin/../lib/gcc/arm-none-eabi/4.8.4/../../../../arm-none-eabi/lib/armv7e-m/fpu\libm.a(lib_a-s_rint.o)
                0x0000bde8                rint
 .text.scalbn   0x0000bf08      0x120 c:/freescale/kds_v3/toolchain/bin/../lib/gcc/arm-none-eabi/4.8.4/../../../../arm-none-eabi/lib/armv7e-m/fpu\libm.a(lib_a-s_scalbn.o)
                0x0000bf08                scalbn
 .text.copysign
                0x0000c028       0x24 c:/freescale/kds_v3/toolchain/bin/../lib/gcc/arm-none-eabi/4.8.4/../../../../arm-none-eabi/lib/armv7e-m/fpu\libm.a(lib_a-s_copysign.o)
                0x0000c028                copysign
 *(.rodata)
 .rodata        0x0000c04c      0x124 C:\Users\ALEJAN~1\AppData\Local\Temp\ccW13HOs.ltrans0.ltrans.o
 .rodata        0x0000c170       0x84 C:\Users\ALEJAN~1\AppData\Local\Temp\ccW13HOs.ltrans1.ltrans.o
 .rodata        0x0000c1f4      0x2e0 C:\Users\ALEJAN~1\AppData\Local\Temp\ccW13HOs.ltrans2.ltrans.o
 .rodata        0x0000c4d4       0x48 C:\Users\ALEJAN~1\AppData\Local\Temp\ccW13HOs.ltrans4.ltrans.o
 .rodata        0x0000c51c       0x78 C:\Users\ALEJAN~1\AppData\Local\Temp\ccW13HOs.ltrans7.ltrans.o
 .rodata        0x0000c594      0x144 C:\Users\ALEJAN~1\AppData\Local\Temp\ccW13HOs.ltrans8.ltrans.o
 .rodata        0x0000c6d8      0x1fc C:\Users\ALEJAN~1\AppData\Local\Temp\ccW13HOs.ltrans9.ltrans.o
 .rodata        0x0000c8d4      0x220 C:\Users\ALEJAN~1\AppData\Local\Temp\ccW13HOs.ltrans13.ltrans.o
 .rodata        0x0000caf4      0x150 C:\Users\ALEJAN~1\AppData\Local\Temp\ccW13HOs.ltrans15.ltrans.o
 .rodata        0x0000cc44      0x140 C:\Users\ALEJAN~1\AppData\Local\Temp\ccW13HOs.ltrans17.ltrans.o
 .rodata        0x0000cd84      0x1a0 C:\Users\ALEJAN~1\AppData\Local\Temp\ccW13HOs.ltrans18.ltrans.o
 .rodata        0x0000cf24       0x2c C:\Users\ALEJAN~1\AppData\Local\Temp\ccW13HOs.ltrans19.ltrans.o
 .rodata        0x0000cf50       0xac C:\Users\ALEJAN~1\AppData\Local\Temp\ccW13HOs.ltrans20.ltrans.o
 .rodata        0x0000cffc        0x8 C:\Users\ALEJAN~1\AppData\Local\Temp\ccW13HOs.ltrans21.ltrans.o
 .rodata        0x0000d004        0x8 C:\Users\ALEJAN~1\AppData\Local\Temp\ccW13HOs.ltrans22.ltrans.o
 .rodata        0x0000d00c      0x164 C:\Users\ALEJAN~1\AppData\Local\Temp\ccW13HOs.ltrans24.ltrans.o
 .rodata        0x0000d170      0x180 C:\Users\ALEJAN~1\AppData\Local\Temp\ccW13HOs.ltrans25.ltrans.o
 .rodata        0x0000d2f0      0x414 C:\Users\ALEJAN~1\AppData\Local\Temp\ccW13HOs.ltrans26.ltrans.o
 .rodata        0x0000d704       0x34 C:\Users\ALEJAN~1\AppData\Local\Temp\ccW13HOs.ltrans27.ltrans.o
 *(.rodata*)
 .rodata.__func__.6530.6547
                0x0000d738       0x18 C:\Users\ALEJAN~1\AppData\Local\Temp\ccW13HOs.ltrans28.ltrans.o
                0x0000d738                __func__.6530.6547
 .rodata.__func__.6575.6551
                0x0000d750       0x18 C:\Users\ALEJAN~1\AppData\Local\Temp\ccW13HOs.ltrans28.ltrans.o
                0x0000d750                __func__.6575.6551
 .rodata.__func__.6583.6552
                0x0000d768       0x18 C:\Users\ALEJAN~1\AppData\Local\Temp\ccW13HOs.ltrans28.ltrans.o
                0x0000d768                __func__.6583.6552
 .rodata.fllFactorTable.6658.6553
                0x0000d780       0x10 C:\Users\ALEJAN~1\AppData\Local\Temp\ccW13HOs.ltrans28.ltrans.o
                0x0000d780                fllFactorTable.6658.6553
 .rodata.__func__.6673.6556
                0x0000d790       0x14 C:\Users\ALEJAN~1\AppData\Local\Temp\ccW13HOs.ltrans28.ltrans.o
                0x0000d790                __func__.6673.6556
 .rodata.__func__.6721.6557
                0x0000d7a4       0x14 C:\Users\ALEJAN~1\AppData\Local\Temp\ccW13HOs.ltrans28.ltrans.o
                0x0000d7a4                __func__.6721.6557
 .rodata.__func__.6857.6559
                0x0000d7b8       0x14 C:\Users\ALEJAN~1\AppData\Local\Temp\ccW13HOs.ltrans28.ltrans.o
                0x0000d7b8                __func__.6857.6559
 .rodata.__func__.6921.6560
                0x0000d7cc       0x14 C:\Users\ALEJAN~1\AppData\Local\Temp\ccW13HOs.ltrans28.ltrans.o
                0x0000d7cc                __func__.6921.6560
 .rodata.__func__.7196.7701
                0x0000d7e0       0x18 C:\Users\ALEJAN~1\AppData\Local\Temp\ccW13HOs.ltrans28.ltrans.o
                0x0000d7e0                __func__.7196.7701
 .rodata.__func__.7200.7702
                0x0000d7f8       0x18 C:\Users\ALEJAN~1\AppData\Local\Temp\ccW13HOs.ltrans28.ltrans.o
                0x0000d7f8                __func__.7200.7702
 .rodata.__func__.7204.7703
                0x0000d810       0x18 C:\Users\ALEJAN~1\AppData\Local\Temp\ccW13HOs.ltrans28.ltrans.o
                0x0000d810                __func__.7204.7703
 .rodata.__func__.7008.8614
                0x0000d828       0x10 C:\Users\ALEJAN~1\AppData\Local\Temp\ccW13HOs.ltrans28.ltrans.o
                0x0000d828                __func__.7008.8614
 .rodata.__func__.7073.9962
                0x0000d838       0x18 C:\Users\ALEJAN~1\AppData\Local\Temp\ccW13HOs.ltrans28.ltrans.o
                0x0000d838                __func__.7073.9962
 .rodata.s_i2cDividerTable.10566
                0x0000d850       0x80 C:\Users\ALEJAN~1\AppData\Local\Temp\ccW13HOs.ltrans28.ltrans.o
                0x0000d850                s_i2cDividerTable.10566
 .rodata.s_i2cBases.10564
                0x0000d8d0        0xc C:\Users\ALEJAN~1\AppData\Local\Temp\ccW13HOs.ltrans28.ltrans.o
                0x0000d8d0                s_i2cBases.10564
 .rodata.s_i2cIrqs.10578
                0x0000d8dc        0x4 C:\Users\ALEJAN~1\AppData\Local\Temp\ccW13HOs.ltrans28.ltrans.o
                0x0000d8dc                s_i2cIrqs.10578
 .rodata.s_i2cClocks.10570
                0x0000d8e0        0xc C:\Users\ALEJAN~1\AppData\Local\Temp\ccW13HOs.ltrans28.ltrans.o
                0x0000d8e0                s_i2cClocks.10570
 .rodata.__func__.6766.10565
                0x0000d8ec       0x10 C:\Users\ALEJAN~1\AppData\Local\Temp\ccW13HOs.ltrans28.ltrans.o
                0x0000d8ec                __func__.6766.10565
 .rodata.__func__.6822.10572
                0x0000d8fc       0x10 C:\Users\ALEJAN~1\AppData\Local\Temp\ccW13HOs.ltrans28.ltrans.o
                0x0000d8fc                __func__.6822.10572
 .rodata.__func__.6831.10571
                0x0000d90c       0x1c C:\Users\ALEJAN~1\AppData\Local\Temp\ccW13HOs.ltrans28.ltrans.o
                0x0000d90c                __func__.6831.10571
 .rodata.__func__.6952.10576
                0x0000d928       0x20 C:\Users\ALEJAN~1\AppData\Local\Temp\ccW13HOs.ltrans28.ltrans.o
                0x0000d928                __func__.6952.10576
 .rodata.__func__.6983.10573
                0x0000d948       0x1c C:\Users\ALEJAN~1\AppData\Local\Temp\ccW13HOs.ltrans28.ltrans.o
                0x0000d948                __func__.6983.10573
 .rodata.__func__.7057.11875
                0x0000d964       0x1c C:\Users\ALEJAN~1\AppData\Local\Temp\ccW13HOs.ltrans28.ltrans.o
                0x0000d964                __func__.7057.11875
 .rodata.__func__.7061.11876
                0x0000d980       0x1c C:\Users\ALEJAN~1\AppData\Local\Temp\ccW13HOs.ltrans28.ltrans.o
                0x0000d980                __func__.7061.11876
 .rodata.__func__.7245.12561
                0x0000d99c       0x18 C:\Users\ALEJAN~1\AppData\Local\Temp\ccW13HOs.ltrans28.ltrans.o
                0x0000d99c                __func__.7245.12561
 .rodata.s_uartBases.13016
                0x0000d9b4       0x18 C:\Users\ALEJAN~1\AppData\Local\Temp\ccW13HOs.ltrans28.ltrans.o
                0x0000d9b4                s_uartBases.13016
 .rodata.s_uartIRQ.13032
                0x0000d9cc        0x8 C:\Users\ALEJAN~1\AppData\Local\Temp\ccW13HOs.ltrans28.ltrans.o
                0x0000d9cc                s_uartIRQ.13032
 .rodata.s_uartClock.13021
                0x0000d9d4       0x18 C:\Users\ALEJAN~1\AppData\Local\Temp\ccW13HOs.ltrans28.ltrans.o
                0x0000d9d4                s_uartClock.13021
 .rodata.__func__.6729.13017
                0x0000d9ec       0x14 C:\Users\ALEJAN~1\AppData\Local\Temp\ccW13HOs.ltrans28.ltrans.o
                0x0000d9ec                __func__.6729.13017
 .rodata.__func__.6733.13018
                0x0000da00       0x24 C:\Users\ALEJAN~1\AppData\Local\Temp\ccW13HOs.ltrans28.ltrans.o
                0x0000da00                __func__.6733.13018
 .rodata.__func__.6738.13019
                0x0000da24       0x20 C:\Users\ALEJAN~1\AppData\Local\Temp\ccW13HOs.ltrans28.ltrans.o
                0x0000da24                __func__.6738.13019
 .rodata.__func__.6745.13020
                0x0000da44        0xc C:\Users\ALEJAN~1\AppData\Local\Temp\ccW13HOs.ltrans28.ltrans.o
                0x0000da44                __func__.6745.13020
 .rodata.__func__.6763.13022
                0x0000da50       0x18 C:\Users\ALEJAN~1\AppData\Local\Temp\ccW13HOs.ltrans28.ltrans.o
                0x0000da50                __func__.6763.13022
 .rodata.__func__.6813.13024
                0x0000da68       0x18 C:\Users\ALEJAN~1\AppData\Local\Temp\ccW13HOs.ltrans28.ltrans.o
                0x0000da68                __func__.6813.13024
 .rodata.__func__.6823.13025
                0x0000da80       0x14 C:\Users\ALEJAN~1\AppData\Local\Temp\ccW13HOs.ltrans28.ltrans.o
                0x0000da80                __func__.6823.13025
 .rodata.__func__.6836.13026
                0x0000da94       0x18 C:\Users\ALEJAN~1\AppData\Local\Temp\ccW13HOs.ltrans28.ltrans.o
                0x0000da94                __func__.6836.13026
 .rodata.__func__.6847.13028
                0x0000daac       0x1c C:\Users\ALEJAN~1\AppData\Local\Temp\ccW13HOs.ltrans28.ltrans.o
                0x0000daac                __func__.6847.13028
 .rodata.__func__.6855.13033
                0x0000dac8       0x20 C:\Users\ALEJAN~1\AppData\Local\Temp\ccW13HOs.ltrans28.ltrans.o
                0x0000dac8                __func__.6855.13033
 .rodata.__func__.6866.13035
                0x0000dae8       0x20 C:\Users\ALEJAN~1\AppData\Local\Temp\ccW13HOs.ltrans28.ltrans.o
                0x0000dae8                __func__.6866.13035
 .rodata.__func__.6885.13038
                0x0000db08       0x20 C:\Users\ALEJAN~1\AppData\Local\Temp\ccW13HOs.ltrans28.ltrans.o
                0x0000db08                __func__.6885.13038
 .rodata.__func__.6898.13039
                0x0000db28       0x1c C:\Users\ALEJAN~1\AppData\Local\Temp\ccW13HOs.ltrans28.ltrans.o
                0x0000db28                __func__.6898.13039
 .rodata.__func__.6909.13027
                0x0000db44       0x18 C:\Users\ALEJAN~1\AppData\Local\Temp\ccW13HOs.ltrans28.ltrans.o
                0x0000db44                __func__.6909.13027
 .rodata.__func__.6573.13815
                0x0000db5c       0x14 C:\Users\ALEJAN~1\AppData\Local\Temp\ccW13HOs.ltrans28.ltrans.o
                0x0000db5c                __func__.6573.13815
 .rodata.str1.1
                0x0000db70        0x2 c:/freescale/kds_v3/toolchain/bin/../lib/gcc/arm-none-eabi/4.8.4/../../../../arm-none-eabi/lib/armv7e-m/fpu\libg_s.a(lib_a-impure.o)
 *fill*         0x0000db72        0x2 
 .rodata._global_impure_ptr
                0x0000db74        0x4 c:/freescale/kds_v3/toolchain/bin/../lib/gcc/arm-none-eabi/4.8.4/../../../../arm-none-eabi/lib/armv7e-m/fpu\libg_s.a(lib_a-impure.o)
                0x0000db74                _global_impure_ptr
 .rodata.str1.4
                0x0000db78        0x4 c:/freescale/kds_v3/toolchain/bin/../lib/gcc/arm-none-eabi/4.8.4/../../../../arm-none-eabi/lib/armv7e-m/fpu\libm.a(lib_a-w_pow.o)
 *fill*         0x0000db7c        0x4 
 .rodata.dp_h   0x0000db80       0x10 c:/freescale/kds_v3/toolchain/bin/../lib/gcc/arm-none-eabi/4.8.4/../../../../arm-none-eabi/lib/armv7e-m/fpu\libm.a(lib_a-e_pow.o)
 .rodata.dp_l   0x0000db90       0x10 c:/freescale/kds_v3/toolchain/bin/../lib/gcc/arm-none-eabi/4.8.4/../../../../arm-none-eabi/lib/armv7e-m/fpu\libm.a(lib_a-e_pow.o)
 .rodata.bp     0x0000dba0       0x10 c:/freescale/kds_v3/toolchain/bin/../lib/gcc/arm-none-eabi/4.8.4/../../../../arm-none-eabi/lib/armv7e-m/fpu\libm.a(lib_a-e_pow.o)
 .rodata.str1.4
                0x0000dbb0        0x4 c:/freescale/kds_v3/toolchain/bin/../lib/gcc/arm-none-eabi/4.8.4/../../../../arm-none-eabi/lib/armv7e-m/fpu\libm.a(lib_a-e_pow.o)
 *fill*         0x0000dbb4        0x4 
 .rodata.TWO52  0x0000dbb8       0x10 c:/freescale/kds_v3/toolchain/bin/../lib/gcc/arm-none-eabi/4.8.4/../../../../arm-none-eabi/lib/armv7e-m/fpu\libm.a(lib_a-s_rint.o)
 *(.glue_7)
 .glue_7        0x00000000        0x0 linker stubs
 *(.glue_7t)
 .glue_7t       0x00000000        0x0 linker stubs
 *(.eh_frame)
 .eh_frame      0x0000dbc8        0x0 c:/freescale/kds_v3/toolchain/bin/../lib/gcc/arm-none-eabi/4.8.4/armv7e-m/fpu/crtbegin.o
 *(.init)
 .init          0x0000dbc8        0x4 c:/freescale/kds_v3/toolchain/bin/../lib/gcc/arm-none-eabi/4.8.4/armv7e-m/fpu/crti.o
                0x0000dbc8                _init
 .init          0x0000dbcc        0x8 c:/freescale/kds_v3/toolchain/bin/../lib/gcc/arm-none-eabi/4.8.4/armv7e-m/fpu/crtn.o
 *(.fini)
 .fini          0x0000dbd4        0x4 c:/freescale/kds_v3/toolchain/bin/../lib/gcc/arm-none-eabi/4.8.4/armv7e-m/fpu/crti.o
                0x0000dbd4                _fini
 .fini          0x0000dbd8        0x8 c:/freescale/kds_v3/toolchain/bin/../lib/gcc/arm-none-eabi/4.8.4/armv7e-m/fpu/crtn.o
                0x0000dbe0                . = ALIGN (0x4)

.vfp11_veneer   0x0000dbe0        0x0
 .vfp11_veneer  0x00000000        0x0 linker stubs

.v4_bx          0x0000dbe0        0x0
 .v4_bx         0x00000000        0x0 linker stubs

.iplt           0x0000dbe0        0x0
 .iplt          0x00000000        0x0 c:/freescale/kds_v3/toolchain/bin/../lib/gcc/arm-none-eabi/4.8.4/armv7e-m/fpu/crtbegin.o

.ARM.extab
 *(.ARM.extab* .gnu.linkonce.armextab.*)

.ARM            0x0000dbe0        0x8
                0x0000dbe0                __exidx_start = .
 *(.ARM.exidx*)
 .ARM.exidx     0x0000dbe0        0x8 c:/freescale/kds_v3/toolchain/bin/../lib/gcc/arm-none-eabi/4.8.4/../../../../arm-none-eabi/lib/armv7e-m/fpu/crt0.o
                0x0000dbe8                __exidx_end = .

.rel.dyn        0x0000dbe8        0x0
 .rel.iplt      0x00000000        0x0 c:/freescale/kds_v3/toolchain/bin/../lib/gcc/arm-none-eabi/4.8.4/armv7e-m/fpu/crtbegin.o

.ctors          0x0000dbe8        0x0
                0x0000dbe8                __CTOR_LIST__ = .
 *crtbegin.o(.ctors)
 *crtbegin?.o(.ctors)
 *(EXCLUDE_FILE(*crtend.o *crtend?.o) .ctors)
 *(SORT(.ctors.*))
 *(.ctors)
                0x0000dbe8                __CTOR_END__ = .

.dtors          0x0000dbe8        0x0
                0x0000dbe8                __DTOR_LIST__ = .
 *crtbegin.o(.dtors)
 *crtbegin?.o(.dtors)
 *(EXCLUDE_FILE(*crtend.o *crtend?.o) .dtors)
 *(SORT(.dtors.*))
 *(.dtors)
                0x0000dbe8                __DTOR_END__ = .

.preinit_array  0x0000dbe8        0x0
                0x0000dbe8                PROVIDE (__preinit_array_start, .)
 *(.preinit_array*)
                0x0000dbe8                PROVIDE (__preinit_array_end, .)

.init_array     0x0000dbe8        0x4
                0x0000dbe8                PROVIDE (__init_array_start, .)
 *(SORT(.init_array.*))
 *(.init_array*)
 .init_array    0x0000dbe8        0x4 c:/freescale/kds_v3/toolchain/bin/../lib/gcc/arm-none-eabi/4.8.4/armv7e-m/fpu/crtbegin.o
                0x0000dbec                PROVIDE (__init_array_end, .)

.fini_array     0x0000dbec        0x4
                0x0000dbec                PROVIDE (__fini_array_start, .)
 *(SORT(.fini_array.*))
 *(.fini_array*)
 .fini_array    0x0000dbec        0x4 c:/freescale/kds_v3/toolchain/bin/../lib/gcc/arm-none-eabi/4.8.4/armv7e-m/fpu/crtbegin.o
                0x0000dbf0                PROVIDE (__fini_array_end, .)
                0x0000dbf0                __etext = .
                0x0000dbf0                __DATA_ROM = .

.interrupts_ram
                0x1fff0000        0x0
                0x1fff0000                . = ALIGN (0x4)
                0x1fff0000                __VECTOR_RAM__ = .
                0x1fff0000                __interrupts_ram_start__ = .
 *(.m_interrupts_ram)
                0x1fff0000                . = (. + M_VECTOR_RAM_SIZE)
                0x1fff0000                . = ALIGN (0x4)
                0x1fff0000                __interrupts_ram_end__ = .
                0x00000000                __VECTOR_RAM = DEFINED (__ram_vector_table__)?__VECTOR_RAM__:ORIGIN (m_interrupts)
                0x00000000                __RAM_VECTOR_TABLE_SIZE_BYTES = DEFINED (__ram_vector_table__)?(__interrupts_ram_end__ - __interrupts_ram_start__):0x0

.data           0x1fff0000       0xcc load address 0x0000dbf0
                0x1fff0000                . = ALIGN (0x4)
                0x1fff0000                __DATA_RAM = .
                0x1fff0000                __data_start__ = .
 *(.data)
 *(.data*)
 .data.SystemCoreClock
                0x1fff0000        0x4 C:\Users\ALEJAN~1\AppData\Local\Temp\ccW13HOs.ltrans28.ltrans.o
                0x1fff0000                SystemCoreClock
 .data.uart_config
                0x1fff0004       0x18 C:\Users\ALEJAN~1\AppData\Local\Temp\ccW13HOs.ltrans28.ltrans.o
                0x1fff0004                uart_config
 .data.uart_config_b
                0x1fff001c       0x18 C:\Users\ALEJAN~1\AppData\Local\Temp\ccW13HOs.ltrans28.ltrans.o
                0x1fff001c                uart_config_b
 .data.string_Tera
                0x1fff0034       0x10 C:\Users\ALEJAN~1\AppData\Local\Temp\ccW13HOs.ltrans28.ltrans.o
                0x1fff0034                string_Tera
 .data.string_Blue
                0x1fff0044       0x10 C:\Users\ALEJAN~1\AppData\Local\Temp\ccW13HOs.ltrans28.ltrans.o
                0x1fff0044                string_Blue
 .data.uxCriticalNesting.5178
                0x1fff0054        0x4 C:\Users\ALEJAN~1\AppData\Local\Temp\ccW13HOs.ltrans28.ltrans.o
                0x1fff0054                uxCriticalNesting.5178
 .data.s_slowIrcFreq.6549
                0x1fff0058        0x4 C:\Users\ALEJAN~1\AppData\Local\Temp\ccW13HOs.ltrans28.ltrans.o
                0x1fff0058                s_slowIrcFreq.6549
 .data.s_fastIrcFreq.6550
                0x1fff005c        0x4 C:\Users\ALEJAN~1\AppData\Local\Temp\ccW13HOs.ltrans28.ltrans.o
                0x1fff005c                s_fastIrcFreq.6550
 .data.impure_data
                0x1fff0060       0x60 c:/freescale/kds_v3/toolchain/bin/../lib/gcc/arm-none-eabi/4.8.4/../../../../arm-none-eabi/lib/armv7e-m/fpu\libg_s.a(lib_a-impure.o)
 .data._impure_ptr
                0x1fff00c0        0x4 c:/freescale/kds_v3/toolchain/bin/../lib/gcc/arm-none-eabi/4.8.4/../../../../arm-none-eabi/lib/armv7e-m/fpu\libg_s.a(lib_a-impure.o)
                0x1fff00c0                _impure_ptr
 .data.__fdlib_version
                0x1fff00c4        0x1 c:/freescale/kds_v3/toolchain/bin/../lib/gcc/arm-none-eabi/4.8.4/../../../../arm-none-eabi/lib/armv7e-m/fpu\libm.a(lib_a-s_lib_ver.o)
                0x1fff00c4                __fdlib_version
 *(.jcr*)
 *fill*         0x1fff00c5        0x3 
 .jcr           0x1fff00c8        0x0 c:/freescale/kds_v3/toolchain/bin/../lib/gcc/arm-none-eabi/4.8.4/armv7e-m/fpu/crtbegin.o
 .jcr           0x1fff00c8        0x4 c:/freescale/kds_v3/toolchain/bin/../lib/gcc/arm-none-eabi/4.8.4/armv7e-m/fpu/crtend.o
                0x1fff00cc                . = ALIGN (0x4)
                0x1fff00cc                __data_end__ = .
                0x0000dcbc                __DATA_END = (__DATA_ROM + (__data_end__ - __data_start__))
                0x00100000                text_end = (ORIGIN (m_text) + 0xffbf0)
                0x00000001                ASSERT ((__DATA_END <= text_end), region m_text overflowed with text and data)
                0x00000000                USB_RAM_GAP = DEFINED (__usb_ram_size__)?__usb_ram_size__:0x0

.igot.plt       0x1fff00cc        0x0 load address 0x0000dcbc
 .igot.plt      0x00000000        0x0 c:/freescale/kds_v3/toolchain/bin/../lib/gcc/arm-none-eabi/4.8.4/armv7e-m/fpu/crtbegin.o

.bss            0x1fff00cc     0xa534 load address 0x0000dcbc
                0x1fff00cc                . = ALIGN (0x4)
                0x1fff00cc                __START_BSS = .
                0x1fff00cc                __bss_start__ = .
 *(.bss)
 .bss           0x1fff00cc       0x1c c:/freescale/kds_v3/toolchain/bin/../lib/gcc/arm-none-eabi/4.8.4/armv7e-m/fpu/crtbegin.o
 *(.bss*)
 .bss.s_debugConsole.4148.4325
                0x1fff00e8       0x10 C:\Users\ALEJAN~1\AppData\Local\Temp\ccW13HOs.ltrans28.ltrans.o
 .bss.i2c_handle
                0x1fff00f8       0x28 C:\Users\ALEJAN~1\AppData\Local\Temp\ccW13HOs.ltrans28.ltrans.o
                0x1fff00f8                i2c_handle
 .bss.completionFlag
                0x1fff0120        0x1 C:\Users\ALEJAN~1\AppData\Local\Temp\ccW13HOs.ltrans28.ltrans.o
                0x1fff0120                completionFlag
 .bss.nakFlag   0x1fff0121        0x1 C:\Users\ALEJAN~1\AppData\Local\Temp\ccW13HOs.ltrans28.ltrans.o
                0x1fff0121                nakFlag
 *fill*         0x1fff0122        0x2 
 .bss.background_buffer.7623
                0x1fff0124       0x20 C:\Users\ALEJAN~1\AppData\Local\Temp\ccW13HOs.ltrans28.ltrans.o
 .bss.background_buffer_b.7621
                0x1fff0144       0x20 C:\Users\ALEJAN~1\AppData\Local\Temp\ccW13HOs.ltrans28.ltrans.o
 .bss.handle    0x1fff0164       0x28 C:\Users\ALEJAN~1\AppData\Local\Temp\ccW13HOs.ltrans28.ltrans.o
                0x1fff0164                handle
 .bss.t_handle  0x1fff018c       0x30 C:\Users\ALEJAN~1\AppData\Local\Temp\ccW13HOs.ltrans28.ltrans.o
                0x1fff018c                t_handle
 .bss.handle_b  0x1fff01bc       0x28 C:\Users\ALEJAN~1\AppData\Local\Temp\ccW13HOs.ltrans28.ltrans.o
                0x1fff01bc                handle_b
 .bss.t_handle_b
                0x1fff01e4       0x30 C:\Users\ALEJAN~1\AppData\Local\Temp\ccW13HOs.ltrans28.ltrans.o
                0x1fff01e4                t_handle_b
 .bss.timeQueue.5062
                0x1fff0214        0x4 C:\Users\ALEJAN~1\AppData\Local\Temp\ccW13HOs.ltrans28.ltrans.o
                0x1fff0214                timeQueue.5062
 .bss.xMutex.5063
                0x1fff0218        0x4 C:\Users\ALEJAN~1\AppData\Local\Temp\ccW13HOs.ltrans28.ltrans.o
                0x1fff0218                xMutex.5063
 .bss.menu_handle
                0x1fff021c        0x4 C:\Users\ALEJAN~1\AppData\Local\Temp\ccW13HOs.ltrans28.ltrans.o
                0x1fff021c                menu_handle
 .bss.menu_handle_b
                0x1fff0220        0x4 C:\Users\ALEJAN~1\AppData\Local\Temp\ccW13HOs.ltrans28.ltrans.o
                0x1fff0220                menu_handle_b
 .bss.de_menu_buffer
                0x1fff0224        0x1 C:\Users\ALEJAN~1\AppData\Local\Temp\ccW13HOs.ltrans28.ltrans.o
                0x1fff0224                de_menu_buffer
 .bss.de_menu_buffer_b
                0x1fff0225        0x1 C:\Users\ALEJAN~1\AppData\Local\Temp\ccW13HOs.ltrans28.ltrans.o
                0x1fff0225                de_menu_buffer_b
 *fill*         0x1fff0226        0x2 
 .bss.menu_buffer
                0x1fff0228        0x4 C:\Users\ALEJAN~1\AppData\Local\Temp\ccW13HOs.ltrans28.ltrans.o
                0x1fff0228                menu_buffer
 .bss.menu_buffer_b
                0x1fff022c        0x4 C:\Users\ALEJAN~1\AppData\Local\Temp\ccW13HOs.ltrans28.ltrans.o
                0x1fff022c                menu_buffer_b
 .bss.stored    0x1fff0230       0x20 C:\Users\ALEJAN~1\AppData\Local\Temp\ccW13HOs.ltrans28.ltrans.o
                0x1fff0230                stored
 .bss.stored_b  0x1fff0250       0x20 C:\Users\ALEJAN~1\AppData\Local\Temp\ccW13HOs.ltrans28.ltrans.o
                0x1fff0250                stored_b
 .bss.chat_ready
                0x1fff0270        0x1 C:\Users\ALEJAN~1\AppData\Local\Temp\ccW13HOs.ltrans28.ltrans.o
                0x1fff0270                chat_ready
 .bss.chat_b_ready
                0x1fff0271        0x1 C:\Users\ALEJAN~1\AppData\Local\Temp\ccW13HOs.ltrans28.ltrans.o
                0x1fff0271                chat_b_ready
 *fill*         0x1fff0272        0x2 
 .bss.readMem_handle
                0x1fff0274        0x4 C:\Users\ALEJAN~1\AppData\Local\Temp\ccW13HOs.ltrans28.ltrans.o
                0x1fff0274                readMem_handle
 .bss.readMem_handle_b
                0x1fff0278        0x4 C:\Users\ALEJAN~1\AppData\Local\Temp\ccW13HOs.ltrans28.ltrans.o
                0x1fff0278                readMem_handle_b
 .bss.writeMem_handle
                0x1fff027c        0x4 C:\Users\ALEJAN~1\AppData\Local\Temp\ccW13HOs.ltrans28.ltrans.o
                0x1fff027c                writeMem_handle
 .bss.writeMem_handle_b
                0x1fff0280        0x4 C:\Users\ALEJAN~1\AppData\Local\Temp\ccW13HOs.ltrans28.ltrans.o
                0x1fff0280                writeMem_handle_b
 .bss.set_hour_handle
                0x1fff0284        0x4 C:\Users\ALEJAN~1\AppData\Local\Temp\ccW13HOs.ltrans28.ltrans.o
                0x1fff0284                set_hour_handle
 .bss.set_hour_handle_b
                0x1fff0288        0x4 C:\Users\ALEJAN~1\AppData\Local\Temp\ccW13HOs.ltrans28.ltrans.o
                0x1fff0288                set_hour_handle_b
 .bss.set_date_handle
                0x1fff028c        0x4 C:\Users\ALEJAN~1\AppData\Local\Temp\ccW13HOs.ltrans28.ltrans.o
                0x1fff028c                set_date_handle
 .bss.set_date_handle_b
                0x1fff0290        0x4 C:\Users\ALEJAN~1\AppData\Local\Temp\ccW13HOs.ltrans28.ltrans.o
                0x1fff0290                set_date_handle_b
 .bss.format_handle
                0x1fff0294        0x4 C:\Users\ALEJAN~1\AppData\Local\Temp\ccW13HOs.ltrans28.ltrans.o
                0x1fff0294                format_handle
 .bss.format_handle_b
                0x1fff0298        0x4 C:\Users\ALEJAN~1\AppData\Local\Temp\ccW13HOs.ltrans28.ltrans.o
                0x1fff0298                format_handle_b
 .bss.read_hour_handle
                0x1fff029c        0x4 C:\Users\ALEJAN~1\AppData\Local\Temp\ccW13HOs.ltrans28.ltrans.o
                0x1fff029c                read_hour_handle
 .bss.read_hour_handle_b
                0x1fff02a0        0x4 C:\Users\ALEJAN~1\AppData\Local\Temp\ccW13HOs.ltrans28.ltrans.o
                0x1fff02a0                read_hour_handle_b
 .bss.read_date_handle
                0x1fff02a4        0x4 C:\Users\ALEJAN~1\AppData\Local\Temp\ccW13HOs.ltrans28.ltrans.o
                0x1fff02a4                read_date_handle
 .bss.read_date_handle_b
                0x1fff02a8        0x4 C:\Users\ALEJAN~1\AppData\Local\Temp\ccW13HOs.ltrans28.ltrans.o
                0x1fff02a8                read_date_handle_b
 .bss.chat_handle
                0x1fff02ac        0x4 C:\Users\ALEJAN~1\AppData\Local\Temp\ccW13HOs.ltrans28.ltrans.o
                0x1fff02ac                chat_handle
 .bss.chat_handle_b
                0x1fff02b0        0x4 C:\Users\ALEJAN~1\AppData\Local\Temp\ccW13HOs.ltrans28.ltrans.o
                0x1fff02b0                chat_handle_b
 .bss.echo_handle
                0x1fff02b4        0x4 C:\Users\ALEJAN~1\AppData\Local\Temp\ccW13HOs.ltrans28.ltrans.o
                0x1fff02b4                echo_handle
 .bss.echo_handle_b
                0x1fff02b8        0x4 C:\Users\ALEJAN~1\AppData\Local\Temp\ccW13HOs.ltrans28.ltrans.o
                0x1fff02b8                echo_handle_b
 .bss.ucHeap.5116
                0x1fff02bc     0xa000 C:\Users\ALEJAN~1\AppData\Local\Temp\ccW13HOs.ltrans28.ltrans.o
                0x1fff02bc                ucHeap.5116
 .bss.xStart.5119